******************************************************************************
                  TI ARM Linker Unix v20.2.5                   
******************************************************************************
>> Linked Mon Oct 18 18:56:14 2021

OUTPUT FILE NAME:   <project.out>
ENTRY POINT SYMBOL: "_c_int00"  address: 0000d6b1


MEMORY CONFIGURATION

         name            origin    length      used     unused   attr    fill
----------------------  --------  ---------  --------  --------  ----  --------
  MAIN                  00000000   00040000  00012a5e  0002d5a2  R  X
  INFO                  00200000   00004000  00000000  00004000  R  X
  SRAM_CODE             01000000   00010000  0000a496  00005b6a  RW X
  SRAM_DATA             20000000   00010000  0000a496  00005b6a  RW  


SEGMENT ALLOCATION MAP

run origin  load origin   length   init length attrs members
----------  ----------- ---------- ----------- ----- -------
00000000    00000000    00012a68   00012a68    r-x
  00000000    00000000    0000003c   0000003c    r-- .resetVecs
  00000040    00000040    00010ec2   00010ec2    r-x .text
  00010f08    00010f08    000017b8   000017b8    r-- .const
  000126c0    000126c0    000003a8   000003a8    r-- .cinit
20000140    20000140    00008000   00000000    r--
  20000140    20000140    00008000   00000000    r-- .priheap
20008200    20008200    00001f56   00000000    rw-
  20008200    20008200    0000148c   00000000    rw- .bss
  2000968c    2000968c    00000aca   00000000    rw- .data
2000fc00    2000fc00    00000400   00000000    rw-
  2000fc00    2000fc00    00000400   00000000    rw- .stack


SECTION ALLOCATION MAP

 output                                  attributes/
section   page    origin      length       input sections
--------  ----  ----------  ----------   ----------------
.text      0    00000040    00010ec2     
                  00000040    00000a4e     rtsv7M4_T_le_v4SPD16_eabi.lib : _printfi.c.obj (.text:__TI_printfi)
                  00000a8e    00000002     ti_drivers_config.obj (.text:Board_initHook)
                  00000a90    00000738     rtsv7M4_T_le_v4SPD16_eabi.lib : k_rem_pio2.c.obj (.text:__kernel_rem_pio2)
                  000011c8    000005e0                                   : s_sin.c.obj (.text:sin)
                  000017a8    000005dc                                   : s_cos.c.obj (.text:cos)
                  00001d84    0000057c     ui.obj (.text:UpdateMenuItems)
                  00002300    000004ec     ui.obj (.text:HandleAdjustParamView)
                  000027ec    00000004     msp432p4xx_driverlib.lib : cpu.o (.text:CPU_wfi)
                  000027f0    00000468     sysbios.aem4f : BIOS.obj (.text:xdc_runtime_System_doPrint__I)
                  00002c58    00000318     ui.obj (.text:DrawIMUView)
                  00002f70    000002f8     drivers_msp432p401x.aem4f : PowerMSP432.oem4f (.text:Power_sleep)
                  00003268    000002d0                               : UARTMSP432.oem4f (.text:UARTMSP432_open)
                  00003538    00000294     ui.obj (.text:DrawSensorView)
                  000037cc    0000028c     drivers_msp432p401x.aem4f : SPIMSP432DMA.oem4f (.text:SPIMSP432DMA_open)
                  00003a58    0000028a     msp432p4xx_driverlib.lib : pcm.o (.text:__PCM_setPowerStateAdvanced)
                  00003ce2    00000002     display.aem4f : DisplayUart.oem4f (.text:DisplayUartMin_clear)
                  00003ce4    00000288     drivers_msp432p401x.aem4f : PowerMSP432.oem4f (.text:initPerfControl)
                  00003f6c    00000288     main_tirtos.obj (.text:main)
                  000041f4    00000270     rtsv7M4_T_le_v4SPD16_eabi.lib : _printfi.c.obj (.text:_pconv_a)
                  00004464    00000254     uart.obj (.text:imu_data_analyse)
                  000046b8    00000254     uart.obj (.text:rc_data_analyse)
                  0000490c    00000248     spi_lcd.obj (.text:lcd_init)
                  00004b54    0000021c     ui.obj (.text:rotate)
                  00004d70    00000210     ec11.obj (.text:Encoder_EC11_Analyze)
                  00004f80    00000208     drivers_msp432p401x.aem4f : PWMTimerMSP432.oem4f (.text:PWMTimerMSP432_open)
                  00005188    000001f8                               : I2CMSP432.oem4f (.text:I2CMSP432_open)
                  00005380    000001d0     rtsv7M4_T_le_v4SPD16_eabi.lib : _printfi.c.obj (.text:_pconv_g)
                  00005550    000001b6                                   : fd_add_t2.asm.obj (.text)
                  00005706    00000002     display.aem4f : DisplayUart.oem4f (.text:DisplayUartMin_clearLines)
                  00005708    000001a4     ui.obj (.text:DrawAdjustParamView)
                  000058ac    00000198     uart.obj (.text:User_uart_init)
                  00005a44    00000188     release_pem4f.oem4f (.text:xdc_runtime_System_printfExtend__I)
                  00005bcc    00000186     drivers_msp432p401x.aem4f : Button.oem4f (.text:Button_clockTimeoutHandler)
                  00005d52    00000184                               : I2CMSP432.oem4f (.text:I2CMSP432_hwiIntFxn)
                  00005ed6    00000002     display.aem4f : DisplayUart.oem4f (.text:DisplayUartMin_init)
                  00005ed8    00000178     ec11.obj (.text:Encoder_EC11_Scan)
                  00006050    00000174     rtsv7M4_T_le_v4SPD16_eabi.lib : k_sin.c.obj (.text:__kernel_sin)
                  000061c4    00000170     drivers_msp432p401x.aem4f : GPIOMSP432.oem4f (.text:GPIO_setConfig)
                  00006334    00000170     rtsv7M4_T_le_v4SPD16_eabi.lib : k_cos.c.obj (.text:__kernel_cos)
                  000064a4    00000160     msp432p4xx_driverlib.lib : adc14.o (.text:_getIndexForMemRegister)
                  00006604    0000015c                              : pcm.o (.text:__PCM_setPowerModeAdvanced)
                  00006760    0000015a     ui.obj (.text:lcd_drawline)
                  000068ba    00000006     drivers_msp432p401x.aem4f : ADCMSP432.oem4f (.text:ADCMSP432_control)
                  000068c0    00000158     sysbios.aem4f : BIOS.obj (.text:ti_sysbios_knl_Event_pend__E)
                  00006a18    0000014c     drivers_msp432p401x.aem4f : TimerMSP432.oem4f (.text:TimerMSP432_open)
                  00006b64    0000013c     rtsv7M4_T_le_v4SPD16_eabi.lib : _printfi.c.obj (.text:_pconv_e)
                  00006ca0    0000013c     buttonled.obj (.text:handleButtonCallback)
                  00006ddc    00000136     rtsv7M4_T_le_v4SPD16_eabi.lib : fd_div_t2.asm.obj (.text)
                  00006f12    00000132     motor.obj (.text:motor_dir)
                  00007044    00000130     drivers_msp432p401x.aem4f : UDMAMSP432.oem4f (.text:setupInterrupt)
                  00007174    00000004     dpl_msp432p401x.aem4f : ClockP_tirtos.oem4f (.text:ClockP_setTimeout)
                  00007178    00000130     sysbios.aem4f : BIOS.obj (.text:ti_sysbios_knl_Semaphore_pend__E)
                  000072a8    0000012c     drivers_msp432p401x.aem4f : SPIMSP432DMA.oem4f (.text:SPIMSP432DMA_transfer)
                  000073d4    00000124     rtsv7M4_T_le_v4SPD16_eabi.lib : _printfi.c.obj (.text:fcvt)
                  000074f8    00000124     motor_drive.obj (.text:motor_pwm_Thread)
                  0000761c    0000011c     msp432p4xx_driverlib.lib : uart.o (.text:UART_initModule)
                  00007738    0000011c     drivers_msp432p401x.aem4f : I2CMSP432.oem4f (.text:primeTransfer)
                  00007854    00000114                               : PWMTimerMSP432.oem4f (.text:PWMTimerMSP432_setPeriod)
                  00007968    00000110     i2cbh1750.obj (.text:BH1750_Thread)
                  00007a78    00000110     drivers_msp432p401x.aem4f : LED.oem4f (.text:LED_open)
                  00007b88    00000110     spi_lcd.obj (.text:lcd_showfloat)
                  00007c98    00000110     rtsv7M4_T_le_v4SPD16_eabi.lib : s_scalbn.c.obj (.text:scalbn)
                  00007da8    00000108     msp432p4xx_driverlib.lib : pcm.o (.text:__PCM_setCoreVoltageLevelAdvanced)
                  00007eb0    00000108     sysbios.aem4f : BIOS.obj (.text:ti_sysbios_knl_Task_postInit__I)
                  00007fb8    00000108                   : BIOS.obj (.text:xdc_runtime_Startup_startMods__I)
                  000080c0    00000104     drivers_msp432p401x.aem4f : SPIMSP432DMA.oem4f (.text:SPIMSP432DMA_transferCancel)
                  000081c4    00000004     dpl_msp432p401x.aem4f : ClockP_tirtos.oem4f (.text:ClockP_start)
                  000081c8    00000104     sysbios.aem4f : BIOS.obj (.text:ti_sysbios_knl_Task_Instance_finalize__E)
                  000082cc    000000fc     drivers_msp432p401x.aem4f : ADCMSP432.oem4f (.text:ADCMSP432_convert)
                  000083c8    000000fc                               : SPIMSP432DMA.oem4f (.text:configDMA)
                  000084c4    000000fc     rtsv7M4_T_le_v4SPD16_eabi.lib : fd_mul_t2.asm.obj (.text)
                  000085c0    000000f8                                   : s_floor.c.obj (.text:floor)
                  000086b8    000000f8     sysbios.aem4f : BIOS.obj (.text:ti_sysbios_family_arm_msp432_init_Boot_configureClocksHigh)
                  000087b0    000000f4     spi_lcd.obj (.text:lcd_displayccd)
                  000088a4    000000f0     msp432p4xx_driverlib.lib : dma.o (.text:DMA_setChannelTransfer)
                  00008994    000000f0     drivers_msp432p401x.aem4f : I2CMSP432.oem4f (.text:I2CMSP432_transfer)
                  00008a84    00000004     dpl_msp432p401x.aem4f : ClockP_tirtos.oem4f (.text:ClockP_stop)
                  00008a88    000000f0     sysbios.aem4f : BIOS.obj (.text:pthread_create)
                  00008b78    000000f0                   : m3_Hwi_asm.obj (.text:ti_sysbios_family_arm_m3_Hwi_dispatch__I)
                  00008c68    000000e8     drivers_msp432p401x.aem4f : Button.oem4f (.text:Button_open)
                  00008d50    000000e4     msp432p4xx_driverlib.lib : cs.o (.text:CS_startHFXTWithTimeout)
                  00008e34    000000e4     motor.obj (.text:motor_init)
                  00008f18    000000e4     ui.obj (.text:onCancel)
                  00008ffc    000000e0     msp432p4xx_driverlib.lib : cs.o (.text:CS_startLFXTWithTimeout)
                  000090dc    000000e0     encoder.obj (.text:encoder_Thread)
                  000091bc    00000004     dpl_msp432p401x.aem4f : HwiP_tirtos.oem4f (.text:HwiP_clearInterrupt)
                  000091c0    000000e0     sysbios.aem4f : BIOS.obj (.text:ti_sysbios_knl_Task_Instance_init__E)
                  000092a0    000000dc     drivers_msp432p401x.aem4f : UARTMSP432.oem4f (.text:UARTMSP432_readPolling)
                  0000937c    000000dc                               : UDMAMSP432.oem4f (.text:UDMAMSP432_close)
                  00009458    000000dc     msp432p4xx_driverlib.lib : cs.o (.text:_CSGetHFXTFrequency)
                  00009534    000000d2     adcTSL1401.obj (.text:TSL1401_GetLine)
                  00009606    00000002     ui.obj (.text:DrawMainMenuView)
                  00009608    000000d0     sysbios.aem4f : BIOS.obj (.text:ti_sysbios_heaps_HeapMem_alloc__E)
                  000096d8    000000ca     drivers_msp432p401x.aem4f : UARTMSP432.oem4f (.text:UARTMSP432_hwiIntFxn)
                  000097a2    00000002     ui.obj (.text:DrawParamView)
                  000097a4    000000c8     drivers_msp432p401x.aem4f : TimerMSP432.oem4f (.text:TimerMSP432_start)
                  0000986c    000000c8     spi_lcd.obj (.text:lcd_Thread)
                  00009934    00000004     dpl_msp432p401x.aem4f : HwiP_tirtos.oem4f (.text:HwiP_disable)
                  00009938    000000c4     sysbios.aem4f : BIOS.obj (.text:ti_sysbios_knl_Task_sleep__E)
                  000099fc    000000c0     buttonled.obj (.text:buttonled_Thread)
                  00009abc    000000c0     motor.obj (.text:motor_left_right_duty)
                  00009b7c    000000bc     drivers_msp432p401x.aem4f : TimerMSP432.oem4f (.text:TimerMSP432_setPeriod)
                  00009c38    000000bc     ui.obj (.text:onDecrease)
                  00009cf4    000000b8     drivers_msp432p401x.aem4f : UARTMSP432.oem4f (.text:initHw)
                  00009dac    000000b8                               : UARTMSP432.oem4f (.text:readTaskCallback)
                  00009e64    00000004     dpl_msp432p401x.aem4f : HwiP_tirtos.oem4f (.text:HwiP_disableInterrupt)
                  00009e68    000000b8     sysbios.aem4f : BIOS.obj (.text:ti_sysbios_family_arm_m3_Hwi_Instance_init__E)
                  00009f20    000000b4     msp432p4xx_driverlib.lib : adc14.o (.text:ADC14_configureConversionMemory)
                  00009fd4    000000b4     drivers_msp432p401x.aem4f : UARTMSP432.oem4f (.text:UARTMSP432_control)
                  0000a088    000000b4                               : UARTMSP432.oem4f (.text:UARTMSP432_writePolling)
                  0000a13c    000000b4     spi_lcd.obj (.text:lcd_showchar)
                  0000a1f0    000000b1     rtsv7M4_T_le_v4SPD16_eabi.lib : _printfi.c.obj (.text:_ltostr)
                  0000a2a1    00000001     --HOLE-- [fill = 0]
                  0000a2a2    000000b0     msp432p4xx_driverlib.lib : spi.o (.text:SPI_initMaster)
                  0000a352    00000002     drivers_msp432p401x.aem4f : I2CMSP432.oem4f (.text:I2CMSP432_init)
                  0000a354    000000ac     ui.obj (.text:DrawEncoderView)
                  0000a400    000000ac     drivers_msp432p401x.aem4f : GPIOMSP432.oem4f (.text:GPIO_init)
                  0000a4ac    000000ac                               : I2CMSP432.oem4f (.text:I2CMSP432_cancel)
                  0000a558    000000ac     ui.obj (.text:onEnter)
                  0000a604    00000004     dpl_msp432p401x.aem4f : HwiP_tirtos.oem4f (.text:HwiP_enableInterrupt)
                  0000a608    000000aa     sysbios.aem4f : BIOS.obj (.text:xdc_runtime_Core_createObject__I)
                  0000a6b2    000000a8     drivers_msp432p401x.aem4f : UARTMSP432.oem4f (.text:UARTMSP432_write)
                  0000a75a    00000002                               : LED.oem4f (.text:LED_init)
                  0000a75c    000000a8     spi_lcd.obj (.text:lcd_init_Thread)
                  0000a804    000000a8     drivers_msp432p401x.aem4f : UARTMSP432.oem4f (.text:readTaskBlocking)
                  0000a8ac    00000004                               : SPIMSP432DMA.oem4f (.text:SPIMSP432DMA_init)
                  0000a8b0    000000a8     sysbios.aem4f : BIOS.obj (.text:ti_sysbios_family_arm_msp432_Timer_periodicStub__E)
                  0000a958    000000a4     pid.obj (.text:PID_init)
                  0000a9fc    000000a4     drivers_msp432p401x.aem4f : PWMTimerMSP432.oem4f (.text:PWMTimerMSP432_stop)
                  0000aaa0    000000a4                               : TimerMSP432.oem4f (.text:initTimerHardware)
                  0000ab44    000000a4     ui.obj (.text:onIncrease)
                  0000abe8    000000a4     sysbios.aem4f : BIOS.obj (.text:ti_sysbios_knl_Task_setPri__E)
                  0000ac8c    000000a2     ui.obj (.text:matconv)
                  0000ad2e    00000002     drivers_msp432p401x.aem4f : PWMTimerMSP432.oem4f (.text:PWMTimerMSP432_init)
                  0000ad30    000000a0     auto_init.aem4f : auto_init.oem4f (.text)
                  0000add0    000000a0     drivers_msp432p401x.aem4f : UARTMSP432.oem4f (.text:readIsrTextCallback)
                  0000ae70    0000009c                               : PowerMSP432.oem4f (.text:Power_init)
                  0000af0c    0000009c     rtsv7M4_T_le_v4SPD16_eabi.lib : memcpy_t2.asm.obj (.text)
                  0000afa8    0000009c     drivers_msp432p401x.aem4f : TimerMSP432.oem4f (.text:setT32TickCount)
                  0000b044    0000009c                               : TimerMSP432.oem4f (.text:setTATickCount)
                  0000b0e0    0000009b     spi_lcd.obj (.text:lcd_showint32)
                  0000b17b    00000001     --HOLE-- [fill = 0]
                  0000b17c    00000096     rtsv7M4_T_le_v4SPD16_eabi.lib : ull_div_t2.asm.obj (.text)
                  0000b212    00000002     dpl_msp432p401x.aem4f : PowerMSP432_tirtos.oem4f (.text:PowerMSP432_initPolicy)
                  0000b214    00000094     drivers_msp432p401x.aem4f : PWMTimerMSP432.oem4f (.text:PWMTimerMSP432_setDuty)
                  0000b2a8    00000094                               : UDMAMSP432.oem4f (.text:UDMAMSP432_init)
                  0000b33c    00000094                               : UDMAMSP432.oem4f (.text:UDMAMSP432_open)
                  0000b3d0    00000094     uart.obj (.text:Uart2_onebyte_RecvEvt)
                  0000b464    00000004     dpl_msp432p401x.aem4f : SemaphoreP_tirtos.oem4f (.text:SemaphoreP_post)
                  0000b468    00000094     sysbios.aem4f : BIOS.obj (.text:_pthread_removeThreadKeys)
                  0000b4fc    00000094     speed_control.obj (.text:chassis_init)
                  0000b590    00000094     sysbios.aem4f : BIOS.obj (.text:ti_sysbios_family_arm_m3_Hwi_initNVIC__E)
                  0000b624    00000004     dpl_msp432p401x.aem4f : SystemP_tirtos.oem4f (.text:SystemP_vsnprintf)
                  0000b628    00000094     sysbios.aem4f : BIOS.obj (.text:ti_sysbios_knl_Task_exit__E)
                  0000b6bc    00000092     drivers_msp432p401x.aem4f : UARTMSP432.oem4f (.text:UARTMSP432_close)
                  0000b74e    00000092                               : UARTMSP432.oem4f (.text:writeData)
                  0000b7e0    00000090     sysbios.aem4f : BIOS.obj (.text:ti_sysbios_knl_Task_Module_startup__E)
                  0000b870    0000008c     drivers_msp432p401x.aem4f : ADCMSP432.oem4f (.text:ADCMSP432_open)
                  0000b8fc    0000008c     ec11.obj (.text:Encoder_EC11_Init)
                  0000b988    0000008c     drivers_msp432p401x.aem4f : TimerMSP432.oem4f (.text:TimerMSP432_stop)
                  0000ba14    0000008c     uart.obj (.text:handleRecvEvt)
                  0000baa0    0000008c     drivers_msp432p401x.aem4f : UARTMSP432.oem4f (.text:readIsrTextBlocking)
                  0000bb2c    0000008c     sysbios.aem4f : m3_TaskSupport_asm.obj (.text:ti_sysbios_family_arm_m3_TaskSupport_buildTaskStack)
                  0000bbb8    0000008c                   : BIOS.obj (.text:ti_sysbios_knl_Event_post__E)
                  0000bc44    00000004     release_pem4f.oem4f (.text:ti_sysbios_BIOS_RtsGateProxy_enter__E)
                  0000bc48    0000008c     sysbios.aem4f : BIOS.obj (.text:xdc_runtime_Memory_alloc__E)
                  0000bcd4    00000088     drivers_msp432p401x.aem4f : PWMTimerMSP432.oem4f (.text:PWMTimerMSP432_close)
                  0000bd5c    00000086     rtsv7M4_T_le_v4SPD16_eabi.lib : fd_cmp_t2.asm.obj (.text:__aeabi_cdcmple)
                  0000bde2    00000086                                   : fd_cmp_t2.asm.obj (.text:__aeabi_cdrcmple)
                  0000be68    00000086     drivers_msp432p401x.aem4f : SPIMSP432DMA.oem4f (.text:initHw)
                  0000beee    00000002                               : TimerMSP432.oem4f (.text:TimerMSP432_init)
                  0000bef0    00000086     sysbios.aem4f : BIOS.obj (.text:xdc_runtime_Core_constructObject__I)
                  0000bf76    00000002     drivers_msp432p401x.aem4f : UARTMSP432.oem4f (.text:UARTMSP432_init)
                  0000bf78    00000084     ui.obj (.text:DrawPIDView)
                  0000bffc    00000084     msp432p4xx_driverlib.lib : pcm.o (.text:PCM_gotoLPM3)
                  0000c080    00000084     drivers_msp432p401x.aem4f : PWMTimerMSP432.oem4f (.text:PWMTimerMSP432_start)
                  0000c104    00000084     spi_lcd.obj (.text:lcd_set_region)
                  0000c188    00000084     drivers_msp432p401x.aem4f : PowerMSP432.oem4f (.text:restartHFXT)
                  0000c20c    00000004     release_pem4f.oem4f (.text:ti_sysbios_BIOS_RtsGateProxy_leave__E)
                  0000c210    00000084     sysbios.aem4f : BIOS.obj (.text:ti_sysbios_family_arm_m3_Hwi_postInit__I)
                  0000c294    00000004     release_pem4f.oem4f (.text:ti_sysbios_family_arm_m3_Hwi_delete)
                  0000c298    00000084     sysbios.aem4f : BIOS.obj (.text:ti_sysbios_heaps_HeapMem_free__E)
                  0000c31c    00000004     release_pem4f.oem4f (.text:ti_sysbios_family_arm_m3_TaskSupport_Module__startupDone__S)
                  0000c320    00000080     sysbios.aem4f : BIOS.obj (.text:ti_sysbios_knl_Clock_workFunc__E)
                  0000c3a0    0000007c     drivers_msp432p401x.aem4f : PWMTimerMSP432.oem4f (.text:setConstraints)
                  0000c41c    0000007a     spi_lcd.obj (.text:lcd_clear_rectangle)
                  0000c496    0000007a     rtsv7M4_T_le_v4SPD16_eabi.lib : memset_t2.asm.obj (.text)
                  0000c510    00000078     drivers_msp432p401x.aem4f : TimerMSP432.oem4f (.text:TimerMSP432_allocateTimerResource)
                  0000c588    00000076                               : I2CMSP432.oem4f (.text:I2CMSP432_close)
                  0000c5fe    00000002     uart.obj (.text:Uart3_frame_ana_MoveEvt)
                  0000c600    00000075     sysbios.aem4f : BIOS.obj (.text:xdc_runtime_System_formatNum__I)
                  0000c675    00000001     --HOLE-- [fill = 0]
                  0000c676    00000002     uart.obj (.text:Uart3_onebyte_RecvEvt)
                  0000c678    00000074     main_tirtos.obj (.text:clk1Fxn)
                  0000c6ec    00000070     ui.obj (.text:DrawBootView)
                  0000c75c    00000070     ui.obj (.text:DrawCCDView)
                  0000c7cc    00000070     drivers_msp432p401x.aem4f : UARTMSP432.oem4f (.text:UARTMSP432_writeCancel)
                  0000c83c    00000004     release_pem4f.oem4f (.text:ti_sysbios_heaps_HeapMem_Module_GateProxy_enter__E)
                  0000c840    00000070     sysbios.aem4f : BIOS.obj (.text:ti_sysbios_heaps_HeapMem_initPrimary__I)
                  0000c8b0    0000006e     rtsv7M4_T_le_v4SPD16_eabi.lib : _printfi.c.obj (.text:_mcpy)
                  0000c91e    0000006e                                   : fd_tos_t2.asm.obj (.text)
                  0000c98c    0000006c     msp432p4xx_driverlib.lib : i2c.o (.text:I2C_masterSendMultiByteFinish)
                  0000c9f8    0000006c     spi_lcd.obj (.text:lcd_writedata_16bit)
                  0000ca64    00000004     release_pem4f.oem4f (.text:ti_sysbios_heaps_HeapMem_Module_GateProxy_leave__E)
                  0000ca68    0000006c     sysbios.aem4f : BIOS.obj (.text:ti_sysbios_knl_Swi_restoreHwi__E)
                  0000cad4    0000006a     drivers_msp432p401x.aem4f : PWMTimerMSP432.oem4f (.text:perfChangeNotifyFxn)
                  0000cb3e    00000002     rtsv7M4_T_le_v4SPD16_eabi.lib : _lock.c.obj (.text:_nop)
                  0000cb40    00000068     drivers_msp432p401x.aem4f : GPIOMSP432.oem4f (.text:GPIO_hwiIntFxn)
                  0000cba8    00000068                               : PowerMSP432.oem4f (.text:PowerMSP432_getFreqs)
                  0000cc10    00000068     rtsv7M4_T_le_v4SPD16_eabi.lib : copy_decompress_lzss.c.obj (.text:decompress:lzss:__TI_decompress_lzss)
                  0000cc78    00000068     drivers_msp432p401x.aem4f : I2CMSP432.oem4f (.text:initHw)
                  0000cce0    00000068                               : PWMTimerMSP432.oem4f (.text:initHw)
                  0000cd48    00000066     sysbios.aem4f : BIOS.obj (.text:xdc_runtime_Core_deleteObject__I)
                  0000cdae    00000002     adcTSL1401.obj (.text:delay)
                  0000cdb0    00000064     drivers_msp432p401x.aem4f : Button.oem4f (.text:Button_gpioCallbackFxn)
                  0000ce14    00000064                               : SPIMSP432DMA.oem4f (.text:SPIMSP432DMA_close)
                  0000ce78    00000064     rtsv7M4_T_le_v4SPD16_eabi.lib : s_frexp.c.obj (.text:frexp)
                  0000cedc    00000004     release_pem4f.oem4f (.text:ti_sysbios_knl_Clock_TimerProxy_getMaxTicks__E)
                  0000cee0    00000064     sysbios.aem4f : BIOS.obj (.text:pthread_exit)
                  0000cf44    00000004     release_pem4f.oem4f (.text:ti_sysbios_knl_Clock_delete)
                  0000cf48    00000064     sysbios.aem4f : BIOS.obj (.text:ti_sysbios_family_arm_m3_Hwi_dispatchC__I)
                  0000cfac    00000060     drivers_msp432p401x.aem4f : ADCMSP432.oem4f (.text:ADCMSP432_convertToMicroVolts)
                  0000d00c    00000060     uart.obj (.text:CheckSum)
                  0000d06c    00000060     ui.obj (.text:Draw)
                  0000d0cc    00000060     ui.obj (.text:DrawFeatureView)
                  0000d12c    00000060     ui.obj (.text:DrawFlagView)
                  0000d18c    00000060     drivers_msp432p401x.aem4f : GPIOMSP432.oem4f (.text:GPIO_setCallback)
                  0000d1ec    00000004     release_pem4f.oem4f (.text:ti_sysbios_knl_Semaphore_delete)
                  0000d1f0    00000060     sysbios.aem4f : BIOS.obj (.text:ti_sysbios_knl_Semaphore_post__E)
                  0000d250    00000060                   : BIOS.obj (.text:ti_sysbios_knl_Swi_run__I)
                  0000d2b0    00000060     uart.obj (.text:uart_Thread)
                  0000d310    0000005e     msp432p4xx_driverlib.lib : pcm.o (.text:PCM_getCoreVoltageLevel)
                  0000d36e    00000002     event.obj (.text:doEventLogs)
                  0000d370    0000005c     display.aem4f : Display.oem4f (.text:Display_doOpen)
                  0000d3cc    0000005c     console.obj (.text:Display_uart_init)
                  0000d428    0000005c     spi_lcd.obj (.text:lcd_clear)
                  0000d484    00000004     release_pem4f.oem4f (.text:ti_sysbios_knl_Task_delete)
                  0000d488    0000005c     sysbios.aem4f : BIOS.obj (.text:ti_sysbios_knl_Swi_schedule__I)
                  0000d4e4    00000004     release_pem4f.oem4f (.text:xdc_runtime_System_Module_GateProxy_enter__E)
                  0000d4e8    0000005c     sysbios.aem4f : BIOS.obj (.text:ti_sysbios_knl_Task_startCore__E)
                  0000d544    00000004     release_pem4f.oem4f (.text:xdc_runtime_System_Module_GateProxy_leave__E)
                  0000d548    0000005c     sysbios.aem4f : BIOS.obj (.text:xdc_runtime_Startup_exec__E)
                  0000d5a4    0000005a     msp432p4xx_driverlib.lib : pcm.o (.text:PCM_getPowerMode)
                  0000d5fe    0000005a     drivers_msp432p401x.aem4f : ADCMSP432.oem4f (.text:initHw)
                  0000d658    00000058                               : GPIOMSP432.oem4f (.text:GPIO_write)
                  0000d6b0    00000058     boot.aem4f : boot.oem4f (.text)
                  0000d708    00000058     drivers_msp432p401x.aem4f : UARTMSP432.oem4f (.text:readIsrBinaryBlocking)
                  0000d760    00000058                               : SPIMSP432DMA.oem4f (.text:spiHwiFxn)
                  0000d7b8    00000058     sysbios.aem4f : m3_Hwi_asm_switch.obj (.text:ti_sysbios_family_arm_m3_Hwi_initStacks__E)
                  0000d810    00000056     rtsv7M4_T_le_v4SPD16_eabi.lib : _printfi.c.obj (.text:_pconv_f)
                  0000d866    00000056     drivers_msp432p401x.aem4f : I2CMSP432.oem4f (.text:completeTransfer)
                  0000d8bc    00000054     msp432p4xx_driverlib.lib : pcm.o (.text:PCM_shutdownDevice)
                  0000d910    00000054     drivers_msp432p401x.aem4f : TimerMSP432.oem4f (.text:TimerMSP432_freeTimerResource)
                  0000d964    00000054     uart.obj (.text:Uart2_frame_ana_MoveEvt)
                  0000d9b8    00000054     rtsv7M4_T_le_v4SPD16_eabi.lib : _ltoa.c.obj (.text:__TI_ltoa)
                  0000da0c    00000054     beep.obj (.text:beep_init)
                  0000da60    00000054     uart.obj (.text:handleMoveEvt)
                  0000dab4    00000054     release_pem4f.oem4f (.text:ti_sysbios_family_arm_m3_Hwi_create)
                  0000db08    00000054     sysbios.aem4f : BIOS.obj (.text:ti_sysbios_family_arm_msp432_Timer_initDevice__I)
                  0000db5c    00000052     rtsv7M4_T_le_v4SPD16_eabi.lib : _printfi.c.obj (.text:_ecpy)
                  0000dbae    00000002     ui.obj (.text:printvalue)
                  0000dbb0    00000050     dpl_msp432p401x.aem4f : ClockP_tirtos.oem4f (.text:ClockP_create)
                  0000dc00    00000050     drivers_msp432p401x.aem4f : LED.oem4f (.text:LED_startBlinking)
                  0000dc50    00000050                               : TimerMSP432.oem4f (.text:TimerMSP432_hwiIntFunction)
                  0000dca0    00000050                               : UDMAMSP432.oem4f (.text:UDMAMSP432_hwiFxn)
                  0000dcf0    00000050     ui.obj (.text:gotoViewById)
                  0000dd40    00000050     spi_lcd.obj (.text:lcd_showstr)
                  0000dd90    00000050     sysbios.aem4f : BIOS.obj (.text:ti_sysbios_family_arm_m3_Hwi_Module_startup__E)
                  0000dde0    00000050     release_pem4f.oem4f (.text:ti_sysbios_knl_Task_create)
                  0000de30    00000050     ui.obj (.text:ui_init)
                  0000de80    0000004e     drivers_msp432p401x.aem4f : TimerMSP432.oem4f (.text:TimerMSP432_close)
                  0000dece    00000002     rtsv7M4_T_le_v4SPD16_eabi.lib : div0.asm.obj (.text)
                  0000ded0    0000004c     dpl_msp432p401x.aem4f : PowerMSP432_tirtos.oem4f (.text:PowerMSP432_sleepPolicy)
                  0000df1c    0000004c     rtsv7M4_T_le_v4SPD16_eabi.lib : atoi.c.obj (.text:atoi)
                  0000df68    0000004c     beep.obj (.text:beep_set)
                  0000dfb4    0000004c     rtsv7M4_T_le_v4SPD16_eabi.lib : cpy_tbl.c.obj (.text:copy_in)
                  0000e000    0000004c     spi_lcd.obj (.text:lcd_writeData)
                  0000e04c    0000004c     spi_lcd.obj (.text:lcd_writeIndex)
                  0000e098    0000004c     drivers_msp432p401x.aem4f : UARTMSP432.oem4f (.text:readIsrBinaryCallback)
                  0000e0e4    00000002     release_pem4f.oem4f (.text:ti_sysbios_BIOS_nullFunc__I)
                  0000e0e6    00000002     --HOLE-- [fill = 0]
                  0000e0e8    0000004c     sysbios.aem4f : BIOS.obj (.text:ti_sysbios_family_arm_msp432_Timer_postInit__I)
                  0000e134    00000004     --HOLE-- [fill = 0]
                  0000e138    0000004c                   : BIOS.obj (.text:ti_sysbios_family_arm_msp432_Timer_start__E)
                  0000e184    00000004     --HOLE-- [fill = 0]
                  0000e188    0000004c                   : BIOS.obj (.text:ti_sysbios_heaps_HeapMem_getStats__E)
                  0000e1d4    00000004     --HOLE-- [fill = 0]
                  0000e1d8    0000004c                   : BIOS.obj (.text:ti_sysbios_knl_Swi_runLoop__I)
                  0000e224    00000004     --HOLE-- [fill = 0]
                  0000e228    0000004c                   : BIOS.obj (.text:ti_sysbios_knl_Task_allBlockedFunction__I)
                  0000e274    00000004     --HOLE-- [fill = 0]
                  0000e278    0000004c                   : BIOS.obj (.text:ti_sysbios_knl_Task_schedule__I)
                  0000e2c4    0000004a     display.aem4f : DisplayUart.oem4f (.text:DisplayUartMin_open)
                  0000e30e    00000002     --HOLE-- [fill = 0]
                  0000e310    00000048     drivers_msp432p401x.aem4f : PowerMSP432.oem4f (.text:Power_releaseConstraint)
                  0000e358    00000048     rtsv7M4_T_le_v4SPD16_eabi.lib : fd_toi_t2.asm.obj (.text)
                  0000e3a0    00000048     sysbios.aem4f : BIOS.obj (.text:ti_sysbios_family_arm_m3_Hwi_disableInterrupt__E)
                  0000e3e8    00000048                   : BIOS.obj (.text:ti_sysbios_family_arm_m3_Hwi_enableInterrupt__E)
                  0000e430    00000048                   : BIOS.obj (.text:ti_sysbios_knl_Mailbox_Module_startup__E)
                  0000e478    00000048                   : BIOS.obj (.text:xdc_runtime_Core_assignParams__I)
                  0000e4c0    00000046     display.aem4f : DisplayUart.oem4f (.text:DisplayUartMin_vprintf)
                  0000e506    00000046     drivers_msp432p401x.aem4f : RingBuf.oem4f (.text:RingBuf_put)
                  0000e54c    00000044                               : ADC.oem4f (.text:ADC_init)
                  0000e590    00000044     ui.obj (.text:HandleFlashView)
                  0000e5d4    00000044     drivers_msp432p401x.aem4f : I2C.oem4f (.text:I2C_init)
                  0000e618    00000044                               : PWM.oem4f (.text:PWM_init)
                  0000e65c    00000044                               : SPI.oem4f (.text:SPI_init)
                  0000e6a0    00000044                               : Timer.oem4f (.text:Timer_init)
                  0000e6e4    00000044                               : UART.oem4f (.text:UART_init)
                  0000e728    00000044     main_tirtos.obj (.text:clk0Fxn)
                  0000e76c    00000044     drivers_msp432p401x.aem4f : I2CMSP432.oem4f (.text:perfChangeNotifyFxn)
                  0000e7b0    00000044     rtsv7M4_T_le_v4SPD16_eabi.lib : fd_tou_t2.asm.obj (.text)
                  0000e7f4    00000004     --HOLE-- [fill = 0]
                  0000e7f8    00000044     sysbios.aem4f : BIOS.obj (.text:ti_sysbios_family_arm_m3_Hwi_getStackInfo__E)
                  0000e83c    00000004     --HOLE-- [fill = 0]
                  0000e840    00000044                   : BIOS.obj (.text:ti_sysbios_knl_Swi_post__E)
                  0000e884    00000040     drivers_msp432p401x.aem4f : ADCMSP432.oem4f (.text:ADCMSP432_close)
                  0000e8c4    00000040                               : ADC.oem4f (.text:ADC_open)
                  0000e904    00000040     ui.obj (.text:HandleBootView)
                  0000e944    00000040     dpl_msp432p401x.aem4f : HwiP_tirtos.oem4f (.text:HwiP_create)
                  0000e984    00000040     drivers_msp432p401x.aem4f : I2C.oem4f (.text:I2C_open)
                  0000e9c4    00000040                               : PWM.oem4f (.text:PWM_open)
                  0000ea04    00000040                               : RingBuf.oem4f (.text:RingBuf_get)
                  0000ea44    00000040                               : SPI.oem4f (.text:SPI_open)
                  0000ea84    00000040     adcTSL1401.obj (.text:TSL1401_adc_Thread)
                  0000eac4    00000040     drivers_msp432p401x.aem4f : Timer.oem4f (.text:Timer_open)
                  0000eb04    00000040                               : UARTMSP432.oem4f (.text:UARTMSP432_read)
                  0000eb44    00000040                               : UART.oem4f (.text:UART_open)
                  0000eb84    00000040     beep.obj (.text:beep_pwm_Thread)
                  0000ebc4    00000040     drivers_msp432p401x.aem4f : PWMTimerMSP432.oem4f (.text:getDutyCounts)
                  0000ec04    00000040                               : PWMTimerMSP432.oem4f (.text:getPeriodCounts)
                  0000ec44    00000040     msp432p4xx_driverlib.lib : spi.o (.text:is_A_Module)
                  0000ec84    00000040     drivers_msp432p401x.aem4f : UARTMSP432.oem4f (.text:perfChangeNotifyFxn)
                  0000ecc4    00000040     rtsv7M4_T_le_v4SPD16_eabi.lib : u_divt2.asm.obj (.text)
                  0000ed04    00000040                                   : sprintf.c.obj (.text:sprintf)
                  0000ed44    00000004     --HOLE-- [fill = 0]
                  0000ed48    00000040     sysbios.aem4f : BIOS.obj (.text:ti_sysbios_family_arm_msp432_Timer_Module_startup__E)
                  0000ed88    00000040                   : BIOS.obj (.text:ti_sysbios_family_arm_msp432_Timer_startup__E)
                  0000edc8    00000040                   : BIOS.obj (.text:ti_sysbios_heaps_HeapMem_Instance_init__E)
                  0000ee08    00000040                   : BIOS.obj (.text:ti_sysbios_knl_Clock_Instance_init__E)
                  0000ee48    0000003e     drivers_msp432p401x.aem4f : LED.oem4f (.text:LED_setBrightnessLevel)
                  0000ee86    0000003e     rtsv7M4_T_le_v4SPD16_eabi.lib : _printfi.c.obj (.text:_fcpy)
                  0000eec4    0000003c     drivers_msp432p401x.aem4f : LED.oem4f (.text:LED_setOff)
                  0000ef00    0000003c     dpl_msp432p401x.aem4f : SemaphoreP_tirtos.oem4f (.text:SemaphoreP_create)
                  0000ef3c    00000004     --HOLE-- [fill = 0]
                  0000ef40    0000003c     sysbios.aem4f : BIOS.obj (.text:sleep)
                  0000ef7c    00000004     --HOLE-- [fill = 0]
                  0000ef80    0000003c                   : BIOS.obj (.text:ti_sysbios_family_arm_m3_Hwi_Instance_finalize__E)
                  0000efbc    00000004     --HOLE-- [fill = 0]
                  0000efc0    0000003c                   : BIOS.obj (.text:ti_sysbios_family_arm_msp432_Seconds_Module_startup__E)
                  0000effc    0000003c     release_pem4f.oem4f (.text:ti_sysbios_knl_Clock_create)
                  0000f038    0000003c     sysbios.aem4f : BIOS.obj (.text:ti_sysbios_knl_Swi_restore__E)
                  0000f074    00000004     --HOLE-- [fill = 0]
                  0000f078    0000003c                   : BIOS.obj (.text:usleep)
                  0000f0b4    00000038     drivers_msp432p401x.aem4f : GPIOMSP432.oem4f (.text:GPIO_toggle)
                  0000f0ec    00000038                               : PowerMSP432.oem4f (.text:Power_setConstraint)
                  0000f124    00000038                               : TimerMSP432.oem4f (.text:TimerMSP432_getCount)
                  0000f15c    00000038                               : PowerMSP432.oem4f (.text:notify)
                  0000f194    00000038     rtsv7M4_T_le_v4SPD16_eabi.lib : fs_tod_t2.asm.obj (.text)
                  0000f1cc    00000004     --HOLE-- [fill = 0]
                  0000f1d0    00000038     sysbios.aem4f : BIOS.obj (.text:xdc_runtime_System_atexit__E)
                  0000f208    00000036     drivers_msp432p401x.aem4f : LED.oem4f (.text:LED_setOn)
                  0000f23e    00000036                               : UARTMSP432.oem4f (.text:UARTMSP432_readCancel)
                  0000f274    00000036                               : LED.oem4f (.text:clockTimeoutHandler)
                  0000f2aa    00000002     --HOLE-- [fill = 0]
                  0000f2ac    00000034                               : GPIOMSP432.oem4f (.text:GPIO_disableInt)
                  0000f2e0    00000034                               : GPIOMSP432.oem4f (.text:GPIO_enableInt)
                  0000f314    00000034     release_pem4f.oem4f (.text:ti_sysbios_knl_Semaphore_create)
                  0000f348    00000032     sysbios.aem4f : BIOS.obj (.text:ti_sysbios_hal_Hwi_initStack)
                  0000f37a    00000006     display.aem4f : DisplayUart.oem4f (.text:DisplayUartMin_control)
                  0000f380    00000032     sysbios.aem4f : BIOS.obj (.text:xdc_runtime_System_putchar__I)
                  0000f3b2    00000002     --HOLE-- [fill = 0]
                  0000f3b4    00000030     drivers_msp432p401x.aem4f : ADCMSP432.oem4f (.text:ADCMSP432_init)
                  0000f3e4    00000030     uart.obj (.text:UartTaskInit)
                  0000f414    00000030     drivers_msp432p401x.aem4f : I2CMSP432.oem4f (.text:mapPin)
                  0000f444    00000030                               : PWMTimerMSP432.oem4f (.text:mapPin)
                  0000f474    00000030                               : SPIMSP432DMA.oem4f (.text:mapPin)
                  0000f4a4    00000030                               : UARTMSP432.oem4f (.text:mapPin)
                  0000f4d4    00000030     release_pem4f.oem4f (.text:ti_sysbios_BIOS_atExitFunc__I)
                  0000f504    00000030     release_pem4f.oem4f (.text:ti_sysbios_BIOS_startFunc__I)
                  0000f534    00000004     --HOLE-- [fill = 0]
                  0000f538    00000030     sysbios.aem4f : BIOS.obj (.text:ti_sysbios_family_arm_m3_TaskSupport_start__E)
                  0000f568    00000030     release_pem4f.oem4f (.text:ti_sysbios_gates_GateHwi_Object__create__S)
                  0000f598    00000030     release_pem4f.oem4f (.text:ti_sysbios_gates_GateMutex_Object__create__S)
                  0000f5c8    00000030     sysbios.aem4f : BIOS.obj (.text:ti_sysbios_gates_GateMutex_enter__E)
                  0000f5f8    00000030     release_pem4f.oem4f (.text:ti_sysbios_heaps_HeapMem_Object__create__S)
                  0000f628    00000030     release_pem4f.oem4f (.text:ti_sysbios_knl_Clock_construct)
                  0000f658    00000030     sysbios.aem4f : BIOS.obj (.text:ti_sysbios_knl_Event_pendTimeout__I)
                  0000f688    00000030                   : BIOS.obj (.text:ti_sysbios_knl_Mailbox_postInit__I)
                  0000f6b8    00000030     release_pem4f.oem4f (.text:ti_sysbios_knl_Semaphore_construct)
                  0000f6e8    00000030     sysbios.aem4f : BIOS.obj (.text:ti_sysbios_knl_Semaphore_pendTimeout__I)
                  0000f718    00000030                   : BIOS.obj (.text:ti_sysbios_knl_Task_processVitalTaskFlag__I)
                  0000f748    00000030                   : BIOS.obj (.text:ti_sysbios_knl_Task_restore__E)
                  0000f778    00000030                   : BIOS.obj (.text:ti_sysbios_knl_Task_unblockI__E)
                  0000f7a8    00000030                   : BIOS.obj (.text:xdc_runtime_System_processAtExit__E)
                  0000f7d8    0000002e                   : BIOS.obj (.text:pthread_setcancelstate)
                  0000f806    0000002e     rtsv7M4_T_le_v4SPD16_eabi.lib : i_tofd_t2.asm.obj (.text)
                  0000f834    0000002c     encoder.obj (.text:ENCODER_1A_CB)
                  0000f860    0000002c     encoder.obj (.text:ENCODER_1B_CB)
                  0000f88c    0000002c     encoder.obj (.text:ENCODER_2A_CB)
                  0000f8b8    0000002c     encoder.obj (.text:ENCODER_2B_CB)
                  0000f8e4    0000002c     encoder.obj (.text:ENCODER_3A_CB)
                  0000f910    0000002c     encoder.obj (.text:ENCODER_3B_CB)
                  0000f93c    0000002c     encoder.obj (.text:ENCODER_4A_CB)
                  0000f968    0000002c     encoder.obj (.text:ENCODER_4B_CB)
                  0000f994    0000002c     dpl_msp432p401x.aem4f : PowerMSP432_tirtos.oem4f (.text:PowerMSP432_updateFreqs)
                  0000f9c0    0000002c     msp432p4xx_driverlib.lib : rtc_c.o (.text:RTC_C_holdClock)
                  0000f9ec    0000002c     dpl_msp432p401x.aem4f : SemaphoreP_tirtos.oem4f (.text:SemaphoreP_createBinary)
                  0000fa18    0000002c     sysbios.aem4f : BIOS.obj (.text:_pthread_cleanupFxn)
                  0000fa44    00000004     --HOLE-- [fill = 0]
                  0000fa48    0000002c                   : BIOS.obj (.text:_pthread_delete$43)
                  0000fa74    0000002c     ec11.obj (.text:ec11_read)
                  0000faa0    0000002c     spi_lcd.obj (.text:lcd_drawpoint)
                  0000facc    0000002c     drivers_msp432p401x.aem4f : TimerMSP432.oem4f (.text:perfChangeNotifyFxn)
                  0000faf8    0000002c     release_pem4f.oem4f (.text:ti_sysbios_gates_GateHwi_Handle__label__S)
                  0000fb24    0000002c     release_pem4f.oem4f (.text:ti_sysbios_gates_GateMutex_Handle__label__S)
                  0000fb50    0000002c     release_pem4f.oem4f (.text:ti_sysbios_heaps_HeapMem_Handle__label__S)
                  0000fb7c    0000002c     release_pem4f.oem4f (.text:ti_sysbios_knl_Clock_doTick__I)
                  0000fba8    0000002c     release_pem4f.oem4f (.text:ti_sysbios_knl_Event_construct)
                  0000fbd4    0000002c     release_pem4f.oem4f (.text:ti_sysbios_knl_Queue_construct)
                  0000fc00    0000002c     uart.obj (.text:uart1ReadCallback)
                  0000fc2c    0000002c     uart.obj (.text:uart2ReadCallback)
                  0000fc58    0000002a     display.aem4f : Display.oem4f (.text:Display_doPrintf)
                  0000fc82    0000002a     drivers_msp432p401x.aem4f : SPIMSP432DMA.oem4f (.text:perfChangeNotifyFxn)
                  0000fcac    00000028     msp432p4xx_driverlib.lib : adc14.o (.text:ADC14_getResult)
                  0000fcd4    00000028     display.aem4f : Display.oem4f (.text:Display_doInit)
                  0000fcfc    00000028     msp432p4xx_driverlib.lib : pcm.o (.text:PCM_gotoLPM0)
                  0000fd24    00000028     drivers_msp432p401x.aem4f : PowerMSP432.oem4f (.text:Power_registerNotify)
                  0000fd4c    00000028     msp432p4xx_driverlib.lib : spi.o (.text:SPI_getInterruptStatus)
                  0000fd74    00000028     drivers_msp432p401x.aem4f : PowerMSP432.oem4f (.text:disableFaultCounter)
                  0000fd9c    00000028                               : PowerMSP432.oem4f (.text:disableHFXT)
                  0000fdc4    00000028                               : UARTMSP432.oem4f (.text:findBaudDividerIndex)
                  0000fdec    00000028     sysbios.aem4f : m3_Hwi_asm.obj (.text:ti_sysbios_family_arm_m3_Hwi_excHandlerAsm__I)
                  0000fe14    00000004     --HOLE-- [fill = 0]
                  0000fe18    00000028                   : BIOS.obj (.text:ti_sysbios_knl_Clock_addI__E)
                  0000fe40    00000028                   : BIOS.obj (.text:ti_sysbios_knl_Swi_Module_startup__E)
                  0000fe68    00000026     drivers_msp432p401x.aem4f : List.oem4f (.text:List_put)
                  0000fe8e    00000026                               : List.oem4f (.text:List_remove)
                  0000feb4    00000026                               : PWMTimerMSP432.oem4f (.text:releaseConstraints)
                  0000feda    00000026     sysbios.aem4f : m3_Hwi_asm.obj (.text:ti_sysbios_family_arm_m3_Hwi_pendSV__I)
                  0000ff00    00000024     msp432p4xx_driverlib.lib : wdt_a.o (.text:WDT_A_holdTimer)
                  0000ff24    00000004     --HOLE-- [fill = 0]
                  0000ff28    00000024     sysbios.aem4f : BIOS.obj (.text:pthread_attr_init)
                  0000ff4c    00000024     release_pem4f.oem4f (.text:ti_sysbios_BIOS_registerRTSLock__I)
                  0000ff70    00000024     release_pem4f.oem4f (.text:ti_sysbios_BIOS_removeRTSLock__I)
                  0000ff94    00000004     --HOLE-- [fill = 0]
                  0000ff98    00000024     sysbios.aem4f : BIOS.obj (.text:ti_sysbios_family_arm_msp432_ClockFreqs_setFrequency__E)
                  0000ffbc    00000024     release_pem4f.oem4f (.text:ti_sysbios_gates_GateMutex_Object__delete__S)
                  0000ffe0    00000024     sysbios.aem4f : BIOS.obj (.text:ti_sysbios_knl_Clock_Module_startup__E)
                  00010004    00000024     release_pem4f.oem4f (.text:ti_sysbios_knl_Clock_Object__delete__S)
                  00010028    00000024     sysbios.aem4f : BIOS.obj (.text:ti_sysbios_knl_Clock_start__E)
                  0001004c    00000004     --HOLE-- [fill = 0]
                  00010050    00000024                   : BIOS.obj (.text:ti_sysbios_knl_Semaphore_Instance_init__E)
                  00010074    00000024     release_pem4f.oem4f (.text:ti_sysbios_knl_Semaphore_Object__delete__S)
                  00010098    00000024     sysbios.aem4f : BIOS.obj (.text:ti_sysbios_knl_Task_restoreHwi__E)
                  000100bc    00000004     --HOLE-- [fill = 0]
                  000100c0    00000024                   : BIOS.obj (.text:xdc_runtime_Error_policyMin__E)
                  000100e4    00000022     drivers_msp432p401x.aem4f : LED.oem4f (.text:LED_stopBlinking)
                  00010106    00000022     ui.obj (.text:is_number)
                  00010128    00000020     msp432p4xx_driverlib.lib : cs.o (.text:CS_setExternalClockSourceFrequency)
                  00010148    00000020     drivers_msp432p401x.aem4f : GPIOMSP432.oem4f (.text:GPIO_read)
                  00010168    00000020                               : PowerMSP432.oem4f (.text:Power_unregisterNotify)
                  00010188    00000020                               : RingBuf.oem4f (.text:RingBuf_peek)
                  000101a8    00000020     rtsv7M4_T_le_v4SPD16_eabi.lib : u_tofd_t2.asm.obj (.text)
                  000101c8    00000020     release_pem4f.oem4f (.text:ti_sysbios_BIOS_rtsLock__I)
                  000101e8    00000020     release_pem4f.oem4f (.text:ti_sysbios_family_arm_m3_Hwi_Object__delete__S)
                  00010208    00000020     sysbios.aem4f : BIOS.obj (.text:ti_sysbios_family_arm_m3_Hwi_clearInterrupt__E)
                  00010228    00000020     release_pem4f.oem4f (.text:ti_sysbios_gates_GateHwi_Object__delete__S)
                  00010248    00000020     release_pem4f.oem4f (.text:ti_sysbios_heaps_HeapMem_Object__delete__S)
                  00010268    00000020     sysbios.aem4f : BIOS.obj (.text:ti_sysbios_knl_Idle_run__E)
                  00010288    00000020     release_pem4f.oem4f (.text:ti_sysbios_knl_Semaphore_destruct)
                  000102a8    00000020     release_pem4f.oem4f (.text:ti_sysbios_knl_Task_Object__delete__S)
                  000102c8    0000001e     drivers_msp432p401x.aem4f : PWMTimerMSP432.oem4f (.text:corroboratePeriod)
                  000102e6    0000001e                               : Button.oem4f (.text:msToTicks)
                  00010304    0000001e                               : LED.oem4f (.text:msToTicks)
                  00010322    0000001e     sysbios.aem4f : m3_Hwi_asm_switch.obj (.text:ti_sysbios_family_xxx_Hwi_switchAndRunFunc)
                  00010340    0000001c     ti_drivers_config.obj (.text:dmaErrorFxn)
                  0001035c    0000001c     rtsv7M4_T_le_v4SPD16_eabi.lib : memccpy.c.obj (.text:memccpy)
                  00010378    0000001c     sysbios.aem4f : BIOS.obj (.text:ti_sysbios_family_arm_m3_Hwi_excHandler__I)
                  00010394    00000004     --HOLE-- [fill = 0]
                  00010398    0000001c                   : BIOS.obj (.text:ti_sysbios_gates_GateMutex_Instance_init__E)
                  000103b4    00000004     --HOLE-- [fill = 0]
                  000103b8    0000001c                   : BIOS.obj (.text:ti_sysbios_knl_Clock_Instance_finalize__E)
                  000103d4    0000001c     release_pem4f.oem4f (.text:ti_sysbios_knl_Queue_destruct)
                  000103f0    0000001c     sysbios.aem4f : BIOS.obj (.text:ti_sysbios_knl_Queue_put__E)
                  0001040c    00000004     --HOLE-- [fill = 0]
                  00010410    0000001c                   : BIOS.obj (.text:ti_sysbios_knl_Task_enter__I)
                  0001042c    00000004     --HOLE-- [fill = 0]
                  00010430    0000001c                   : BIOS.obj (.text:ti_sysbios_rts_ti_ReentSupport_getReent__F)
                  0001044c    00000004     --HOLE-- [fill = 0]
                  00010450    0000001c                   : BIOS.obj (.text:xdc_runtime_Memory_valloc__E)
                  0001046c    00000004     --HOLE-- [fill = 0]
                  00010470    0000001c                   : BIOS.obj (.text:xdc_runtime_System_abort__E)
                  0001048c    0000001a     drivers_msp432p401x.aem4f : LED.oem4f (.text:LED_toggle)
                  000104a6    0000001a     rtsv7M4_T_le_v4SPD16_eabi.lib : s_copysign.c.obj (.text:copysign)
                  000104c0    00000018     release_pem4f.oem4f (.text:.bootCodeSection:ti_sysbios_family_arm_msp432_init_Boot_init__I)
                  000104d8    00000018     msp432p4xx_driverlib.lib : spi.o (.text:EUSCI_A_SPI_getInterruptStatus)
                  000104f0    00000018                              : spi.o (.text:EUSCI_B_SPI_getInterruptStatus)
                  00010508    00000018     drivers_msp432p401x.aem4f : I2C.oem4f (.text:I2C_transfer)
                  00010520    00000018     msp432p4xx_driverlib.lib : sysctl_a.o (.text:SysCtl_A_disableNMISource)
                  00010538    00000018                              : sysctl_a.o (.text:SysCtl_A_enableNMISource)
                  00010550    00000018     drivers_msp432p401x.aem4f : UART.oem4f (.text:UART_Params_init)
                  00010568    00000018     rtsv7M4_T_le_v4SPD16_eabi.lib : args_main.c.obj (.text:_args_main)
                  00010580    00000018                                   : sprintf.c.obj (.text:_outs)
                  00010598    00000018     drivers_msp432p401x.aem4f : PWMTimerMSP432.oem4f (.text:corroborateDuty)
                  000105b0    00000018     release_pem4f.oem4f (.text:ti_sysbios_BIOS_rtsUnlock__I)
                  000105c8    00000018     release_pem4f.oem4f (.text:ti_sysbios_family_arm_m3_Hwi_Module__startupDone__F)
                  000105e0    00000018     sysbios.aem4f : m3_TaskSupport_asm.obj (.text:ti_sysbios_family_arm_m3_TaskSupport_swap__E)
                  000105f8    00000018     release_pem4f.oem4f (.text:ti_sysbios_family_arm_msp432_Timer_Module__startupDone__F)
                  00010610    00000018     sysbios.aem4f : BIOS.obj (.text:ti_sysbios_gates_GateMutex_leave__E)
                  00010628    00000018                   : BIOS.obj (.text:ti_sysbios_knl_Task_sleepTimeout__I)
                  00010640    00000018     release_pem4f.oem4f (.text:ti_sysbios_rts_ti_ReentSupport_getTlsAddr__I)
                  00010658    00000018     sysbios.aem4f : BIOS.obj (.text:xdc_runtime_Error_init__E)
                  00010670    00000018                   : BIOS.obj (.text:xdc_runtime_System_exit__E)
                  00010688    00000016     display.aem4f : DisplayUart.oem4f (.text:DisplayUartMin_close)
                  0001069e    00000016     rtsv7M4_T_le_v4SPD16_eabi.lib : strchr.c.obj (.text:strchr)
                  000106b4    00000016     release_pem4f.oem4f (.text:ti_sysbios_BIOS_exitFunc__I)
                  000106ca    00000016     main_tirtos.obj (.text:ti_sysbios_knl_Clock_Params_init)
                  000106e0    00000016     uart.obj (.text:ti_sysbios_knl_Event_Params_init)
                  000106f6    00000002     --HOLE-- [fill = 0]
                  000106f8    00000016     sysbios.aem4f : BIOS.obj (.text:ti_sysbios_knl_Task_unblock__E)
                  0001070e    00000002     --HOLE-- [fill = 0]
                  00010710    00000014     msp432p4xx_driverlib.lib : pcm.o (.text:PCM_getPowerState)
                  00010724    00000014     drivers_msp432p401x.aem4f : PWM.oem4f (.text:PWM_Params_init)
                  00010738    00000014                               : PowerMSP432.oem4f (.text:Power_idleFunc)
                  0001074c    00000014                               : SPI.oem4f (.text:SPI_Params_init)
                  00010760    00000014                               : UARTMSP432.oem4f (.text:clearTXCPTIFG)
                  00010774    00000004     --HOLE-- [fill = 0]
                  00010778    00000014     sysbios.aem4f : BIOS.obj (.text:pthread_attr_setschedparam)
                  0001078c    00000014     rtsv7M4_T_le_v4SPD16_eabi.lib : strlen.c.obj (.text:strlen)
                  000107a0    00000014     release_pem4f.oem4f (.text:ti_sysbios_family_arm_m3_Hwi_Object__get__S)
                  000107b4    00000004     --HOLE-- [fill = 0]
                  000107b8    00000014     sysbios.aem4f : BIOS.obj (.text:ti_sysbios_family_arm_m3_Hwi_switchFromBootStack__E)
                  000107cc    00000014     release_pem4f.oem4f (.text:ti_sysbios_heaps_HeapMem_Object__get__S)
                  000107e0    00000014     sysbios.aem4f : BIOS.obj (.text:ti_sysbios_knl_Event_Instance_init__E)
                  000107f4    00000014     release_pem4f.oem4f (.text:ti_sysbios_knl_Swi_Object__get__S)
                  00010808    00000014     drivers_msp432p401x.aem4f : Button.oem4f (.text:ticksToMs)
                  0001081c    00000014                               : Button.oem4f (.text:timediff)
                  00010830    00000012                               : LED.oem4f (.text:LED_Params_init)
                  00010842    00000012                               : RingBuf.oem4f (.text:RingBuf_construct)
                  00010854    00000012     dpl_msp432p401x.aem4f : SemaphoreP_tirtos.oem4f (.text:SemaphoreP_pend)
                  00010866    00000002     --HOLE-- [fill = 0]
                  00010868    00000012     sysbios.aem4f : BIOS.obj (.text:_pthread_cleanup_pop)
                  0001087a    00000006     display.aem4f : DisplayUart.oem4f (.text:DisplayUartMin_getType)
                  00010880    00000012     sysbios.aem4f : BIOS.obj (.text:_pthread_runStub$43)
                  00010892    00000006     display.aem4f : Display.oem4f (.text:Display_doParamsInit)
                  00010898    00000012     sysbios.aem4f : BIOS.obj (.text:ti_sysbios_hal_Hwi_Module_startup__E)
                  000108aa    00000012     rtsv7M4_T_le_v4SPD16_eabi.lib : wcslen.c.obj (.text:wcslen)
                  000108bc    00000012     release_pem4f.oem4f (.text:xdc_runtime_Startup_exec__I)
                  000108ce    00000002     --HOLE-- [fill = 0]
                  000108d0    00000010     msp432p4xx_driverlib.lib : adc14.o (.text:ADCIsConversionRunning)
                  000108e0    00000010     drivers_msp432p401x.aem4f : Button.oem4f (.text:Button_Params_init)
                  000108f0    00000010                               : GPIOMSP432.oem4f (.text:GPIO_getConfig)
                  00010900    00000010     dpl_msp432p401x.aem4f : HwiP_tirtos.oem4f (.text:HwiP_Params_init)
                  00010910    00000010     drivers_msp432p401x.aem4f : I2C.oem4f (.text:I2C_Params_init)
                  00010920    00000010     msp432p4xx_driverlib.lib : pcm.o (.text:PCM_gotoLPM4)
                  00010930    00000010                              : pcm.o (.text:PCM_setPowerMode)
                  00010940    00000010                              : pcm.o (.text:PCM_setPowerState)
                  00010950    00000010     drivers_msp432p401x.aem4f : PowerMSP432.oem4f (.text:PowerMSP432_getNumPerfLevels)
                  00010960    00000010     msp432p4xx_driverlib.lib : sysctl_a.o (.text:SysCtl_A_getNMISourceStatus)
                  00010970    00000010                              : sysctl.o (.text:SysCtl_getNMISourceStatus)
                  00010980    00000010     drivers_msp432p401x.aem4f : Timer.oem4f (.text:Timer_Params_init)
                  00010990    00000010                               : UARTMSP432.oem4f (.text:readBlockingTimeout)
                  000109a0    00000010     sysbios.aem4f : BIOS.obj (.text:ti_sysbios_BIOS_exit__E)
                  000109b0    00000010                   : BIOS.obj (.text:ti_sysbios_BIOS_setCpuFreq__E)
                  000109c0    00000010                   : BIOS.obj (.text:ti_sysbios_BIOS_setThreadType__E)
                  000109d0    00000010                   : BIOS.obj (.text:ti_sysbios_BIOS_start__E)
                  000109e0    00000010                   : m3_TaskSupport_asm.obj (.text:ti_sysbios_family_arm_m3_TaskSupport_glue)
                  000109f0    00000010                   : BIOS.obj (.text:ti_sysbios_family_arm_msp432_init_Boot_disableWatchdog)
                  00010a00    00000010                   : BIOS.obj (.text:ti_sysbios_gates_GateMutex_Instance_finalize__E)
                  00010a10    00000010     release_pem4f.oem4f (.text:ti_sysbios_knl_Mailbox_Object__get__S)
                  00010a20    00000010     sysbios.aem4f : BIOS.obj (.text:ti_sysbios_knl_Semaphore_Instance_finalize__E)
                  00010a30    00000010                   : BIOS.obj (.text:ti_sysbios_knl_Swi_disable__E)
                  00010a40    00000010     release_pem4f.oem4f (.text:ti_sysbios_knl_Task_Object__get__S)
                  00010a50    00000010     sysbios.aem4f : BIOS.obj (.text:ti_sysbios_knl_Task_disable__E)
                  00010a60    00000010                   : BIOS.obj (.text:xdc_runtime_Gate_leaveSystem__E)
                  00010a70    00000010                   : BIOS.obj (.text:xdc_runtime_Memory_free__E)
                  00010a80    00000010                   : BIOS.obj (.text:xdc_runtime_SysCallback_abort__E)
                  00010a90    00000010                   : BIOS.obj (.text:xdc_runtime_SysCallback_exit__E)
                  00010aa0    00000010                   : BIOS.obj (.text:xdc_runtime_SysCallback_putch__E)
                  00010ab0    00000010                   : BIOS.obj (.text:xdc_runtime_SysCallback_ready__E)
                  00010ac0    00000010                   : BIOS.obj (.text:xdc_runtime_System_vsnprintf__E)
                  00010ad0    0000000e     console.obj (.text:consoleThread)
                  00010ade    0000000e     rtsv7M4_T_le_v4SPD16_eabi.lib : copy_decompress_none.c.obj (.text:decompress:none:__TI_decompress_none)
                  00010aec    00000004     --HOLE-- [fill = 0]
                  00010af0    0000000e     sysbios.aem4f : BIOS.obj (.text:pthread_attr_setdetachstate)
                  00010afe    00000002     --HOLE-- [fill = 0]
                  00010b00    0000000e                   : BIOS.obj (.text:ti_sysbios_knl_Idle_loop__E)
                  00010b0e    00000002     --HOLE-- [fill = 0]
                  00010b10    0000000e                   : BIOS.obj (.text:ti_sysbios_knl_Queue_empty__E)
                  00010b1e    0000000e     spi_lcd.obj (.text:timerCallback)
                  00010b2c    0000000e     uart.obj (.text:uart2WriteCallback)
                  00010b3a    0000000e     uart.obj (.text:uart3ReadCallback)
                  00010b48    0000000e     uart.obj (.text:uart3WriteCallback)
                  00010b56    0000000e     uart.obj (.text:uartWriteCallback)
                  00010b64    0000000c     ti_drivers_config.obj (.text:Board_init)
                  00010b70    0000000c     msp432p4xx_driverlib.lib : cpu.o (.text:CPU_cpsid)
                  00010b7c    0000000c                              : cpu.o (.text:CPU_cpsie)
                  00010b88    0000000c     dpl_msp432p401x.aem4f : ClockP_tirtos.oem4f (.text:ClockP_delete)
                  00010b94    0000000c                           : ClockP_tirtos.oem4f (.text:ClockP_getSystemTickPeriod)
                  00010ba0    0000000c                           : HwiP_tirtos.oem4f (.text:HwiP_delete)
                  00010bac    0000000c     ui.obj (.text:Invalidate)
                  00010bb8    0000000c     drivers_msp432p401x.aem4f : PowerMSP432.oem4f (.text:Power_getConstraintMask)
                  00010bc4    0000000c                               : PowerMSP432.oem4f (.text:Power_getPerformanceLevel)
                  00010bd0    0000000c     dpl_msp432p401x.aem4f : SemaphoreP_tirtos.oem4f (.text:SemaphoreP_delete)
                  00010bdc    0000000c     rtsv7M4_T_le_v4SPD16_eabi.lib : _lock.c.obj (.text:_register_lock)
                  00010be8    0000000c                                   : _lock.c.obj (.text:_register_unlock)
                  00010bf4    0000000c                                   : copy_zero_init.c.obj (.text:decompress:ZI:__TI_zero_init)
                  00010c00    0000000c     encoder.obj (.text:get_encoder1)
                  00010c0c    0000000c     encoder.obj (.text:get_encoder2)
                  00010c18    0000000c     encoder.obj (.text:get_encoder3)
                  00010c24    0000000c     encoder.obj (.text:get_encoder4)
                  00010c30    0000000c     sysbios.aem4f : BIOS.obj (.text:pthread_self)
                  00010c3c    0000000c     release_pem4f.oem4f (.text:ti_sysbios_family_arm_m3_Hwi_Params__init__S)
                  00010c48    0000000c     sysbios.aem4f : BIOS.obj (.text:ti_sysbios_family_arm_m3_Hwi_disableFxn__E)
                  00010c54    00000004     --HOLE-- [fill = 0]
                  00010c58    0000000c                   : BIOS.obj (.text:ti_sysbios_family_arm_m3_TaskSupport_getStackAlignment__E)
                  00010c64    00000004     --HOLE-- [fill = 0]
                  00010c68    0000000c                   : BIOS.obj (.text:ti_sysbios_family_arm_msp432_Timer_getMaxTicks__E)
                  00010c74    00000004     --HOLE-- [fill = 0]
                  00010c78    0000000c                   : BIOS.obj (.text:ti_sysbios_gates_GateHwi_enter__E)
                  00010c84    0000000c     release_pem4f.oem4f (.text:ti_sysbios_knl_Clock_Params__init__S)
                  00010c90    0000000c     sysbios.aem4f : BIOS.obj (.text:ti_sysbios_knl_Clock_getTicks__E)
                  00010c9c    0000000c     main_tirtos.obj (.text:ti_sysbios_knl_Clock_handle)
                  00010ca8    0000000c     release_pem4f.oem4f (.text:ti_sysbios_knl_Event_Params__init__S)
                  00010cb4    0000000c     uart.obj (.text:ti_sysbios_knl_Event_handle)
                  00010cc0    0000000c     release_pem4f.oem4f (.text:ti_sysbios_knl_Queue_Object__get__S)
                  00010ccc    0000000c     release_pem4f.oem4f (.text:ti_sysbios_knl_Semaphore_Params__init__S)
                  00010cd8    0000000c     release_pem4f.oem4f (.text:ti_sysbios_knl_Task_Params__init__S)
                  00010ce4    00000004     --HOLE-- [fill = 0]
                  00010ce8    0000000c     sysbios.aem4f : BIOS.obj (.text:ti_sysbios_knl_Task_self__E)
                  00010cf4    00000004     --HOLE-- [fill = 0]
                  00010cf8    0000000c                   : BIOS.obj (.text:ti_sysbios_rts_ti_ReentSupport_taskRegHook__I)
                  00010d04    00000004     --HOLE-- [fill = 0]
                  00010d08    0000000c                   : BIOS.obj (.text:xdc_runtime_Gate_enterSystem__E)
                  00010d14    00000004     --HOLE-- [fill = 0]
                  00010d18    0000000c                   : BIOS.obj (.text:xdc_runtime_Startup_rtsDone__E)
                  00010d24    0000000a     drivers_msp432p401x.aem4f : ADC.oem4f (.text:ADC_Params_init)
                  00010d2e    0000000a                               : ADC.oem4f (.text:ADC_convert)
                  00010d38    0000000a     dpl_msp432p401x.aem4f : ClockP_tirtos.oem4f (.text:ClockP_Params_init)
                  00010d42    0000000a     drivers_msp432p401x.aem4f : PWM.oem4f (.text:PWM_close)
                  00010d4c    0000000a                               : PWM.oem4f (.text:PWM_setDuty)
                  00010d56    0000000a                               : PWM.oem4f (.text:PWM_setPeriod)
                  00010d60    0000000a                               : PWM.oem4f (.text:PWM_start)
                  00010d6a    0000000a                               : SPI.oem4f (.text:SPI_transfer)
                  00010d74    0000000a                               : Timer.oem4f (.text:Timer_start)
                  00010d7e    0000000a                               : UART.oem4f (.text:UART_close)
                  00010d88    0000000a                               : UART.oem4f (.text:UART_control)
                  00010d92    0000000a                               : UART.oem4f (.text:UART_read)
                  00010d9c    0000000a                               : UART.oem4f (.text:UART_write)
                  00010da6    0000000a     rtsv7M4_T_le_v4SPD16_eabi.lib : sprintf.c.obj (.text:_outc)
                  00010db0    0000000a     ui.obj (.text:gotoMainMenuView)
                  00010dba    0000000a     speed_control.obj (.text:speed_control_Thread)
                  00010dc4    0000000a     release_pem4f.oem4f (.text:xdc_runtime_IHeap_alloc)
                  00010dce    0000000a     release_pem4f.oem4f (.text:xdc_runtime_IHeap_free)
                  00010dd8    00000008     drivers_msp432p401x.aem4f : Button.oem4f (.text:Button_getLastPressedDuration)
                  00010de0    00000008     ec11.obj (.text:EC11_GPIO_Init)
                  00010de8    00000008     drivers_msp432p401x.aem4f : LED.oem4f (.text:LED_getState)
                  00010df0    00000008     dpl_msp432p401x.aem4f : SemaphoreP_tirtos.oem4f (.text:SemaphoreP_Params_init)
                  00010df8    00000008     drivers_msp432p401x.aem4f : I2CMSP432.oem4f (.text:blockingTransferCallback)
                  00010e00    00000008                               : SPIMSP432DMA.oem4f (.text:blockingTransferCallback)
                  00010e08    00000008     sysbios.aem4f : BIOS.obj (.text:pthread_attr_setstacksize)
                  00010e10    00000008     drivers_msp432p401x.aem4f : UARTMSP432.oem4f (.text:readSemCallback)
                  00010e18    00000008     sysbios.aem4f : BIOS.obj (.text:ti_sysbios_family_arm_m3_Hwi_doSwiRestore__I)
                  00010e20    00000008                   : BIOS.obj (.text:ti_sysbios_family_arm_m3_Hwi_startup__E)
                  00010e28    00000008     drivers_msp432p401x.aem4f : UARTMSP432.oem4f (.text:txcptEnabledStatus)
                  00010e30    00000008                               : UARTMSP432.oem4f (.text:writeSemCallback)
                  00010e38    00000006                               : I2CMSP432.oem4f (.text:I2CMSP432_control)
                  00010e3e    00000006                               : PWMTimerMSP432.oem4f (.text:PWMTimerMSP432_control)
                  00010e44    00000006                               : PWMTimerMSP432.oem4f (.text:PWMTimerMSP432_setDutyAndPeriod)
                  00010e4a    00000006                               : SPIMSP432DMA.oem4f (.text:SPIMSP432DMA_control)
                  00010e50    00000006                               : TimerMSP432.oem4f (.text:TimerMSP432_control)
                  00010e56    00000002     --HOLE-- [fill = 0]
                  00010e58    00000006     sysbios.aem4f : BIOS.obj (.text:ti_sysbios_family_arm_m3_Hwi_doTaskRestore__I)
                  00010e5e    00000002     --HOLE-- [fill = 0]
                  00010e60    00000006                   : BIOS.obj (.text:ti_sysbios_family_arm_m3_Hwi_restoreFxn__E)
                  00010e66    00000002     --HOLE-- [fill = 0]
                  00010e68    00000006                   : BIOS.obj (.text:ti_sysbios_gates_GateHwi_leave__E)
                  00010e6e    00000002     --HOLE-- [fill = 0]
                  00010e70    00000006                   : BIOS.obj (.text:ti_sysbios_heaps_HeapMem_isBlocking__E)
                  00010e76    00000002     --HOLE-- [fill = 0]
                  00010e78    00000006                   : BIOS.obj (.text:ti_sysbios_knl_Clock_stop__E)
                  00010e7e    00000002     --HOLE-- [fill = 0]
                  00010e80    00000006                   : BIOS.obj (.text:ti_sysbios_knl_Queue_Instance_init__E)
                  00010e86    00000002     --HOLE-- [fill = 0]
                  00010e88    00000006                   : BIOS.obj (.text:ti_sysbios_knl_Swi_startup__E)
                  00010e8e    00000002     --HOLE-- [fill = 0]
                  00010e90    00000006                   : BIOS.obj (.text:xdc_runtime_System_Module_startup__E)
                  00010e96    00000002     --HOLE-- [fill = 0]
                  00010e98    00000004                   : BIOS.obj (.text:__aeabi_errno_addr)
                  00010e9c    00000004     --HOLE-- [fill = 0]
                  00010ea0    00000004                   : BIOS.obj (.text:ti_sysbios_gates_GateHwi_query__E)
                  00010ea4    00000004     --HOLE-- [fill = 0]
                  00010ea8    00000004                   : BIOS.obj (.text:ti_sysbios_gates_GateMutex_query__E)
                  00010eac    00000004     --HOLE-- [fill = 0]
                  00010eb0    00000004                   : BIOS.obj (.text:ti_sysbios_knl_Clock_setTimeout__E)
                  00010eb4    00000004     --HOLE-- [fill = 0]
                  00010eb8    00000004                   : BIOS.obj (.text:ti_sysbios_knl_Task_startup__E)
                  00010ebc    00000004     --HOLE-- [fill = 0]
                  00010ec0    00000004                   : BIOS.obj (.text:xdc_runtime_SysCallback_defaultReady)
                  00010ec4    00000004     --HOLE-- [fill = 0]
                  00010ec8    00000002                   : BIOS.obj (.text:ti_sysbios_BIOS_linkedWithIncorrectBootLibrary__E)
                  00010eca    00000006     --HOLE-- [fill = 0]
                  00010ed0    00000002                   : BIOS.obj (.text:ti_sysbios_gates_GateHwi_Instance_init__E)
                  00010ed2    00000006     --HOLE-- [fill = 0]
                  00010ed8    00000002                   : BIOS.obj (.text:ti_sysbios_knl_Clock_logTick__E)
                  00010eda    00000006     --HOLE-- [fill = 0]
                  00010ee0    00000002                   : BIOS.obj (.text:xdc_runtime_SysCallback_defaultAbort)
                  00010ee2    00000006     --HOLE-- [fill = 0]
                  00010ee8    00000002                   : BIOS.obj (.text:xdc_runtime_SysCallback_defaultExit)
                  00010eea    00000006     --HOLE-- [fill = 0]
                  00010ef0    00000002                   : BIOS.obj (.text:xdc_runtime_SysCallback_defaultPutch)
                  00010ef2    00000006     --HOLE-- [fill = 0]
                  00010ef8    00000002                   : BIOS.obj (.text:xdc_runtime_System_abortSpin__E)
                  00010efa    00000006     --HOLE-- [fill = 0]
                  00010f00    00000002                   : BIOS.obj (.text:xdc_runtime_System_exitSpin__E)

.const     0    00010f08    000017b8     
                  00010f08    000005f0     lcd_font.obj (.const:tft_ascii)
                  000114f8    00000158     rtsv7M4_T_le_v4SPD16_eabi.lib : k_rem_pio2.c.obj (.const:$O1$$)
                  00011650    00000150     ui.obj (.const:$P$T14$16)
                  000117a0    00000118     ui.obj (.const:$P$T4$6)
                  000118b8    00000101     rtsv7M4_T_le_v4SPD16_eabi.lib : ctype.c.obj (.const:.string:_ctypes_)
                  000119b9    00000002     ti_drivers_config.obj (.const:ButtonHWAttrs)
                  000119bb    00000001     display.aem4f : Display.oem4f (.const:Display_defaultParams)
                  000119bc    000000b0     ti_drivers_config.obj (.const:uartMSP432HWAttrs)
                  00011a6c    00000080     msp432p4xx_driverlib.lib : adc14.o (.const:_ctlRegs)
                  00011aec    00000078     ti_drivers_config.obj (.const:PWM_config)
                  00011b64    00000070     ui.obj (.const:$P$T13$15)
                  00011bd4    00000060     ui.obj (.const:$P$T3$4)
                  00011c34    00000054     ui.obj (.const:$P$T8$10)
                  00011c88    00000050     ti_drivers_config.obj (.const:pwmTimerMSP432HWAttrs)
                  00011cd8    00000050     drivers_msp432p401x.aem4f : TimerMSP432.oem4f (.const:timerADividers)
                  00011d28    00000050     ti_drivers_config.obj (.const:uartMSP432Baudrates)
                  00011d78    00000048     ti_drivers_config.obj (.const:spiMSP432DMAHWAttrs)
                  00011dc0    0000003c     release_pem4f.oem4f (.const:ti_sysbios_knl_Task_Object__PARAMS__C)
                  00011dfc    00000038     ti_drivers_config.obj (.const:PowerMSP432_config)
                  00011e34    00000030     ti_drivers_config.obj (.const:UART_config)
                  00011e64    00000030     release_pem4f.oem4f (.const:ti_sysbios_family_arm_m3_Hwi_Object__PARAMS__C)
                  00011e94    00000028     drivers_msp432p401x.aem4f : UARTMSP432.oem4f (.const:UARTMSP432_fxnTable)
                  00011ebc    00000028     ti_drivers_config.obj (.const:i2cMSP432HWAttrs)
                  00011ee4    00000028     release_pem4f.oem4f (.const:ti_sysbios_heaps_HeapMem_Module__FXNS__C)
                  00011f0c    00000024     ui.obj (.const:$P$T0$1)
                  00011f30    00000024     ui.obj (.const:$P$T1$2)
                  00011f54    00000024     ui.obj (.const:$P$T2$3)
                  00011f78    00000024     drivers_msp432p401x.aem4f : PWMTimerMSP432.oem4f (.const:PWMTimerMSP432_fxnTable)
                  00011f9c    00000024                               : UART.oem4f (.const:UART_defaultParams)
                  00011fc0    00000024     release_pem4f.oem4f (.const:ti_sysbios_gates_GateHwi_Module__FXNS__C)
                  00011fe4    00000024     release_pem4f.oem4f (.const:ti_sysbios_gates_GateMutex_Module__FXNS__C)
                  00012008    00000024     release_pem4f.oem4f (.const:ti_sysbios_heaps_HeapMem_Object__PARAMS__C)
                  0001202c    00000024     release_pem4f.oem4f (.const:ti_sysbios_knl_Clock_Object__PARAMS__C)
                  00012050    00000024     release_pem4f.oem4f (.const:ti_sysbios_knl_Semaphore_Object__PARAMS__C)
                  00012074    00000024     release_pem4f.oem4f (.const:xdc_runtime_Startup_sfxnTab__A)
                  00012098    00000020     display.aem4f : DisplayUart.oem4f (.const:DisplayUartMin_fxnTable)
                  000120b8    00000020     drivers_msp432p401x.aem4f : SPI.oem4f (.const:SPI_defaultParams)
                  000120d8    00000020     ti_drivers_config.obj (.const:TimerMSP432HWAttrs)
                  000120f8    00000020     drivers_msp432p401x.aem4f : TimerMSP432.oem4f (.const:TimerMSP432_Timer32_fxnTable)
                  00012118    00000020     ti_drivers_config.obj (.const:adcMSP432HWAttrs)
                  00012138    00000020     drivers_msp432p401x.aem4f : UARTMSP432.oem4f (.const:staticFxnTable)
                  00012158    00000020     release_pem4f.oem4f (.const:ti_sysbios_family_arm_m3_Hwi_Object__DESC__C)
                  00012178    00000020     release_pem4f.oem4f (.const:ti_sysbios_gates_GateHwi_Object__DESC__C)
                  00012198    00000020     release_pem4f.oem4f (.const:ti_sysbios_gates_GateMutex_Object__DESC__C)
                  000121b8    00000020     release_pem4f.oem4f (.const:ti_sysbios_heaps_HeapMem_Object__DESC__C)
                  000121d8    00000020     release_pem4f.oem4f (.const:ti_sysbios_knl_Clock_Object__DESC__C)
                  000121f8    00000020     release_pem4f.oem4f (.const:ti_sysbios_knl_Event_Object__DESC__C)
                  00012218    00000020     release_pem4f.oem4f (.const:ti_sysbios_knl_Queue_Object__DESC__C)
                  00012238    00000020     release_pem4f.oem4f (.const:ti_sysbios_knl_Semaphore_Object__DESC__C)
                  00012258    00000020     release_pem4f.oem4f (.const:ti_sysbios_knl_Task_Object__DESC__C)
                  00012278    0000001c     ui.obj (.const:$P$T10$12)
                  00012294    0000001c     ui.obj (.const:$P$T11$13)
                  000122b0    0000001c     ui.obj (.const:$P$T12$14)
                  000122cc    0000001c     ui.obj (.const:$P$T5$7)
                  000122e8    0000001c     ui.obj (.const:$P$T6$8)
                  00012304    0000001c     ui.obj (.const:$P$T7$9)
                  00012320    0000001c     ui.obj (.const:$P$T9$11)
                  0001233c    00000018     drivers_msp432p401x.aem4f : ADCMSP432.oem4f (.const:ADCMSP432_fxnTable)
                  00012354    00000018     ti_drivers_config.obj (.const:ADC_config)
                  0001236c    00000018     drivers_msp432p401x.aem4f : I2CMSP432.oem4f (.const:I2CMSP432_fxnTable)
                  00012384    00000018     ti_drivers_config.obj (.const:I2C_config)
                  0001239c    00000018     drivers_msp432p401x.aem4f : PWM.oem4f (.const:PWM_defaultParams)
                  000123b4    00000018                               : SPIMSP432DMA.oem4f (.const:SPIMSP432DMA_fxnTable)
                  000123cc    00000018     ti_drivers_config.obj (.const:SPI_config)
                  000123e4    00000018     ti_drivers_config.obj (.const:Timer_config)
[...]
00011c88  pwmTimerMSP432HWAttrs                                           
00011d78  spiMSP432DMAHWAttrs                                             
00011dc0  ti_sysbios_knl_Task_Object__PARAMS__C                           
00011dfc  PowerMSP432_config                                              
00011e34  UART_config                                                     
00011e64  ti_sysbios_family_arm_m3_Hwi_Object__PARAMS__C                  
00011e94  UARTMSP432_fxnTable                                             
00011ebc  i2cMSP432HWAttrs                                                
00011ee4  ti_sysbios_heaps_HeapMem_Module__FXNS__C                        
00011f78  PWMTimerMSP432_fxnTable                                         
00011f9c  UART_defaultParams                                              
00011fc0  ti_sysbios_gates_GateHwi_Module__FXNS__C                        
00011fe4  ti_sysbios_gates_GateMutex_Module__FXNS__C                      
00012008  ti_sysbios_heaps_HeapMem_Object__PARAMS__C                      
0001202c  ti_sysbios_knl_Clock_Object__PARAMS__C                          
00012050  ti_sysbios_knl_Semaphore_Object__PARAMS__C                      
00012074  xdc_runtime_Startup_sfxnTab__A                                  
00012098  DisplayUartMin_fxnTable                                         
000120b8  SPI_defaultParams                                               
000120d8  TimerMSP432HWAttrs                                              
000120f8  TimerMSP432_Timer32_fxnTable                                    
00012118  adcMSP432HWAttrs                                                
00012158  ti_sysbios_family_arm_m3_Hwi_Object__DESC__C                    
00012178  ti_sysbios_gates_GateHwi_Object__DESC__C                        
00012198  ti_sysbios_gates_GateMutex_Object__DESC__C                      
000121b8  ti_sysbios_heaps_HeapMem_Object__DESC__C                        
000121d8  ti_sysbios_knl_Clock_Object__DESC__C                            
000121f8  ti_sysbios_knl_Event_Object__DESC__C                            
00012218  ti_sysbios_knl_Queue_Object__DESC__C                            
00012238  ti_sysbios_knl_Semaphore_Object__DESC__C                        
00012258  ti_sysbios_knl_Task_Object__DESC__C                             
0001233c  ADCMSP432_fxnTable                                              
00012354  ADC_config                                                      
0001236c  I2CMSP432_fxnTable                                              
00012384  I2C_config                                                      
0001239c  PWM_defaultParams                                               
000123b4  SPIMSP432DMA_fxnTable                                           
000123cc  SPI_config                                                      
000123e4  Timer_config                                                    
000123fc  ti_sysbios_gates_GateHwi_Object__PARAMS__C                      
00012414  ti_sysbios_gates_GateMutex_Object__PARAMS__C                    
0001242c  ti_sysbios_knl_Event_Object__PARAMS__C                          
00012444  ti_sysbios_knl_Queue_Object__PARAMS__C                          
0001245c  ti_sysbios_knl_Task_hooks__A                                    
00012474  GPIOMSP432_config                                               
00012488  displayUartHWAttrs                                              
0001249c  xdc_runtime_Startup_sfxnRts__A                                  
000124be  ti_sysbios_family_arm_m3_Hwi_Module__id__C                      
000124c0  Button_config                                                   
000124d0  Button_defaultParams                                            
000124e0  I2C_defaultParams                                               
000124f0  LED_config                                                      
00012510  Display_config                                                  
00012558  udmaMSP432HWAttrs                                               
00012564  xdc_runtime_Startup_firstFxns__A                                
00012570  Display_count                                                   
00012571  ADC_count                                                       
00012572  I2C_count                                                       
00012573  PWM_count                                                       
00012574  SPI_count                                                       
00012575  Timer_count                                                     
00012576  UART_count                                                      
00012577  Button_count                                                    
00012578  LED_count                                                       
00012579  xdc_runtime_Error_policy__C                                     
0001257a  ti_sysbios_family_arm_msp432_init_Boot_bypassHFXT__C            
0001257c  ADC_defaultParams                                               
00012584  LED_defaultParams                                               
0001258c  UDMAMSP432_config                                               
0001259c  ti_sysbios_knl_Idle_funcList__A                                 
000125a4  ti_sysbios_knl_Idle_funcList__C                                 
000125ac  ti_sysbios_knl_Task_hooks__C                                    
000125b4  xdc_runtime_Startup_firstFxns__C                                
000125bc  xdc_runtime_Startup_lastFxns__C                                 
000125de  ti_sysbios_family_arm_msp432_init_Boot_bypassLFXT__C            
000125e0  ti_sysbios_family_arm_m3_Hwi_E_alreadyDefined__C                
000125e4  ti_sysbios_family_arm_m3_Hwi_E_badIntNum__C                     
000125e8  ti_sysbios_family_arm_m3_Hwi_NUM_INTERRUPTS__C                  
000125ec  ti_sysbios_family_arm_m3_Hwi_Object__count__C                   
000125f0  ti_sysbios_family_arm_m3_Hwi_ccr__C                             
000125f4  ti_sysbios_family_arm_m3_Hwi_excHandlerFunc__C                  
000125f8  ti_sysbios_family_arm_m3_Hwi_nullIsrFunc__C                     
000125fc  ti_sysbios_family_arm_m3_Hwi_priGroup__C                        
00012600  ti_sysbios_family_arm_m3_Hwi_swiDisable__C                      
00012604  ti_sysbios_family_arm_m3_Hwi_swiRestore__C                      
00012608  ti_sysbios_family_arm_m3_TaskSupport_stackAlignment__C          
0001260c  ti_sysbios_family_arm_msp432_Timer_numTimerDevices__C           
00012610  ti_sysbios_family_arm_msp432_Timer_startupNeeded__C             
00012614  ti_sysbios_gates_GateMutex_Instance_State_sem__O                
00012618  ti_sysbios_heaps_HeapMem_E_memory__C                            
0001261c  ti_sysbios_heaps_HeapMem_Module__gateObj__C                     
00012620  ti_sysbios_heaps_HeapMem_Object__count__C                       
00012624  ti_sysbios_heaps_HeapMem_primaryHeapBaseAddr__C                 
00012628  ti_sysbios_heaps_HeapMem_primaryHeapEndAddr__C                  
0001262c  ti_sysbios_heaps_HeapMem_reqAlign__C                            
00012630  ti_sysbios_knl_Clock_Module_State_clockQ__O                     
00012634  ti_sysbios_knl_Clock_tickPeriod__C                              
00012638  ti_sysbios_knl_Event_Instance_State_pendQ__O                    
0001263c  ti_sysbios_knl_Mailbox_Instance_State_freeQue__O                
00012640  ti_sysbios_knl_Mailbox_Object__count__C                         
00012644  ti_sysbios_knl_Mailbox_maxTypeAlign__C                          
00012648  ti_sysbios_knl_Semaphore_Instance_State_pendQ__O                
0001264c  ti_sysbios_knl_Swi_Object__count__C                             
00012650  ti_sysbios_knl_Task_Module_State_inactiveQ__O                   
00012654  ti_sysbios_knl_Task_Object__count__C                            
00012658  ti_sysbios_knl_Task_Object__heap__C                             
0001265c  ti_sysbios_knl_Task_allBlockedFunc__C                           
00012660  ti_sysbios_knl_Task_defaultStackHeap__C                         
00012664  ti_sysbios_knl_Task_defaultStackSize__C                         
00012668  ti_sysbios_knl_Task_numConstructedTasks__C                      
0001266c  xdc_runtime_Error_E_memory__C                                   
00012670  xdc_runtime_Error_policyFxn__C                                  
00012674  xdc_runtime_IGateProvider_Interface__BASE__C                    
00012678  xdc_runtime_IHeap_Interface__BASE__C                            
0001267c  xdc_runtime_IModule_Interface__BASE__C                          
00012680  xdc_runtime_Memory_defaultHeapInstance__C                       
00012684  xdc_runtime_Startup_execImpl__C                                 
00012688  xdc_runtime_Startup_maxPasses__C                                
0001268c  xdc_runtime_Startup_sfxnRts__C                                  
00012690  xdc_runtime_Startup_sfxnTab__C                                  
00012694  xdc_runtime_SysCallback_abortFxn__C                             
00012698  xdc_runtime_SysCallback_exitFxn__C                              
0001269c  xdc_runtime_SysCallback_putchFxn__C                             
000126a0  xdc_runtime_SysCallback_readyFxn__C                             
000126a4  xdc_runtime_System_Module__gateObj__C                           
000126a8  xdc_runtime_System_abortFxn__C                                  
000126ac  xdc_runtime_System_exitFxn__C                                   
000126b0  xdc_runtime_System_extendFxn__C                                 
000126b4  xdc_runtime_System_maxAtexitHandlers__C                         
000126b8  ti_sysbios_family_arm_msp432_init_Boot_enableHFXT__C            
000126ba  ti_sysbios_family_arm_msp432_init_Boot_enableLFXT__C            
000126bc  ti_sysbios_heaps_HeapMem_Module__id__C                          
000126be  xdc_runtime_Memory_Module__id__C                                
000126c0  __TI_static_base__                                              
00012a40  __TI_Handler_Table_Base                                         
00012a4c  __TI_Handler_Table_Limit                                        
00012a58  __TI_CINIT_Base                                                 
00012a68  __TI_CINIT_Limit                                                
20000000  __start___llvm_prf_cnts                                         
20000000  __stop___llvm_prf_cnts                                          
20000000  ti_sysbios_family_arm_m3_Hwi_ramVectors                         
20000140  __primary_heap_start__                                          
20008140  __primary_heap_end__                                            
20008600  Items                                                           
200088c0  ti_sysbios_knl_Task_Instance_State_0_stack__A                   
20008ac0  uartMSP432Objects                                               
20008cc0  ti_sysbios_family_arm_m3_Hwi_dispatchTable                      
20008f00  i2cMSP432Objects                                                
20008fa0  spiMSP432DMAObjects                                             
200091b8  LEDObjects                                                      
20009230  pwmTimerMSP432Objects                                           
200092a8  timerMSP432Objects                                              
20009310  ButtonObjects                                                   
20009360  chassis_angle_pid                                               
200093a8  chassis_speed_pid                                               
200093f0  masterRxBuffer                                                  
20009424  masterTxBuffer                                                  
20009488  clk0Struct                                                      
200094ac  clk1Struct                                                      
200094d0  imu3                                                            
200095b4  bStats                                                          
200095d0  ringObj                                                         
200095e8  ecoEvent                                                        
2000960c  imu                                                             
2000961c  displayUartObject                                               
20009628  eventBuf                                                        
20009634  rxBuffer                                                        
20009648  buttonHandle                                                    
20009650  ledHandle                                                       
20009660  ClockP_tickPeriod                                               
20009664  CurDraw                                                         
20009668  CurHandle                                                       
2000966c  adc                                                             
20009670  adcMSP432Objects                                                
20009674  clk2Handle                                                      
20009678  displayHandle                                                   
2000967c  lua                                                             
20009680  masterSpi                                                       
20009684  ti_sysbios_knl_Task_Instance_State_0_hookEnv__A                 
20009688  EC11_A_Now                                                      
20009689  EC11_B_Now                                                      
2000968a  EC11_Key                                                        
2000968b  udmaMSP432Object                                                
2000968c  PowerMSP432_perfLevels                                          
20009964  AllView                                                         
200099e8  gPixel                                                          
20009a68  ti_sysbios_knl_Swi_Module_State_0_readyQ__A                     
20009ae8  ti_sysbios_knl_Task_Module_State_0_readyQ__A                    
20009b68  param                                                           
20009be0  gpioCallbackFunctions                                           
20009c50  gpioPinConfigs                                                  
20009cc0  lineid                                                          
20009d20  ti_sysbios_gates_GateMutex_Object__table__V                     
20009d74  ti_sysbios_knl_Task_Object__table__V                            
20009dc0  ti_sysbios_family_arm_msp432_Timer_Object__table__V             
20009e04  ti_sysbios_knl_Task_Module__state__V                            
20009e48  ti_sysbios_family_arm_m3_Hwi_Module__state__V                   
20009e7c  ti_sysbios_knl_Swi_Object__table__V                             
20009eac  PowerMSP432_module                                              
20009ed8  ti_sysbios_knl_Clock_Module__state__V                           
20009f04  ti_sysbios_BIOS_Module__state__V                                
20009f48  ti_sysbios_family_arm_msp432_Timer_Module_State_0_device__A     
20009f68  uart_ready_flag                                                 
20009f88  xdc_runtime_Error_IgnoreBlock                                   
20009fa8  ti_sysbios_knl_Swi_Module__state__V                             
20009fc4  mirrorRegister                                                  
20009fe0  left_duty                                                       
20009fe4  right_duty                                                      
20009fe8  pwm0                                                            
20009fec  pwm1                                                            
20009ff0  pwm2                                                            
20009ff4  pwm3                                                            
20009ff8  ti_sysbios_family_arm_m3_Hwi_Object__table__V                   
2000a010  ti_sysbios_heaps_HeapMem_Object__table__V                       
2000a040  last_item                                                       
2000a054  motor_start_flag                                                
2000a058  CurView                                                         
2000a059  CurItem                                                         
2000a05a  ItemNums                                                        
2000a05b  isEditing                                                       
2000a05c  ItemFirstLine                                                   
2000a05d  item_index                                                      
2000a078  encoder1_value                                                  
2000a07c  encoder2_value                                                  
2000a080  encoder3_value                                                  
2000a084  encoder4_value                                                  
2000a088  ti_sysbios_family_arm_msp432_Timer_Module_State_0_handles__A    
2000a098  ti_sysbios_family_arm_msp432_ClockFreqs_Module__state__V        
2000a0a4  ti_sysbios_family_arm_msp432_Timer_Module__state__V             
2000a0b0  txBuffer                                                        
2000a0ba  ti_sysbios_family_arm_m3_Hwi_Module_State_0_excActive__A        
2000a0bc  _lock                                                           
2000a0c0  _unlock                                                         
2000a0cc  ti_sysbios_family_arm_m3_Hwi_Module__root__V                    
2000a0d4  ti_sysbios_gates_GateHwi_Module__root__V                        
2000a0dc  ti_sysbios_gates_GateMutex_Module__root__V                      
2000a0e4  ti_sysbios_heaps_HeapMem_Module__root__V                        
2000a0ec  ti_sysbios_knl_Clock_Module__root__V                            
2000a0f4  ti_sysbios_knl_Event_Module__root__V                            
2000a0fc  ti_sysbios_knl_Queue_Module__root__V                            
2000a104  ti_sysbios_knl_Semaphore_Module__root__V                        
2000a10c  ti_sysbios_knl_Task_Module__root__V                             
2000a114  xdc_runtime_Startup_Module__state__V                            
2000a11c  xdc_runtime_System_Module_State_0_atexitHandlers__A             
2000a124  xdc_runtime_System_Module__state__V                             
2000a12c  pwm7                                                            
2000a130  old_val                                                         
2000a134  main_func_sp                                                    
2000a138  ti_sysbios_family_arm_m3_Hwi_Module_State_0_excContext__A       
2000a13c  ti_sysbios_family_arm_m3_Hwi_Module_State_0_excStack__A         
2000a140  ti_sysbios_gates_GateHwi_Object__table__V                       
2000a144  ti_sysbios_knl_Task_Module_State_0_idleTask__A                  
2000a148  ti_sysbios_rts_ti_ReentSupport_Module__state__V                 
2000a14c  xdc_runtime_Memory_Module__state__V                             
2000fc00  __stack                                                         
20010000  __STACK_END                                                     
4000480c  WDTCTL_SYM                                                      
e000e000  ti_sysbios_family_arm_m3_Hwi_nvic                               
ffffffff  __TI_pprof_out_hndl                                             
ffffffff  __TI_prof_data_size                                             
ffffffff  __TI_prof_data_start                                            
ffffffff  __binit__                                                       
ffffffff  __c_args__                                                      
ffffffff  binit                                                           
UNDEFED   SHT$$INIT_ARRAY$$Base                                           
UNDEFED   SHT$$INIT_ARRAY$$Limit                                          

[895 symbols]
