******************************************************************************
                  TI ARM Linker Unix v20.2.5                   
******************************************************************************
>> Linked Fri Oct 15 20:34:42 2021

OUTPUT FILE NAME:   <project.out>
ENTRY POINT SYMBOL: "_c_int00"  address: 0000d2b1


MEMORY CONFIGURATION

         name            origin    length      used     unused   attr    fill
----------------------  --------  ---------  --------  --------  ----  --------
  MAIN                  00000000   00040000  00012606  0002d9fa  R  X
  INFO                  00200000   00004000  00000000  00004000  R  X
  SRAM_CODE             01000000   00010000  0000a37a  00005c86  RW X
  SRAM_DATA             20000000   00010000  0000a37a  00005c86  RW  


SEGMENT ALLOCATION MAP

run origin  load origin   length   init length attrs members
----------  ----------- ---------- ----------- ----- -------
00000000    00000000    00012610   00012610    r-x
  00000000    00000000    0000003c   0000003c    r-- .resetVecs
  00000040    00000040    00010a8a   00010a8a    r-x .text
  00010ad0    00010ad0    000017a0   000017a0    r-- .const
  00012270    00012270    000003a0   000003a0    r-- .cinit
20000140    20000140    00008000   00000000    r--
  20000140    20000140    00008000   00000000    r-- .priheap
20008200    20008200    00001e3a   00000000    rw-
  20008200    20008200    00001378   00000000    rw- .bss
  20009578    20009578    00000ac2   00000000    rw- .data
2000fc00    2000fc00    00000400   00000000    rw-
  2000fc00    2000fc00    00000400   00000000    rw- .stack


SECTION ALLOCATION MAP

 output                                  attributes/
section   page    origin      length       input sections
--------  ----  ----------  ----------   ----------------
.text      0    00000040    00010a8a     
                  00000040    00000a4e     rtsv7M4_T_le_v4SPD16_eabi.lib : _printfi.c.obj (.text:__TI_printfi)
                  00000a8e    00000002     ti_drivers_config.obj (.text:Board_initHook)
                  00000a90    00000738     rtsv7M4_T_le_v4SPD16_eabi.lib : k_rem_pio2.c.obj (.text:__kernel_rem_pio2)
                  000011c8    000005e0                                   : s_sin.c.obj (.text:sin)
                  000017a8    000005dc                                   : s_cos.c.obj (.text:cos)
                  00001d84    0000057c     ui.obj (.text:UpdateMenuItems)
                  00002300    000004ec     ui.obj (.text:HandleAdjustParamView)
                  000027ec    00000004     msp432p4xx_driverlib.lib : cpu.o (.text:CPU_wfi)
                  000027f0    00000468     sysbios.aem4f : BIOS.obj (.text:xdc_runtime_System_doPrint__I)
                  00002c58    0000036c     uart.obj (.text:imu_data_analyse)
                  00002fc4    00000318     ui.obj (.text:DrawIMUView)
                  000032dc    000002f8     drivers_msp432p401x.aem4f : PowerMSP432.oem4f (.text:Power_sleep)
                  000035d4    000002d0                               : UARTMSP432.oem4f (.text:UARTMSP432_open)
                  000038a4    00000294     ui.obj (.text:DrawSensorView)
                  00003b38    0000028c     drivers_msp432p401x.aem4f : SPIMSP432DMA.oem4f (.text:SPIMSP432DMA_open)
                  00003dc4    0000028a     msp432p4xx_driverlib.lib : pcm.o (.text:__PCM_setPowerStateAdvanced)
                  0000404e    00000002     display.aem4f : DisplayUart.oem4f (.text:DisplayUartMin_clear)
                  00004050    00000288     drivers_msp432p401x.aem4f : PowerMSP432.oem4f (.text:initPerfControl)
                  000042d8    00000270     rtsv7M4_T_le_v4SPD16_eabi.lib : _printfi.c.obj (.text:_pconv_a)
                  00004548    00000270     main_tirtos.obj (.text:main)
                  000047b8    00000248     spi_lcd.obj (.text:lcd_init)
                  00004a00    0000021c     ui.obj (.text:rotate)
                  00004c1c    00000210     ec11.obj (.text:Encoder_EC11_Analyze)
                  00004e2c    00000208     drivers_msp432p401x.aem4f : PWMTimerMSP432.oem4f (.text:PWMTimerMSP432_open)
                  00005034    000001f8                               : I2CMSP432.oem4f (.text:I2CMSP432_open)
                  0000522c    000001d0     rtsv7M4_T_le_v4SPD16_eabi.lib : _printfi.c.obj (.text:_pconv_g)
                  000053fc    000001b6                                   : fd_add_t2.asm.obj (.text)
                  000055b2    00000002     display.aem4f : DisplayUart.oem4f (.text:DisplayUartMin_clearLines)
                  000055b4    000001a4     ui.obj (.text:DrawAdjustParamView)
                  00005758    0000018c     uart.obj (.text:User_uart_init)
                  000058e4    00000188     release_pem4f.oem4f (.text:xdc_runtime_System_printfExtend__I)
                  00005a6c    00000186     drivers_msp432p401x.aem4f : Button.oem4f (.text:Button_clockTimeoutHandler)
                  00005bf2    00000184                               : I2CMSP432.oem4f (.text:I2CMSP432_hwiIntFxn)
                  00005d76    00000002     display.aem4f : DisplayUart.oem4f (.text:DisplayUartMin_init)
                  00005d78    00000178     ec11.obj (.text:Encoder_EC11_Scan)
                  00005ef0    00000174     rtsv7M4_T_le_v4SPD16_eabi.lib : k_sin.c.obj (.text:__kernel_sin)
                  00006064    00000170     drivers_msp432p401x.aem4f : GPIOMSP432.oem4f (.text:GPIO_setConfig)
                  000061d4    00000170     rtsv7M4_T_le_v4SPD16_eabi.lib : k_cos.c.obj (.text:__kernel_cos)
                  00006344    00000160     msp432p4xx_driverlib.lib : adc14.o (.text:_getIndexForMemRegister)
                  000064a4    0000015c                              : pcm.o (.text:__PCM_setPowerModeAdvanced)
                  00006600    0000015a     ui.obj (.text:lcd_drawline)
                  0000675a    00000006     drivers_msp432p401x.aem4f : ADCMSP432.oem4f (.text:ADCMSP432_control)
                  00006760    00000158     sysbios.aem4f : BIOS.obj (.text:ti_sysbios_knl_Event_pend__E)
                  000068b8    0000014c     drivers_msp432p401x.aem4f : TimerMSP432.oem4f (.text:TimerMSP432_open)
                  00006a04    0000013c     rtsv7M4_T_le_v4SPD16_eabi.lib : _printfi.c.obj (.text:_pconv_e)
                  00006b40    0000013c     buttonled.obj (.text:handleButtonCallback)
                  00006c7c    00000136     rtsv7M4_T_le_v4SPD16_eabi.lib : fd_div_t2.asm.obj (.text)
                  00006db2    00000132     motor.obj (.text:motor_dir)
                  00006ee4    00000130     drivers_msp432p401x.aem4f : UDMAMSP432.oem4f (.text:setupInterrupt)
                  00007014    00000004     dpl_msp432p401x.aem4f : ClockP_tirtos.oem4f (.text:ClockP_setTimeout)
                  00007018    00000130     sysbios.aem4f : BIOS.obj (.text:ti_sysbios_knl_Semaphore_pend__E)
                  00007148    0000012c     drivers_msp432p401x.aem4f : SPIMSP432DMA.oem4f (.text:SPIMSP432DMA_transfer)
                  00007274    00000124     rtsv7M4_T_le_v4SPD16_eabi.lib : _printfi.c.obj (.text:fcvt)
                  00007398    00000124     motor_drive.obj (.text:motor_pwm_Thread)
                  000074bc    0000011c     msp432p4xx_driverlib.lib : uart.o (.text:UART_initModule)
                  000075d8    0000011c     drivers_msp432p401x.aem4f : I2CMSP432.oem4f (.text:primeTransfer)
                  000076f4    00000114                               : PWMTimerMSP432.oem4f (.text:PWMTimerMSP432_setPeriod)
                  00007808    00000110     i2cbh1750.obj (.text:BH1750_Thread)
                  00007918    00000110     drivers_msp432p401x.aem4f : LED.oem4f (.text:LED_open)
                  00007a28    00000110     spi_lcd.obj (.text:lcd_showfloat)
                  00007b38    00000110     rtsv7M4_T_le_v4SPD16_eabi.lib : s_scalbn.c.obj (.text:scalbn)
                  00007c48    00000108     msp432p4xx_driverlib.lib : pcm.o (.text:__PCM_setCoreVoltageLevelAdvanced)
                  00007d50    00000108     sysbios.aem4f : BIOS.obj (.text:ti_sysbios_knl_Task_postInit__I)
                  00007e58    00000108                   : BIOS.obj (.text:xdc_runtime_Startup_startMods__I)
                  00007f60    00000104     drivers_msp432p401x.aem4f : SPIMSP432DMA.oem4f (.text:SPIMSP432DMA_transferCancel)
                  00008064    00000004     dpl_msp432p401x.aem4f : ClockP_tirtos.oem4f (.text:ClockP_start)
                  00008068    00000104     sysbios.aem4f : BIOS.obj (.text:ti_sysbios_knl_Task_Instance_finalize__E)
                  0000816c    000000fc     drivers_msp432p401x.aem4f : ADCMSP432.oem4f (.text:ADCMSP432_convert)
                  00008268    000000fc                               : SPIMSP432DMA.oem4f (.text:configDMA)
                  00008364    000000fc     rtsv7M4_T_le_v4SPD16_eabi.lib : fd_mul_t2.asm.obj (.text)
                  00008460    000000f8                                   : s_floor.c.obj (.text:floor)
                  00008558    000000f8     sysbios.aem4f : BIOS.obj (.text:ti_sysbios_family_arm_msp432_init_Boot_configureClocksHigh)
                  00008650    000000f4     spi_lcd.obj (.text:lcd_displayccd)
                  00008744    000000f0     msp432p4xx_driverlib.lib : dma.o (.text:DMA_setChannelTransfer)
                  00008834    000000f0     drivers_msp432p401x.aem4f : I2CMSP432.oem4f (.text:I2CMSP432_transfer)
                  00008924    00000004     dpl_msp432p401x.aem4f : ClockP_tirtos.oem4f (.text:ClockP_stop)
                  00008928    000000f0     sysbios.aem4f : BIOS.obj (.text:pthread_create)
                  00008a18    000000f0                   : m3_Hwi_asm.obj (.text:ti_sysbios_family_arm_m3_Hwi_dispatch__I)
                  00008b08    000000e8     drivers_msp432p401x.aem4f : Button.oem4f (.text:Button_open)
                  00008bf0    000000e4     msp432p4xx_driverlib.lib : cs.o (.text:CS_startHFXTWithTimeout)
                  00008cd4    000000e4     motor.obj (.text:motor_init)
                  00008db8    000000e4     ui.obj (.text:onCancel)
                  00008e9c    000000e0     msp432p4xx_driverlib.lib : cs.o (.text:CS_startLFXTWithTimeout)
                  00008f7c    000000e0     encoder.obj (.text:encoder_Thread)
                  0000905c    00000004     dpl_msp432p401x.aem4f : HwiP_tirtos.oem4f (.text:HwiP_clearInterrupt)
                  00009060    000000e0     sysbios.aem4f : BIOS.obj (.text:ti_sysbios_knl_Task_Instance_init__E)
                  00009140    000000dc     drivers_msp432p401x.aem4f : UARTMSP432.oem4f (.text:UARTMSP432_readPolling)
                  0000921c    000000dc                               : UDMAMSP432.oem4f (.text:UDMAMSP432_close)
                  000092f8    000000dc     msp432p4xx_driverlib.lib : cs.o (.text:_CSGetHFXTFrequency)
                  000093d4    000000d2     adcTSL1401.obj (.text:TSL1401_GetLine)
                  000094a6    00000002     ui.obj (.text:DrawMainMenuView)
                  000094a8    000000d0     sysbios.aem4f : BIOS.obj (.text:ti_sysbios_heaps_HeapMem_alloc__E)
                  00009578    000000ca     drivers_msp432p401x.aem4f : UARTMSP432.oem4f (.text:UARTMSP432_hwiIntFxn)
                  00009642    00000002     ui.obj (.text:DrawParamView)
                  00009644    000000c8     drivers_msp432p401x.aem4f : TimerMSP432.oem4f (.text:TimerMSP432_start)
                  0000970c    000000c8     spi_lcd.obj (.text:lcd_Thread)
                  000097d4    00000004     dpl_msp432p401x.aem4f : HwiP_tirtos.oem4f (.text:HwiP_disable)
                  000097d8    000000c4     sysbios.aem4f : BIOS.obj (.text:ti_sysbios_knl_Task_sleep__E)
                  0000989c    000000c0     buttonled.obj (.text:buttonled_Thread)
                  0000995c    000000c0     motor.obj (.text:motor_left_right_duty)
                  00009a1c    000000bc     drivers_msp432p401x.aem4f : TimerMSP432.oem4f (.text:TimerMSP432_setPeriod)
                  00009ad8    000000bc     ui.obj (.text:onDecrease)
                  00009b94    000000b8     drivers_msp432p401x.aem4f : UARTMSP432.oem4f (.text:initHw)
                  00009c4c    000000b8                               : UARTMSP432.oem4f (.text:readTaskCallback)
                  00009d04    00000004     dpl_msp432p401x.aem4f : HwiP_tirtos.oem4f (.text:HwiP_disableInterrupt)
                  00009d08    000000b8     sysbios.aem4f : BIOS.obj (.text:ti_sysbios_family_arm_m3_Hwi_Instance_init__E)
                  00009dc0    000000b4     msp432p4xx_driverlib.lib : adc14.o (.text:ADC14_configureConversionMemory)
                  00009e74    000000b4     drivers_msp432p401x.aem4f : UARTMSP432.oem4f (.text:UARTMSP432_control)
                  00009f28    000000b4                               : UARTMSP432.oem4f (.text:UARTMSP432_writePolling)
                  00009fdc    000000b4     spi_lcd.obj (.text:lcd_showchar)
                  0000a090    000000b1     rtsv7M4_T_le_v4SPD16_eabi.lib : _printfi.c.obj (.text:_ltostr)
                  0000a141    00000001     --HOLE-- [fill = 0]
                  0000a142    000000b0     msp432p4xx_driverlib.lib : spi.o (.text:SPI_initMaster)
                  0000a1f2    00000002     drivers_msp432p401x.aem4f : I2CMSP432.oem4f (.text:I2CMSP432_init)
                  0000a1f4    000000ac     ui.obj (.text:DrawEncoderView)
                  0000a2a0    000000ac     drivers_msp432p401x.aem4f : GPIOMSP432.oem4f (.text:GPIO_init)
                  0000a34c    000000ac                               : I2CMSP432.oem4f (.text:I2CMSP432_cancel)
                  0000a3f8    000000ac     ui.obj (.text:onEnter)
                  0000a4a4    00000004     dpl_msp432p401x.aem4f : HwiP_tirtos.oem4f (.text:HwiP_enableInterrupt)
                  0000a4a8    000000aa     sysbios.aem4f : BIOS.obj (.text:xdc_runtime_Core_createObject__I)
                  0000a552    000000a8     drivers_msp432p401x.aem4f : UARTMSP432.oem4f (.text:UARTMSP432_write)
                  0000a5fa    00000002                               : LED.oem4f (.text:LED_init)
                  0000a5fc    000000a8     spi_lcd.obj (.text:lcd_init_Thread)
                  0000a6a4    000000a8     drivers_msp432p401x.aem4f : UARTMSP432.oem4f (.text:readTaskBlocking)
                  0000a74c    00000004                               : SPIMSP432DMA.oem4f (.text:SPIMSP432DMA_init)
                  0000a750    000000a8     sysbios.aem4f : BIOS.obj (.text:ti_sysbios_family_arm_msp432_Timer_periodicStub__E)
                  0000a7f8    000000a4     drivers_msp432p401x.aem4f : PWMTimerMSP432.oem4f (.text:PWMTimerMSP432_stop)
                  0000a89c    000000a4                               : TimerMSP432.oem4f (.text:initTimerHardware)
                  0000a940    000000a4     ui.obj (.text:onIncrease)
                  0000a9e4    00000004     dpl_msp432p401x.aem4f : SemaphoreP_tirtos.oem4f (.text:SemaphoreP_post)
                  0000a9e8    000000a4     sysbios.aem4f : BIOS.obj (.text:ti_sysbios_knl_Task_setPri__E)
                  0000aa8c    000000a2     ui.obj (.text:matconv)
                  0000ab2e    00000002     drivers_msp432p401x.aem4f : PWMTimerMSP432.oem4f (.text:PWMTimerMSP432_init)
                  0000ab30    000000a0     auto_init.aem4f : auto_init.oem4f (.text)
                  0000abd0    000000a0     drivers_msp432p401x.aem4f : UARTMSP432.oem4f (.text:readIsrTextCallback)
                  0000ac70    0000009c                               : PowerMSP432.oem4f (.text:Power_init)
                  0000ad0c    0000009c     rtsv7M4_T_le_v4SPD16_eabi.lib : memcpy_t2.asm.obj (.text)
                  0000ada8    0000009c     drivers_msp432p401x.aem4f : TimerMSP432.oem4f (.text:setT32TickCount)
                  0000ae44    0000009c                               : TimerMSP432.oem4f (.text:setTATickCount)
                  0000aee0    0000009b     spi_lcd.obj (.text:lcd_showint32)
                  0000af7b    00000001     --HOLE-- [fill = 0]
                  0000af7c    00000096     rtsv7M4_T_le_v4SPD16_eabi.lib : ull_div_t2.asm.obj (.text)
                  0000b012    00000002     dpl_msp432p401x.aem4f : PowerMSP432_tirtos.oem4f (.text:PowerMSP432_initPolicy)
                  0000b014    00000094     drivers_msp432p401x.aem4f : PWMTimerMSP432.oem4f (.text:PWMTimerMSP432_setDuty)
                  0000b0a8    00000094                               : UDMAMSP432.oem4f (.text:UDMAMSP432_init)
                  0000b13c    00000094                               : UDMAMSP432.oem4f (.text:UDMAMSP432_open)
                  0000b1d0    00000094     sysbios.aem4f : BIOS.obj (.text:_pthread_removeThreadKeys)
                  0000b264    00000004     dpl_msp432p401x.aem4f : SystemP_tirtos.oem4f (.text:SystemP_vsnprintf)
                  0000b268    00000094     sysbios.aem4f : BIOS.obj (.text:ti_sysbios_family_arm_m3_Hwi_initNVIC__E)
                  0000b2fc    00000004     release_pem4f.oem4f (.text:ti_sysbios_BIOS_RtsGateProxy_enter__E)
                  0000b300    00000094     sysbios.aem4f : BIOS.obj (.text:ti_sysbios_knl_Task_exit__E)
                  0000b394    00000092     drivers_msp432p401x.aem4f : UARTMSP432.oem4f (.text:UARTMSP432_close)
                  0000b426    00000092                               : UARTMSP432.oem4f (.text:writeData)
                  0000b4b8    00000090     sysbios.aem4f : BIOS.obj (.text:ti_sysbios_knl_Task_Module_startup__E)
                  0000b548    0000008c     drivers_msp432p401x.aem4f : ADCMSP432.oem4f (.text:ADCMSP432_open)
                  0000b5d4    0000008c     ec11.obj (.text:Encoder_EC11_Init)
                  0000b660    0000008c     drivers_msp432p401x.aem4f : TimerMSP432.oem4f (.text:TimerMSP432_stop)
                  0000b6ec    0000008c     uart.obj (.text:handleRecvEvt)
                  0000b778    0000008c     drivers_msp432p401x.aem4f : UARTMSP432.oem4f (.text:readIsrTextBlocking)
                  0000b804    0000008c     sysbios.aem4f : m3_TaskSupport_asm.obj (.text:ti_sysbios_family_arm_m3_TaskSupport_buildTaskStack)
                  0000b890    0000008c                   : BIOS.obj (.text:ti_sysbios_knl_Event_post__E)
                  0000b91c    00000004     release_pem4f.oem4f (.text:ti_sysbios_BIOS_RtsGateProxy_leave__E)
                  0000b920    0000008c     sysbios.aem4f : BIOS.obj (.text:xdc_runtime_Memory_alloc__E)
                  0000b9ac    00000088     drivers_msp432p401x.aem4f : PWMTimerMSP432.oem4f (.text:PWMTimerMSP432_close)
                  0000ba34    00000086     rtsv7M4_T_le_v4SPD16_eabi.lib : fd_cmp_t2.asm.obj (.text:__aeabi_cdcmple)
                  0000baba    00000086                                   : fd_cmp_t2.asm.obj (.text:__aeabi_cdrcmple)
                  0000bb40    00000086     drivers_msp432p401x.aem4f : SPIMSP432DMA.oem4f (.text:initHw)
                  0000bbc6    00000002                               : TimerMSP432.oem4f (.text:TimerMSP432_init)
                  0000bbc8    00000086     sysbios.aem4f : BIOS.obj (.text:xdc_runtime_Core_constructObject__I)
                  0000bc4e    00000002     drivers_msp432p401x.aem4f : UARTMSP432.oem4f (.text:UARTMSP432_init)
                  0000bc50    00000084     ui.obj (.text:DrawPIDView)
                  0000bcd4    00000084     msp432p4xx_driverlib.lib : pcm.o (.text:PCM_gotoLPM3)
                  0000bd58    00000084     drivers_msp432p401x.aem4f : PWMTimerMSP432.oem4f (.text:PWMTimerMSP432_start)
                  0000bddc    00000084     spi_lcd.obj (.text:lcd_set_region)
                  0000be60    00000084     drivers_msp432p401x.aem4f : PowerMSP432.oem4f (.text:restartHFXT)
                  0000bee4    00000004     release_pem4f.oem4f (.text:ti_sysbios_family_arm_m3_Hwi_delete)
                  0000bee8    00000084     sysbios.aem4f : BIOS.obj (.text:ti_sysbios_family_arm_m3_Hwi_postInit__I)
                  0000bf6c    00000004     release_pem4f.oem4f (.text:ti_sysbios_family_arm_m3_TaskSupport_Module__startupDone__S)
                  0000bf70    00000084     sysbios.aem4f : BIOS.obj (.text:ti_sysbios_heaps_HeapMem_free__E)
                  0000bff4    00000004     release_pem4f.oem4f (.text:ti_sysbios_heaps_HeapMem_Module_GateProxy_enter__E)
                  0000bff8    00000080     sysbios.aem4f : BIOS.obj (.text:ti_sysbios_knl_Clock_workFunc__E)
                  0000c078    0000007c     drivers_msp432p401x.aem4f : PWMTimerMSP432.oem4f (.text:setConstraints)
                  0000c0f4    0000007a     spi_lcd.obj (.text:lcd_clear_rectangle)
                  0000c16e    0000007a     rtsv7M4_T_le_v4SPD16_eabi.lib : memset_t2.asm.obj (.text)
                  0000c1e8    00000078     drivers_msp432p401x.aem4f : TimerMSP432.oem4f (.text:TimerMSP432_allocateTimerResource)
                  0000c260    00000076                               : I2CMSP432.oem4f (.text:I2CMSP432_close)
                  0000c2d6    00000002     rtsv7M4_T_le_v4SPD16_eabi.lib : _lock.c.obj (.text:_nop)
                  0000c2d8    00000075     sysbios.aem4f : BIOS.obj (.text:xdc_runtime_System_formatNum__I)
                  0000c34d    00000001     --HOLE-- [fill = 0]
                  0000c34e    00000002     adcTSL1401.obj (.text:delay)
                  0000c350    00000070     ui.obj (.text:DrawBootView)
                  0000c3c0    00000070     ui.obj (.text:DrawCCDView)
                  0000c430    00000070     drivers_msp432p401x.aem4f : UARTMSP432.oem4f (.text:UARTMSP432_writeCancel)
                  0000c4a0    00000070     sysbios.aem4f : BIOS.obj (.text:ti_sysbios_heaps_HeapMem_initPrimary__I)
                  0000c510    0000006e     rtsv7M4_T_le_v4SPD16_eabi.lib : _printfi.c.obj (.text:_mcpy)
                  0000c57e    0000006e                                   : fd_tos_t2.asm.obj (.text)
                  0000c5ec    0000006c     msp432p4xx_driverlib.lib : i2c.o (.text:I2C_masterSendMultiByteFinish)
                  0000c658    0000006c     spi_lcd.obj (.text:lcd_writedata_16bit)
                  0000c6c4    00000004     release_pem4f.oem4f (.text:ti_sysbios_heaps_HeapMem_Module_GateProxy_leave__E)
                  0000c6c8    0000006c     sysbios.aem4f : BIOS.obj (.text:ti_sysbios_knl_Swi_restoreHwi__E)
                  0000c734    0000006a     drivers_msp432p401x.aem4f : PWMTimerMSP432.oem4f (.text:perfChangeNotifyFxn)
                  0000c79e    00000002     event.obj (.text:doEventLogs)
                  0000c7a0    00000068     drivers_msp432p401x.aem4f : GPIOMSP432.oem4f (.text:GPIO_hwiIntFxn)
                  0000c808    00000068                               : PowerMSP432.oem4f (.text:PowerMSP432_getFreqs)
                  0000c870    00000068     rtsv7M4_T_le_v4SPD16_eabi.lib : copy_decompress_lzss.c.obj (.text:decompress:lzss:__TI_decompress_lzss)
                  0000c8d8    00000068     drivers_msp432p401x.aem4f : I2CMSP432.oem4f (.text:initHw)
                  0000c940    00000068                               : PWMTimerMSP432.oem4f (.text:initHw)
                  0000c9a8    00000066     sysbios.aem4f : BIOS.obj (.text:xdc_runtime_Core_deleteObject__I)
                  0000ca0e    00000002     ui.obj (.text:printvalue)
                  0000ca10    00000064     drivers_msp432p401x.aem4f : Button.oem4f (.text:Button_gpioCallbackFxn)
                  0000ca74    00000064                               : SPIMSP432DMA.oem4f (.text:SPIMSP432DMA_close)
                  0000cad8    00000064     rtsv7M4_T_le_v4SPD16_eabi.lib : s_frexp.c.obj (.text:frexp)
                  0000cb3c    00000004     release_pem4f.oem4f (.text:ti_sysbios_knl_Clock_TimerProxy_getMaxTicks__E)
                  0000cb40    00000064     sysbios.aem4f : BIOS.obj (.text:pthread_exit)
                  0000cba4    00000004     release_pem4f.oem4f (.text:ti_sysbios_knl_Clock_delete)
                  0000cba8    00000064     sysbios.aem4f : BIOS.obj (.text:ti_sysbios_family_arm_m3_Hwi_dispatchC__I)
                  0000cc0c    00000060     drivers_msp432p401x.aem4f : ADCMSP432.oem4f (.text:ADCMSP432_convertToMicroVolts)
                  0000cc6c    00000060     uart.obj (.text:CheckSum)
                  0000cccc    00000060     ui.obj (.text:Draw)
                  0000cd2c    00000060     ui.obj (.text:DrawFeatureView)
                  0000cd8c    00000060     ui.obj (.text:DrawFlagView)
                  0000cdec    00000060     drivers_msp432p401x.aem4f : GPIOMSP432.oem4f (.text:GPIO_setCallback)
                  0000ce4c    00000004     release_pem4f.oem4f (.text:ti_sysbios_knl_Semaphore_delete)
                  0000ce50    00000060     sysbios.aem4f : BIOS.obj (.text:ti_sysbios_knl_Semaphore_post__E)
                  0000ceb0    00000060                   : BIOS.obj (.text:ti_sysbios_knl_Swi_run__I)
                  0000cf10    0000005e     msp432p4xx_driverlib.lib : pcm.o (.text:PCM_getCoreVoltageLevel)
                  0000cf6e    00000002     rtsv7M4_T_le_v4SPD16_eabi.lib : div0.asm.obj (.text)
                  0000cf70    0000005c     display.aem4f : Display.oem4f (.text:Display_doOpen)
                  0000cfcc    0000005c     console.obj (.text:Display_uart_init)
                  0000d028    0000005c     spi_lcd.obj (.text:lcd_clear)
                  0000d084    00000004     release_pem4f.oem4f (.text:ti_sysbios_knl_Task_delete)
                  0000d088    0000005c     sysbios.aem4f : BIOS.obj (.text:ti_sysbios_knl_Swi_schedule__I)
                  0000d0e4    00000004     release_pem4f.oem4f (.text:xdc_runtime_System_Module_GateProxy_enter__E)
                  0000d0e8    0000005c     sysbios.aem4f : BIOS.obj (.text:ti_sysbios_knl_Task_startCore__E)
                  0000d144    00000004     release_pem4f.oem4f (.text:xdc_runtime_System_Module_GateProxy_leave__E)
                  0000d148    0000005c     sysbios.aem4f : BIOS.obj (.text:xdc_runtime_Startup_exec__E)
                  0000d1a4    0000005a     msp432p4xx_driverlib.lib : pcm.o (.text:PCM_getPowerMode)
                  0000d1fe    0000005a     drivers_msp432p401x.aem4f : ADCMSP432.oem4f (.text:initHw)
                  0000d258    00000058                               : GPIOMSP432.oem4f (.text:GPIO_write)
                  0000d2b0    00000058     boot.aem4f : boot.oem4f (.text)
                  0000d308    00000058     drivers_msp432p401x.aem4f : UARTMSP432.oem4f (.text:readIsrBinaryBlocking)
                  0000d360    00000058                               : SPIMSP432DMA.oem4f (.text:spiHwiFxn)
                  0000d3b8    00000058     sysbios.aem4f : m3_Hwi_asm_switch.obj (.text:ti_sysbios_family_arm_m3_Hwi_initStacks__E)
                  0000d410    00000056     rtsv7M4_T_le_v4SPD16_eabi.lib : _printfi.c.obj (.text:_pconv_f)
                  0000d466    00000056     drivers_msp432p401x.aem4f : I2CMSP432.oem4f (.text:completeTransfer)
                  0000d4bc    00000054     msp432p4xx_driverlib.lib : pcm.o (.text:PCM_shutdownDevice)
                  0000d510    00000054     drivers_msp432p401x.aem4f : TimerMSP432.oem4f (.text:TimerMSP432_freeTimerResource)
                  0000d564    00000054     rtsv7M4_T_le_v4SPD16_eabi.lib : _ltoa.c.obj (.text:__TI_ltoa)
                  0000d5b8    00000054     beep.obj (.text:beep_init)
                  0000d60c    00000054     uart.obj (.text:handleMoveEvt)
                  0000d660    00000054     release_pem4f.oem4f (.text:ti_sysbios_family_arm_m3_Hwi_create)
                  0000d6b4    00000002     release_pem4f.oem4f (.text:ti_sysbios_BIOS_nullFunc__I)
                  0000d6b6    00000002     --HOLE-- [fill = 0]
                  0000d6b8    00000054     sysbios.aem4f : BIOS.obj (.text:ti_sysbios_family_arm_msp432_Timer_initDevice__I)
                  0000d70c    00000052     rtsv7M4_T_le_v4SPD16_eabi.lib : _printfi.c.obj (.text:_ecpy)
                  0000d75e    00000002     --HOLE-- [fill = 0]
                  0000d760    00000050     dpl_msp432p401x.aem4f : ClockP_tirtos.oem4f (.text:ClockP_create)
                  0000d7b0    00000050     drivers_msp432p401x.aem4f : LED.oem4f (.text:LED_startBlinking)
                  0000d800    00000050                               : TimerMSP432.oem4f (.text:TimerMSP432_hwiIntFunction)
                  0000d850    00000050                               : UDMAMSP432.oem4f (.text:UDMAMSP432_hwiFxn)
                  0000d8a0    00000050     ui.obj (.text:gotoViewById)
                  0000d8f0    00000050     spi_lcd.obj (.text:lcd_showstr)
                  0000d940    00000050     sysbios.aem4f : BIOS.obj (.text:ti_sysbios_family_arm_m3_Hwi_Module_startup__E)
                  0000d990    00000050     release_pem4f.oem4f (.text:ti_sysbios_knl_Task_create)
                  0000d9e0    00000050     ui.obj (.text:ui_init)
                  0000da30    0000004e     drivers_msp432p401x.aem4f : TimerMSP432.oem4f (.text:TimerMSP432_close)
                  0000da7e    00000002     --HOLE-- [fill = 0]
                  0000da80    0000004c     dpl_msp432p401x.aem4f : PowerMSP432_tirtos.oem4f (.text:PowerMSP432_sleepPolicy)
                  0000dacc    0000004c     rtsv7M4_T_le_v4SPD16_eabi.lib : atoi.c.obj (.text:atoi)
                  0000db18    0000004c     beep.obj (.text:beep_set)
                  0000db64    0000004c     rtsv7M4_T_le_v4SPD16_eabi.lib : cpy_tbl.c.obj (.text:copy_in)
                  0000dbb0    0000004c     spi_lcd.obj (.text:lcd_writeData)
                  0000dbfc    0000004c     spi_lcd.obj (.text:lcd_writeIndex)
                  0000dc48    0000004c     drivers_msp432p401x.aem4f : UARTMSP432.oem4f (.text:readIsrBinaryCallback)
                  0000dc94    00000004     --HOLE-- [fill = 0]
                  0000dc98    0000004c     sysbios.aem4f : BIOS.obj (.text:ti_sysbios_family_arm_msp432_Timer_postInit__I)
                  0000dce4    00000004     --HOLE-- [fill = 0]
                  0000dce8    0000004c                   : BIOS.obj (.text:ti_sysbios_family_arm_msp432_Timer_start__E)
                  0000dd34    00000004     --HOLE-- [fill = 0]
                  0000dd38    0000004c                   : BIOS.obj (.text:ti_sysbios_heaps_HeapMem_getStats__E)
                  0000dd84    00000004     --HOLE-- [fill = 0]
                  0000dd88    0000004c                   : BIOS.obj (.text:ti_sysbios_knl_Swi_runLoop__I)
                  0000ddd4    00000004     --HOLE-- [fill = 0]
                  0000ddd8    0000004c                   : BIOS.obj (.text:ti_sysbios_knl_Task_allBlockedFunction__I)
                  0000de24    00000004     --HOLE-- [fill = 0]
                  0000de28    0000004c                   : BIOS.obj (.text:ti_sysbios_knl_Task_schedule__I)
                  0000de74    0000004a     display.aem4f : DisplayUart.oem4f (.text:DisplayUartMin_open)
                  0000debe    00000002     --HOLE-- [fill = 0]
                  0000dec0    00000048     drivers_msp432p401x.aem4f : PowerMSP432.oem4f (.text:Power_releaseConstraint)
                  0000df08    00000048     rtsv7M4_T_le_v4SPD16_eabi.lib : fd_toi_t2.asm.obj (.text)
                  0000df50    00000048     sysbios.aem4f : BIOS.obj (.text:ti_sysbios_family_arm_m3_Hwi_disableInterrupt__E)
                  0000df98    00000048                   : BIOS.obj (.text:ti_sysbios_family_arm_m3_Hwi_enableInterrupt__E)
                  0000dfe0    00000048                   : BIOS.obj (.text:ti_sysbios_knl_Mailbox_Module_startup__E)
                  0000e028    00000048                   : BIOS.obj (.text:xdc_runtime_Core_assignParams__I)
                  0000e070    00000046     display.aem4f : DisplayUart.oem4f (.text:DisplayUartMin_vprintf)
                  0000e0b6    00000046     drivers_msp432p401x.aem4f : RingBuf.oem4f (.text:RingBuf_put)
                  0000e0fc    00000044                               : ADC.oem4f (.text:ADC_init)
                  0000e140    00000044     ui.obj (.text:HandleFlashView)
                  0000e184    00000044     drivers_msp432p401x.aem4f : I2C.oem4f (.text:I2C_init)
                  0000e1c8    00000044                               : PWM.oem4f (.text:PWM_init)
                  0000e20c    00000044                               : SPI.oem4f (.text:SPI_init)
                  0000e250    00000044                               : Timer.oem4f (.text:Timer_init)
                  0000e294    00000044                               : UART.oem4f (.text:UART_init)
                  0000e2d8    00000044     main_tirtos.obj (.text:clk0Fxn)
                  0000e31c    00000044     drivers_msp432p401x.aem4f : I2CMSP432.oem4f (.text:perfChangeNotifyFxn)
                  0000e360    00000044     rtsv7M4_T_le_v4SPD16_eabi.lib : fd_tou_t2.asm.obj (.text)
                  0000e3a4    00000004     --HOLE-- [fill = 0]
                  0000e3a8    00000044     sysbios.aem4f : BIOS.obj (.text:ti_sysbios_family_arm_m3_Hwi_getStackInfo__E)
                  0000e3ec    00000004     --HOLE-- [fill = 0]
                  0000e3f0    00000044                   : BIOS.obj (.text:ti_sysbios_knl_Swi_post__E)
                  0000e434    00000040     drivers_msp432p401x.aem4f : ADCMSP432.oem4f (.text:ADCMSP432_close)
                  0000e474    00000040                               : ADC.oem4f (.text:ADC_open)
                  0000e4b4    00000040     ui.obj (.text:HandleBootView)
                  0000e4f4    00000040     dpl_msp432p401x.aem4f : HwiP_tirtos.oem4f (.text:HwiP_create)
                  0000e534    00000040     drivers_msp432p401x.aem4f : I2C.oem4f (.text:I2C_open)
                  0000e574    00000040                               : PWM.oem4f (.text:PWM_open)
                  0000e5b4    00000040                               : RingBuf.oem4f (.text:RingBuf_get)
                  0000e5f4    00000040                               : SPI.oem4f (.text:SPI_open)
                  0000e634    00000040     adcTSL1401.obj (.text:TSL1401_adc_Thread)
                  0000e674    00000040     drivers_msp432p401x.aem4f : Timer.oem4f (.text:Timer_open)
                  0000e6b4    00000040                               : UARTMSP432.oem4f (.text:UARTMSP432_read)
                  0000e6f4    00000040                               : UART.oem4f (.text:UART_open)
                  0000e734    00000040     beep.obj (.text:beep_pwm_Thread)
                  0000e774    00000040     drivers_msp432p401x.aem4f : PWMTimerMSP432.oem4f (.text:getDutyCounts)
                  0000e7b4    00000040                               : PWMTimerMSP432.oem4f (.text:getPeriodCounts)
                  0000e7f4    00000040     msp432p4xx_driverlib.lib : spi.o (.text:is_A_Module)
                  0000e834    00000040     drivers_msp432p401x.aem4f : UARTMSP432.oem4f (.text:perfChangeNotifyFxn)
                  0000e874    00000040     rtsv7M4_T_le_v4SPD16_eabi.lib : u_divt2.asm.obj (.text)
                  0000e8b4    00000040                                   : sprintf.c.obj (.text:sprintf)
                  0000e8f4    00000004     --HOLE-- [fill = 0]
                  0000e8f8    00000040     sysbios.aem4f : BIOS.obj (.text:ti_sysbios_family_arm_msp432_Timer_Module_startup__E)
                  0000e938    00000040                   : BIOS.obj (.text:ti_sysbios_family_arm_msp432_Timer_startup__E)
                  0000e978    00000040                   : BIOS.obj (.text:ti_sysbios_heaps_HeapMem_Instance_init__E)
                  0000e9b8    00000040                   : BIOS.obj (.text:ti_sysbios_knl_Clock_Instance_init__E)
                  0000e9f8    0000003e     drivers_msp432p401x.aem4f : LED.oem4f (.text:LED_setBrightnessLevel)
                  0000ea36    0000003e     rtsv7M4_T_le_v4SPD16_eabi.lib : _printfi.c.obj (.text:_fcpy)
                  0000ea74    0000003c     drivers_msp432p401x.aem4f : LED.oem4f (.text:LED_setOff)
                  0000eab0    0000003c     dpl_msp432p401x.aem4f : SemaphoreP_tirtos.oem4f (.text:SemaphoreP_create)
                  0000eaec    00000004     --HOLE-- [fill = 0]
                  0000eaf0    0000003c     sysbios.aem4f : BIOS.obj (.text:sleep)
                  0000eb2c    00000004     --HOLE-- [fill = 0]
                  0000eb30    0000003c                   : BIOS.obj (.text:ti_sysbios_family_arm_m3_Hwi_Instance_finalize__E)
                  0000eb6c    00000004     --HOLE-- [fill = 0]
                  0000eb70    0000003c                   : BIOS.obj (.text:ti_sysbios_family_arm_msp432_Seconds_Module_startup__E)
                  0000ebac    0000003c     release_pem4f.oem4f (.text:ti_sysbios_knl_Clock_create)
                  0000ebe8    0000003c     sysbios.aem4f : BIOS.obj (.text:ti_sysbios_knl_Swi_restore__E)
                  0000ec24    00000004     --HOLE-- [fill = 0]
                  0000ec28    0000003c                   : BIOS.obj (.text:usleep)
                  0000ec64    00000038     drivers_msp432p401x.aem4f : GPIOMSP432.oem4f (.text:GPIO_toggle)
                  0000ec9c    00000038                               : PowerMSP432.oem4f (.text:Power_setConstraint)
                  0000ecd4    00000038                               : TimerMSP432.oem4f (.text:TimerMSP432_getCount)
                  0000ed0c    00000038                               : PowerMSP432.oem4f (.text:notify)
                  0000ed44    00000038     rtsv7M4_T_le_v4SPD16_eabi.lib : fs_tod_t2.asm.obj (.text)
                  0000ed7c    00000038     uart.obj (.text:uart_Thread)
                  0000edb4    00000004     --HOLE-- [fill = 0]
                  0000edb8    00000038     sysbios.aem4f : BIOS.obj (.text:xdc_runtime_System_atexit__E)
                  0000edf0    00000036     drivers_msp432p401x.aem4f : LED.oem4f (.text:LED_setOn)
                  0000ee26    00000036                               : UARTMSP432.oem4f (.text:UARTMSP432_readCancel)
                  0000ee5c    00000036                               : LED.oem4f (.text:clockTimeoutHandler)
                  0000ee92    00000002     --HOLE-- [fill = 0]
                  0000ee94    00000034                               : GPIOMSP432.oem4f (.text:GPIO_disableInt)
                  0000eec8    00000034                               : GPIOMSP432.oem4f (.text:GPIO_enableInt)
                  0000eefc    00000034     release_pem4f.oem4f (.text:ti_sysbios_knl_Semaphore_create)
                  0000ef30    00000032     sysbios.aem4f : BIOS.obj (.text:ti_sysbios_hal_Hwi_initStack)
                  0000ef62    00000006     display.aem4f : DisplayUart.oem4f (.text:DisplayUartMin_control)
                  0000ef68    00000032     sysbios.aem4f : BIOS.obj (.text:xdc_runtime_System_putchar__I)
                  0000ef9a    00000002     --HOLE-- [fill = 0]
                  0000ef9c    00000030     drivers_msp432p401x.aem4f : ADCMSP432.oem4f (.text:ADCMSP432_init)
                  0000efcc    00000030     uart.obj (.text:UartTaskInit)
                  0000effc    00000030     drivers_msp432p401x.aem4f : I2CMSP432.oem4f (.text:mapPin)
                  0000f02c    00000030                               : PWMTimerMSP432.oem4f (.text:mapPin)
                  0000f05c    00000030                               : SPIMSP432DMA.oem4f (.text:mapPin)
                  0000f08c    00000030                               : UARTMSP432.oem4f (.text:mapPin)
                  0000f0bc    00000030     release_pem4f.oem4f (.text:ti_sysbios_BIOS_atExitFunc__I)
                  0000f0ec    00000030     release_pem4f.oem4f (.text:ti_sysbios_BIOS_startFunc__I)
                  0000f11c    00000004     --HOLE-- [fill = 0]
                  0000f120    00000030     sysbios.aem4f : BIOS.obj (.text:ti_sysbios_family_arm_m3_TaskSupport_start__E)
                  0000f150    00000030     release_pem4f.oem4f (.text:ti_sysbios_gates_GateHwi_Object__create__S)
                  0000f180    00000030     release_pem4f.oem4f (.text:ti_sysbios_gates_GateMutex_Object__create__S)
                  0000f1b0    00000030     sysbios.aem4f : BIOS.obj (.text:ti_sysbios_gates_GateMutex_enter__E)
                  0000f1e0    00000030     release_pem4f.oem4f (.text:ti_sysbios_heaps_HeapMem_Object__create__S)
                  0000f210    00000030     release_pem4f.oem4f (.text:ti_sysbios_knl_Clock_construct)
                  0000f240    00000030     sysbios.aem4f : BIOS.obj (.text:ti_sysbios_knl_Event_pendTimeout__I)
                  0000f270    00000030                   : BIOS.obj (.text:ti_sysbios_knl_Mailbox_postInit__I)
                  0000f2a0    00000030     release_pem4f.oem4f (.text:ti_sysbios_knl_Semaphore_construct)
                  0000f2d0    00000030     sysbios.aem4f : BIOS.obj (.text:ti_sysbios_knl_Semaphore_pendTimeout__I)
                  0000f300    00000030                   : BIOS.obj (.text:ti_sysbios_knl_Task_processVitalTaskFlag__I)
                  0000f330    00000030                   : BIOS.obj (.text:ti_sysbios_knl_Task_restore__E)
                  0000f360    00000030                   : BIOS.obj (.text:ti_sysbios_knl_Task_unblockI__E)
                  0000f390    00000030                   : BIOS.obj (.text:xdc_runtime_System_processAtExit__E)
                  0000f3c0    0000002e                   : BIOS.obj (.text:pthread_setcancelstate)
                  0000f3ee    0000002e     rtsv7M4_T_le_v4SPD16_eabi.lib : i_tofd_t2.asm.obj (.text)
                  0000f41c    0000002c     encoder.obj (.text:ENCODER_1A_CB)
                  0000f448    0000002c     encoder.obj (.text:ENCODER_1B_CB)
                  0000f474    0000002c     encoder.obj (.text:ENCODER_2A_CB)
                  0000f4a0    0000002c     encoder.obj (.text:ENCODER_2B_CB)
                  0000f4cc    0000002c     encoder.obj (.text:ENCODER_3A_CB)
                  0000f4f8    0000002c     encoder.obj (.text:ENCODER_3B_CB)
                  0000f524    0000002c     encoder.obj (.text:ENCODER_4A_CB)
                  0000f550    0000002c     encoder.obj (.text:ENCODER_4B_CB)
                  0000f57c    0000002c     dpl_msp432p401x.aem4f : PowerMSP432_tirtos.oem4f (.text:PowerMSP432_updateFreqs)
                  0000f5a8    0000002c     msp432p4xx_driverlib.lib : rtc_c.o (.text:RTC_C_holdClock)
                  0000f5d4    0000002c     dpl_msp432p401x.aem4f : SemaphoreP_tirtos.oem4f (.text:SemaphoreP_createBinary)
                  0000f600    0000002c     sysbios.aem4f : BIOS.obj (.text:_pthread_cleanupFxn)
                  0000f62c    00000004     --HOLE-- [fill = 0]
                  0000f630    0000002c                   : BIOS.obj (.text:_pthread_delete$43)
                  0000f65c    0000002c     ec11.obj (.text:ec11_read)
                  0000f688    0000002c     spi_lcd.obj (.text:lcd_drawpoint)
                  0000f6b4    0000002c     drivers_msp432p401x.aem4f : TimerMSP432.oem4f (.text:perfChangeNotifyFxn)
                  0000f6e0    0000002c     release_pem4f.oem4f (.text:ti_sysbios_gates_GateHwi_Handle__label__S)
                  0000f70c    0000002c     release_pem4f.oem4f (.text:ti_sysbios_gates_GateMutex_Handle__label__S)
                  0000f738    0000002c     release_pem4f.oem4f (.text:ti_sysbios_heaps_HeapMem_Handle__label__S)
                  0000f764    0000002c     release_pem4f.oem4f (.text:ti_sysbios_knl_Clock_doTick__I)
                  0000f790    0000002c     release_pem4f.oem4f (.text:ti_sysbios_knl_Event_construct)
                  0000f7bc    0000002c     release_pem4f.oem4f (.text:ti_sysbios_knl_Queue_construct)
                  0000f7e8    0000002c     uart.obj (.text:uart1ReadCallback)
                  0000f814    0000002a     display.aem4f : Display.oem4f (.text:Display_doPrintf)
                  0000f83e    0000002a     drivers_msp432p401x.aem4f : SPIMSP432DMA.oem4f (.text:perfChangeNotifyFxn)
                  0000f868    00000028     msp432p4xx_driverlib.lib : adc14.o (.text:ADC14_getResult)
                  0000f890    00000028     display.aem4f : Display.oem4f (.text:Display_doInit)
                  0000f8b8    00000028     msp432p4xx_driverlib.lib : pcm.o (.text:PCM_gotoLPM0)
                  0000f8e0    00000028     drivers_msp432p401x.aem4f : PowerMSP432.oem4f (.text:Power_registerNotify)
                  0000f908    00000028     msp432p4xx_driverlib.lib : spi.o (.text:SPI_getInterruptStatus)
                  0000f930    00000028     drivers_msp432p401x.aem4f : PowerMSP432.oem4f (.text:disableFaultCounter)
                  0000f958    00000028                               : PowerMSP432.oem4f (.text:disableHFXT)
                  0000f980    00000028                               : UARTMSP432.oem4f (.text:findBaudDividerIndex)
                  0000f9a8    00000028     sysbios.aem4f : m3_Hwi_asm.obj (.text:ti_sysbios_family_arm_m3_Hwi_excHandlerAsm__I)
                  0000f9d0    00000028                   : BIOS.obj (.text:ti_sysbios_knl_Clock_addI__E)
                  0000f9f8    00000028                   : BIOS.obj (.text:ti_sysbios_knl_Swi_Module_startup__E)
                  0000fa20    00000026     drivers_msp432p401x.aem4f : List.oem4f (.text:List_put)
                  0000fa46    00000026                               : List.oem4f (.text:List_remove)
                  0000fa6c    00000026                               : PWMTimerMSP432.oem4f (.text:releaseConstraints)
                  0000fa92    00000026     sysbios.aem4f : m3_Hwi_asm.obj (.text:ti_sysbios_family_arm_m3_Hwi_pendSV__I)
                  0000fab8    00000024     msp432p4xx_driverlib.lib : wdt_a.o (.text:WDT_A_holdTimer)
                  0000fadc    00000004     --HOLE-- [fill = 0]
                  0000fae0    00000024     sysbios.aem4f : BIOS.obj (.text:pthread_attr_init)
                  0000fb04    00000024     release_pem4f.oem4f (.text:ti_sysbios_BIOS_registerRTSLock__I)
                  0000fb28    00000024     release_pem4f.oem4f (.text:ti_sysbios_BIOS_removeRTSLock__I)
                  0000fb4c    00000004     --HOLE-- [fill = 0]
                  0000fb50    00000024     sysbios.aem4f : BIOS.obj (.text:ti_sysbios_family_arm_msp432_ClockFreqs_setFrequency__E)
                  0000fb74    00000024     release_pem4f.oem4f (.text:ti_sysbios_gates_GateMutex_Object__delete__S)
                  0000fb98    00000024     sysbios.aem4f : BIOS.obj (.text:ti_sysbios_knl_Clock_Module_startup__E)
                  0000fbbc    00000024     release_pem4f.oem4f (.text:ti_sysbios_knl_Clock_Object__delete__S)
                  0000fbe0    00000024     sysbios.aem4f : BIOS.obj (.text:ti_sysbios_knl_Clock_start__E)
                  0000fc04    00000004     --HOLE-- [fill = 0]
                  0000fc08    00000024                   : BIOS.obj (.text:ti_sysbios_knl_Semaphore_Instance_init__E)
                  0000fc2c    00000024     release_pem4f.oem4f (.text:ti_sysbios_knl_Semaphore_Object__delete__S)
                  0000fc50    00000024     sysbios.aem4f : BIOS.obj (.text:ti_sysbios_knl_Task_restoreHwi__E)
                  0000fc74    00000004     --HOLE-- [fill = 0]
                  0000fc78    00000024                   : BIOS.obj (.text:xdc_runtime_Error_policyMin__E)
                  0000fc9c    00000022     drivers_msp432p401x.aem4f : LED.oem4f (.text:LED_stopBlinking)
                  0000fcbe    00000022     ui.obj (.text:is_number)
                  0000fce0    00000020     msp432p4xx_driverlib.lib : cs.o (.text:CS_setExternalClockSourceFrequency)
                  0000fd00    00000020     drivers_msp432p401x.aem4f : GPIOMSP432.oem4f (.text:GPIO_read)
                  0000fd20    00000020                               : PowerMSP432.oem4f (.text:Power_unregisterNotify)
                  0000fd40    00000020                               : RingBuf.oem4f (.text:RingBuf_peek)
                  0000fd60    00000020     rtsv7M4_T_le_v4SPD16_eabi.lib : u_tofd_t2.asm.obj (.text)
                  0000fd80    00000020     release_pem4f.oem4f (.text:ti_sysbios_BIOS_rtsLock__I)
                  0000fda0    00000020     release_pem4f.oem4f (.text:ti_sysbios_family_arm_m3_Hwi_Object__delete__S)
                  0000fdc0    00000020     sysbios.aem4f : BIOS.obj (.text:ti_sysbios_family_arm_m3_Hwi_clearInterrupt__E)
                  0000fde0    00000020     release_pem4f.oem4f (.text:ti_sysbios_gates_GateHwi_Object__delete__S)
                  0000fe00    00000020     release_pem4f.oem4f (.text:ti_sysbios_heaps_HeapMem_Object__delete__S)
                  0000fe20    00000020     sysbios.aem4f : BIOS.obj (.text:ti_sysbios_knl_Idle_run__E)
                  0000fe40    00000020     release_pem4f.oem4f (.text:ti_sysbios_knl_Semaphore_destruct)
                  0000fe60    00000020     release_pem4f.oem4f (.text:ti_sysbios_knl_Task_Object__delete__S)
                  0000fe80    0000001e     drivers_msp432p401x.aem4f : PWMTimerMSP432.oem4f (.text:corroboratePeriod)
                  0000fe9e    0000001e                               : Button.oem4f (.text:msToTicks)
                  0000febc    0000001e                               : LED.oem4f (.text:msToTicks)
                  0000feda    0000001e     sysbios.aem4f : m3_Hwi_asm_switch.obj (.text:ti_sysbios_family_xxx_Hwi_switchAndRunFunc)
                  0000fef8    0000001c     ti_drivers_config.obj (.text:dmaErrorFxn)
                  0000ff14    0000001c     rtsv7M4_T_le_v4SPD16_eabi.lib : memccpy.c.obj (.text:memccpy)
                  0000ff30    0000001c     sysbios.aem4f : BIOS.obj (.text:ti_sysbios_family_arm_m3_Hwi_excHandler__I)
                  0000ff4c    00000004     --HOLE-- [fill = 0]
                  0000ff50    0000001c                   : BIOS.obj (.text:ti_sysbios_gates_GateMutex_Instance_init__E)
                  0000ff6c    00000004     --HOLE-- [fill = 0]
                  0000ff70    0000001c                   : BIOS.obj (.text:ti_sysbios_knl_Clock_Instance_finalize__E)
                  0000ff8c    0000001c     release_pem4f.oem4f (.text:ti_sysbios_knl_Queue_destruct)
                  0000ffa8    0000001c     sysbios.aem4f : BIOS.obj (.text:ti_sysbios_knl_Queue_put__E)
                  0000ffc4    00000004     --HOLE-- [fill = 0]
                  0000ffc8    0000001c                   : BIOS.obj (.text:ti_sysbios_knl_Task_enter__I)
                  0000ffe4    00000004     --HOLE-- [fill = 0]
                  0000ffe8    0000001c                   : BIOS.obj (.text:ti_sysbios_rts_ti_ReentSupport_getReent__F)
                  00010004    00000004     --HOLE-- [fill = 0]
                  00010008    0000001c                   : BIOS.obj (.text:xdc_runtime_Memory_valloc__E)
                  00010024    00000004     --HOLE-- [fill = 0]
                  00010028    0000001c                   : BIOS.obj (.text:xdc_runtime_System_abort__E)
                  00010044    0000001a     drivers_msp432p401x.aem4f : LED.oem4f (.text:LED_toggle)
                  0001005e    0000001a     rtsv7M4_T_le_v4SPD16_eabi.lib : s_copysign.c.obj (.text:copysign)
                  00010078    00000018     release_pem4f.oem4f (.text:.bootCodeSection:ti_sysbios_family_arm_msp432_init_Boot_init__I)
                  00010090    00000018     msp432p4xx_driverlib.lib : spi.o (.text:EUSCI_A_SPI_getInterruptStatus)
                  000100a8    00000018                              : spi.o (.text:EUSCI_B_SPI_getInterruptStatus)
                  000100c0    00000018     drivers_msp432p401x.aem4f : I2C.oem4f (.text:I2C_transfer)
                  000100d8    00000018     msp432p4xx_driverlib.lib : sysctl_a.o (.text:SysCtl_A_disableNMISource)
                  000100f0    00000018                              : sysctl_a.o (.text:SysCtl_A_enableNMISource)
                  00010108    00000018     drivers_msp432p401x.aem4f : UART.oem4f (.text:UART_Params_init)
                  00010120    00000018     rtsv7M4_T_le_v4SPD16_eabi.lib : args_main.c.obj (.text:_args_main)
                  00010138    00000018                                   : sprintf.c.obj (.text:_outs)
                  00010150    00000018     drivers_msp432p401x.aem4f : PWMTimerMSP432.oem4f (.text:corroborateDuty)
                  00010168    00000018     release_pem4f.oem4f (.text:ti_sysbios_BIOS_rtsUnlock__I)
                  00010180    00000018     release_pem4f.oem4f (.text:ti_sysbios_family_arm_m3_Hwi_Module__startupDone__F)
                  00010198    00000018     sysbios.aem4f : m3_TaskSupport_asm.obj (.text:ti_sysbios_family_arm_m3_TaskSupport_swap__E)
                  000101b0    00000018     release_pem4f.oem4f (.text:ti_sysbios_family_arm_msp432_Timer_Module__startupDone__F)
                  000101c8    00000018     sysbios.aem4f : BIOS.obj (.text:ti_sysbios_gates_GateMutex_leave__E)
                  000101e0    00000018                   : BIOS.obj (.text:ti_sysbios_knl_Task_sleepTimeout__I)
                  000101f8    00000018     release_pem4f.oem4f (.text:ti_sysbios_rts_ti_ReentSupport_getTlsAddr__I)
                  00010210    00000018     sysbios.aem4f : BIOS.obj (.text:xdc_runtime_Error_init__E)
                  00010228    00000018                   : BIOS.obj (.text:xdc_runtime_System_exit__E)
                  00010240    00000016     display.aem4f : DisplayUart.oem4f (.text:DisplayUartMin_close)
                  00010256    00000016     rtsv7M4_T_le_v4SPD16_eabi.lib : strchr.c.obj (.text:strchr)
                  0001026c    00000016     release_pem4f.oem4f (.text:ti_sysbios_BIOS_exitFunc__I)
                  00010282    00000016     main_tirtos.obj (.text:ti_sysbios_knl_Clock_Params_init)
                  00010298    00000016     uart.obj (.text:ti_sysbios_knl_Event_Params_init)
                  000102ae    00000002     --HOLE-- [fill = 0]
                  000102b0    00000016     sysbios.aem4f : BIOS.obj (.text:ti_sysbios_knl_Task_unblock__E)
                  000102c6    00000002     --HOLE-- [fill = 0]
                  000102c8    00000014     msp432p4xx_driverlib.lib : pcm.o (.text:PCM_getPowerState)
                  000102dc    00000014     drivers_msp432p401x.aem4f : PWM.oem4f (.text:PWM_Params_init)
                  000102f0    00000014                               : PowerMSP432.oem4f (.text:Power_idleFunc)
                  00010304    00000014                               : SPI.oem4f (.text:SPI_Params_init)
                  00010318    00000014                               : UARTMSP432.oem4f (.text:clearTXCPTIFG)
                  0001032c    00000004     --HOLE-- [fill = 0]
                  00010330    00000014     sysbios.aem4f : BIOS.obj (.text:pthread_attr_setschedparam)
                  00010344    00000014     rtsv7M4_T_le_v4SPD16_eabi.lib : strlen.c.obj (.text:strlen)
                  00010358    00000014     release_pem4f.oem4f (.text:ti_sysbios_family_arm_m3_Hwi_Object__get__S)
                  0001036c    00000004     --HOLE-- [fill = 0]
                  00010370    00000014     sysbios.aem4f : BIOS.obj (.text:ti_sysbios_family_arm_m3_Hwi_switchFromBootStack__E)
                  00010384    00000014     release_pem4f.oem4f (.text:ti_sysbios_heaps_HeapMem_Object__get__S)
                  00010398    00000014     sysbios.aem4f : BIOS.obj (.text:ti_sysbios_knl_Event_Instance_init__E)
                  000103ac    00000014     release_pem4f.oem4f (.text:ti_sysbios_knl_Swi_Object__get__S)
                  000103c0    00000014     drivers_msp432p401x.aem4f : Button.oem4f (.text:ticksToMs)
                  000103d4    00000014                               : Button.oem4f (.text:timediff)
                  000103e8    00000012                               : LED.oem4f (.text:LED_Params_init)
                  000103fa    00000012                               : RingBuf.oem4f (.text:RingBuf_construct)
                  0001040c    00000012     dpl_msp432p401x.aem4f : SemaphoreP_tirtos.oem4f (.text:SemaphoreP_pend)
                  0001041e    00000002     --HOLE-- [fill = 0]
                  00010420    00000012     sysbios.aem4f : BIOS.obj (.text:_pthread_cleanup_pop)
                  00010432    00000006     display.aem4f : DisplayUart.oem4f (.text:DisplayUartMin_getType)
                  00010438    00000012     sysbios.aem4f : BIOS.obj (.text:_pthread_runStub$43)
                  0001044a    00000006     display.aem4f : Display.oem4f (.text:Display_doParamsInit)
                  00010450    00000012     sysbios.aem4f : BIOS.obj (.text:ti_sysbios_hal_Hwi_Module_startup__E)
                  00010462    00000012     rtsv7M4_T_le_v4SPD16_eabi.lib : wcslen.c.obj (.text:wcslen)
                  00010474    00000012     release_pem4f.oem4f (.text:xdc_runtime_Startup_exec__I)
                  00010486    00000002     --HOLE-- [fill = 0]
                  00010488    00000010     msp432p4xx_driverlib.lib : adc14.o (.text:ADCIsConversionRunning)
                  00010498    00000010     drivers_msp432p401x.aem4f : Button.oem4f (.text:Button_Params_init)
                  000104a8    00000010                               : GPIOMSP432.oem4f (.text:GPIO_getConfig)
                  000104b8    00000010     dpl_msp432p401x.aem4f : HwiP_tirtos.oem4f (.text:HwiP_Params_init)
                  000104c8    00000010     drivers_msp432p401x.aem4f : I2C.oem4f (.text:I2C_Params_init)
                  000104d8    00000010     msp432p4xx_driverlib.lib : pcm.o (.text:PCM_gotoLPM4)
                  000104e8    00000010                              : pcm.o (.text:PCM_setPowerMode)
                  000104f8    00000010                              : pcm.o (.text:PCM_setPowerState)
                  00010508    00000010     drivers_msp432p401x.aem4f : PowerMSP432.oem4f (.text:PowerMSP432_getNumPerfLevels)
                  00010518    00000010     msp432p4xx_driverlib.lib : sysctl_a.o (.text:SysCtl_A_getNMISourceStatus)
                  00010528    00000010                              : sysctl.o (.text:SysCtl_getNMISourceStatus)
                  00010538    00000010     drivers_msp432p401x.aem4f : Timer.oem4f (.text:Timer_Params_init)
                  00010548    00000010                               : UARTMSP432.oem4f (.text:readBlockingTimeout)
                  00010558    00000010     sysbios.aem4f : BIOS.obj (.text:ti_sysbios_BIOS_exit__E)
                  00010568    00000010                   : BIOS.obj (.text:ti_sysbios_BIOS_setCpuFreq__E)
                  00010578    00000010                   : BIOS.obj (.text:ti_sysbios_BIOS_setThreadType__E)
                  00010588    00000010                   : BIOS.obj (.text:ti_sysbios_BIOS_start__E)
                  00010598    00000010                   : m3_TaskSupport_asm.obj (.text:ti_sysbios_family_arm_m3_TaskSupport_glue)
                  000105a8    00000010                   : BIOS.obj (.text:ti_sysbios_family_arm_msp432_init_Boot_disableWatchdog)
                  000105b8    00000010                   : BIOS.obj (.text:ti_sysbios_gates_GateMutex_Instance_finalize__E)
                  000105c8    00000010     release_pem4f.oem4f (.text:ti_sysbios_knl_Mailbox_Object__get__S)
                  000105d8    00000010     sysbios.aem4f : BIOS.obj (.text:ti_sysbios_knl_Semaphore_Instance_finalize__E)
                  000105e8    00000010                   : BIOS.obj (.text:ti_sysbios_knl_Swi_disable__E)
                  000105f8    00000010     release_pem4f.oem4f (.text:ti_sysbios_knl_Task_Object__get__S)
                  00010608    00000010     sysbios.aem4f : BIOS.obj (.text:ti_sysbios_knl_Task_disable__E)
                  00010618    00000010                   : BIOS.obj (.text:xdc_runtime_Gate_leaveSystem__E)
                  00010628    00000010                   : BIOS.obj (.text:xdc_runtime_Memory_free__E)
                  00010638    00000010                   : BIOS.obj (.text:xdc_runtime_SysCallback_abort__E)
                  00010648    00000010                   : BIOS.obj (.text:xdc_runtime_SysCallback_exit__E)
                  00010658    00000010                   : BIOS.obj (.text:xdc_runtime_SysCallback_putch__E)
                  00010668    00000010                   : BIOS.obj (.text:xdc_runtime_SysCallback_ready__E)
                  00010678    00000010                   : BIOS.obj (.text:xdc_runtime_System_vsnprintf__E)
                  00010688    0000000e     console.obj (.text:consoleThread)
                  00010696    0000000e     rtsv7M4_T_le_v4SPD16_eabi.lib : copy_decompress_none.c.obj (.text:decompress:none:__TI_decompress_none)
                  000106a4    00000004     --HOLE-- [fill = 0]
                  000106a8    0000000e     sysbios.aem4f : BIOS.obj (.text:pthread_attr_setdetachstate)
                  000106b6    00000002     --HOLE-- [fill = 0]
                  000106b8    0000000e                   : BIOS.obj (.text:ti_sysbios_knl_Idle_loop__E)
                  000106c6    00000002     --HOLE-- [fill = 0]
                  000106c8    0000000e                   : BIOS.obj (.text:ti_sysbios_knl_Queue_empty__E)
                  000106d6    0000000e     spi_lcd.obj (.text:timerCallback)
                  000106e4    0000000e     uart.obj (.text:uart2ReadCallback)
                  000106f2    0000000e     uart.obj (.text:uart2WriteCallback)
                  00010700    0000000e     uart.obj (.text:uart3ReadCallback)
                  0001070e    0000000e     uart.obj (.text:uart3WriteCallback)
                  0001071c    0000000e     uart.obj (.text:uartWriteCallback)
                  0001072a    0000000c     ti_drivers_config.obj (.text:Board_init)
                  00010736    0000000c     msp432p4xx_driverlib.lib : cpu.o (.text:CPU_cpsid)
                  00010742    0000000c                              : cpu.o (.text:CPU_cpsie)
                  0001074e    0000000c     dpl_msp432p401x.aem4f : ClockP_tirtos.oem4f (.text:ClockP_delete)
                  0001075a    00000002     --HOLE-- [fill = 0]
                  0001075c    0000000c                           : ClockP_tirtos.oem4f (.text:ClockP_getSystemTickPeriod)
                  00010768    0000000c                           : HwiP_tirtos.oem4f (.text:HwiP_delete)
                  00010774    0000000c     ui.obj (.text:Invalidate)
                  00010780    0000000c     drivers_msp432p401x.aem4f : PowerMSP432.oem4f (.text:Power_getConstraintMask)
                  0001078c    0000000c                               : PowerMSP432.oem4f (.text:Power_getPerformanceLevel)
                  00010798    0000000c     dpl_msp432p401x.aem4f : SemaphoreP_tirtos.oem4f (.text:SemaphoreP_delete)
                  000107a4    0000000c     rtsv7M4_T_le_v4SPD16_eabi.lib : _lock.c.obj (.text:_register_lock)
                  000107b0    0000000c                                   : _lock.c.obj (.text:_register_unlock)
                  000107bc    0000000c                                   : copy_zero_init.c.obj (.text:decompress:ZI:__TI_zero_init)
                  000107c8    0000000c     encoder.obj (.text:get_encoder1)
                  000107d4    0000000c     encoder.obj (.text:get_encoder2)
                  000107e0    0000000c     encoder.obj (.text:get_encoder3)
                  000107ec    0000000c     encoder.obj (.text:get_encoder4)
                  000107f8    0000000c     sysbios.aem4f : BIOS.obj (.text:pthread_self)
                  00010804    0000000c     release_pem4f.oem4f (.text:ti_sysbios_family_arm_m3_Hwi_Params__init__S)
                  00010810    0000000c     sysbios.aem4f : BIOS.obj (.text:ti_sysbios_family_arm_m3_Hwi_disableFxn__E)
                  0001081c    00000004     --HOLE-- [fill = 0]
                  00010820    0000000c                   : BIOS.obj (.text:ti_sysbios_family_arm_m3_TaskSupport_getStackAlignment__E)
                  0001082c    00000004     --HOLE-- [fill = 0]
                  00010830    0000000c                   : BIOS.obj (.text:ti_sysbios_family_arm_msp432_Timer_getMaxTicks__E)
                  0001083c    00000004     --HOLE-- [fill = 0]
                  00010840    0000000c                   : BIOS.obj (.text:ti_sysbios_gates_GateHwi_enter__E)
                  0001084c    0000000c     release_pem4f.oem4f (.text:ti_sysbios_knl_Clock_Params__init__S)
                  00010858    0000000c     sysbios.aem4f : BIOS.obj (.text:ti_sysbios_knl_Clock_getTicks__E)
                  00010864    0000000c     main_tirtos.obj (.text:ti_sysbios_knl_Clock_handle)
                  00010870    0000000c     release_pem4f.oem4f (.text:ti_sysbios_knl_Event_Params__init__S)
                  0001087c    0000000c     uart.obj (.text:ti_sysbios_knl_Event_handle)
                  00010888    0000000c     release_pem4f.oem4f (.text:ti_sysbios_knl_Queue_Object__get__S)
                  00010894    0000000c     release_pem4f.oem4f (.text:ti_sysbios_knl_Semaphore_Params__init__S)
                  000108a0    0000000c     release_pem4f.oem4f (.text:ti_sysbios_knl_Task_Params__init__S)
                  000108ac    00000004     --HOLE-- [fill = 0]
                  000108b0    0000000c     sysbios.aem4f : BIOS.obj (.text:ti_sysbios_knl_Task_self__E)
                  000108bc    00000004     --HOLE-- [fill = 0]
                  000108c0    0000000c                   : BIOS.obj (.text:ti_sysbios_rts_ti_ReentSupport_taskRegHook__I)
                  000108cc    00000004     --HOLE-- [fill = 0]
                  000108d0    0000000c                   : BIOS.obj (.text:xdc_runtime_Gate_enterSystem__E)
                  000108dc    00000004     --HOLE-- [fill = 0]
                  000108e0    0000000c                   : BIOS.obj (.text:xdc_runtime_Startup_rtsDone__E)
                  000108ec    0000000a     drivers_msp432p401x.aem4f : ADC.oem4f (.text:ADC_Params_init)
                  000108f6    0000000a                               : ADC.oem4f (.text:ADC_convert)
                  00010900    0000000a     dpl_msp432p401x.aem4f : ClockP_tirtos.oem4f (.text:ClockP_Params_init)
                  0001090a    0000000a     drivers_msp432p401x.aem4f : PWM.oem4f (.text:PWM_close)
                  00010914    0000000a                               : PWM.oem4f (.text:PWM_setDuty)
                  0001091e    0000000a                               : PWM.oem4f (.text:PWM_setPeriod)
                  00010928    0000000a                               : PWM.oem4f (.text:PWM_start)
                  00010932    0000000a                               : SPI.oem4f (.text:SPI_transfer)
                  0001093c    0000000a                               : Timer.oem4f (.text:Timer_start)
                  00010946    0000000a                               : UART.oem4f (.text:UART_close)
                  00010950    0000000a                               : UART.oem4f (.text:UART_control)
                  0001095a    0000000a                               : UART.oem4f (.text:UART_read)
                  00010964    0000000a                               : UART.oem4f (.text:UART_write)
                  0001096e    0000000a     rtsv7M4_T_le_v4SPD16_eabi.lib : sprintf.c.obj (.text:_outc)
                  00010978    0000000a     ui.obj (.text:gotoMainMenuView)
                  00010982    0000000a     speed_control.obj (.text:speed_control_Thread)
                  0001098c    0000000a     release_pem4f.oem4f (.text:xdc_runtime_IHeap_alloc)
                  00010996    0000000a     release_pem4f.oem4f (.text:xdc_runtime_IHeap_free)
                  000109a0    00000008     drivers_msp432p401x.aem4f : Button.oem4f (.text:Button_getLastPressedDuration)
                  000109a8    00000008     ec11.obj (.text:EC11_GPIO_Init)
                  000109b0    00000008     drivers_msp432p401x.aem4f : LED.oem4f (.text:LED_getState)
                  000109b8    00000008     dpl_msp432p401x.aem4f : SemaphoreP_tirtos.oem4f (.text:SemaphoreP_Params_init)
                  000109c0    00000008     drivers_msp432p401x.aem4f : I2CMSP432.oem4f (.text:blockingTransferCallback)
                  000109c8    00000008                               : SPIMSP432DMA.oem4f (.text:blockingTransferCallback)
                  000109d0    00000008     sysbios.aem4f : BIOS.obj (.text:pthread_attr_setstacksize)
                  000109d8    00000008     drivers_msp432p401x.aem4f : UARTMSP432.oem4f (.text:readSemCallback)
                  000109e0    00000008     sysbios.aem4f : BIOS.obj (.text:ti_sysbios_family_arm_m3_Hwi_doSwiRestore__I)
                  000109e8    00000008                   : BIOS.obj (.text:ti_sysbios_family_arm_m3_Hwi_startup__E)
                  000109f0    00000008     drivers_msp432p401x.aem4f : UARTMSP432.oem4f (.text:txcptEnabledStatus)
                  000109f8    00000008                               : UARTMSP432.oem4f (.text:writeSemCallback)
                  00010a00    00000006                               : I2CMSP432.oem4f (.text:I2CMSP432_control)
                  00010a06    00000006                               : PWMTimerMSP432.oem4f (.text:PWMTimerMSP432_control)
                  00010a0c    00000006                               : PWMTimerMSP432.oem4f (.text:PWMTimerMSP432_setDutyAndPeriod)
                  00010a12    00000006                               : SPIMSP432DMA.oem4f (.text:SPIMSP432DMA_control)
                  00010a18    00000006                               : TimerMSP432.oem4f (.text:TimerMSP432_control)
                  00010a1e    00000002     --HOLE-- [fill = 0]
                  00010a20    00000006     sysbios.aem4f : BIOS.obj (.text:ti_sysbios_family_arm_m3_Hwi_doTaskRestore__I)
                  00010a26    00000002     --HOLE-- [fill = 0]
                  00010a28    00000006                   : BIOS.obj (.text:ti_sysbios_family_arm_m3_Hwi_restoreFxn__E)
                  00010a2e    00000002     --HOLE-- [fill = 0]
                  00010a30    00000006                   : BIOS.obj (.text:ti_sysbios_gates_GateHwi_leave__E)
                  00010a36    00000002     --HOLE-- [fill = 0]
                  00010a38    00000006                   : BIOS.obj (.text:ti_sysbios_heaps_HeapMem_isBlocking__E)
                  00010a3e    00000002     --HOLE-- [fill = 0]
                  00010a40    00000006                   : BIOS.obj (.text:ti_sysbios_knl_Clock_stop__E)
                  00010a46    00000002     --HOLE-- [fill = 0]
                  00010a48    00000006                   : BIOS.obj (.text:ti_sysbios_knl_Queue_Instance_init__E)
                  00010a4e    00000002     --HOLE-- [fill = 0]
                  00010a50    00000006                   : BIOS.obj (.text:ti_sysbios_knl_Swi_startup__E)
                  00010a56    00000002     --HOLE-- [fill = 0]
                  00010a58    00000006                   : BIOS.obj (.text:xdc_runtime_System_Module_startup__E)
                  00010a5e    00000002     --HOLE-- [fill = 0]
                  00010a60    00000004                   : BIOS.obj (.text:__aeabi_errno_addr)
                  00010a64    00000004     --HOLE-- [fill = 0]
                  00010a68    00000004                   : BIOS.obj (.text:ti_sysbios_gates_GateHwi_query__E)
                  00010a6c    00000004     --HOLE-- [fill = 0]
                  00010a70    00000004                   : BIOS.obj (.text:ti_sysbios_gates_GateMutex_query__E)
                  00010a74    00000004     --HOLE-- [fill = 0]
                  00010a78    00000004                   : BIOS.obj (.text:ti_sysbios_knl_Clock_setTimeout__E)
                  00010a7c    00000004     --HOLE-- [fill = 0]
                  00010a80    00000004                   : BIOS.obj (.text:ti_sysbios_knl_Task_startup__E)
                  00010a84    00000004     --HOLE-- [fill = 0]
                  00010a88    00000004                   : BIOS.obj (.text:xdc_runtime_SysCallback_defaultReady)
                  00010a8c    00000004     --HOLE-- [fill = 0]
                  00010a90    00000002                   : BIOS.obj (.text:ti_sysbios_BIOS_linkedWithIncorrectBootLibrary__E)
                  00010a92    00000006     --HOLE-- [fill = 0]
                  00010a98    00000002                   : BIOS.obj (.text:ti_sysbios_gates_GateHwi_Instance_init__E)
                  00010a9a    00000006     --HOLE-- [fill = 0]
                  00010aa0    00000002                   : BIOS.obj (.text:ti_sysbios_knl_Clock_logTick__E)
                  00010aa2    00000006     --HOLE-- [fill = 0]
                  00010aa8    00000002                   : BIOS.obj (.text:xdc_runtime_SysCallback_defaultAbort)
                  00010aaa    00000006     --HOLE-- [fill = 0]
                  00010ab0    00000002                   : BIOS.obj (.text:xdc_runtime_SysCallback_defaultExit)
                  00010ab2    00000006     --HOLE-- [fill = 0]
                  00010ab8    00000002                   : BIOS.obj (.text:xdc_runtime_SysCallback_defaultPutch)
                  00010aba    00000006     --HOLE-- [fill = 0]
                  00010ac0    00000002                   : BIOS.obj (.text:xdc_runtime_System_abortSpin__E)
                  00010ac2    00000006     --HOLE-- [fill = 0]
                  00010ac8    00000002                   : BIOS.obj (.text:xdc_runtime_System_exitSpin__E)

.const     0    00010ad0    000017a0     
                  00010ad0    000005f0     lcd_font.obj (.const:tft_ascii)
                  000110c0    00000158     rtsv7M4_T_le_v4SPD16_eabi.lib : k_rem_pio2.c.obj (.const:$O1$$)
                  00011218    00000150     ui.obj (.const:$P$T14$16)
                  00011368    00000118     ui.obj (.const:$P$T4$6)
                  00011480    00000101     rtsv7M4_T_le_v4SPD16_eabi.lib : ctype.c.obj (.const:.string:_ctypes_)
                  00011581    00000002     ti_drivers_config.obj (.const:ButtonHWAttrs)
                  00011583    00000001     display.aem4f : Display.oem4f (.const:Display_defaultParams)
                  00011584    000000b0     ti_drivers_config.obj (.const:uartMSP432HWAttrs)
                  00011634    00000080     msp432p4xx_driverlib.lib : adc14.o (.const:_ctlRegs)
                  000116b4    00000078     ti_drivers_config.obj (.const:PWM_config)
                  0001172c    00000070     ui.obj (.const:$P$T13$15)
                  0001179c    00000060     ui.obj (.const:$P$T3$4)
                  000117fc    00000054     ui.obj (.const:$P$T8$10)
                  00011850    00000050     ti_drivers_config.obj (.const:pwmTimerMSP432HWAttrs)
                  000118a0    00000050     drivers_msp432p401x.aem4f : TimerMSP432.oem4f (.const:timerADividers)
                  000118f0    00000050     ti_drivers_config.obj (.const:uartMSP432Baudrates)
                  00011940    00000048     ti_drivers_config.obj (.const:spiMSP432DMAHWAttrs)
                  00011988    0000003c     release_pem4f.oem4f (.const:ti_sysbios_knl_Task_Object__PARAMS__C)
                  000119c4    00000038     ti_drivers_config.obj (.const:PowerMSP432_config)
                  000119fc    00000030     ti_drivers_config.obj (.const:UART_config)
                  00011a2c    00000030     release_pem4f.oem4f (.const:ti_sysbios_family_arm_m3_Hwi_Object__PARAMS__C)
                  00011a5c    00000028     drivers_msp432p401x.aem4f : UARTMSP432.oem4f (.const:UARTMSP432_fxnTable)
                  00011a84    00000028     ti_drivers_config.obj (.const:i2cMSP432HWAttrs)
                  00011aac    00000028     release_pem4f.oem4f (.const:ti_sysbios_heaps_HeapMem_Module__FXNS__C)
                  00011ad4    00000024     ui.obj (.const:$P$T0$1)
                  00011af8    00000024     ui.obj (.const:$P$T1$2)
                  00011b1c    00000024     ui.obj (.const:$P$T2$3)
                  00011b40    00000024     drivers_msp432p401x.aem4f : PWMTimerMSP432.oem4f (.const:PWMTimerMSP432_fxnTable)
                  00011b64    00000024                               : UART.oem4f (.const:UART_defaultParams)
                  00011b88    00000024     release_pem4f.oem4f (.const:ti_sysbios_gates_GateHwi_Module__FXNS__C)
                  00011bac    00000024     release_pem4f.oem4f (.const:ti_sysbios_gates_GateMutex_Module__FXNS__C)
                  00011bd0    00000024     release_pem4f.oem4f (.const:ti_sysbios_heaps_HeapMem_Object__PARAMS__C)
                  00011bf4    00000024     release_pem4f.oem4f (.const:ti_sysbios_knl_Clock_Object__PARAMS__C)
                  00011c18    00000024     release_pem4f.oem4f (.const:ti_sysbios_knl_Semaphore_Object__PARAMS__C)
                  00011c3c    00000024     release_pem4f.oem4f (.const:xdc_runtime_Startup_sfxnTab__A)
                  00011c60    00000020     display.aem4f : DisplayUart.oem4f (.const:DisplayUartMin_fxnTable)
                  00011c80    00000020     drivers_msp432p401x.aem4f : SPI.oem4f (.const:SPI_defaultParams)
                  00011ca0    00000020     ti_drivers_config.obj (.const:TimerMSP432HWAttrs)
                  00011cc0    00000020     drivers_msp432p401x.aem4f : TimerMSP432.oem4f (.const:TimerMSP432_Timer32_fxnTable)
                  00011ce0    00000020     ti_drivers_config.obj (.const:adcMSP432HWAttrs)
                  00011d00    00000020     drivers_msp432p401x.aem4f : UARTMSP432.oem4f (.const:staticFxnTable)
                  00011d20    00000020     release_pem4f.oem4f (.const:ti_sysbios_family_arm_m3_Hwi_Object__DESC__C)
                  00011d40    00000020     release_pem4f.oem4f (.const:ti_sysbios_gates_GateHwi_Object__DESC__C)
                  00011d60    00000020     release_pem4f.oem4f (.const:ti_sysbios_gates_GateMutex_Object__DESC__C)
                  00011d80    00000020     release_pem4f.oem4f (.const:ti_sysbios_heaps_HeapMem_Object__DESC__C)
                  00011da0    00000020     release_pem4f.oem4f (.const:ti_sysbios_knl_Clock_Object__DESC__C)
                  00011dc0    00000020     release_pem4f.oem4f (.const:ti_sysbios_knl_Event_Object__DESC__C)
                  00011de0    00000020     release_pem4f.oem4f (.const:ti_sysbios_knl_Queue_Object__DESC__C)
                  00011e00    00000020     release_pem4f.oem4f (.const:ti_sysbios_knl_Semaphore_Object__DESC__C)
                  00011e20    00000020     release_pem4f.oem4f (.const:ti_sysbios_knl_Task_Object__DESC__C)
                  00011e40    0000001c     ui.obj (.const:$P$T10$12)
                  00011e5c    0000001c     ui.obj (.const:$P$T11$13)
                  00011e78    0000001c     ui.obj (.const:$P$T12$14)
                  00011e94    0000001c     ui.obj (.const:$P$T5$7)
                  00011eb0    0000001c     ui.obj (.const:$P$T6$8)
                  00011ecc    0000001c     ui.obj (.const:$P$T7$9)
                  00011ee8    0000001c     ui.obj (.const:$P$T9$11)
                  00011f04    00000018     drivers_msp432p401x.aem4f : ADCMSP432.oem4f (.const:ADCMSP432_fxnTable)
                  00011f1c    00000018     ti_drivers_config.obj (.const:ADC_config)
                  00011f34    00000018     drivers_msp432p401x.aem4f : I2CMSP432.oem4f (.const:I2CMSP432_fxnTable)
                  00011f4c    00000018     ti_drivers_config.obj (.const:I2C_config)
                  00011f64    00000018     drivers_msp432p401x.aem4f : PWM.oem4f (.const:PWM_defaultParams)
                  00011f7c    00000018                               : SPIMSP432DMA.oem4f (.const:SPIMSP432DMA_fxnTable)
                  00011f94    00000018     ti_drivers_config.obj (.const:SPI_config)
                  00011fac    00000018     ti_drivers_config.obj (.const:Timer_config)
                  00011fc4    00000018     release_pem4f.oem4f (.const:ti_sysbios_gates_GateHwi_Object__PARAMS__C)
                  00011fdc    00000018     release_pem4f.oem4f (.const:ti_sysbios_gates_GateMutex_Object__PARAMS__C)
                  00011ff4    00000018     release_pem4f.oem4f (.const:ti_sysbios_knl_Event_Object__PARAMS__C)
                  0001200c    00000018     release_pem4f.oem4f (.const:ti_sysbios_knl_Queue_Object__PARAMS__C)
[...]
00011583  Display_defaultParams                                           
000116b4  PWM_config                                                      
00011850  pwmTimerMSP432HWAttrs                                           
00011940  spiMSP432DMAHWAttrs                                             
00011988  ti_sysbios_knl_Task_Object__PARAMS__C                           
000119c4  PowerMSP432_config                                              
000119fc  UART_config                                                     
00011a2c  ti_sysbios_family_arm_m3_Hwi_Object__PARAMS__C                  
00011a5c  UARTMSP432_fxnTable                                             
00011a84  i2cMSP432HWAttrs                                                
00011aac  ti_sysbios_heaps_HeapMem_Module__FXNS__C                        
00011b40  PWMTimerMSP432_fxnTable                                         
00011b64  UART_defaultParams                                              
00011b88  ti_sysbios_gates_GateHwi_Module__FXNS__C                        
00011bac  ti_sysbios_gates_GateMutex_Module__FXNS__C                      
00011bd0  ti_sysbios_heaps_HeapMem_Object__PARAMS__C                      
00011bf4  ti_sysbios_knl_Clock_Object__PARAMS__C                          
00011c18  ti_sysbios_knl_Semaphore_Object__PARAMS__C                      
00011c3c  xdc_runtime_Startup_sfxnTab__A                                  
00011c60  DisplayUartMin_fxnTable                                         
00011c80  SPI_defaultParams                                               
00011ca0  TimerMSP432HWAttrs                                              
00011cc0  TimerMSP432_Timer32_fxnTable                                    
00011ce0  adcMSP432HWAttrs                                                
00011d20  ti_sysbios_family_arm_m3_Hwi_Object__DESC__C                    
00011d40  ti_sysbios_gates_GateHwi_Object__DESC__C                        
00011d60  ti_sysbios_gates_GateMutex_Object__DESC__C                      
00011d80  ti_sysbios_heaps_HeapMem_Object__DESC__C                        
00011da0  ti_sysbios_knl_Clock_Object__DESC__C                            
00011dc0  ti_sysbios_knl_Event_Object__DESC__C                            
00011de0  ti_sysbios_knl_Queue_Object__DESC__C                            
00011e00  ti_sysbios_knl_Semaphore_Object__DESC__C                        
00011e20  ti_sysbios_knl_Task_Object__DESC__C                             
00011f04  ADCMSP432_fxnTable                                              
00011f1c  ADC_config                                                      
00011f34  I2CMSP432_fxnTable                                              
00011f4c  I2C_config                                                      
00011f64  PWM_defaultParams                                               
00011f7c  SPIMSP432DMA_fxnTable                                           
00011f94  SPI_config                                                      
00011fac  Timer_config                                                    
00011fc4  ti_sysbios_gates_GateHwi_Object__PARAMS__C                      
00011fdc  ti_sysbios_gates_GateMutex_Object__PARAMS__C                    
00011ff4  ti_sysbios_knl_Event_Object__PARAMS__C                          
0001200c  ti_sysbios_knl_Queue_Object__PARAMS__C                          
00012024  ti_sysbios_knl_Task_hooks__A                                    
0001203c  GPIOMSP432_config                                               
00012050  displayUartHWAttrs                                              
00012064  xdc_runtime_Startup_sfxnRts__A                                  
00012086  ti_sysbios_family_arm_m3_Hwi_Module__id__C                      
00012088  Button_config                                                   
00012098  Button_defaultParams                                            
000120a8  I2C_defaultParams                                               
000120b8  LED_config                                                      
000120d8  Display_config                                                  
00012108  udmaMSP432HWAttrs                                               
00012114  xdc_runtime_Startup_firstFxns__A                                
00012120  Display_count                                                   
00012121  ADC_count                                                       
00012122  I2C_count                                                       
00012123  PWM_count                                                       
00012124  SPI_count                                                       
00012125  Timer_count                                                     
00012126  UART_count                                                      
00012127  Button_count                                                    
00012128  LED_count                                                       
00012129  xdc_runtime_Error_policy__C                                     
0001212a  ti_sysbios_family_arm_msp432_init_Boot_bypassHFXT__C            
0001212c  ADC_defaultParams                                               
00012134  LED_defaultParams                                               
0001213c  UDMAMSP432_config                                               
0001214c  ti_sysbios_knl_Idle_funcList__A                                 
00012154  ti_sysbios_knl_Idle_funcList__C                                 
0001215c  ti_sysbios_knl_Task_hooks__C                                    
00012164  xdc_runtime_Startup_firstFxns__C                                
0001216c  xdc_runtime_Startup_lastFxns__C                                 
0001218e  ti_sysbios_family_arm_msp432_init_Boot_bypassLFXT__C            
00012190  ti_sysbios_family_arm_m3_Hwi_E_alreadyDefined__C                
00012194  ti_sysbios_family_arm_m3_Hwi_E_badIntNum__C                     
00012198  ti_sysbios_family_arm_m3_Hwi_NUM_INTERRUPTS__C                  
0001219c  ti_sysbios_family_arm_m3_Hwi_Object__count__C                   
000121a0  ti_sysbios_family_arm_m3_Hwi_ccr__C                             
000121a4  ti_sysbios_family_arm_m3_Hwi_excHandlerFunc__C                  
000121a8  ti_sysbios_family_arm_m3_Hwi_nullIsrFunc__C                     
000121ac  ti_sysbios_family_arm_m3_Hwi_priGroup__C                        
000121b0  ti_sysbios_family_arm_m3_Hwi_swiDisable__C                      
000121b4  ti_sysbios_family_arm_m3_Hwi_swiRestore__C                      
000121b8  ti_sysbios_family_arm_m3_TaskSupport_stackAlignment__C          
000121bc  ti_sysbios_family_arm_msp432_Timer_numTimerDevices__C           
000121c0  ti_sysbios_family_arm_msp432_Timer_startupNeeded__C             
000121c4  ti_sysbios_gates_GateMutex_Instance_State_sem__O                
000121c8  ti_sysbios_heaps_HeapMem_E_memory__C                            
000121cc  ti_sysbios_heaps_HeapMem_Module__gateObj__C                     
000121d0  ti_sysbios_heaps_HeapMem_Object__count__C                       
000121d4  ti_sysbios_heaps_HeapMem_primaryHeapBaseAddr__C                 
000121d8  ti_sysbios_heaps_HeapMem_primaryHeapEndAddr__C                  
000121dc  ti_sysbios_heaps_HeapMem_reqAlign__C                            
000121e0  ti_sysbios_knl_Clock_Module_State_clockQ__O                     
000121e4  ti_sysbios_knl_Clock_tickPeriod__C                              
000121e8  ti_sysbios_knl_Event_Instance_State_pendQ__O                    
000121ec  ti_sysbios_knl_Mailbox_Instance_State_freeQue__O                
000121f0  ti_sysbios_knl_Mailbox_Object__count__C                         
000121f4  ti_sysbios_knl_Mailbox_maxTypeAlign__C                          
000121f8  ti_sysbios_knl_Semaphore_Instance_State_pendQ__O                
000121fc  ti_sysbios_knl_Swi_Object__count__C                             
00012200  ti_sysbios_knl_Task_Module_State_inactiveQ__O                   
00012204  ti_sysbios_knl_Task_Object__count__C                            
00012208  ti_sysbios_knl_Task_Object__heap__C                             
0001220c  ti_sysbios_knl_Task_allBlockedFunc__C                           
00012210  ti_sysbios_knl_Task_defaultStackHeap__C                         
00012214  ti_sysbios_knl_Task_defaultStackSize__C                         
00012218  ti_sysbios_knl_Task_numConstructedTasks__C                      
0001221c  xdc_runtime_Error_E_memory__C                                   
00012220  xdc_runtime_Error_policyFxn__C                                  
00012224  xdc_runtime_IGateProvider_Interface__BASE__C                    
00012228  xdc_runtime_IHeap_Interface__BASE__C                            
0001222c  xdc_runtime_IModule_Interface__BASE__C                          
00012230  xdc_runtime_Memory_defaultHeapInstance__C                       
00012234  xdc_runtime_Startup_execImpl__C                                 
00012238  xdc_runtime_Startup_maxPasses__C                                
0001223c  xdc_runtime_Startup_sfxnRts__C                                  
00012240  xdc_runtime_Startup_sfxnTab__C                                  
00012244  xdc_runtime_SysCallback_abortFxn__C                             
00012248  xdc_runtime_SysCallback_exitFxn__C                              
0001224c  xdc_runtime_SysCallback_putchFxn__C                             
00012250  xdc_runtime_SysCallback_readyFxn__C                             
00012254  xdc_runtime_System_Module__gateObj__C                           
00012258  xdc_runtime_System_abortFxn__C                                  
0001225c  xdc_runtime_System_exitFxn__C                                   
00012260  xdc_runtime_System_extendFxn__C                                 
00012264  xdc_runtime_System_maxAtexitHandlers__C                         
00012268  ti_sysbios_family_arm_msp432_init_Boot_enableHFXT__C            
0001226a  ti_sysbios_family_arm_msp432_init_Boot_enableLFXT__C            
0001226c  ti_sysbios_heaps_HeapMem_Module__id__C                          
0001226e  xdc_runtime_Memory_Module__id__C                                
00012270  __TI_static_base__                                              
000125ec  __TI_Handler_Table_Base                                         
000125f8  __TI_Handler_Table_Limit                                        
00012600  __TI_CINIT_Base                                                 
00012610  __TI_CINIT_Limit                                                
20000000  __start___llvm_prf_cnts                                         
20000000  __stop___llvm_prf_cnts                                          
20000000  ti_sysbios_family_arm_m3_Hwi_ramVectors                         
20000140  __primary_heap_start__                                          
20008140  __primary_heap_end__                                            
20008600  Items                                                           
200088c0  ti_sysbios_knl_Task_Instance_State_0_stack__A                   
20008ac0  uartMSP432Objects                                               
20008cc0  ti_sysbios_family_arm_m3_Hwi_dispatchTable                      
20008f00  i2cMSP432Objects                                                
20008fa0  spiMSP432DMAObjects                                             
20009134  LEDObjects                                                      
200091ac  pwmTimerMSP432Objects                                           
20009224  timerMSP432Objects                                              
2000928c  ButtonObjects                                                   
200092dc  masterRxBuffer                                                  
20009310  masterTxBuffer                                                  
20009374  clk0Struct                                                      
20009398  clk1Struct                                                      
200093bc  imu3                                                            
200094a0  bStats                                                          
200094bc  ringObj                                                         
200094d4  ecoEvent                                                        
200094f8  imu                                                             
20009508  displayUartObject                                               
20009514  eventBuf                                                        
20009520  rxBuffer                                                        
20009534  buttonHandle                                                    
2000953c  ledHandle                                                       
2000954c  ClockP_tickPeriod                                               
20009550  CurDraw                                                         
20009554  CurHandle                                                       
20009558  adc                                                             
2000955c  adcMSP432Objects                                                
20009560  clk2Handle                                                      
20009564  displayHandle                                                   
20009568  lua                                                             
2000956c  masterSpi                                                       
20009570  ti_sysbios_knl_Task_Instance_State_0_hookEnv__A                 
20009574  EC11_A_Now                                                      
20009575  EC11_B_Now                                                      
20009576  EC11_Key                                                        
20009577  udmaMSP432Object                                                
20009578  PowerMSP432_perfLevels                                          
20009850  AllView                                                         
200098d4  gPixel                                                          
20009954  ti_sysbios_knl_Swi_Module_State_0_readyQ__A                     
200099d4  ti_sysbios_knl_Task_Module_State_0_readyQ__A                    
20009a54  param                                                           
20009acc  gpioCallbackFunctions                                           
20009b3c  gpioPinConfigs                                                  
20009bac  lineid                                                          
20009c0c  ti_sysbios_gates_GateMutex_Object__table__V                     
20009c60  ti_sysbios_knl_Task_Object__table__V                            
20009cac  ti_sysbios_family_arm_msp432_Timer_Object__table__V             
20009cf0  ti_sysbios_knl_Task_Module__state__V                            
20009d34  ti_sysbios_family_arm_m3_Hwi_Module__state__V                   
20009d68  ti_sysbios_knl_Swi_Object__table__V                             
20009d98  PowerMSP432_module                                              
20009dc4  ti_sysbios_knl_Clock_Module__state__V                           
20009df0  ti_sysbios_BIOS_Module__state__V                                
20009e34  ti_sysbios_family_arm_msp432_Timer_Module_State_0_device__A     
20009e54  xdc_runtime_Error_IgnoreBlock                                   
20009e74  ti_sysbios_knl_Swi_Module__state__V                             
20009e90  mirrorRegister                                                  
20009eac  left_duty                                                       
20009eb0  right_duty                                                      
20009eb4  pwm0                                                            
20009eb8  pwm1                                                            
20009ebc  pwm2                                                            
20009ec0  pwm3                                                            
20009ec4  ti_sysbios_family_arm_m3_Hwi_Object__table__V                   
20009edc  ti_sysbios_heaps_HeapMem_Object__table__V                       
20009ef4  uart_ready_flag                                                 
20009f24  last_item                                                       
20009f38  motor_start_flag                                                
20009f3c  CurView                                                         
20009f3d  CurItem                                                         
20009f3e  ItemNums                                                        
20009f3f  isEditing                                                       
20009f40  ItemFirstLine                                                   
20009f41  item_index                                                      
20009f5c  encoder1_value                                                  
20009f60  encoder2_value                                                  
20009f64  encoder3_value                                                  
20009f68  encoder4_value                                                  
20009f6c  ti_sysbios_family_arm_msp432_Timer_Module_State_0_handles__A    
20009f7c  ti_sysbios_family_arm_msp432_ClockFreqs_Module__state__V        
20009f88  ti_sysbios_family_arm_msp432_Timer_Module__state__V             
20009f94  txBuffer                                                        
20009f9e  ti_sysbios_family_arm_m3_Hwi_Module_State_0_excActive__A        
20009fa0  _lock                                                           
20009fa4  _unlock                                                         
20009fb0  ti_sysbios_family_arm_m3_Hwi_Module__root__V                    
20009fb8  ti_sysbios_gates_GateHwi_Module__root__V                        
20009fc0  ti_sysbios_gates_GateMutex_Module__root__V                      
20009fc8  ti_sysbios_heaps_HeapMem_Module__root__V                        
20009fd0  ti_sysbios_knl_Clock_Module__root__V                            
20009fd8  ti_sysbios_knl_Event_Module__root__V                            
20009fe0  ti_sysbios_knl_Queue_Module__root__V                            
20009fe8  ti_sysbios_knl_Semaphore_Module__root__V                        
20009ff0  ti_sysbios_knl_Task_Module__root__V                             
20009ff8  xdc_runtime_Startup_Module__state__V                            
2000a000  xdc_runtime_System_Module_State_0_atexitHandlers__A             
2000a008  xdc_runtime_System_Module__state__V                             
2000a010  pwm7                                                            
2000a014  old_val                                                         
2000a018  main_func_sp                                                    
2000a01c  ti_sysbios_family_arm_m3_Hwi_Module_State_0_excContext__A       
2000a020  ti_sysbios_family_arm_m3_Hwi_Module_State_0_excStack__A         
2000a024  ti_sysbios_gates_GateHwi_Object__table__V                       
2000a028  ti_sysbios_knl_Task_Module_State_0_idleTask__A                  
2000a02c  ti_sysbios_rts_ti_ReentSupport_Module__state__V                 
2000a030  xdc_runtime_Memory_Module__state__V                             
2000fc00  __stack                                                         
20010000  __STACK_END                                                     
4000480c  WDTCTL_SYM                                                      
e000e000  ti_sysbios_family_arm_m3_Hwi_nvic                               
ffffffff  __TI_pprof_out_hndl                                             
ffffffff  __TI_prof_data_size                                             
ffffffff  __TI_prof_data_start                                            
ffffffff  __binit__                                                       
ffffffff  __c_args__                                                      
ffffffff  binit                                                           
UNDEFED   SHT$$INIT_ARRAY$$Base                                           
UNDEFED   SHT$$INIT_ARRAY$$Limit                                          

[887 symbols]
