******************************************************************************
                  TI ARM Linker Unix v20.2.5                   
******************************************************************************
>> Linked Mon Oct 18 20:55:09 2021

OUTPUT FILE NAME:   <project.out>
ENTRY POINT SYMBOL: "_c_int00"  address: 0000db19


MEMORY CONFIGURATION

         name            origin    length      used     unused   attr    fill
----------------------  --------  ---------  --------  --------  ----  --------
  MAIN                  00000000   00040000  00012e2a  0002d1d6  R  X
  INFO                  00200000   00004000  00000000  00004000  R  X
  SRAM_CODE             01000000   00010000  0000a5d6  00005a2a  RW X
  SRAM_DATA             20000000   00010000  0000a5d6  00005a2a  RW  


SEGMENT ALLOCATION MAP

run origin  load origin   length   init length attrs members
----------  ----------- ---------- ----------- ----- -------
00000000    00000000    00012e38   00012e38    r-x
  00000000    00000000    0000003c   0000003c    r-- .resetVecs
  00000040    00000040    0001129a   0001129a    r-x .text
  000112e0    000112e0    000017ac   000017ac    r-- .const
  00012a90    00012a90    000003a8   000003a8    r-- .cinit
20000140    20000140    00008000   00000000    r--
  20000140    20000140    00008000   00000000    r-- .priheap
20008200    20008200    00002096   00000000    rw-
  20008200    20008200    0000159c   00000000    rw- .bss
  2000979c    2000979c    00000afa   00000000    rw- .data
2000fc00    2000fc00    00000400   00000000    rw-
  2000fc00    2000fc00    00000400   00000000    rw- .stack


SECTION ALLOCATION MAP

 output                                  attributes/
section   page    origin      length       input sections
--------  ----  ----------  ----------   ----------------
.text      0    00000040    0001129a     
                  00000040    00000a4e     rtsv7M4_T_le_v4SPD16_eabi.lib : _printfi.c.obj (.text:__TI_printfi)
                  00000a8e    00000002     ti_drivers_config.obj (.text:Board_initHook)
                  00000a90    00000738     rtsv7M4_T_le_v4SPD16_eabi.lib : k_rem_pio2.c.obj (.text:__kernel_rem_pio2)
                  000011c8    000005e0                                   : s_sin.c.obj (.text:sin)
                  000017a8    000005dc                                   : s_cos.c.obj (.text:cos)
                  00001d84    00000578     ui.obj (.text:UpdateMenuItems)
                  000022fc    000004ec     ui.obj (.text:HandleAdjustParamView)
                  000027e8    00000468     sysbios.aem4f : BIOS.obj (.text:xdc_runtime_System_doPrint__I)
                  00002c50    00000318     ui.obj (.text:DrawIMUView)
                  00002f68    000002f8     drivers_msp432p401x.aem4f : PowerMSP432.oem4f (.text:Power_sleep)
                  00003260    000002d0                               : UARTMSP432.oem4f (.text:UARTMSP432_open)
                  00003530    00000294     ui.obj (.text:DrawSensorView)
                  000037c4    0000028c     drivers_msp432p401x.aem4f : SPIMSP432DMA.oem4f (.text:SPIMSP432DMA_open)
                  00003a50    0000028a     msp432p4xx_driverlib.lib : pcm.o (.text:__PCM_setPowerStateAdvanced)
                  00003cda    00000002     display.aem4f : DisplayUart.oem4f (.text:DisplayUartMin_clear)
                  00003cdc    00000288     drivers_msp432p401x.aem4f : PowerMSP432.oem4f (.text:initPerfControl)
                  00003f64    00000280     pid.obj (.text:PID_calc)
                  000041e4    00000270     rtsv7M4_T_le_v4SPD16_eabi.lib : _printfi.c.obj (.text:_pconv_a)
                  00004454    00000260     main_tirtos.obj (.text:main)
                  000046b4    00000254     uart.obj (.text:imu_data_analyse)
                  00004908    00000254     uart.obj (.text:rc_data_analyse)
                  00004b5c    00000248     spi_lcd.obj (.text:lcd_init)
                  00004da4    0000021c     ui.obj (.text:rotate)
                  00004fc0    00000210     ec11.obj (.text:Encoder_EC11_Analyze)
                  000051d0    00000208     drivers_msp432p401x.aem4f : PWMTimerMSP432.oem4f (.text:PWMTimerMSP432_open)
                  000053d8    000001f8                               : I2CMSP432.oem4f (.text:I2CMSP432_open)
                  000055d0    000001d0     rtsv7M4_T_le_v4SPD16_eabi.lib : _printfi.c.obj (.text:_pconv_g)
                  000057a0    000001b6                                   : fd_add_t2.asm.obj (.text)
                  00005956    00000002     display.aem4f : DisplayUart.oem4f (.text:DisplayUartMin_clearLines)
                  00005958    000001a4     ui.obj (.text:DrawAdjustParamView)
                  00005afc    00000198     uart.obj (.text:User_uart_init)
                  00005c94    00000188     release_pem4f.oem4f (.text:xdc_runtime_System_printfExtend__I)
                  00005e1c    00000186     drivers_msp432p401x.aem4f : Button.oem4f (.text:Button_clockTimeoutHandler)
                  00005fa2    00000184                               : I2CMSP432.oem4f (.text:I2CMSP432_hwiIntFxn)
                  00006126    00000002     display.aem4f : DisplayUart.oem4f (.text:DisplayUartMin_init)
                  00006128    00000178     ec11.obj (.text:Encoder_EC11_Scan)
                  000062a0    00000174     rtsv7M4_T_le_v4SPD16_eabi.lib : k_sin.c.obj (.text:__kernel_sin)
                  00006414    00000170     drivers_msp432p401x.aem4f : GPIOMSP432.oem4f (.text:GPIO_setConfig)
                  00006584    00000170     rtsv7M4_T_le_v4SPD16_eabi.lib : k_cos.c.obj (.text:__kernel_cos)
                  000066f4    00000170     speed_control.obj (.text:chassis_init)
                  00006864    00000160     msp432p4xx_driverlib.lib : adc14.o (.text:_getIndexForMemRegister)
                  000069c4    0000015c                              : pcm.o (.text:__PCM_setPowerModeAdvanced)
                  00006b20    0000015a     ui.obj (.text:lcd_drawline)
                  00006c7a    00000006     drivers_msp432p401x.aem4f : ADCMSP432.oem4f (.text:ADCMSP432_control)
                  00006c80    00000158     sysbios.aem4f : BIOS.obj (.text:ti_sysbios_knl_Event_pend__E)
                  00006dd8    0000014c     drivers_msp432p401x.aem4f : TimerMSP432.oem4f (.text:TimerMSP432_open)
                  00006f24    0000013c     rtsv7M4_T_le_v4SPD16_eabi.lib : _printfi.c.obj (.text:_pconv_e)
                  00007060    0000013c     buttonled.obj (.text:handleButtonCallback)
                  0000719c    00000136     rtsv7M4_T_le_v4SPD16_eabi.lib : fd_div_t2.asm.obj (.text)
                  000072d2    00000132     motor.obj (.text:motor_dir)
                  00007404    00000130     drivers_msp432p401x.aem4f : UDMAMSP432.oem4f (.text:setupInterrupt)
                  00007534    00000004     msp432p4xx_driverlib.lib : cpu.o (.text:CPU_wfi)
                  00007538    00000130     sysbios.aem4f : BIOS.obj (.text:ti_sysbios_knl_Semaphore_pend__E)
                  00007668    0000012c     drivers_msp432p401x.aem4f : SPIMSP432DMA.oem4f (.text:SPIMSP432DMA_transfer)
                  00007794    00000124     rtsv7M4_T_le_v4SPD16_eabi.lib : _printfi.c.obj (.text:fcvt)
                  000078b8    00000124     motor_drive.obj (.text:motor_pwm_Thread)
                  000079dc    0000011c     msp432p4xx_driverlib.lib : uart.o (.text:UART_initModule)
                  00007af8    0000011c     drivers_msp432p401x.aem4f : I2CMSP432.oem4f (.text:primeTransfer)
                  00007c14    0000011c     speed_measure.obj (.text:speed_measure_Thread)
                  00007d30    00000114     drivers_msp432p401x.aem4f : PWMTimerMSP432.oem4f (.text:PWMTimerMSP432_setPeriod)
                  00007e44    00000110     i2cbh1750.obj (.text:BH1750_Thread)
                  00007f54    00000110     drivers_msp432p401x.aem4f : LED.oem4f (.text:LED_open)
                  00008064    00000110     spi_lcd.obj (.text:lcd_showfloat)
                  00008174    00000110     rtsv7M4_T_le_v4SPD16_eabi.lib : s_scalbn.c.obj (.text:scalbn)
                  00008284    00000108     msp432p4xx_driverlib.lib : pcm.o (.text:__PCM_setCoreVoltageLevelAdvanced)
                  0000838c    00000004     dpl_msp432p401x.aem4f : ClockP_tirtos.oem4f (.text:ClockP_setTimeout)
                  00008390    00000108     sysbios.aem4f : BIOS.obj (.text:ti_sysbios_knl_Task_postInit__I)
                  00008498    00000108                   : BIOS.obj (.text:xdc_runtime_Startup_startMods__I)
                  000085a0    00000104     drivers_msp432p401x.aem4f : SPIMSP432DMA.oem4f (.text:SPIMSP432DMA_transferCancel)
                  000086a4    00000004     dpl_msp432p401x.aem4f : ClockP_tirtos.oem4f (.text:ClockP_start)
                  000086a8    00000104     sysbios.aem4f : BIOS.obj (.text:ti_sysbios_knl_Task_Instance_finalize__E)
                  000087ac    000000fc     drivers_msp432p401x.aem4f : ADCMSP432.oem4f (.text:ADCMSP432_convert)
                  000088a8    000000fc                               : SPIMSP432DMA.oem4f (.text:configDMA)
                  000089a4    000000fc     rtsv7M4_T_le_v4SPD16_eabi.lib : fd_mul_t2.asm.obj (.text)
                  00008aa0    000000f8                                   : s_floor.c.obj (.text:floor)
                  00008b98    000000f8     sysbios.aem4f : BIOS.obj (.text:ti_sysbios_family_arm_msp432_init_Boot_configureClocksHigh)
                  00008c90    000000f4     spi_lcd.obj (.text:lcd_displayccd)
                  00008d84    000000f0     msp432p4xx_driverlib.lib : dma.o (.text:DMA_setChannelTransfer)
                  00008e74    000000f0     drivers_msp432p401x.aem4f : I2CMSP432.oem4f (.text:I2CMSP432_transfer)
                  00008f64    00000004     dpl_msp432p401x.aem4f : ClockP_tirtos.oem4f (.text:ClockP_stop)
                  00008f68    000000f0     sysbios.aem4f : BIOS.obj (.text:pthread_create)
                  00009058    000000f0                   : m3_Hwi_asm.obj (.text:ti_sysbios_family_arm_m3_Hwi_dispatch__I)
                  00009148    000000e8     drivers_msp432p401x.aem4f : Button.oem4f (.text:Button_open)
                  00009230    000000e4     msp432p4xx_driverlib.lib : cs.o (.text:CS_startHFXTWithTimeout)
                  00009314    000000e4     ui.obj (.text:DrawEncoderView)
                  000093f8    000000e4     motor.obj (.text:motor_init)
                  000094dc    000000e4     ui.obj (.text:onCancel)
                  000095c0    000000e0     msp432p4xx_driverlib.lib : cs.o (.text:CS_startLFXTWithTimeout)
                  000096a0    000000e0     encoder.obj (.text:encoder_Thread)
                  00009780    000000e0     sysbios.aem4f : BIOS.obj (.text:ti_sysbios_knl_Task_Instance_init__E)
                  00009860    000000dc     drivers_msp432p401x.aem4f : UARTMSP432.oem4f (.text:UARTMSP432_readPolling)
                  0000993c    000000dc                               : UDMAMSP432.oem4f (.text:UDMAMSP432_close)
                  00009a18    000000dc     msp432p4xx_driverlib.lib : cs.o (.text:_CSGetHFXTFrequency)
                  00009af4    000000d2     adcTSL1401.obj (.text:TSL1401_GetLine)
                  00009bc6    00000002     ui.obj (.text:DrawMainMenuView)
                  00009bc8    000000d0     sysbios.aem4f : BIOS.obj (.text:ti_sysbios_heaps_HeapMem_alloc__E)
                  00009c98    000000ca     drivers_msp432p401x.aem4f : UARTMSP432.oem4f (.text:UARTMSP432_hwiIntFxn)
                  00009d62    00000002     ui.obj (.text:DrawParamView)
                  00009d64    000000c8     drivers_msp432p401x.aem4f : TimerMSP432.oem4f (.text:TimerMSP432_start)
                  00009e2c    000000c8     spi_lcd.obj (.text:lcd_Thread)
                  00009ef4    00000004     dpl_msp432p401x.aem4f : HwiP_tirtos.oem4f (.text:HwiP_clearInterrupt)
                  00009ef8    000000c4     sysbios.aem4f : BIOS.obj (.text:ti_sysbios_knl_Task_sleep__E)
                  00009fbc    000000c0     buttonled.obj (.text:buttonled_Thread)
                  0000a07c    000000c0     motor.obj (.text:motor_left_right_duty)
                  0000a13c    000000bc     drivers_msp432p401x.aem4f : TimerMSP432.oem4f (.text:TimerMSP432_setPeriod)
                  0000a1f8    000000bc     ui.obj (.text:onDecrease)
                  0000a2b4    000000b8     drivers_msp432p401x.aem4f : UARTMSP432.oem4f (.text:initHw)
                  0000a36c    000000b8                               : UARTMSP432.oem4f (.text:readTaskCallback)
                  0000a424    00000004     dpl_msp432p401x.aem4f : HwiP_tirtos.oem4f (.text:HwiP_disable)
                  0000a428    000000b8     sysbios.aem4f : BIOS.obj (.text:ti_sysbios_family_arm_m3_Hwi_Instance_init__E)
                  0000a4e0    000000b4     msp432p4xx_driverlib.lib : adc14.o (.text:ADC14_configureConversionMemory)
                  0000a594    000000b4     drivers_msp432p401x.aem4f : UARTMSP432.oem4f (.text:UARTMSP432_control)
                  0000a648    000000b4                               : UARTMSP432.oem4f (.text:UARTMSP432_writePolling)
                  0000a6fc    000000b4     spi_lcd.obj (.text:lcd_showchar)
                  0000a7b0    000000b1     rtsv7M4_T_le_v4SPD16_eabi.lib : _printfi.c.obj (.text:_ltostr)
                  0000a861    00000001     --HOLE-- [fill = 0]
                  0000a862    000000b0     msp432p4xx_driverlib.lib : spi.o (.text:SPI_initMaster)
                  0000a912    00000002     drivers_msp432p401x.aem4f : I2CMSP432.oem4f (.text:I2CMSP432_init)
                  0000a914    000000ac                               : GPIOMSP432.oem4f (.text:GPIO_init)
                  0000a9c0    000000ac                               : I2CMSP432.oem4f (.text:I2CMSP432_cancel)
                  0000aa6c    000000ac     ui.obj (.text:onEnter)
                  0000ab18    000000aa     sysbios.aem4f : BIOS.obj (.text:xdc_runtime_Core_createObject__I)
                  0000abc2    000000a8     drivers_msp432p401x.aem4f : UARTMSP432.oem4f (.text:UARTMSP432_write)
                  0000ac6a    00000002                               : LED.oem4f (.text:LED_init)
                  0000ac6c    000000a8     spi_lcd.obj (.text:lcd_init_Thread)
                  0000ad14    000000a8     drivers_msp432p401x.aem4f : UARTMSP432.oem4f (.text:readTaskBlocking)
                  0000adbc    00000004     dpl_msp432p401x.aem4f : HwiP_tirtos.oem4f (.text:HwiP_disableInterrupt)
                  0000adc0    000000a8     sysbios.aem4f : BIOS.obj (.text:ti_sysbios_family_arm_msp432_Timer_periodicStub__E)
                  0000ae68    000000a4     pid.obj (.text:PID_init)
                  0000af0c    000000a4     drivers_msp432p401x.aem4f : PWMTimerMSP432.oem4f (.text:PWMTimerMSP432_stop)
                  0000afb0    000000a4                               : TimerMSP432.oem4f (.text:initTimerHardware)
                  0000b054    000000a4     ui.obj (.text:onIncrease)
                  0000b0f8    000000a4     sysbios.aem4f : BIOS.obj (.text:ti_sysbios_knl_Task_setPri__E)
                  0000b19c    000000a2     ui.obj (.text:matconv)
                  0000b23e    00000002     drivers_msp432p401x.aem4f : PWMTimerMSP432.oem4f (.text:PWMTimerMSP432_init)
                  0000b240    000000a0     auto_init.aem4f : auto_init.oem4f (.text)
                  0000b2e0    000000a0     drivers_msp432p401x.aem4f : UARTMSP432.oem4f (.text:readIsrTextCallback)
                  0000b380    0000009c                               : PowerMSP432.oem4f (.text:Power_init)
                  0000b41c    0000009c     rtsv7M4_T_le_v4SPD16_eabi.lib : memcpy_t2.asm.obj (.text)
                  0000b4b8    0000009c     drivers_msp432p401x.aem4f : TimerMSP432.oem4f (.text:setT32TickCount)
                  0000b554    0000009c                               : TimerMSP432.oem4f (.text:setTATickCount)
                  0000b5f0    0000009b     spi_lcd.obj (.text:lcd_showint32)
                  0000b68b    00000001     --HOLE-- [fill = 0]
                  0000b68c    00000096     rtsv7M4_T_le_v4SPD16_eabi.lib : ull_div_t2.asm.obj (.text)
                  0000b722    00000002     dpl_msp432p401x.aem4f : PowerMSP432_tirtos.oem4f (.text:PowerMSP432_initPolicy)
                  0000b724    00000094     drivers_msp432p401x.aem4f : PWMTimerMSP432.oem4f (.text:PWMTimerMSP432_setDuty)
                  0000b7b8    00000094                               : UDMAMSP432.oem4f (.text:UDMAMSP432_init)
                  0000b84c    00000094                               : UDMAMSP432.oem4f (.text:UDMAMSP432_open)
                  0000b8e0    00000094     uart.obj (.text:Uart2_onebyte_RecvEvt)
                  0000b974    00000004     dpl_msp432p401x.aem4f : HwiP_tirtos.oem4f (.text:HwiP_enableInterrupt)
                  0000b978    00000094     sysbios.aem4f : BIOS.obj (.text:_pthread_removeThreadKeys)
                  0000ba0c    00000004     drivers_msp432p401x.aem4f : SPIMSP432DMA.oem4f (.text:SPIMSP432DMA_init)
                  0000ba10    00000094     sysbios.aem4f : BIOS.obj (.text:ti_sysbios_family_arm_m3_Hwi_initNVIC__E)
                  0000baa4    00000004     dpl_msp432p401x.aem4f : SemaphoreP_tirtos.oem4f (.text:SemaphoreP_post)
                  0000baa8    00000094     sysbios.aem4f : BIOS.obj (.text:ti_sysbios_knl_Task_exit__E)
                  0000bb3c    00000092     drivers_msp432p401x.aem4f : UARTMSP432.oem4f (.text:UARTMSP432_close)
                  0000bbce    00000092                               : UARTMSP432.oem4f (.text:writeData)
                  0000bc60    00000090     sysbios.aem4f : BIOS.obj (.text:ti_sysbios_knl_Task_Module_startup__E)
                  0000bcf0    0000008c     drivers_msp432p401x.aem4f : ADCMSP432.oem4f (.text:ADCMSP432_open)
                  0000bd7c    0000008c     ec11.obj (.text:Encoder_EC11_Init)
                  0000be08    0000008c     drivers_msp432p401x.aem4f : TimerMSP432.oem4f (.text:TimerMSP432_stop)
                  0000be94    0000008c     uart.obj (.text:handleRecvEvt)
                  0000bf20    0000008c     drivers_msp432p401x.aem4f : UARTMSP432.oem4f (.text:readIsrTextBlocking)
                  0000bfac    0000008c     sysbios.aem4f : m3_TaskSupport_asm.obj (.text:ti_sysbios_family_arm_m3_TaskSupport_buildTaskStack)
                  0000c038    0000008c                   : BIOS.obj (.text:ti_sysbios_knl_Event_post__E)
                  0000c0c4    00000004     dpl_msp432p401x.aem4f : SystemP_tirtos.oem4f (.text:SystemP_vsnprintf)
                  0000c0c8    0000008c     sysbios.aem4f : BIOS.obj (.text:xdc_runtime_Memory_alloc__E)
                  0000c154    00000088     drivers_msp432p401x.aem4f : PWMTimerMSP432.oem4f (.text:PWMTimerMSP432_close)
                  0000c1dc    00000086     rtsv7M4_T_le_v4SPD16_eabi.lib : fd_cmp_t2.asm.obj (.text:__aeabi_cdcmple)
                  0000c262    00000086                                   : fd_cmp_t2.asm.obj (.text:__aeabi_cdrcmple)
                  0000c2e8    00000086     drivers_msp432p401x.aem4f : SPIMSP432DMA.oem4f (.text:initHw)
                  0000c36e    00000002                               : TimerMSP432.oem4f (.text:TimerMSP432_init)
                  0000c370    00000086     sysbios.aem4f : BIOS.obj (.text:xdc_runtime_Core_constructObject__I)
                  0000c3f6    00000002     drivers_msp432p401x.aem4f : UARTMSP432.oem4f (.text:UARTMSP432_init)
                  0000c3f8    00000084     ui.obj (.text:DrawPIDView)
                  0000c47c    00000084     msp432p4xx_driverlib.lib : pcm.o (.text:PCM_gotoLPM3)
                  0000c500    00000084     drivers_msp432p401x.aem4f : PWMTimerMSP432.oem4f (.text:PWMTimerMSP432_start)
                  0000c584    00000084     spi_lcd.obj (.text:lcd_set_region)
                  0000c608    00000084     drivers_msp432p401x.aem4f : PowerMSP432.oem4f (.text:restartHFXT)
                  0000c68c    00000004     release_pem4f.oem4f (.text:ti_sysbios_BIOS_RtsGateProxy_enter__E)
                  0000c690    00000084     sysbios.aem4f : BIOS.obj (.text:ti_sysbios_family_arm_m3_Hwi_postInit__I)
                  0000c714    00000004     release_pem4f.oem4f (.text:ti_sysbios_BIOS_RtsGateProxy_leave__E)
                  0000c718    00000084     sysbios.aem4f : BIOS.obj (.text:ti_sysbios_heaps_HeapMem_free__E)
                  0000c79c    00000004     release_pem4f.oem4f (.text:ti_sysbios_family_arm_m3_Hwi_delete)
                  0000c7a0    00000080     sysbios.aem4f : BIOS.obj (.text:ti_sysbios_knl_Clock_workFunc__E)
                  0000c820    0000007c     drivers_msp432p401x.aem4f : PWMTimerMSP432.oem4f (.text:setConstraints)
                  0000c89c    0000007a     spi_lcd.obj (.text:lcd_clear_rectangle)
                  0000c916    0000007a     rtsv7M4_T_le_v4SPD16_eabi.lib : memset_t2.asm.obj (.text)
                  0000c990    00000078     drivers_msp432p401x.aem4f : TimerMSP432.oem4f (.text:TimerMSP432_allocateTimerResource)
                  0000ca08    00000076                               : I2CMSP432.oem4f (.text:I2CMSP432_close)
                  0000ca7e    00000002     uart.obj (.text:Uart3_frame_ana_MoveEvt)
                  0000ca80    00000075     sysbios.aem4f : BIOS.obj (.text:xdc_runtime_System_formatNum__I)
                  0000caf5    00000001     --HOLE-- [fill = 0]
                  0000caf6    00000002     uart.obj (.text:Uart3_onebyte_RecvEvt)
                  0000caf8    00000070     ui.obj (.text:DrawBootView)
                  0000cb68    00000070     ui.obj (.text:DrawCCDView)
                  0000cbd8    00000070     drivers_msp432p401x.aem4f : UARTMSP432.oem4f (.text:UARTMSP432_writeCancel)
                  0000cc48    00000070     sysbios.aem4f : BIOS.obj (.text:ti_sysbios_heaps_HeapMem_initPrimary__I)
                  0000ccb8    0000006e     rtsv7M4_T_le_v4SPD16_eabi.lib : _printfi.c.obj (.text:_mcpy)
                  0000cd26    0000006e                                   : fd_tos_t2.asm.obj (.text)
                  0000cd94    0000006c     msp432p4xx_driverlib.lib : i2c.o (.text:I2C_masterSendMultiByteFinish)
                  0000ce00    0000006c     spi_lcd.obj (.text:lcd_writedata_16bit)
                  0000ce6c    00000004     release_pem4f.oem4f (.text:ti_sysbios_family_arm_m3_TaskSupport_Module__startupDone__S)
                  0000ce70    0000006c     sysbios.aem4f : BIOS.obj (.text:ti_sysbios_knl_Swi_restoreHwi__E)
                  0000cedc    0000006a     drivers_msp432p401x.aem4f : PWMTimerMSP432.oem4f (.text:perfChangeNotifyFxn)
                  0000cf46    00000002     rtsv7M4_T_le_v4SPD16_eabi.lib : _lock.c.obj (.text:_nop)
                  0000cf48    00000068     drivers_msp432p401x.aem4f : GPIOMSP432.oem4f (.text:GPIO_hwiIntFxn)
                  0000cfb0    00000068                               : PowerMSP432.oem4f (.text:PowerMSP432_getFreqs)
                  0000d018    00000068     rtsv7M4_T_le_v4SPD16_eabi.lib : copy_decompress_lzss.c.obj (.text:decompress:lzss:__TI_decompress_lzss)
                  0000d080    00000068     drivers_msp432p401x.aem4f : I2CMSP432.oem4f (.text:initHw)
                  0000d0e8    00000068                               : PWMTimerMSP432.oem4f (.text:initHw)
                  0000d150    00000066     sysbios.aem4f : BIOS.obj (.text:xdc_runtime_Core_deleteObject__I)
                  0000d1b6    00000002     adcTSL1401.obj (.text:delay)
                  0000d1b8    00000064     drivers_msp432p401x.aem4f : Button.oem4f (.text:Button_gpioCallbackFxn)
                  0000d21c    00000064                               : SPIMSP432DMA.oem4f (.text:SPIMSP432DMA_close)
                  0000d280    00000064     rtsv7M4_T_le_v4SPD16_eabi.lib : s_frexp.c.obj (.text:frexp)
                  0000d2e4    00000004     release_pem4f.oem4f (.text:ti_sysbios_heaps_HeapMem_Module_GateProxy_enter__E)
                  0000d2e8    00000064     sysbios.aem4f : BIOS.obj (.text:pthread_exit)
                  0000d34c    00000064     speed_control.obj (.text:speed_control_Thread)
                  0000d3b0    00000064     sysbios.aem4f : BIOS.obj (.text:ti_sysbios_family_arm_m3_Hwi_dispatchC__I)
                  0000d414    00000060     drivers_msp432p401x.aem4f : ADCMSP432.oem4f (.text:ADCMSP432_convertToMicroVolts)
                  0000d474    00000060     uart.obj (.text:CheckSum)
                  0000d4d4    00000060     ui.obj (.text:Draw)
                  0000d534    00000060     ui.obj (.text:DrawFeatureView)
                  0000d594    00000060     ui.obj (.text:DrawFlagView)
                  0000d5f4    00000060     drivers_msp432p401x.aem4f : GPIOMSP432.oem4f (.text:GPIO_setCallback)
                  0000d654    00000004     release_pem4f.oem4f (.text:ti_sysbios_heaps_HeapMem_Module_GateProxy_leave__E)
                  0000d658    00000060     sysbios.aem4f : BIOS.obj (.text:ti_sysbios_knl_Semaphore_post__E)
                  0000d6b8    00000060                   : BIOS.obj (.text:ti_sysbios_knl_Swi_run__I)
                  0000d718    00000060     uart.obj (.text:uart_Thread)
                  0000d778    0000005e     msp432p4xx_driverlib.lib : pcm.o (.text:PCM_getCoreVoltageLevel)
                  0000d7d6    00000002     event.obj (.text:doEventLogs)
                  0000d7d8    0000005c     display.aem4f : Display.oem4f (.text:Display_doOpen)
                  0000d834    0000005c     console.obj (.text:Display_uart_init)
                  0000d890    0000005c     spi_lcd.obj (.text:lcd_clear)
                  0000d8ec    00000004     release_pem4f.oem4f (.text:ti_sysbios_knl_Clock_TimerProxy_getMaxTicks__E)
                  0000d8f0    0000005c     sysbios.aem4f : BIOS.obj (.text:ti_sysbios_knl_Swi_schedule__I)
                  0000d94c    00000004     release_pem4f.oem4f (.text:ti_sysbios_knl_Clock_delete)
                  0000d950    0000005c     sysbios.aem4f : BIOS.obj (.text:ti_sysbios_knl_Task_startCore__E)
                  0000d9ac    00000004     release_pem4f.oem4f (.text:ti_sysbios_knl_Semaphore_delete)
                  0000d9b0    0000005c     sysbios.aem4f : BIOS.obj (.text:xdc_runtime_Startup_exec__E)
                  0000da0c    0000005a     msp432p4xx_driverlib.lib : pcm.o (.text:PCM_getPowerMode)
                  0000da66    0000005a     drivers_msp432p401x.aem4f : ADCMSP432.oem4f (.text:initHw)
                  0000dac0    00000058                               : GPIOMSP432.oem4f (.text:GPIO_write)
                  0000db18    00000058     boot.aem4f : boot.oem4f (.text)
                  0000db70    00000058     drivers_msp432p401x.aem4f : UARTMSP432.oem4f (.text:readIsrBinaryBlocking)
                  0000dbc8    00000058                               : SPIMSP432DMA.oem4f (.text:spiHwiFxn)
                  0000dc20    00000058     sysbios.aem4f : m3_Hwi_asm_switch.obj (.text:ti_sysbios_family_arm_m3_Hwi_initStacks__E)
                  0000dc78    00000056     rtsv7M4_T_le_v4SPD16_eabi.lib : _printfi.c.obj (.text:_pconv_f)
                  0000dcce    00000056     drivers_msp432p401x.aem4f : I2CMSP432.oem4f (.text:completeTransfer)
                  0000dd24    00000054     msp432p4xx_driverlib.lib : pcm.o (.text:PCM_shutdownDevice)
                  0000dd78    00000054     drivers_msp432p401x.aem4f : TimerMSP432.oem4f (.text:TimerMSP432_freeTimerResource)
                  0000ddcc    00000054     uart.obj (.text:Uart2_frame_ana_MoveEvt)
                  0000de20    00000054     rtsv7M4_T_le_v4SPD16_eabi.lib : _ltoa.c.obj (.text:__TI_ltoa)
                  0000de74    00000054     beep.obj (.text:beep_init)
                  0000dec8    00000054     uart.obj (.text:handleMoveEvt)
                  0000df1c    00000054     release_pem4f.oem4f (.text:ti_sysbios_family_arm_m3_Hwi_create)
                  0000df70    00000054     sysbios.aem4f : BIOS.obj (.text:ti_sysbios_family_arm_msp432_Timer_initDevice__I)
                  0000dfc4    00000052     rtsv7M4_T_le_v4SPD16_eabi.lib : _printfi.c.obj (.text:_ecpy)
                  0000e016    00000002     ui.obj (.text:printvalue)
                  0000e018    00000050     dpl_msp432p401x.aem4f : ClockP_tirtos.oem4f (.text:ClockP_create)
                  0000e068    00000050     drivers_msp432p401x.aem4f : LED.oem4f (.text:LED_startBlinking)
                  0000e0b8    00000050                               : TimerMSP432.oem4f (.text:TimerMSP432_hwiIntFunction)
                  0000e108    00000050                               : UDMAMSP432.oem4f (.text:UDMAMSP432_hwiFxn)
                  0000e158    00000050     ui.obj (.text:gotoViewById)
                  0000e1a8    00000050     spi_lcd.obj (.text:lcd_showstr)
                  0000e1f8    00000050     sysbios.aem4f : BIOS.obj (.text:ti_sysbios_family_arm_m3_Hwi_Module_startup__E)
                  0000e248    00000050     release_pem4f.oem4f (.text:ti_sysbios_knl_Task_create)
                  0000e298    00000050     ui.obj (.text:ui_init)
                  0000e2e8    0000004e     drivers_msp432p401x.aem4f : TimerMSP432.oem4f (.text:TimerMSP432_close)
                  0000e336    00000002     rtsv7M4_T_le_v4SPD16_eabi.lib : div0.asm.obj (.text)
                  0000e338    0000004c     dpl_msp432p401x.aem4f : PowerMSP432_tirtos.oem4f (.text:PowerMSP432_sleepPolicy)
                  0000e384    0000004c     rtsv7M4_T_le_v4SPD16_eabi.lib : atoi.c.obj (.text:atoi)
                  0000e3d0    0000004c     beep.obj (.text:beep_set)
                  0000e41c    0000004c     rtsv7M4_T_le_v4SPD16_eabi.lib : cpy_tbl.c.obj (.text:copy_in)
                  0000e468    0000004c     spi_lcd.obj (.text:lcd_writeData)
                  0000e4b4    0000004c     spi_lcd.obj (.text:lcd_writeIndex)
                  0000e500    0000004c     drivers_msp432p401x.aem4f : UARTMSP432.oem4f (.text:readIsrBinaryCallback)
                  0000e54c    00000004     release_pem4f.oem4f (.text:ti_sysbios_knl_Task_delete)
                  0000e550    0000004c     sysbios.aem4f : BIOS.obj (.text:ti_sysbios_family_arm_msp432_Timer_postInit__I)
                  0000e59c    00000004     release_pem4f.oem4f (.text:xdc_runtime_System_Module_GateProxy_enter__E)
                  0000e5a0    0000004c     sysbios.aem4f : BIOS.obj (.text:ti_sysbios_family_arm_msp432_Timer_start__E)
                  0000e5ec    00000004     release_pem4f.oem4f (.text:xdc_runtime_System_Module_GateProxy_leave__E)
                  0000e5f0    0000004c     sysbios.aem4f : BIOS.obj (.text:ti_sysbios_heaps_HeapMem_getStats__E)
                  0000e63c    00000002     release_pem4f.oem4f (.text:ti_sysbios_BIOS_nullFunc__I)
                  0000e63e    00000002     --HOLE-- [fill = 0]
                  0000e640    0000004c     sysbios.aem4f : BIOS.obj (.text:ti_sysbios_knl_Swi_runLoop__I)
                  0000e68c    00000004     --HOLE-- [fill = 0]
                  0000e690    0000004c                   : BIOS.obj (.text:ti_sysbios_knl_Task_allBlockedFunction__I)
                  0000e6dc    00000004     --HOLE-- [fill = 0]
                  0000e6e0    0000004c                   : BIOS.obj (.text:ti_sysbios_knl_Task_schedule__I)
                  0000e72c    0000004a     display.aem4f : DisplayUart.oem4f (.text:DisplayUartMin_open)
                  0000e776    00000002     --HOLE-- [fill = 0]
                  0000e778    00000048     drivers_msp432p401x.aem4f : PowerMSP432.oem4f (.text:Power_releaseConstraint)
                  0000e7c0    00000048     rtsv7M4_T_le_v4SPD16_eabi.lib : fd_toi_t2.asm.obj (.text)
                  0000e808    00000048     sysbios.aem4f : BIOS.obj (.text:ti_sysbios_family_arm_m3_Hwi_disableInterrupt__E)
                  0000e850    00000048                   : BIOS.obj (.text:ti_sysbios_family_arm_m3_Hwi_enableInterrupt__E)
                  0000e898    00000048                   : BIOS.obj (.text:ti_sysbios_knl_Mailbox_Module_startup__E)
                  0000e8e0    00000048                   : BIOS.obj (.text:xdc_runtime_Core_assignParams__I)
                  0000e928    00000046     display.aem4f : DisplayUart.oem4f (.text:DisplayUartMin_vprintf)
                  0000e96e    00000046     drivers_msp432p401x.aem4f : RingBuf.oem4f (.text:RingBuf_put)
                  0000e9b4    00000044                               : ADC.oem4f (.text:ADC_init)
                  0000e9f8    00000044     ui.obj (.text:HandleFlashView)
                  0000ea3c    00000044     drivers_msp432p401x.aem4f : I2C.oem4f (.text:I2C_init)
                  0000ea80    00000044                               : PWM.oem4f (.text:PWM_init)
                  0000eac4    00000044                               : SPI.oem4f (.text:SPI_init)
                  0000eb08    00000044                               : Timer.oem4f (.text:Timer_init)
                  0000eb4c    00000044                               : UART.oem4f (.text:UART_init)
                  0000eb90    00000044                               : I2CMSP432.oem4f (.text:perfChangeNotifyFxn)
                  0000ebd4    00000044     rtsv7M4_T_le_v4SPD16_eabi.lib : fd_tou_t2.asm.obj (.text)
                  0000ec18    00000044     sysbios.aem4f : BIOS.obj (.text:ti_sysbios_family_arm_m3_Hwi_getStackInfo__E)
                  0000ec5c    00000004     --HOLE-- [fill = 0]
                  0000ec60    00000044                   : BIOS.obj (.text:ti_sysbios_knl_Swi_post__E)
                  0000eca4    00000040     drivers_msp432p401x.aem4f : ADCMSP432.oem4f (.text:ADCMSP432_close)
                  0000ece4    00000040                               : ADC.oem4f (.text:ADC_open)
                  0000ed24    00000040     ui.obj (.text:HandleBootView)
                  0000ed64    00000040     dpl_msp432p401x.aem4f : HwiP_tirtos.oem4f (.text:HwiP_create)
                  0000eda4    00000040     drivers_msp432p401x.aem4f : I2C.oem4f (.text:I2C_open)
                  0000ede4    00000040                               : PWM.oem4f (.text:PWM_open)
                  0000ee24    00000040                               : RingBuf.oem4f (.text:RingBuf_get)
                  0000ee64    00000040                               : SPI.oem4f (.text:SPI_open)
                  0000eea4    00000040     adcTSL1401.obj (.text:TSL1401_adc_Thread)
                  0000eee4    00000040     drivers_msp432p401x.aem4f : Timer.oem4f (.text:Timer_open)
                  0000ef24    00000040                               : UARTMSP432.oem4f (.text:UARTMSP432_read)
                  0000ef64    00000040                               : UART.oem4f (.text:UART_open)
                  0000efa4    00000040     beep.obj (.text:beep_pwm_Thread)
                  0000efe4    00000040     drivers_msp432p401x.aem4f : PWMTimerMSP432.oem4f (.text:getDutyCounts)
                  0000f024    00000040                               : PWMTimerMSP432.oem4f (.text:getPeriodCounts)
                  0000f064    00000040     msp432p4xx_driverlib.lib : spi.o (.text:is_A_Module)
                  0000f0a4    00000040     drivers_msp432p401x.aem4f : UARTMSP432.oem4f (.text:perfChangeNotifyFxn)
                  0000f0e4    00000040     rtsv7M4_T_le_v4SPD16_eabi.lib : u_divt2.asm.obj (.text)
                  0000f124    00000040                                   : sprintf.c.obj (.text:sprintf)
                  0000f164    00000004     --HOLE-- [fill = 0]
                  0000f168    00000040     sysbios.aem4f : BIOS.obj (.text:ti_sysbios_family_arm_msp432_Timer_Module_startup__E)
                  0000f1a8    00000040                   : BIOS.obj (.text:ti_sysbios_family_arm_msp432_Timer_startup__E)
                  0000f1e8    00000040                   : BIOS.obj (.text:ti_sysbios_heaps_HeapMem_Instance_init__E)
                  0000f228    00000040                   : BIOS.obj (.text:ti_sysbios_knl_Clock_Instance_init__E)
                  0000f268    0000003e     drivers_msp432p401x.aem4f : LED.oem4f (.text:LED_setBrightnessLevel)
                  0000f2a6    0000003e     rtsv7M4_T_le_v4SPD16_eabi.lib : _printfi.c.obj (.text:_fcpy)
                  0000f2e4    0000003c     drivers_msp432p401x.aem4f : LED.oem4f (.text:LED_setOff)
                  0000f320    0000003c     dpl_msp432p401x.aem4f : SemaphoreP_tirtos.oem4f (.text:SemaphoreP_create)
                  0000f35c    00000004     --HOLE-- [fill = 0]
                  0000f360    0000003c     sysbios.aem4f : BIOS.obj (.text:sleep)
                  0000f39c    00000004     --HOLE-- [fill = 0]
                  0000f3a0    0000003c                   : BIOS.obj (.text:ti_sysbios_family_arm_m3_Hwi_Instance_finalize__E)
                  0000f3dc    00000004     --HOLE-- [fill = 0]
                  0000f3e0    0000003c                   : BIOS.obj (.text:ti_sysbios_family_arm_msp432_Seconds_Module_startup__E)
                  0000f41c    0000003c     release_pem4f.oem4f (.text:ti_sysbios_knl_Clock_create)
                  0000f458    0000003c     sysbios.aem4f : BIOS.obj (.text:ti_sysbios_knl_Swi_restore__E)
                  0000f494    00000004     --HOLE-- [fill = 0]
                  0000f498    0000003c                   : BIOS.obj (.text:usleep)
                  0000f4d4    00000038     drivers_msp432p401x.aem4f : GPIOMSP432.oem4f (.text:GPIO_toggle)
                  0000f50c    00000038                               : PowerMSP432.oem4f (.text:Power_setConstraint)
                  0000f544    00000038                               : TimerMSP432.oem4f (.text:TimerMSP432_getCount)
                  0000f57c    00000038                               : PowerMSP432.oem4f (.text:notify)
                  0000f5b4    00000038     rtsv7M4_T_le_v4SPD16_eabi.lib : fs_tod_t2.asm.obj (.text)
                  0000f5ec    00000004     --HOLE-- [fill = 0]
                  0000f5f0    00000038     sysbios.aem4f : BIOS.obj (.text:xdc_runtime_System_atexit__E)
                  0000f628    00000036     drivers_msp432p401x.aem4f : LED.oem4f (.text:LED_setOn)
                  0000f65e    00000036                               : UARTMSP432.oem4f (.text:UARTMSP432_readCancel)
                  0000f694    00000036                               : LED.oem4f (.text:clockTimeoutHandler)
                  0000f6ca    00000002     --HOLE-- [fill = 0]
                  0000f6cc    00000034                               : GPIOMSP432.oem4f (.text:GPIO_disableInt)
                  0000f700    00000034                               : GPIOMSP432.oem4f (.text:GPIO_enableInt)
                  0000f734    00000034     release_pem4f.oem4f (.text:ti_sysbios_knl_Semaphore_create)
                  0000f768    00000032     sysbios.aem4f : BIOS.obj (.text:ti_sysbios_hal_Hwi_initStack)
                  0000f79a    00000006     display.aem4f : DisplayUart.oem4f (.text:DisplayUartMin_control)
                  0000f7a0    00000032     sysbios.aem4f : BIOS.obj (.text:xdc_runtime_System_putchar__I)
                  0000f7d2    00000002     --HOLE-- [fill = 0]
                  0000f7d4    00000030     drivers_msp432p401x.aem4f : ADCMSP432.oem4f (.text:ADCMSP432_init)
                  0000f804    00000030     uart.obj (.text:UartTaskInit)
                  0000f834    00000030     drivers_msp432p401x.aem4f : I2CMSP432.oem4f (.text:mapPin)
                  0000f864    00000030                               : PWMTimerMSP432.oem4f (.text:mapPin)
                  0000f894    00000030                               : SPIMSP432DMA.oem4f (.text:mapPin)
                  0000f8c4    00000030                               : UARTMSP432.oem4f (.text:mapPin)
                  0000f8f4    00000030     release_pem4f.oem4f (.text:ti_sysbios_BIOS_atExitFunc__I)
                  0000f924    00000030     release_pem4f.oem4f (.text:ti_sysbios_BIOS_startFunc__I)
                  0000f954    00000004     --HOLE-- [fill = 0]
                  0000f958    00000030     sysbios.aem4f : BIOS.obj (.text:ti_sysbios_family_arm_m3_TaskSupport_start__E)
                  0000f988    00000030     release_pem4f.oem4f (.text:ti_sysbios_gates_GateHwi_Object__create__S)
                  0000f9b8    00000030     release_pem4f.oem4f (.text:ti_sysbios_gates_GateMutex_Object__create__S)
                  0000f9e8    00000030     sysbios.aem4f : BIOS.obj (.text:ti_sysbios_gates_GateMutex_enter__E)
                  0000fa18    00000030     release_pem4f.oem4f (.text:ti_sysbios_heaps_HeapMem_Object__create__S)
                  0000fa48    00000030     sysbios.aem4f : BIOS.obj (.text:ti_sysbios_knl_Event_pendTimeout__I)
                  0000fa78    00000030                   : BIOS.obj (.text:ti_sysbios_knl_Mailbox_postInit__I)
                  0000faa8    00000030     release_pem4f.oem4f (.text:ti_sysbios_knl_Semaphore_construct)
                  0000fad8    00000030     sysbios.aem4f : BIOS.obj (.text:ti_sysbios_knl_Semaphore_pendTimeout__I)
                  0000fb08    00000030                   : BIOS.obj (.text:ti_sysbios_knl_Task_processVitalTaskFlag__I)
                  0000fb38    00000030                   : BIOS.obj (.text:ti_sysbios_knl_Task_restore__E)
                  0000fb68    00000030                   : BIOS.obj (.text:ti_sysbios_knl_Task_unblockI__E)
                  0000fb98    00000030                   : BIOS.obj (.text:xdc_runtime_System_processAtExit__E)
                  0000fbc8    0000002e                   : BIOS.obj (.text:pthread_setcancelstate)
                  0000fbf6    0000002e     rtsv7M4_T_le_v4SPD16_eabi.lib : i_tofd_t2.asm.obj (.text)
                  0000fc24    0000002c     encoder.obj (.text:ENCODER_1A_CB)
                  0000fc50    0000002c     encoder.obj (.text:ENCODER_1B_CB)
                  0000fc7c    0000002c     encoder.obj (.text:ENCODER_2A_CB)
                  0000fca8    0000002c     encoder.obj (.text:ENCODER_2B_CB)
                  0000fcd4    0000002c     encoder.obj (.text:ENCODER_3A_CB)
                  0000fd00    0000002c     encoder.obj (.text:ENCODER_3B_CB)
                  0000fd2c    0000002c     encoder.obj (.text:ENCODER_4A_CB)
                  0000fd58    0000002c     encoder.obj (.text:ENCODER_4B_CB)
                  0000fd84    0000002c     dpl_msp432p401x.aem4f : PowerMSP432_tirtos.oem4f (.text:PowerMSP432_updateFreqs)
                  0000fdb0    0000002c     msp432p4xx_driverlib.lib : rtc_c.o (.text:RTC_C_holdClock)
                  0000fddc    0000002c     dpl_msp432p401x.aem4f : SemaphoreP_tirtos.oem4f (.text:SemaphoreP_createBinary)
                  0000fe08    0000002c     sysbios.aem4f : BIOS.obj (.text:_pthread_cleanupFxn)
                  0000fe34    00000004     --HOLE-- [fill = 0]
                  0000fe38    0000002c                   : BIOS.obj (.text:_pthread_delete$43)
                  0000fe64    0000002c     ec11.obj (.text:ec11_read)
                  0000fe90    0000002c     spi_lcd.obj (.text:lcd_drawpoint)
                  0000febc    0000002c     drivers_msp432p401x.aem4f : TimerMSP432.oem4f (.text:perfChangeNotifyFxn)
                  0000fee8    0000002c     release_pem4f.oem4f (.text:ti_sysbios_gates_GateHwi_Handle__label__S)
                  0000ff14    0000002c     release_pem4f.oem4f (.text:ti_sysbios_gates_GateMutex_Handle__label__S)
                  0000ff40    0000002c     release_pem4f.oem4f (.text:ti_sysbios_heaps_HeapMem_Handle__label__S)
                  0000ff6c    0000002c     release_pem4f.oem4f (.text:ti_sysbios_knl_Clock_doTick__I)
                  0000ff98    0000002c     release_pem4f.oem4f (.text:ti_sysbios_knl_Event_construct)
                  0000ffc4    0000002c     release_pem4f.oem4f (.text:ti_sysbios_knl_Queue_construct)
                  0000fff0    0000002c     uart.obj (.text:uart1ReadCallback)
                  0001001c    0000002c     uart.obj (.text:uart2ReadCallback)
                  00010048    0000002a     display.aem4f : Display.oem4f (.text:Display_doPrintf)
                  00010072    0000002a     drivers_msp432p401x.aem4f : SPIMSP432DMA.oem4f (.text:perfChangeNotifyFxn)
                  0001009c    00000028     msp432p4xx_driverlib.lib : adc14.o (.text:ADC14_getResult)
                  000100c4    00000028     display.aem4f : Display.oem4f (.text:Display_doInit)
                  000100ec    00000028     msp432p4xx_driverlib.lib : pcm.o (.text:PCM_gotoLPM0)
                  00010114    00000028     drivers_msp432p401x.aem4f : PowerMSP432.oem4f (.text:Power_registerNotify)
                  0001013c    00000028     msp432p4xx_driverlib.lib : spi.o (.text:SPI_getInterruptStatus)
                  00010164    00000028     drivers_msp432p401x.aem4f : PowerMSP432.oem4f (.text:disableFaultCounter)
                  0001018c    00000028                               : PowerMSP432.oem4f (.text:disableHFXT)
                  000101b4    00000028                               : UARTMSP432.oem4f (.text:findBaudDividerIndex)
                  000101dc    00000028     sysbios.aem4f : m3_Hwi_asm.obj (.text:ti_sysbios_family_arm_m3_Hwi_excHandlerAsm__I)
                  00010204    00000004     --HOLE-- [fill = 0]
                  00010208    00000028                   : BIOS.obj (.text:ti_sysbios_knl_Clock_addI__E)
                  00010230    00000028                   : BIOS.obj (.text:ti_sysbios_knl_Swi_Module_startup__E)
                  00010258    00000026     drivers_msp432p401x.aem4f : List.oem4f (.text:List_put)
                  0001027e    00000026                               : List.oem4f (.text:List_remove)
                  000102a4    00000026                               : PWMTimerMSP432.oem4f (.text:releaseConstraints)
                  000102ca    00000026     sysbios.aem4f : m3_Hwi_asm.obj (.text:ti_sysbios_family_arm_m3_Hwi_pendSV__I)
                  000102f0    00000024     msp432p4xx_driverlib.lib : wdt_a.o (.text:WDT_A_holdTimer)
                  00010314    00000004     --HOLE-- [fill = 0]
                  00010318    00000024     sysbios.aem4f : BIOS.obj (.text:pthread_attr_init)
                  0001033c    00000024     release_pem4f.oem4f (.text:ti_sysbios_BIOS_registerRTSLock__I)
                  00010360    00000024     release_pem4f.oem4f (.text:ti_sysbios_BIOS_removeRTSLock__I)
                  00010384    00000004     --HOLE-- [fill = 0]
                  00010388    00000024     sysbios.aem4f : BIOS.obj (.text:ti_sysbios_family_arm_msp432_ClockFreqs_setFrequency__E)
                  000103ac    00000024     release_pem4f.oem4f (.text:ti_sysbios_gates_GateMutex_Object__delete__S)
                  000103d0    00000024     sysbios.aem4f : BIOS.obj (.text:ti_sysbios_knl_Clock_Module_startup__E)
                  000103f4    00000024     release_pem4f.oem4f (.text:ti_sysbios_knl_Clock_Object__delete__S)
                  00010418    00000024     sysbios.aem4f : BIOS.obj (.text:ti_sysbios_knl_Clock_start__E)
                  0001043c    00000004     --HOLE-- [fill = 0]
                  00010440    00000024                   : BIOS.obj (.text:ti_sysbios_knl_Semaphore_Instance_init__E)
                  00010464    00000024     release_pem4f.oem4f (.text:ti_sysbios_knl_Semaphore_Object__delete__S)
                  00010488    00000024     sysbios.aem4f : BIOS.obj (.text:ti_sysbios_knl_Task_restoreHwi__E)
                  000104ac    00000004     --HOLE-- [fill = 0]
                  000104b0    00000024                   : BIOS.obj (.text:xdc_runtime_Error_policyMin__E)
                  000104d4    00000022     drivers_msp432p401x.aem4f : LED.oem4f (.text:LED_stopBlinking)
                  000104f6    00000022     ui.obj (.text:is_number)
                  00010518    00000020     msp432p4xx_driverlib.lib : cs.o (.text:CS_setExternalClockSourceFrequency)
                  00010538    00000020     drivers_msp432p401x.aem4f : GPIOMSP432.oem4f (.text:GPIO_read)
                  00010558    00000020                               : PowerMSP432.oem4f (.text:Power_unregisterNotify)
                  00010578    00000020                               : RingBuf.oem4f (.text:RingBuf_peek)
                  00010598    00000020     rtsv7M4_T_le_v4SPD16_eabi.lib : u_tofd_t2.asm.obj (.text)
                  000105b8    00000020     release_pem4f.oem4f (.text:ti_sysbios_BIOS_rtsLock__I)
                  000105d8    00000020     release_pem4f.oem4f (.text:ti_sysbios_family_arm_m3_Hwi_Object__delete__S)
                  000105f8    00000020     sysbios.aem4f : BIOS.obj (.text:ti_sysbios_family_arm_m3_Hwi_clearInterrupt__E)
                  00010618    00000020     release_pem4f.oem4f (.text:ti_sysbios_gates_GateHwi_Object__delete__S)
                  00010638    00000020     release_pem4f.oem4f (.text:ti_sysbios_heaps_HeapMem_Object__delete__S)
                  00010658    00000020     sysbios.aem4f : BIOS.obj (.text:ti_sysbios_knl_Idle_run__E)
                  00010678    00000020     release_pem4f.oem4f (.text:ti_sysbios_knl_Semaphore_destruct)
                  00010698    00000020     release_pem4f.oem4f (.text:ti_sysbios_knl_Task_Object__delete__S)
                  000106b8    0000001e     drivers_msp432p401x.aem4f : PWMTimerMSP432.oem4f (.text:corroboratePeriod)
                  000106d6    0000001e                               : Button.oem4f (.text:msToTicks)
                  000106f4    0000001e                               : LED.oem4f (.text:msToTicks)
                  00010712    0000001e     sysbios.aem4f : m3_Hwi_asm_switch.obj (.text:ti_sysbios_family_xxx_Hwi_switchAndRunFunc)
                  00010730    0000001c     ti_drivers_config.obj (.text:dmaErrorFxn)
                  0001074c    0000001c     rtsv7M4_T_le_v4SPD16_eabi.lib : memccpy.c.obj (.text:memccpy)
                  00010768    0000001c     sysbios.aem4f : BIOS.obj (.text:ti_sysbios_family_arm_m3_Hwi_excHandler__I)
                  00010784    00000004     --HOLE-- [fill = 0]
                  00010788    0000001c                   : BIOS.obj (.text:ti_sysbios_gates_GateMutex_Instance_init__E)
                  000107a4    00000004     --HOLE-- [fill = 0]
                  000107a8    0000001c                   : BIOS.obj (.text:ti_sysbios_knl_Clock_Instance_finalize__E)
                  000107c4    0000001c     release_pem4f.oem4f (.text:ti_sysbios_knl_Queue_destruct)
                  000107e0    0000001c     sysbios.aem4f : BIOS.obj (.text:ti_sysbios_knl_Queue_put__E)
                  000107fc    00000004     --HOLE-- [fill = 0]
                  00010800    0000001c                   : BIOS.obj (.text:ti_sysbios_knl_Task_enter__I)
                  0001081c    00000004     --HOLE-- [fill = 0]
                  00010820    0000001c                   : BIOS.obj (.text:ti_sysbios_rts_ti_ReentSupport_getReent__F)
                  0001083c    00000004     --HOLE-- [fill = 0]
                  00010840    0000001c                   : BIOS.obj (.text:xdc_runtime_Memory_valloc__E)
                  0001085c    00000004     --HOLE-- [fill = 0]
                  00010860    0000001c                   : BIOS.obj (.text:xdc_runtime_System_abort__E)
                  0001087c    0000001a     drivers_msp432p401x.aem4f : LED.oem4f (.text:LED_toggle)
                  00010896    0000001a     rtsv7M4_T_le_v4SPD16_eabi.lib : s_copysign.c.obj (.text:copysign)
                  000108b0    00000018     release_pem4f.oem4f (.text:.bootCodeSection:ti_sysbios_family_arm_msp432_init_Boot_init__I)
                  000108c8    00000018     msp432p4xx_driverlib.lib : spi.o (.text:EUSCI_A_SPI_getInterruptStatus)
                  000108e0    00000018                              : spi.o (.text:EUSCI_B_SPI_getInterruptStatus)
                  000108f8    00000018     drivers_msp432p401x.aem4f : I2C.oem4f (.text:I2C_transfer)
                  00010910    00000018     msp432p4xx_driverlib.lib : sysctl_a.o (.text:SysCtl_A_disableNMISource)
                  00010928    00000018                              : sysctl_a.o (.text:SysCtl_A_enableNMISource)
                  00010940    00000018     drivers_msp432p401x.aem4f : UART.oem4f (.text:UART_Params_init)
                  00010958    00000018     rtsv7M4_T_le_v4SPD16_eabi.lib : args_main.c.obj (.text:_args_main)
                  00010970    00000018                                   : sprintf.c.obj (.text:_outs)
                  00010988    00000018     drivers_msp432p401x.aem4f : PWMTimerMSP432.oem4f (.text:corroborateDuty)
                  000109a0    00000018     release_pem4f.oem4f (.text:ti_sysbios_BIOS_rtsUnlock__I)
                  000109b8    00000018     release_pem4f.oem4f (.text:ti_sysbios_family_arm_m3_Hwi_Module__startupDone__F)
                  000109d0    00000018     sysbios.aem4f : m3_TaskSupport_asm.obj (.text:ti_sysbios_family_arm_m3_TaskSupport_swap__E)
                  000109e8    00000018     release_pem4f.oem4f (.text:ti_sysbios_family_arm_msp432_Timer_Module__startupDone__F)
                  00010a00    00000018     sysbios.aem4f : BIOS.obj (.text:ti_sysbios_gates_GateMutex_leave__E)
                  00010a18    00000018                   : BIOS.obj (.text:ti_sysbios_knl_Task_sleepTimeout__I)
                  00010a30    00000018     release_pem4f.oem4f (.text:ti_sysbios_rts_ti_ReentSupport_getTlsAddr__I)
                  00010a48    00000018     sysbios.aem4f : BIOS.obj (.text:xdc_runtime_Error_init__E)
                  00010a60    00000018                   : BIOS.obj (.text:xdc_runtime_System_exit__E)
                  00010a78    00000016     display.aem4f : DisplayUart.oem4f (.text:DisplayUartMin_close)
                  00010a8e    00000016     rtsv7M4_T_le_v4SPD16_eabi.lib : strchr.c.obj (.text:strchr)
                  00010aa4    00000016     release_pem4f.oem4f (.text:ti_sysbios_BIOS_exitFunc__I)
                  00010aba    00000016     main_tirtos.obj (.text:ti_sysbios_knl_Clock_Params_init)
                  00010ad0    00000016     uart.obj (.text:ti_sysbios_knl_Event_Params_init)
                  00010ae6    00000002     --HOLE-- [fill = 0]
                  00010ae8    00000016     sysbios.aem4f : BIOS.obj (.text:ti_sysbios_knl_Task_unblock__E)
                  00010afe    00000002     --HOLE-- [fill = 0]
                  00010b00    00000014     msp432p4xx_driverlib.lib : pcm.o (.text:PCM_getPowerState)
                  00010b14    00000014     drivers_msp432p401x.aem4f : PWM.oem4f (.text:PWM_Params_init)
                  00010b28    00000014                               : PowerMSP432.oem4f (.text:Power_idleFunc)
                  00010b3c    00000014                               : SPI.oem4f (.text:SPI_Params_init)
                  00010b50    00000014                               : UARTMSP432.oem4f (.text:clearTXCPTIFG)
                  00010b64    00000004     --HOLE-- [fill = 0]
                  00010b68    00000014     sysbios.aem4f : BIOS.obj (.text:pthread_attr_setschedparam)
                  00010b7c    00000014     rtsv7M4_T_le_v4SPD16_eabi.lib : strlen.c.obj (.text:strlen)
                  00010b90    00000014     release_pem4f.oem4f (.text:ti_sysbios_family_arm_m3_Hwi_Object__get__S)
                  00010ba4    00000004     --HOLE-- [fill = 0]
                  00010ba8    00000014     sysbios.aem4f : BIOS.obj (.text:ti_sysbios_family_arm_m3_Hwi_switchFromBootStack__E)
                  00010bbc    00000014     release_pem4f.oem4f (.text:ti_sysbios_heaps_HeapMem_Object__get__S)
                  00010bd0    00000014     sysbios.aem4f : BIOS.obj (.text:ti_sysbios_knl_Event_Instance_init__E)
                  00010be4    00000014     release_pem4f.oem4f (.text:ti_sysbios_knl_Swi_Object__get__S)
                  00010bf8    00000014     drivers_msp432p401x.aem4f : Button.oem4f (.text:ticksToMs)
                  00010c0c    00000014                               : Button.oem4f (.text:timediff)
                  00010c20    00000012                               : LED.oem4f (.text:LED_Params_init)
                  00010c32    00000012                               : RingBuf.oem4f (.text:RingBuf_construct)
                  00010c44    00000012     dpl_msp432p401x.aem4f : SemaphoreP_tirtos.oem4f (.text:SemaphoreP_pend)
                  00010c56    00000002     --HOLE-- [fill = 0]
                  00010c58    00000012     sysbios.aem4f : BIOS.obj (.text:_pthread_cleanup_pop)
                  00010c6a    00000006     display.aem4f : DisplayUart.oem4f (.text:DisplayUartMin_getType)
                  00010c70    00000012     sysbios.aem4f : BIOS.obj (.text:_pthread_runStub$43)
                  00010c82    00000006     display.aem4f : Display.oem4f (.text:Display_doParamsInit)
                  00010c88    00000012     sysbios.aem4f : BIOS.obj (.text:ti_sysbios_hal_Hwi_Module_startup__E)
                  00010c9a    00000012     rtsv7M4_T_le_v4SPD16_eabi.lib : wcslen.c.obj (.text:wcslen)
                  00010cac    00000012     release_pem4f.oem4f (.text:xdc_runtime_Startup_exec__I)
                  00010cbe    00000002     --HOLE-- [fill = 0]
                  00010cc0    00000010     msp432p4xx_driverlib.lib : adc14.o (.text:ADCIsConversionRunning)
                  00010cd0    00000010     drivers_msp432p401x.aem4f : Button.oem4f (.text:Button_Params_init)
                  00010ce0    00000010                               : GPIOMSP432.oem4f (.text:GPIO_getConfig)
                  00010cf0    00000010     dpl_msp432p401x.aem4f : HwiP_tirtos.oem4f (.text:HwiP_Params_init)
                  00010d00    00000010     drivers_msp432p401x.aem4f : I2C.oem4f (.text:I2C_Params_init)
                  00010d10    00000010     msp432p4xx_driverlib.lib : pcm.o (.text:PCM_gotoLPM4)
                  00010d20    00000010                              : pcm.o (.text:PCM_setPowerMode)
                  00010d30    00000010                              : pcm.o (.text:PCM_setPowerState)
                  00010d40    00000010     drivers_msp432p401x.aem4f : PowerMSP432.oem4f (.text:PowerMSP432_getNumPerfLevels)
                  00010d50    00000010     msp432p4xx_driverlib.lib : sysctl_a.o (.text:SysCtl_A_getNMISourceStatus)
                  00010d60    00000010                              : sysctl.o (.text:SysCtl_getNMISourceStatus)
                  00010d70    00000010     drivers_msp432p401x.aem4f : Timer.oem4f (.text:Timer_Params_init)
                  00010d80    00000010                               : UARTMSP432.oem4f (.text:readBlockingTimeout)
                  00010d90    00000010     sysbios.aem4f : BIOS.obj (.text:ti_sysbios_BIOS_exit__E)
                  00010da0    00000010                   : BIOS.obj (.text:ti_sysbios_BIOS_setCpuFreq__E)
                  00010db0    00000010                   : BIOS.obj (.text:ti_sysbios_BIOS_setThreadType__E)
                  00010dc0    00000010                   : BIOS.obj (.text:ti_sysbios_BIOS_start__E)
                  00010dd0    00000010                   : m3_TaskSupport_asm.obj (.text:ti_sysbios_family_arm_m3_TaskSupport_glue)
                  00010de0    00000010                   : BIOS.obj (.text:ti_sysbios_family_arm_msp432_init_Boot_disableWatchdog)
                  00010df0    00000010                   : BIOS.obj (.text:ti_sysbios_gates_GateMutex_Instance_finalize__E)
                  00010e00    00000010     release_pem4f.oem4f (.text:ti_sysbios_knl_Mailbox_Object__get__S)
                  00010e10    00000010     sysbios.aem4f : BIOS.obj (.text:ti_sysbios_knl_Semaphore_Instance_finalize__E)
                  00010e20    00000010                   : BIOS.obj (.text:ti_sysbios_knl_Swi_disable__E)
                  00010e30    00000010     release_pem4f.oem4f (.text:ti_sysbios_knl_Task_Object__get__S)
                  00010e40    00000010     sysbios.aem4f : BIOS.obj (.text:ti_sysbios_knl_Task_disable__E)
                  00010e50    00000010                   : BIOS.obj (.text:xdc_runtime_Gate_leaveSystem__E)
                  00010e60    00000010                   : BIOS.obj (.text:xdc_runtime_Memory_free__E)
                  00010e70    00000010                   : BIOS.obj (.text:xdc_runtime_SysCallback_abort__E)
                  00010e80    00000010                   : BIOS.obj (.text:xdc_runtime_SysCallback_exit__E)
                  00010e90    00000010                   : BIOS.obj (.text:xdc_runtime_SysCallback_putch__E)
                  00010ea0    00000010                   : BIOS.obj (.text:xdc_runtime_SysCallback_ready__E)
                  00010eb0    00000010                   : BIOS.obj (.text:xdc_runtime_System_vsnprintf__E)
                  00010ec0    0000000e     console.obj (.text:consoleThread)
                  00010ece    0000000e     rtsv7M4_T_le_v4SPD16_eabi.lib : copy_decompress_none.c.obj (.text:decompress:none:__TI_decompress_none)
                  00010edc    00000004     --HOLE-- [fill = 0]
                  00010ee0    0000000e     sysbios.aem4f : BIOS.obj (.text:pthread_attr_setdetachstate)
                  00010eee    00000002     --HOLE-- [fill = 0]
                  00010ef0    0000000e                   : BIOS.obj (.text:ti_sysbios_knl_Idle_loop__E)
                  00010efe    00000002     --HOLE-- [fill = 0]
                  00010f00    0000000e                   : BIOS.obj (.text:ti_sysbios_knl_Queue_empty__E)
                  00010f0e    0000000e     spi_lcd.obj (.text:timerCallback)
                  00010f1c    0000000e     uart.obj (.text:uart2WriteCallback)
                  00010f2a    0000000e     uart.obj (.text:uart3ReadCallback)
                  00010f38    0000000e     uart.obj (.text:uart3WriteCallback)
                  00010f46    0000000e     uart.obj (.text:uartWriteCallback)
                  00010f54    0000000c     ti_drivers_config.obj (.text:Board_init)
                  00010f60    0000000c     msp432p4xx_driverlib.lib : cpu.o (.text:CPU_cpsid)
                  00010f6c    0000000c                              : cpu.o (.text:CPU_cpsie)
                  00010f78    0000000c     dpl_msp432p401x.aem4f : ClockP_tirtos.oem4f (.text:ClockP_delete)
                  00010f84    0000000c                           : ClockP_tirtos.oem4f (.text:ClockP_getSystemTickPeriod)
                  00010f90    0000000c                           : HwiP_tirtos.oem4f (.text:HwiP_delete)
                  00010f9c    0000000c     ui.obj (.text:Invalidate)
                  00010fa8    0000000c     drivers_msp432p401x.aem4f : PowerMSP432.oem4f (.text:Power_getConstraintMask)
                  00010fb4    0000000c                               : PowerMSP432.oem4f (.text:Power_getPerformanceLevel)
                  00010fc0    0000000c     dpl_msp432p401x.aem4f : SemaphoreP_tirtos.oem4f (.text:SemaphoreP_delete)
                  00010fcc    0000000c     rtsv7M4_T_le_v4SPD16_eabi.lib : _lock.c.obj (.text:_register_lock)
                  00010fd8    0000000c                                   : _lock.c.obj (.text:_register_unlock)
                  00010fe4    0000000c                                   : copy_zero_init.c.obj (.text:decompress:ZI:__TI_zero_init)
                  00010ff0    0000000c     encoder.obj (.text:get_encoder1)
                  00010ffc    0000000c     encoder.obj (.text:get_encoder2)
                  00011008    0000000c     encoder.obj (.text:get_encoder3)
                  00011014    0000000c     encoder.obj (.text:get_encoder4)
                  00011020    0000000c     sysbios.aem4f : BIOS.obj (.text:pthread_self)
                  0001102c    0000000c     release_pem4f.oem4f (.text:ti_sysbios_family_arm_m3_Hwi_Params__init__S)
                  00011038    0000000c     sysbios.aem4f : BIOS.obj (.text:ti_sysbios_family_arm_m3_Hwi_disableFxn__E)
                  00011044    00000004     --HOLE-- [fill = 0]
                  00011048    0000000c                   : BIOS.obj (.text:ti_sysbios_family_arm_m3_TaskSupport_getStackAlignment__E)
                  00011054    00000004     --HOLE-- [fill = 0]
                  00011058    0000000c                   : BIOS.obj (.text:ti_sysbios_family_arm_msp432_Timer_getMaxTicks__E)
                  00011064    00000004     --HOLE-- [fill = 0]
                  00011068    0000000c                   : BIOS.obj (.text:ti_sysbios_gates_GateHwi_enter__E)
                  00011074    0000000c     release_pem4f.oem4f (.text:ti_sysbios_knl_Clock_Params__init__S)
                  00011080    0000000c     sysbios.aem4f : BIOS.obj (.text:ti_sysbios_knl_Clock_getTicks__E)
                  0001108c    0000000c     release_pem4f.oem4f (.text:ti_sysbios_knl_Event_Params__init__S)
                  00011098    0000000c     uart.obj (.text:ti_sysbios_knl_Event_handle)
                  000110a4    0000000c     release_pem4f.oem4f (.text:ti_sysbios_knl_Queue_Object__get__S)
                  000110b0    0000000c     release_pem4f.oem4f (.text:ti_sysbios_knl_Semaphore_Params__init__S)
                  000110bc    0000000c     release_pem4f.oem4f (.text:ti_sysbios_knl_Task_Params__init__S)
                  000110c8    0000000c     sysbios.aem4f : BIOS.obj (.text:ti_sysbios_knl_Task_self__E)
                  000110d4    00000004     --HOLE-- [fill = 0]
                  000110d8    0000000c                   : BIOS.obj (.text:ti_sysbios_rts_ti_ReentSupport_taskRegHook__I)
                  000110e4    00000004     --HOLE-- [fill = 0]
                  000110e8    0000000c                   : BIOS.obj (.text:xdc_runtime_Gate_enterSystem__E)
                  000110f4    00000004     --HOLE-- [fill = 0]
                  000110f8    0000000c                   : BIOS.obj (.text:xdc_runtime_Startup_rtsDone__E)
                  00011104    0000000a     drivers_msp432p401x.aem4f : ADC.oem4f (.text:ADC_Params_init)
                  0001110e    0000000a                               : ADC.oem4f (.text:ADC_convert)
                  00011118    0000000a     dpl_msp432p401x.aem4f : ClockP_tirtos.oem4f (.text:ClockP_Params_init)
                  00011122    0000000a     drivers_msp432p401x.aem4f : PWM.oem4f (.text:PWM_close)
                  0001112c    0000000a                               : PWM.oem4f (.text:PWM_setDuty)
                  00011136    0000000a                               : PWM.oem4f (.text:PWM_setPeriod)
                  00011140    0000000a                               : PWM.oem4f (.text:PWM_start)
                  0001114a    0000000a                               : SPI.oem4f (.text:SPI_transfer)
                  00011154    0000000a                               : Timer.oem4f (.text:Timer_start)
                  0001115e    0000000a                               : UART.oem4f (.text:UART_close)
                  00011168    0000000a                               : UART.oem4f (.text:UART_control)
                  00011172    0000000a                               : UART.oem4f (.text:UART_read)
                  0001117c    0000000a                               : UART.oem4f (.text:UART_write)
                  00011186    0000000a     rtsv7M4_T_le_v4SPD16_eabi.lib : sprintf.c.obj (.text:_outc)
                  00011190    0000000a     ui.obj (.text:gotoMainMenuView)
                  0001119a    0000000a     release_pem4f.oem4f (.text:xdc_runtime_IHeap_alloc)
                  000111a4    0000000a     release_pem4f.oem4f (.text:xdc_runtime_IHeap_free)
                  000111ae    00000008     drivers_msp432p401x.aem4f : Button.oem4f (.text:Button_getLastPressedDuration)
                  000111b6    00000008     ec11.obj (.text:EC11_GPIO_Init)
                  000111be    00000008     drivers_msp432p401x.aem4f : LED.oem4f (.text:LED_getState)
                  000111c6    00000008     dpl_msp432p401x.aem4f : SemaphoreP_tirtos.oem4f (.text:SemaphoreP_Params_init)
                  000111ce    00000008     drivers_msp432p401x.aem4f : I2CMSP432.oem4f (.text:blockingTransferCallback)
                  000111d6    00000008                               : SPIMSP432DMA.oem4f (.text:blockingTransferCallback)
                  000111de    00000002     --HOLE-- [fill = 0]
                  000111e0    00000008     sysbios.aem4f : BIOS.obj (.text:pthread_attr_setstacksize)
                  000111e8    00000008     drivers_msp432p401x.aem4f : UARTMSP432.oem4f (.text:readSemCallback)
                  000111f0    00000008     sysbios.aem4f : BIOS.obj (.text:ti_sysbios_family_arm_m3_Hwi_doSwiRestore__I)
                  000111f8    00000008                   : BIOS.obj (.text:ti_sysbios_family_arm_m3_Hwi_startup__E)
                  00011200    00000008     drivers_msp432p401x.aem4f : UARTMSP432.oem4f (.text:txcptEnabledStatus)
                  00011208    00000008                               : UARTMSP432.oem4f (.text:writeSemCallback)
                  00011210    00000006                               : I2CMSP432.oem4f (.text:I2CMSP432_control)
                  00011216    00000006                               : PWMTimerMSP432.oem4f (.text:PWMTimerMSP432_control)
                  0001121c    00000006                               : PWMTimerMSP432.oem4f (.text:PWMTimerMSP432_setDutyAndPeriod)
                  00011222    00000006                               : SPIMSP432DMA.oem4f (.text:SPIMSP432DMA_control)
                  00011228    00000006                               : TimerMSP432.oem4f (.text:TimerMSP432_control)
                  0001122e    00000002     --HOLE-- [fill = 0]
                  00011230    00000006     sysbios.aem4f : BIOS.obj (.text:ti_sysbios_family_arm_m3_Hwi_doTaskRestore__I)
                  00011236    00000002     --HOLE-- [fill = 0]
                  00011238    00000006                   : BIOS.obj (.text:ti_sysbios_family_arm_m3_Hwi_restoreFxn__E)
                  0001123e    00000002     --HOLE-- [fill = 0]
                  00011240    00000006                   : BIOS.obj (.text:ti_sysbios_gates_GateHwi_leave__E)
                  00011246    00000002     --HOLE-- [fill = 0]
                  00011248    00000006                   : BIOS.obj (.text:ti_sysbios_heaps_HeapMem_isBlocking__E)
                  0001124e    00000002     --HOLE-- [fill = 0]
                  00011250    00000006                   : BIOS.obj (.text:ti_sysbios_knl_Clock_stop__E)
                  00011256    00000002     --HOLE-- [fill = 0]
                  00011258    00000006                   : BIOS.obj (.text:ti_sysbios_knl_Queue_Instance_init__E)
                  0001125e    00000002     --HOLE-- [fill = 0]
                  00011260    00000006                   : BIOS.obj (.text:ti_sysbios_knl_Swi_startup__E)
                  00011266    00000002     --HOLE-- [fill = 0]
                  00011268    00000006                   : BIOS.obj (.text:xdc_runtime_System_Module_startup__E)
                  0001126e    00000002     --HOLE-- [fill = 0]
                  00011270    00000004                   : BIOS.obj (.text:__aeabi_errno_addr)
                  00011274    00000004     --HOLE-- [fill = 0]
                  00011278    00000004                   : BIOS.obj (.text:ti_sysbios_gates_GateHwi_query__E)
                  0001127c    00000004     --HOLE-- [fill = 0]
                  00011280    00000004                   : BIOS.obj (.text:ti_sysbios_gates_GateMutex_query__E)
                  00011284    00000004     --HOLE-- [fill = 0]
                  00011288    00000004                   : BIOS.obj (.text:ti_sysbios_knl_Clock_setTimeout__E)
                  0001128c    00000004     --HOLE-- [fill = 0]
                  00011290    00000004                   : BIOS.obj (.text:ti_sysbios_knl_Task_startup__E)
                  00011294    00000004     --HOLE-- [fill = 0]
                  00011298    00000004                   : BIOS.obj (.text:xdc_runtime_SysCallback_defaultReady)
                  0001129c    00000004     --HOLE-- [fill = 0]
                  000112a0    00000002                   : BIOS.obj (.text:ti_sysbios_BIOS_linkedWithIncorrectBootLibrary__E)
                  000112a2    00000006     --HOLE-- [fill = 0]
                  000112a8    00000002                   : BIOS.obj (.text:ti_sysbios_gates_GateHwi_Instance_init__E)
                  000112aa    00000006     --HOLE-- [fill = 0]
                  000112b0    00000002                   : BIOS.obj (.text:ti_sysbios_knl_Clock_logTick__E)
                  000112b2    00000006     --HOLE-- [fill = 0]
                  000112b8    00000002                   : BIOS.obj (.text:xdc_runtime_SysCallback_defaultAbort)
                  000112ba    00000006     --HOLE-- [fill = 0]
                  000112c0    00000002                   : BIOS.obj (.text:xdc_runtime_SysCallback_defaultExit)
                  000112c2    00000006     --HOLE-- [fill = 0]
                  000112c8    00000002                   : BIOS.obj (.text:xdc_runtime_SysCallback_defaultPutch)
                  000112ca    00000006     --HOLE-- [fill = 0]
                  000112d0    00000002                   : BIOS.obj (.text:xdc_runtime_System_abortSpin__E)
                  000112d2    00000006     --HOLE-- [fill = 0]
                  000112d8    00000002                   : BIOS.obj (.text:xdc_runtime_System_exitSpin__E)

.const     0    000112e0    000017ac     
                  000112e0    000005f0     lcd_font.obj (.const:tft_ascii)
                  000118d0    00000158     rtsv7M4_T_le_v4SPD16_eabi.lib : k_rem_pio2.c.obj (.const:$O1$$)
                  00011a28    00000150     ui.obj (.const:$P$T14$16)
                  00011b78    00000118     ui.obj (.const:$P$T4$6)
                  00011c90    00000101     rtsv7M4_T_le_v4SPD16_eabi.lib : ctype.c.obj (.const:.string:_ctypes_)
                  00011d91    00000002     ti_drivers_config.obj (.const:ButtonHWAttrs)
                  00011d93    00000001     display.aem4f : Display.oem4f (.const:Display_defaultParams)
                  00011d94    000000b0     ti_drivers_config.obj (.const:uartMSP432HWAttrs)
                  00011e44    00000080     msp432p4xx_driverlib.lib : adc14.o (.const:_ctlRegs)
                  00011ec4    00000078     ti_drivers_config.obj (.const:PWM_config)
                  00011f3c    00000070     ui.obj (.const:$P$T13$15)
                  00011fac    00000060     ui.obj (.const:$P$T3$4)
                  0001200c    00000054     ui.obj (.const:$P$T8$10)
                  00012060    00000050     ti_drivers_config.obj (.const:pwmTimerMSP432HWAttrs)
                  000120b0    00000050     drivers_msp432p401x.aem4f : TimerMSP432.oem4f (.const:timerADividers)
                  00012100    00000050     ti_drivers_config.obj (.const:uartMSP432Baudrates)
                  00012150    00000048     ti_drivers_config.obj (.const:spiMSP432DMAHWAttrs)
                  00012198    0000003c     release_pem4f.oem4f (.const:ti_sysbios_knl_Task_Object__PARAMS__C)
                  000121d4    00000038     ti_drivers_config.obj (.const:PowerMSP432_config)
                  0001220c    00000030     ti_drivers_config.obj (.const:UART_config)
                  0001223c    00000030     release_pem4f.oem4f (.const:ti_sysbios_family_arm_m3_Hwi_Object__PARAMS__C)
                  0001226c    00000028     drivers_msp432p401x.aem4f : UARTMSP432.oem4f (.const:UARTMSP432_fxnTable)
                  00012294    00000028     ti_drivers_config.obj (.const:i2cMSP432HWAttrs)
                  000122bc    00000028     release_pem4f.oem4f (.const:ti_sysbios_heaps_HeapMem_Module__FXNS__C)
                  000122e4    00000024     ui.obj (.const:$P$T0$1)
                  00012308    00000024     ui.obj (.const:$P$T1$2)
                  0001232c    00000024     ui.obj (.const:$P$T2$3)
                  00012350    00000024     drivers_msp432p401x.aem4f : PWMTimerMSP432.oem4f (.const:PWMTimerMSP432_fxnTable)
                  00012374    00000024                               : UART.oem4f (.const:UART_defaultParams)
                  00012398    00000024     release_pem4f.oem4f (.const:ti_sysbios_gates_GateHwi_Module__FXNS__C)
                  000123bc    00000024     release_pem4f.oem4f (.const:ti_sysbios_gates_GateMutex_Module__FXNS__C)
                  000123e0    00000024     release_pem4f.oem4f (.const:ti_sysbios_heaps_HeapMem_Object__PARAMS__C)
                  00012404    00000024     release_pem4f.oem4f (.const:ti_sysbios_knl_Clock_Object__PARAMS__C)
                  00012428    00000024     release_pem4f.oem4f (.const:ti_sysbios_knl_Semaphore_Object__PARAMS__C)
                  0001244c    00000024     release_pem4f.oem4f (.const:xdc_runtime_Startup_sfxnTab__A)
                  00012470    00000020     display.aem4f : DisplayUart.oem4f (.const:DisplayUartMin_fxnTable)
                  00012490    00000020     drivers_msp432p401x.aem4f : SPI.oem4f (.const:SPI_defaultParams)
                  000124b0    00000020     ti_drivers_config.obj (.const:TimerMSP432HWAttrs)
                  000124d0    00000020     drivers_msp432p401x.aem4f : TimerMSP432.oem4f (.const:TimerMSP432_Timer32_fxnTable)
                  000124f0    00000020     ti_drivers_config.obj (.const:adcMSP432HWAttrs)
                  00012510    00000020     drivers_msp432p401x.aem4f : UARTMSP432.oem4f (.const:staticFxnTable)
                  00012530    00000020     release_pem4f.oem4f (.const:ti_sysbios_family_arm_m3_Hwi_Object__DESC__C)
                  00012550    00000020     release_pem4f.oem4f (.const:ti_sysbios_gates_GateHwi_Object__DESC__C)
                  00012570    00000020     release_pem4f.oem4f (.const:ti_sysbios_gates_GateMutex_Object__DESC__C)
                  00012590    00000020     release_pem4f.oem4f (.const:ti_sysbios_heaps_HeapMem_Object__DESC__C)
                  000125b0    00000020     release_pem4f.oem4f (.const:ti_sysbios_knl_Clock_Object__DESC__C)
                  000125d0    00000020     release_pem4f.oem4f (.const:ti_sysbios_knl_Event_Object__DESC__C)
                  000125f0    00000020     release_pem4f.oem4f (.const:ti_sysbios_knl_Queue_Object__DESC__C)
                  00012610    00000020     release_pem4f.oem4f (.const:ti_sysbios_knl_Semaphore_Object__DESC__C)
                  00012630    00000020     release_pem4f.oem4f (.const:ti_sysbios_knl_Task_Object__DESC__C)
                  00012650    0000001c     ui.obj (.const:$P$T10$12)
                  0001266c    0000001c     ui.obj (.const:$P$T11$13)
                  00012688    0000001c     ui.obj (.const:$P$T12$14)
                  000126a4    0000001c     ui.obj (.const:$P$T5$7)
                  000126c0    0000001c     ui.obj (.const:$P$T6$8)
                  000126dc    0000001c     ui.obj (.const:$P$T7$9)
                  000126f8    0000001c     ui.obj (.const:$P$T9$11)
                  00012714    00000018     drivers_msp432p401x.aem4f : ADCMSP432.oem4f (.const:ADCMSP432_fxnTable)
                  0001272c    00000018     ti_drivers_config.obj (.const:ADC_config)
                  00012744    00000018     drivers_msp432p401x.aem4f : I2CMSP432.oem4f (.const:I2CMSP432_fxnTable)
                  0001275c    00000018     ti_drivers_config.obj (.const:I2C_config)
                  00012774    00000018     drivers_msp432p401x.aem4f : PWM.oem4f (.const:PWM_defaultParams)
                  0001278c    00000018                               : SPIMSP432DMA.oem4f (.const:SPIMSP432DMA_fxnTable)
                  000127a4    00000018     ti_drivers_config.obj (.const:SPI_config)
                  000127bc    00000018     ti_drivers_config.obj (.const:Timer_config)
                  000127d4    00000018     release_pem4f.oem4f (.const:ti_sysbios_gates_GateHwi_Object__PARAMS__C)
                  000127ec    00000018     release_pem4f.oem4f (.const:ti_sysbios_gates_GateMutex_Object__PARAMS__C)
                  00012804    00000018     release_pem4f.oem4f (.const:ti_sysbios_knl_Event_Object__PARAMS__C)
                  0001281c    00000018     release_pem4f.oem4f (.const:ti_sysbios_knl_Queue_Object__PARAMS__C)
[...]
00011ec4  PWM_config                                                      
00012060  pwmTimerMSP432HWAttrs                                           
00012150  spiMSP432DMAHWAttrs                                             
00012198  ti_sysbios_knl_Task_Object__PARAMS__C                           
000121d4  PowerMSP432_config                                              
0001220c  UART_config                                                     
0001223c  ti_sysbios_family_arm_m3_Hwi_Object__PARAMS__C                  
0001226c  UARTMSP432_fxnTable                                             
00012294  i2cMSP432HWAttrs                                                
000122bc  ti_sysbios_heaps_HeapMem_Module__FXNS__C                        
00012350  PWMTimerMSP432_fxnTable                                         
00012374  UART_defaultParams                                              
00012398  ti_sysbios_gates_GateHwi_Module__FXNS__C                        
000123bc  ti_sysbios_gates_GateMutex_Module__FXNS__C                      
000123e0  ti_sysbios_heaps_HeapMem_Object__PARAMS__C                      
00012404  ti_sysbios_knl_Clock_Object__PARAMS__C                          
00012428  ti_sysbios_knl_Semaphore_Object__PARAMS__C                      
0001244c  xdc_runtime_Startup_sfxnTab__A                                  
00012470  DisplayUartMin_fxnTable                                         
00012490  SPI_defaultParams                                               
000124b0  TimerMSP432HWAttrs                                              
000124d0  TimerMSP432_Timer32_fxnTable                                    
000124f0  adcMSP432HWAttrs                                                
00012530  ti_sysbios_family_arm_m3_Hwi_Object__DESC__C                    
00012550  ti_sysbios_gates_GateHwi_Object__DESC__C                        
00012570  ti_sysbios_gates_GateMutex_Object__DESC__C                      
00012590  ti_sysbios_heaps_HeapMem_Object__DESC__C                        
000125b0  ti_sysbios_knl_Clock_Object__DESC__C                            
000125d0  ti_sysbios_knl_Event_Object__DESC__C                            
000125f0  ti_sysbios_knl_Queue_Object__DESC__C                            
00012610  ti_sysbios_knl_Semaphore_Object__DESC__C                        
00012630  ti_sysbios_knl_Task_Object__DESC__C                             
00012714  ADCMSP432_fxnTable                                              
0001272c  ADC_config                                                      
00012744  I2CMSP432_fxnTable                                              
0001275c  I2C_config                                                      
00012774  PWM_defaultParams                                               
0001278c  SPIMSP432DMA_fxnTable                                           
000127a4  SPI_config                                                      
000127bc  Timer_config                                                    
000127d4  ti_sysbios_gates_GateHwi_Object__PARAMS__C                      
000127ec  ti_sysbios_gates_GateMutex_Object__PARAMS__C                    
00012804  ti_sysbios_knl_Event_Object__PARAMS__C                          
0001281c  ti_sysbios_knl_Queue_Object__PARAMS__C                          
00012834  ti_sysbios_knl_Task_hooks__A                                    
0001284c  GPIOMSP432_config                                               
00012860  displayUartHWAttrs                                              
00012874  xdc_runtime_Startup_sfxnRts__A                                  
00012896  ti_sysbios_family_arm_m3_Hwi_Module__id__C                      
00012898  Button_config                                                   
000128a8  Button_defaultParams                                            
000128b8  I2C_defaultParams                                               
000128c8  LED_config                                                      
000128e8  Display_config                                                  
00012924  udmaMSP432HWAttrs                                               
00012930  xdc_runtime_Startup_firstFxns__A                                
0001293c  Display_count                                                   
0001293d  ADC_count                                                       
0001293e  I2C_count                                                       
0001293f  PWM_count                                                       
00012940  SPI_count                                                       
00012941  Timer_count                                                     
00012942  UART_count                                                      
00012943  Button_count                                                    
00012944  LED_count                                                       
00012945  xdc_runtime_Error_policy__C                                     
00012946  ti_sysbios_family_arm_msp432_init_Boot_bypassHFXT__C            
00012948  ADC_defaultParams                                               
00012950  LED_defaultParams                                               
00012958  UDMAMSP432_config                                               
00012968  ti_sysbios_knl_Idle_funcList__A                                 
00012970  ti_sysbios_knl_Idle_funcList__C                                 
00012978  ti_sysbios_knl_Task_hooks__C                                    
00012980  xdc_runtime_Startup_firstFxns__C                                
00012988  xdc_runtime_Startup_lastFxns__C                                 
000129aa  ti_sysbios_family_arm_msp432_init_Boot_bypassLFXT__C            
000129ac  ti_sysbios_family_arm_m3_Hwi_E_alreadyDefined__C                
000129b0  ti_sysbios_family_arm_m3_Hwi_E_badIntNum__C                     
000129b4  ti_sysbios_family_arm_m3_Hwi_NUM_INTERRUPTS__C                  
000129b8  ti_sysbios_family_arm_m3_Hwi_Object__count__C                   
000129bc  ti_sysbios_family_arm_m3_Hwi_ccr__C                             
000129c0  ti_sysbios_family_arm_m3_Hwi_excHandlerFunc__C                  
000129c4  ti_sysbios_family_arm_m3_Hwi_nullIsrFunc__C                     
000129c8  ti_sysbios_family_arm_m3_Hwi_priGroup__C                        
000129cc  ti_sysbios_family_arm_m3_Hwi_swiDisable__C                      
000129d0  ti_sysbios_family_arm_m3_Hwi_swiRestore__C                      
000129d4  ti_sysbios_family_arm_m3_TaskSupport_stackAlignment__C          
000129d8  ti_sysbios_family_arm_msp432_Timer_numTimerDevices__C           
000129dc  ti_sysbios_family_arm_msp432_Timer_startupNeeded__C             
000129e0  ti_sysbios_gates_GateMutex_Instance_State_sem__O                
000129e4  ti_sysbios_heaps_HeapMem_E_memory__C                            
000129e8  ti_sysbios_heaps_HeapMem_Module__gateObj__C                     
000129ec  ti_sysbios_heaps_HeapMem_Object__count__C                       
000129f0  ti_sysbios_heaps_HeapMem_primaryHeapBaseAddr__C                 
000129f4  ti_sysbios_heaps_HeapMem_primaryHeapEndAddr__C                  
000129f8  ti_sysbios_heaps_HeapMem_reqAlign__C                            
000129fc  ti_sysbios_knl_Clock_Module_State_clockQ__O                     
00012a00  ti_sysbios_knl_Clock_tickPeriod__C                              
00012a04  ti_sysbios_knl_Event_Instance_State_pendQ__O                    
00012a08  ti_sysbios_knl_Mailbox_Instance_State_freeQue__O                
00012a0c  ti_sysbios_knl_Mailbox_Object__count__C                         
00012a10  ti_sysbios_knl_Mailbox_maxTypeAlign__C                          
00012a14  ti_sysbios_knl_Semaphore_Instance_State_pendQ__O                
00012a18  ti_sysbios_knl_Swi_Object__count__C                             
00012a1c  ti_sysbios_knl_Task_Module_State_inactiveQ__O                   
00012a20  ti_sysbios_knl_Task_Object__count__C                            
00012a24  ti_sysbios_knl_Task_Object__heap__C                             
00012a28  ti_sysbios_knl_Task_allBlockedFunc__C                           
00012a2c  ti_sysbios_knl_Task_defaultStackHeap__C                         
00012a30  ti_sysbios_knl_Task_defaultStackSize__C                         
00012a34  ti_sysbios_knl_Task_numConstructedTasks__C                      
00012a38  xdc_runtime_Error_E_memory__C                                   
00012a3c  xdc_runtime_Error_policyFxn__C                                  
00012a40  xdc_runtime_IGateProvider_Interface__BASE__C                    
00012a44  xdc_runtime_IHeap_Interface__BASE__C                            
00012a48  xdc_runtime_IModule_Interface__BASE__C                          
00012a4c  xdc_runtime_Memory_defaultHeapInstance__C                       
00012a50  xdc_runtime_Startup_execImpl__C                                 
00012a54  xdc_runtime_Startup_maxPasses__C                                
00012a58  xdc_runtime_Startup_sfxnRts__C                                  
00012a5c  xdc_runtime_Startup_sfxnTab__C                                  
00012a60  xdc_runtime_SysCallback_abortFxn__C                             
00012a64  xdc_runtime_SysCallback_exitFxn__C                              
00012a68  xdc_runtime_SysCallback_putchFxn__C                             
00012a6c  xdc_runtime_SysCallback_readyFxn__C                             
00012a70  xdc_runtime_System_Module__gateObj__C                           
00012a74  xdc_runtime_System_abortFxn__C                                  
00012a78  xdc_runtime_System_exitFxn__C                                   
00012a7c  xdc_runtime_System_extendFxn__C                                 
00012a80  xdc_runtime_System_maxAtexitHandlers__C                         
00012a84  ti_sysbios_family_arm_msp432_init_Boot_enableHFXT__C            
00012a86  ti_sysbios_family_arm_msp432_init_Boot_enableLFXT__C            
00012a88  ti_sysbios_heaps_HeapMem_Module__id__C                          
00012a8a  xdc_runtime_Memory_Module__id__C                                
00012a90  __TI_static_base__                                              
00012e14  __TI_Handler_Table_Base                                         
00012e20  __TI_Handler_Table_Limit                                        
00012e28  __TI_CINIT_Base                                                 
00012e38  __TI_CINIT_Limit                                                
20000000  __start___llvm_prf_cnts                                         
20000000  __stop___llvm_prf_cnts                                          
20000000  ti_sysbios_family_arm_m3_Hwi_ramVectors                         
20000140  __primary_heap_start__                                          
20008140  __primary_heap_end__                                            
20008600  Items                                                           
200088c0  ti_sysbios_knl_Task_Instance_State_0_stack__A                   
20008ac0  uartMSP432Objects                                               
20008cc0  ti_sysbios_family_arm_m3_Hwi_dispatchTable                      
20008e00  motor_speed_pid                                                 
20008f30  i2cMSP432Objects                                                
20009100  spiMSP432DMAObjects                                             
20009318  LEDObjects                                                      
20009390  pwmTimerMSP432Objects                                           
20009408  timerMSP432Objects                                              
20009470  ButtonObjects                                                   
200094c0  chassis_angle_pid                                               
2000950c  chassis_speed_pid                                               
20009558  masterRxBuffer                                                  
2000958c  masterTxBuffer                                                  
200095c0  imu3                                                            
200096a4  bStats                                                          
200096c0  ringObj                                                         
200096d8  ecoEvent                                                        
2000970c  imu                                                             
2000971c  speed_wheel                                                     
2000972c  displayUartObject                                               
20009738  eventBuf                                                        
20009744  rxBuffer                                                        
20009758  buttonHandle                                                    
20009760  ledHandle                                                       
20009774  ClockP_tickPeriod                                               
20009778  CurDraw                                                         
2000977c  CurHandle                                                       
20009780  adc                                                             
20009784  adcMSP432Objects                                                
20009788  displayHandle                                                   
2000978c  lua                                                             
20009790  masterSpi                                                       
20009794  ti_sysbios_knl_Task_Instance_State_0_hookEnv__A                 
20009798  EC11_A_Now                                                      
20009799  EC11_B_Now                                                      
2000979a  EC11_Key                                                        
2000979b  udmaMSP432Object                                                
2000979c  PowerMSP432_perfLevels                                          
200099ec  param                                                           
20009b1c  AllView                                                         
20009ba0  gPixel                                                          
20009c20  ti_sysbios_knl_Swi_Module_State_0_readyQ__A                     
20009ca0  ti_sysbios_knl_Task_Module_State_0_readyQ__A                    
20009d20  gpioCallbackFunctions                                           
20009d90  gpioPinConfigs                                                  
20009e00  lineid                                                          
20009e60  ti_sysbios_gates_GateMutex_Object__table__V                     
20009eb4  ti_sysbios_knl_Task_Object__table__V                            
20009f00  ti_sysbios_family_arm_msp432_Timer_Object__table__V             
20009f44  ti_sysbios_knl_Task_Module__state__V                            
20009f88  ti_sysbios_family_arm_m3_Hwi_Module__state__V                   
20009fbc  ti_sysbios_knl_Swi_Object__table__V                             
20009fec  PowerMSP432_module                                              
2000a018  ti_sysbios_knl_Clock_Module__state__V                           
2000a044  ti_sysbios_BIOS_Module__state__V                                
2000a088  ti_sysbios_family_arm_msp432_Timer_Module_State_0_device__A     
2000a0a8  uart_ready_flag                                                 
2000a0c8  xdc_runtime_Error_IgnoreBlock                                   
2000a0e8  ti_sysbios_knl_Swi_Module__state__V                             
2000a104  mirrorRegister                                                  
2000a120  left_duty                                                       
2000a124  right_duty                                                      
2000a128  pwm0                                                            
2000a12c  pwm1                                                            
2000a130  pwm2                                                            
2000a134  pwm3                                                            
2000a138  ti_sysbios_family_arm_m3_Hwi_Object__table__V                   
2000a150  ti_sysbios_heaps_HeapMem_Object__table__V                       
2000a180  last_item                                                       
2000a194  motor_start_flag                                                
2000a198  CurView                                                         
2000a199  CurItem                                                         
2000a19a  ItemNums                                                        
2000a19b  isEditing                                                       
2000a19c  ItemFirstLine                                                   
2000a19d  item_index                                                      
2000a1b8  encoder1_value                                                  
2000a1bc  encoder2_value                                                  
2000a1c0  encoder3_value                                                  
2000a1c4  encoder4_value                                                  
2000a1c8  ti_sysbios_family_arm_msp432_Timer_Module_State_0_handles__A    
2000a1d8  ti_sysbios_family_arm_msp432_ClockFreqs_Module__state__V        
2000a1e4  ti_sysbios_family_arm_msp432_Timer_Module__state__V             
2000a1f0  txBuffer                                                        
2000a1fa  ti_sysbios_family_arm_m3_Hwi_Module_State_0_excActive__A        
2000a1fc  _lock                                                           
2000a200  _unlock                                                         
2000a20c  ti_sysbios_family_arm_m3_Hwi_Module__root__V                    
2000a214  ti_sysbios_gates_GateHwi_Module__root__V                        
2000a21c  ti_sysbios_gates_GateMutex_Module__root__V                      
2000a224  ti_sysbios_heaps_HeapMem_Module__root__V                        
2000a22c  ti_sysbios_knl_Clock_Module__root__V                            
2000a234  ti_sysbios_knl_Event_Module__root__V                            
2000a23c  ti_sysbios_knl_Queue_Module__root__V                            
2000a244  ti_sysbios_knl_Semaphore_Module__root__V                        
2000a24c  ti_sysbios_knl_Task_Module__root__V                             
2000a254  xdc_runtime_Startup_Module__state__V                            
2000a25c  xdc_runtime_System_Module_State_0_atexitHandlers__A             
2000a264  xdc_runtime_System_Module__state__V                             
2000a26c  pwm7                                                            
2000a270  old_val                                                         
2000a274  main_func_sp                                                    
2000a278  ti_sysbios_family_arm_m3_Hwi_Module_State_0_excContext__A       
2000a27c  ti_sysbios_family_arm_m3_Hwi_Module_State_0_excStack__A         
2000a280  ti_sysbios_gates_GateHwi_Object__table__V                       
2000a284  ti_sysbios_knl_Task_Module_State_0_idleTask__A                  
2000a288  ti_sysbios_rts_ti_ReentSupport_Module__state__V                 
2000a28c  xdc_runtime_Memory_Module__state__V                             
2000fc00  __stack                                                         
20010000  __STACK_END                                                     
4000480c  WDTCTL_SYM                                                      
e000e000  ti_sysbios_family_arm_m3_Hwi_nvic                               
ffffffff  __TI_pprof_out_hndl                                             
ffffffff  __TI_prof_data_size                                             
ffffffff  __TI_prof_data_start                                            
ffffffff  __binit__                                                       
ffffffff  __c_args__                                                      
ffffffff  binit                                                           
UNDEFED   SHT$$INIT_ARRAY$$Base                                           
UNDEFED   SHT$$INIT_ARRAY$$Limit                                          

[893 symbols]
