******************************************************************************
                  TI ARM Linker PC v20.2.5                     
******************************************************************************
>> Linked Wed Aug  4 18:13:17 2021

OUTPUT FILE NAME:   <project_MSP_EXP432P401R_tirtos_ccs.out>
ENTRY POINT SYMBOL: "_c_int00"  address: 0000d401


MEMORY CONFIGURATION

         name            origin    length      used     unused   attr    fill
----------------------  --------  ---------  --------  --------  ----  --------
  MAIN                  00000000   00040000  0001233a  0002dcc6  R  X
  INFO                  00200000   00004000  00000000  00004000  R  X
  SRAM_CODE             01000000   00010000  0000a1f2  00005e0e  RW X
  SRAM_DATA             20000000   00010000  0000a1f2  00005e0e  RW  


SEGMENT ALLOCATION MAP

run origin  load origin   length   init length attrs members
----------  ----------- ---------- ----------- ----- -------
00000000    00000000    00012348   00012348    r-x
  00000000    00000000    0000003c   0000003c    r-- .resetVecs
  00000040    00000040    00010892   00010892    r-x .text
  000108d8    000108d8    000016d4   000016d4    r-- .const
  00011fb0    00011fb0    00000398   00000398    r-- .cinit
20000140    20000140    00008000   00000000    r--
  20000140    20000140    00008000   00000000    r-- .priheap
20008200    20008200    00001cb2   00000000    rw-
  20008200    20008200    00001264   00000000    rw- .bss
  20009464    20009464    00000a4e   00000000    rw- .data
2000fc00    2000fc00    00000400   00000000    rw-
  2000fc00    2000fc00    00000400   00000000    rw- .stack


SECTION ALLOCATION MAP

 output                                  attributes/
section   page    origin      length       input sections
--------  ----  ----------  ----------   ----------------
.text      0    00000040    00010892     
                  00000040    00000a4e     rtsv7M4_T_le_v4SPD16_eabi.lib : _printfi.c.obj (.text:__TI_printfi)
                  00000a8e    00000002     ti_drivers_config.obj (.text:Board_initHook)
                  00000a90    00000738     rtsv7M4_T_le_v4SPD16_eabi.lib : k_rem_pio2.c.obj (.text:__kernel_rem_pio2)
                  000011c8    000005e0                                   : s_sin.c.obj (.text:sin)
                  000017a8    000005dc                                   : s_cos.c.obj (.text:cos)
                  00001d84    00000580     ui.obj (.text:UpdateMenuItems)
                  00002304    00000540     ui.obj (.text:HandleAdjustParamView)
                  00002844    00000004     msp432p4xx_driverlib.lib : cpu.o (.text:CPU_wfi)
                  00002848    00000468     sysbios.aem4f : BIOS.obj (.text:xdc_runtime_System_doPrint__I)
                  00002cb0    0000038c     uart1.obj (.text:imu_data_analyse)
                  0000303c    00000318     ui.obj (.text:DrawIMUView)
                  00003354    000002f8     drivers_msp432p401x.aem4f : PowerMSP432.oem4f (.text:Power_sleep)
                  0000364c    000002d0                               : UARTMSP432.oem4f (.text:UARTMSP432_open)
                  0000391c    00000294     ui.obj (.text:DrawSensorView)
                  00003bb0    0000028c     drivers_msp432p401x.aem4f : SPIMSP432DMA.oem4f (.text:SPIMSP432DMA_open)
                  00003e3c    0000028a     msp432p4xx_driverlib.lib : pcm.o (.text:__PCM_setPowerStateAdvanced)
                  000040c6    00000002     display.aem4f : DisplayUart.oem4f (.text:DisplayUartMin_clear)
                  000040c8    00000288     drivers_msp432p401x.aem4f : PowerMSP432.oem4f (.text:initPerfControl)
                  00004350    00000270     rtsv7M4_T_le_v4SPD16_eabi.lib : _printfi.c.obj (.text:_pconv_a)
                  000045c0    00000248     spi_lcd.obj (.text:lcd_init)
                  00004808    0000021c     ui.obj (.text:rotate)
                  00004a24    00000218     spi_lcd.obj (.text:lcd_set_region)
                  00004c3c    00000210     ec11.obj (.text:Encoder_EC11_Analyze)
                  00004e4c    00000208     drivers_msp432p401x.aem4f : PWMTimerMSP432.oem4f (.text:PWMTimerMSP432_open)
                  00005054    000001f8                               : I2CMSP432.oem4f (.text:I2CMSP432_open)
                  0000524c    000001d0     rtsv7M4_T_le_v4SPD16_eabi.lib : _printfi.c.obj (.text:_pconv_g)
                  0000541c    000001b8     spi_lcd.obj (.text:lcd_init_Thread)
                  000055d4    000001b6     rtsv7M4_T_le_v4SPD16_eabi.lib : fd_add_t2.asm.obj (.text)
                  0000578a    00000002     display.aem4f : DisplayUart.oem4f (.text:DisplayUartMin_clearLines)
                  0000578c    000001b4     i2cbh1750.obj (.text:BH1750_Thread)
                  00005940    000001b4     buttonled.obj (.text:buttonled_Thread)
                  00005af4    000001a4     ui.obj (.text:DrawAdjustParamView)
                  00005c98    0000018c     uart1.obj (.text:ecoInitUart)
                  00005e24    00000188     release_pem4f.oem4f (.text:xdc_runtime_System_printfExtend__I)
                  00005fac    00000186     drivers_msp432p401x.aem4f : Button.oem4f (.text:Button_clockTimeoutHandler)
                  00006132    00000184                               : I2CMSP432.oem4f (.text:I2CMSP432_hwiIntFxn)
                  000062b6    00000002     display.aem4f : DisplayUart.oem4f (.text:DisplayUartMin_init)
                  000062b8    00000178     ec11.obj (.text:Encoder_EC11_Scan)
                  00006430    00000174     rtsv7M4_T_le_v4SPD16_eabi.lib : k_sin.c.obj (.text:__kernel_sin)
                  000065a4    00000174     main_tirtos.obj (.text:main)
                  00006718    00000170     drivers_msp432p401x.aem4f : GPIOMSP432.oem4f (.text:GPIO_setConfig)
                  00006888    00000170     rtsv7M4_T_le_v4SPD16_eabi.lib : k_cos.c.obj (.text:__kernel_cos)
                  000069f8    00000160     msp432p4xx_driverlib.lib : adc14.o (.text:_getIndexForMemRegister)
                  00006b58    0000015c                              : pcm.o (.text:__PCM_setPowerModeAdvanced)
                  00006cb4    0000015a     ui.obj (.text:lcd_drawline)
                  00006e0e    00000002     ui.obj (.text:DrawMainMenuView)
                  00006e10    00000158     sysbios.aem4f : BIOS.obj (.text:ti_sysbios_knl_Event_pend__E)
                  00006f68    00000152     pwmled2.obj (.text:motor_pwm_Thread)
                  000070ba    00000002     ui.obj (.text:DrawParamView)
                  000070bc    0000014c     drivers_msp432p401x.aem4f : TimerMSP432.oem4f (.text:TimerMSP432_open)
                  00007208    0000013c     rtsv7M4_T_le_v4SPD16_eabi.lib : _printfi.c.obj (.text:_pconv_e)
                  00007344    0000013c     buttonled.obj (.text:handleButtonCallback)
                  00007480    00000136     rtsv7M4_T_le_v4SPD16_eabi.lib : fd_div_t2.asm.obj (.text)
                  000075b6    00000002     drivers_msp432p401x.aem4f : I2CMSP432.oem4f (.text:I2CMSP432_init)
                  000075b8    00000130                               : UDMAMSP432.oem4f (.text:setupInterrupt)
                  000076e8    00000130     sysbios.aem4f : BIOS.obj (.text:ti_sysbios_knl_Semaphore_pend__E)
                  00007818    0000012c     drivers_msp432p401x.aem4f : SPIMSP432DMA.oem4f (.text:SPIMSP432DMA_transfer)
                  00007944    00000124     rtsv7M4_T_le_v4SPD16_eabi.lib : _printfi.c.obj (.text:fcvt)
                  00007a68    0000011c     msp432p4xx_driverlib.lib : uart.o (.text:UART_initModule)
                  00007b84    0000011c     drivers_msp432p401x.aem4f : I2CMSP432.oem4f (.text:primeTransfer)
                  00007ca0    00000114                               : PWMTimerMSP432.oem4f (.text:PWMTimerMSP432_setPeriod)
                  00007db4    00000110                               : LED.oem4f (.text:LED_open)
                  00007ec4    00000110     spi_lcd.obj (.text:lcd_showfloat)
                  00007fd4    00000110     rtsv7M4_T_le_v4SPD16_eabi.lib : s_scalbn.c.obj (.text:scalbn)
                  000080e4    00000108     msp432p4xx_driverlib.lib : pcm.o (.text:__PCM_setCoreVoltageLevelAdvanced)
                  000081ec    00000004     dpl_msp432p401x.aem4f : ClockP_tirtos.oem4f (.text:ClockP_setTimeout)
                  000081f0    00000108     sysbios.aem4f : BIOS.obj (.text:ti_sysbios_knl_Task_postInit__I)
                  000082f8    00000108                   : BIOS.obj (.text:xdc_runtime_Startup_startMods__I)
                  00008400    00000104     drivers_msp432p401x.aem4f : SPIMSP432DMA.oem4f (.text:SPIMSP432DMA_transferCancel)
                  00008504    00000004     dpl_msp432p401x.aem4f : ClockP_tirtos.oem4f (.text:ClockP_start)
                  00008508    00000104     sysbios.aem4f : BIOS.obj (.text:ti_sysbios_knl_Task_Instance_finalize__E)
                  0000860c    000000fc     drivers_msp432p401x.aem4f : ADCMSP432.oem4f (.text:ADCMSP432_convert)
                  00008708    000000fc                               : SPIMSP432DMA.oem4f (.text:configDMA)
                  00008804    000000fc     rtsv7M4_T_le_v4SPD16_eabi.lib : fd_mul_t2.asm.obj (.text)
                  00008900    000000f8                                   : s_floor.c.obj (.text:floor)
                  000089f8    000000f8     sysbios.aem4f : BIOS.obj (.text:ti_sysbios_family_arm_msp432_init_Boot_configureClocksHigh)
                  00008af0    000000f4     spi_lcd.obj (.text:lcd_displayccd)
                  00008be4    000000f0     msp432p4xx_driverlib.lib : dma.o (.text:DMA_setChannelTransfer)
                  00008cd4    000000f0     drivers_msp432p401x.aem4f : I2CMSP432.oem4f (.text:I2CMSP432_transfer)
                  00008dc4    00000004     dpl_msp432p401x.aem4f : ClockP_tirtos.oem4f (.text:ClockP_stop)
                  00008dc8    000000f0     sysbios.aem4f : BIOS.obj (.text:pthread_create)
                  00008eb8    000000f0                   : m3_Hwi_asm.obj (.text:ti_sysbios_family_arm_m3_Hwi_dispatch__I)
                  00008fa8    000000e8     drivers_msp432p401x.aem4f : Button.oem4f (.text:Button_open)
                  00009090    000000e4     msp432p4xx_driverlib.lib : cs.o (.text:CS_startHFXTWithTimeout)
                  00009174    000000e4     ui.obj (.text:onCancel)
                  00009258    000000e0     msp432p4xx_driverlib.lib : cs.o (.text:CS_startLFXTWithTimeout)
                  00009338    000000e0     sysbios.aem4f : BIOS.obj (.text:ti_sysbios_knl_Task_Instance_init__E)
                  00009418    000000dc     drivers_msp432p401x.aem4f : UARTMSP432.oem4f (.text:UARTMSP432_readPolling)
                  000094f4    000000dc                               : UDMAMSP432.oem4f (.text:UDMAMSP432_close)
                  000095d0    000000dc     msp432p4xx_driverlib.lib : cs.o (.text:_CSGetHFXTFrequency)
                  000096ac    000000d2     adcTSL1401.obj (.text:TSL1401_GetLine)
                  0000977e    00000002     drivers_msp432p401x.aem4f : LED.oem4f (.text:LED_init)
                  00009780    000000d0     sysbios.aem4f : BIOS.obj (.text:ti_sysbios_heaps_HeapMem_alloc__E)
                  00009850    000000ca     drivers_msp432p401x.aem4f : UARTMSP432.oem4f (.text:UARTMSP432_hwiIntFxn)
                  0000991a    00000002                               : PWMTimerMSP432.oem4f (.text:PWMTimerMSP432_init)
                  0000991c    000000c8                               : TimerMSP432.oem4f (.text:TimerMSP432_start)
                  000099e4    00000004     dpl_msp432p401x.aem4f : HwiP_tirtos.oem4f (.text:HwiP_clearInterrupt)
                  000099e8    000000c4     sysbios.aem4f : BIOS.obj (.text:ti_sysbios_knl_Task_sleep__E)
                  00009aac    000000bc     drivers_msp432p401x.aem4f : TimerMSP432.oem4f (.text:TimerMSP432_setPeriod)
                  00009b68    000000bc     ui.obj (.text:onDecrease)
                  00009c24    000000b8     drivers_msp432p401x.aem4f : UARTMSP432.oem4f (.text:initHw)
                  00009cdc    000000b8                               : UARTMSP432.oem4f (.text:readTaskCallback)
                  00009d94    00000004     dpl_msp432p401x.aem4f : HwiP_tirtos.oem4f (.text:HwiP_disable)
                  00009d98    000000b8     sysbios.aem4f : BIOS.obj (.text:ti_sysbios_family_arm_m3_Hwi_Instance_init__E)
                  00009e50    000000b4     msp432p4xx_driverlib.lib : adc14.o (.text:ADC14_configureConversionMemory)
                  00009f04    000000b4     drivers_msp432p401x.aem4f : UARTMSP432.oem4f (.text:UARTMSP432_control)
                  00009fb8    000000b4                               : UARTMSP432.oem4f (.text:UARTMSP432_writePolling)
                  0000a06c    000000b4     spi_lcd.obj (.text:lcd_showchar)
                  0000a120    000000b1     rtsv7M4_T_le_v4SPD16_eabi.lib : _printfi.c.obj (.text:_ltostr)
                  0000a1d1    00000001     --HOLE-- [fill = 0]
                  0000a1d2    000000b0     msp432p4xx_driverlib.lib : spi.o (.text:SPI_initMaster)
                  0000a282    00000002     dpl_msp432p401x.aem4f : PowerMSP432_tirtos.oem4f (.text:PowerMSP432_initPolicy)
                  0000a284    000000ac     drivers_msp432p401x.aem4f : GPIOMSP432.oem4f (.text:GPIO_init)
                  0000a330    000000ac                               : I2CMSP432.oem4f (.text:I2CMSP432_cancel)
                  0000a3dc    000000ac     ui.obj (.text:onEnter)
                  0000a488    000000aa     sysbios.aem4f : BIOS.obj (.text:xdc_runtime_Core_createObject__I)
                  0000a532    000000a8     drivers_msp432p401x.aem4f : UARTMSP432.oem4f (.text:UARTMSP432_write)
                  0000a5da    000000a8                               : UARTMSP432.oem4f (.text:readTaskBlocking)
                  0000a682    00000006                               : ADCMSP432.oem4f (.text:ADCMSP432_control)
                  0000a688    000000a8     sysbios.aem4f : BIOS.obj (.text:ti_sysbios_family_arm_msp432_Timer_periodicStub__E)
                  0000a730    000000a4     drivers_msp432p401x.aem4f : PWMTimerMSP432.oem4f (.text:PWMTimerMSP432_stop)
                  0000a7d4    000000a4                               : TimerMSP432.oem4f (.text:initTimerHardware)
                  0000a878    000000a4     ui.obj (.text:onIncrease)
                  0000a91c    00000004     dpl_msp432p401x.aem4f : HwiP_tirtos.oem4f (.text:HwiP_disableInterrupt)
                  0000a920    000000a4     sysbios.aem4f : BIOS.obj (.text:ti_sysbios_knl_Task_setPri__E)
                  0000a9c4    000000a2     ui.obj (.text:matconv)
                  0000aa66    00000002     drivers_msp432p401x.aem4f : TimerMSP432.oem4f (.text:TimerMSP432_init)
                  0000aa68    000000a0     auto_init.aem4f : auto_init.oem4f (.text)
                  0000ab08    000000a0     spi_lcd.obj (.text:lcd_writedata_16bit)
                  0000aba8    000000a0     drivers_msp432p401x.aem4f : UARTMSP432.oem4f (.text:readIsrTextCallback)
                  0000ac48    0000009c                               : PowerMSP432.oem4f (.text:Power_init)
                  0000ace4    0000009c     rtsv7M4_T_le_v4SPD16_eabi.lib : memcpy_t2.asm.obj (.text)
                  0000ad80    0000009c     drivers_msp432p401x.aem4f : TimerMSP432.oem4f (.text:setT32TickCount)
                  0000ae1c    0000009c                               : TimerMSP432.oem4f (.text:setTATickCount)
                  0000aeb8    0000009b     spi_lcd.obj (.text:lcd_showint32)
                  0000af53    00000001     --HOLE-- [fill = 0]
                  0000af54    00000096     rtsv7M4_T_le_v4SPD16_eabi.lib : ull_div_t2.asm.obj (.text)
                  0000afea    00000002     drivers_msp432p401x.aem4f : UARTMSP432.oem4f (.text:UARTMSP432_init)
                  0000afec    00000094                               : PWMTimerMSP432.oem4f (.text:PWMTimerMSP432_setDuty)
                  0000b080    00000094                               : UDMAMSP432.oem4f (.text:UDMAMSP432_init)
                  0000b114    00000094                               : UDMAMSP432.oem4f (.text:UDMAMSP432_open)
                  0000b1a8    00000094     sysbios.aem4f : BIOS.obj (.text:_pthread_removeThreadKeys)
                  0000b23c    00000094     buttonled.obj (.text:doEventLogs)
                  0000b2d0    00000094     sysbios.aem4f : BIOS.obj (.text:ti_sysbios_family_arm_m3_Hwi_initNVIC__E)
                  0000b364    00000004     dpl_msp432p401x.aem4f : HwiP_tirtos.oem4f (.text:HwiP_enableInterrupt)
                  0000b368    00000094     sysbios.aem4f : BIOS.obj (.text:ti_sysbios_knl_Task_exit__E)
                  0000b3fc    00000092     drivers_msp432p401x.aem4f : UARTMSP432.oem4f (.text:UARTMSP432_close)
                  0000b48e    00000092                               : UARTMSP432.oem4f (.text:writeData)
                  0000b520    00000090     sysbios.aem4f : BIOS.obj (.text:ti_sysbios_knl_Task_Module_startup__E)
                  0000b5b0    0000008c     drivers_msp432p401x.aem4f : ADCMSP432.oem4f (.text:ADCMSP432_open)
                  0000b63c    0000008c     ec11.obj (.text:Encoder_EC11_Init)
                  0000b6c8    0000008c     drivers_msp432p401x.aem4f : TimerMSP432.oem4f (.text:TimerMSP432_stop)
                  0000b754    0000008c     uart1.obj (.text:handleRecvEvt)
                  0000b7e0    0000008c     drivers_msp432p401x.aem4f : UARTMSP432.oem4f (.text:readIsrTextBlocking)
                  0000b86c    0000008c     sysbios.aem4f : m3_TaskSupport_asm.obj (.text:ti_sysbios_family_arm_m3_TaskSupport_buildTaskStack)
                  0000b8f8    0000008c                   : BIOS.obj (.text:ti_sysbios_knl_Event_post__E)
                  0000b984    00000004     drivers_msp432p401x.aem4f : SPIMSP432DMA.oem4f (.text:SPIMSP432DMA_init)
                  0000b988    0000008c     sysbios.aem4f : BIOS.obj (.text:xdc_runtime_Memory_alloc__E)
                  0000ba14    00000088     drivers_msp432p401x.aem4f : PWMTimerMSP432.oem4f (.text:PWMTimerMSP432_close)
                  0000ba9c    00000086     rtsv7M4_T_le_v4SPD16_eabi.lib : fd_cmp_t2.asm.obj (.text:__aeabi_cdcmple)
                  0000bb22    00000086                                   : fd_cmp_t2.asm.obj (.text:__aeabi_cdrcmple)
                  0000bba8    00000086     drivers_msp432p401x.aem4f : SPIMSP432DMA.oem4f (.text:initHw)
                  0000bc2e    00000002     rtsv7M4_T_le_v4SPD16_eabi.lib : _lock.c.obj (.text:_nop)
                  0000bc30    00000086     sysbios.aem4f : BIOS.obj (.text:xdc_runtime_Core_constructObject__I)
                  0000bcb6    00000002     adcTSL1401.obj (.text:delay)
                  0000bcb8    00000084     ui.obj (.text:DrawPIDView)
                  0000bd3c    00000084     msp432p4xx_driverlib.lib : pcm.o (.text:PCM_gotoLPM3)
                  0000bdc0    00000084     drivers_msp432p401x.aem4f : PWMTimerMSP432.oem4f (.text:PWMTimerMSP432_start)
                  0000be44    00000084                               : PowerMSP432.oem4f (.text:restartHFXT)
                  0000bec8    00000084     sysbios.aem4f : BIOS.obj (.text:ti_sysbios_family_arm_m3_Hwi_postInit__I)
                  0000bf4c    00000004     dpl_msp432p401x.aem4f : SemaphoreP_tirtos.oem4f (.text:SemaphoreP_post)
                  0000bf50    00000084     sysbios.aem4f : BIOS.obj (.text:ti_sysbios_heaps_HeapMem_free__E)
                  0000bfd4    00000080     spi_lcd.obj (.text:lcd_Thread)
                  0000c054    00000080     spi_lcd.obj (.text:lcd_writeData)
                  0000c0d4    00000080     spi_lcd.obj (.text:lcd_writeIndex)
                  0000c154    00000004     dpl_msp432p401x.aem4f : SystemP_tirtos.oem4f (.text:SystemP_vsnprintf)
                  0000c158    00000080     sysbios.aem4f : BIOS.obj (.text:ti_sysbios_knl_Clock_workFunc__E)
                  0000c1d8    0000007c     drivers_msp432p401x.aem4f : PWMTimerMSP432.oem4f (.text:setConstraints)
                  0000c254    0000007a     spi_lcd.obj (.text:lcd_clear_rectangle)
                  0000c2ce    0000007a     rtsv7M4_T_le_v4SPD16_eabi.lib : memset_t2.asm.obj (.text)
                  0000c348    00000078     drivers_msp432p401x.aem4f : TimerMSP432.oem4f (.text:TimerMSP432_allocateTimerResource)
                  0000c3c0    00000076                               : I2CMSP432.oem4f (.text:I2CMSP432_close)
                  0000c436    00000002     ui.obj (.text:printvalue)
                  0000c438    00000075     sysbios.aem4f : BIOS.obj (.text:xdc_runtime_System_formatNum__I)
                  0000c4ad    00000001     --HOLE-- [fill = 0]
                  0000c4ae    00000002     rtsv7M4_T_le_v4SPD16_eabi.lib : div0.asm.obj (.text)
                  0000c4b0    00000070     ui.obj (.text:DrawBootView)
                  0000c520    00000070     ui.obj (.text:DrawCCDView)
                  0000c590    00000070     drivers_msp432p401x.aem4f : UARTMSP432.oem4f (.text:UARTMSP432_writeCancel)
                  0000c600    00000070     sysbios.aem4f : BIOS.obj (.text:ti_sysbios_heaps_HeapMem_initPrimary__I)
                  0000c670    0000006e     rtsv7M4_T_le_v4SPD16_eabi.lib : _printfi.c.obj (.text:_mcpy)
                  0000c6de    0000006e                                   : fd_tos_t2.asm.obj (.text)
                  0000c74c    0000006c     msp432p4xx_driverlib.lib : i2c.o (.text:I2C_masterSendMultiByteFinish)
                  0000c7b8    0000006c     sysbios.aem4f : BIOS.obj (.text:ti_sysbios_knl_Swi_restoreHwi__E)
                  0000c824    0000006a     drivers_msp432p401x.aem4f : PWMTimerMSP432.oem4f (.text:perfChangeNotifyFxn)
                  0000c88e    00000002     release_pem4f.oem4f (.text:ti_sysbios_BIOS_nullFunc__I)
                  0000c890    00000068     drivers_msp432p401x.aem4f : GPIOMSP432.oem4f (.text:GPIO_hwiIntFxn)
                  0000c8f8    00000068                               : PowerMSP432.oem4f (.text:PowerMSP432_getFreqs)
                  0000c960    00000068     rtsv7M4_T_le_v4SPD16_eabi.lib : copy_decompress_lzss.c.obj (.text:decompress:lzss:__TI_decompress_lzss)
                  0000c9c8    00000068     drivers_msp432p401x.aem4f : I2CMSP432.oem4f (.text:initHw)
                  0000ca30    00000068                               : PWMTimerMSP432.oem4f (.text:initHw)
                  0000ca98    00000066     sysbios.aem4f : BIOS.obj (.text:xdc_runtime_Core_deleteObject__I)
                  0000cafe    00000002     --HOLE-- [fill = 0]
                  0000cb00    00000064     drivers_msp432p401x.aem4f : Button.oem4f (.text:Button_gpioCallbackFxn)
                  0000cb64    00000064                               : SPIMSP432DMA.oem4f (.text:SPIMSP432DMA_close)
                  0000cbc8    00000064     rtsv7M4_T_le_v4SPD16_eabi.lib : s_frexp.c.obj (.text:frexp)
                  0000cc2c    00000004     release_pem4f.oem4f (.text:ti_sysbios_BIOS_RtsGateProxy_enter__E)
                  0000cc30    00000064     sysbios.aem4f : BIOS.obj (.text:pthread_exit)
                  0000cc94    00000004     release_pem4f.oem4f (.text:ti_sysbios_BIOS_RtsGateProxy_leave__E)
                  0000cc98    00000064     sysbios.aem4f : BIOS.obj (.text:ti_sysbios_family_arm_m3_Hwi_dispatchC__I)
                  0000ccfc    00000060     drivers_msp432p401x.aem4f : ADCMSP432.oem4f (.text:ADCMSP432_convertToMicroVolts)
                  0000cd5c    00000060     uart1.obj (.text:CheckSum)
                  0000cdbc    00000060     ui.obj (.text:Draw)
                  0000ce1c    00000060     ui.obj (.text:DrawEncoderView)
                  0000ce7c    00000060     ui.obj (.text:DrawFeatureView)
                  0000cedc    00000060     ui.obj (.text:DrawFlagView)
                  0000cf3c    00000060     drivers_msp432p401x.aem4f : GPIOMSP432.oem4f (.text:GPIO_setCallback)
                  0000cf9c    00000004     release_pem4f.oem4f (.text:ti_sysbios_family_arm_m3_Hwi_delete)
                  0000cfa0    00000060     sysbios.aem4f : BIOS.obj (.text:ti_sysbios_knl_Semaphore_post__E)
                  0000d000    00000060                   : BIOS.obj (.text:ti_sysbios_knl_Swi_run__I)
                  0000d060    0000005e     msp432p4xx_driverlib.lib : pcm.o (.text:PCM_getCoreVoltageLevel)
                  0000d0be    00000002     --HOLE-- [fill = 0]
                  0000d0c0    0000005c     display.aem4f : Display.oem4f (.text:Display_doOpen)
                  0000d11c    0000005c     console.obj (.text:Display_uart_init)
                  0000d178    0000005c     spi_lcd.obj (.text:lcd_clear)
                  0000d1d4    00000004     release_pem4f.oem4f (.text:ti_sysbios_family_arm_m3_TaskSupport_Module__startupDone__S)
                  0000d1d8    0000005c     sysbios.aem4f : BIOS.obj (.text:ti_sysbios_knl_Swi_schedule__I)
                  0000d234    00000004     release_pem4f.oem4f (.text:ti_sysbios_heaps_HeapMem_Module_GateProxy_enter__E)
                  0000d238    0000005c     sysbios.aem4f : BIOS.obj (.text:ti_sysbios_knl_Task_startCore__E)
                  0000d294    00000004     release_pem4f.oem4f (.text:ti_sysbios_heaps_HeapMem_Module_GateProxy_leave__E)
                  0000d298    0000005c     sysbios.aem4f : BIOS.obj (.text:xdc_runtime_Startup_exec__E)
                  0000d2f4    0000005a     msp432p4xx_driverlib.lib : pcm.o (.text:PCM_getPowerMode)
                  0000d34e    0000005a     drivers_msp432p401x.aem4f : ADCMSP432.oem4f (.text:initHw)
                  0000d3a8    00000058                               : GPIOMSP432.oem4f (.text:GPIO_write)
                  0000d400    00000058     boot.aem4f : boot.oem4f (.text)
                  0000d458    00000058     drivers_msp432p401x.aem4f : UARTMSP432.oem4f (.text:readIsrBinaryBlocking)
                  0000d4b0    00000058                               : SPIMSP432DMA.oem4f (.text:spiHwiFxn)
                  0000d508    00000058     sysbios.aem4f : m3_Hwi_asm_switch.obj (.text:ti_sysbios_family_arm_m3_Hwi_initStacks__E)
                  0000d560    00000056     rtsv7M4_T_le_v4SPD16_eabi.lib : _printfi.c.obj (.text:_pconv_f)
                  0000d5b6    00000056     drivers_msp432p401x.aem4f : I2CMSP432.oem4f (.text:completeTransfer)
                  0000d60c    00000054     msp432p4xx_driverlib.lib : pcm.o (.text:PCM_shutdownDevice)
                  0000d660    00000054     drivers_msp432p401x.aem4f : TimerMSP432.oem4f (.text:TimerMSP432_freeTimerResource)
                  0000d6b4    00000054     rtsv7M4_T_le_v4SPD16_eabi.lib : _ltoa.c.obj (.text:__TI_ltoa)
                  0000d708    00000054     uart1.obj (.text:handleMoveEvt)
                  0000d75c    00000054     release_pem4f.oem4f (.text:ti_sysbios_family_arm_m3_Hwi_create)
                  0000d7b0    00000054     sysbios.aem4f : BIOS.obj (.text:ti_sysbios_family_arm_msp432_Timer_initDevice__I)
                  0000d804    00000052     rtsv7M4_T_le_v4SPD16_eabi.lib : _printfi.c.obj (.text:_ecpy)
                  0000d856    00000002     --HOLE-- [fill = 0]
                  0000d858    00000050     dpl_msp432p401x.aem4f : ClockP_tirtos.oem4f (.text:ClockP_create)
                  0000d8a8    00000050     drivers_msp432p401x.aem4f : LED.oem4f (.text:LED_startBlinking)
                  0000d8f8    00000050                               : TimerMSP432.oem4f (.text:TimerMSP432_hwiIntFunction)
                  0000d948    00000050                               : UDMAMSP432.oem4f (.text:UDMAMSP432_hwiFxn)
                  0000d998    00000050     ui.obj (.text:gotoViewById)
                  0000d9e8    00000050     spi_lcd.obj (.text:lcd_showstr)
                  0000da38    00000050     sysbios.aem4f : BIOS.obj (.text:ti_sysbios_family_arm_m3_Hwi_Module_startup__E)
                  0000da88    00000050     release_pem4f.oem4f (.text:ti_sysbios_knl_Task_create)
                  0000dad8    00000050     ui.obj (.text:ui_init)
                  0000db28    0000004e     drivers_msp432p401x.aem4f : TimerMSP432.oem4f (.text:TimerMSP432_close)
                  0000db76    00000002     --HOLE-- [fill = 0]
                  0000db78    0000004c     dpl_msp432p401x.aem4f : PowerMSP432_tirtos.oem4f (.text:PowerMSP432_sleepPolicy)
                  0000dbc4    0000004c     rtsv7M4_T_le_v4SPD16_eabi.lib : atoi.c.obj (.text:atoi)
                  0000dc10    0000004c                                   : cpy_tbl.c.obj (.text:copy_in)
                  0000dc5c    0000004c     drivers_msp432p401x.aem4f : UARTMSP432.oem4f (.text:readIsrBinaryCallback)
                  0000dca8    0000004c     sysbios.aem4f : BIOS.obj (.text:ti_sysbios_family_arm_msp432_Timer_postInit__I)
                  0000dcf4    00000004     release_pem4f.oem4f (.text:ti_sysbios_knl_Clock_TimerProxy_getMaxTicks__E)
                  0000dcf8    0000004c     sysbios.aem4f : BIOS.obj (.text:ti_sysbios_family_arm_msp432_Timer_start__E)
                  0000dd44    00000004     release_pem4f.oem4f (.text:ti_sysbios_knl_Clock_delete)
                  0000dd48    0000004c     sysbios.aem4f : BIOS.obj (.text:ti_sysbios_heaps_HeapMem_getStats__E)
                  0000dd94    00000004     release_pem4f.oem4f (.text:ti_sysbios_knl_Semaphore_delete)
                  0000dd98    0000004c     sysbios.aem4f : BIOS.obj (.text:ti_sysbios_knl_Swi_runLoop__I)
                  0000dde4    00000004     release_pem4f.oem4f (.text:ti_sysbios_knl_Task_delete)
                  0000dde8    0000004c     sysbios.aem4f : BIOS.obj (.text:ti_sysbios_knl_Task_allBlockedFunction__I)
                  0000de34    00000004     release_pem4f.oem4f (.text:xdc_runtime_System_Module_GateProxy_enter__E)
                  0000de38    0000004c     sysbios.aem4f : BIOS.obj (.text:ti_sysbios_knl_Task_schedule__I)
                  0000de84    0000004a     display.aem4f : DisplayUart.oem4f (.text:DisplayUartMin_open)
                  0000dece    00000002     --HOLE-- [fill = 0]
                  0000ded0    00000048     drivers_msp432p401x.aem4f : PowerMSP432.oem4f (.text:Power_releaseConstraint)
                  0000df18    00000048     rtsv7M4_T_le_v4SPD16_eabi.lib : fd_toi_t2.asm.obj (.text)
                  0000df60    00000048     sysbios.aem4f : BIOS.obj (.text:ti_sysbios_family_arm_m3_Hwi_disableInterrupt__E)
                  0000dfa8    00000048                   : BIOS.obj (.text:ti_sysbios_family_arm_m3_Hwi_enableInterrupt__E)
                  0000dff0    00000048                   : BIOS.obj (.text:ti_sysbios_knl_Mailbox_Module_startup__E)
                  0000e038    00000048                   : BIOS.obj (.text:xdc_runtime_Core_assignParams__I)
                  0000e080    00000046     display.aem4f : DisplayUart.oem4f (.text:DisplayUartMin_vprintf)
                  0000e0c6    00000046     drivers_msp432p401x.aem4f : RingBuf.oem4f (.text:RingBuf_put)
                  0000e10c    00000044                               : ADC.oem4f (.text:ADC_init)
                  0000e150    00000044     ui.obj (.text:HandleFlashView)
                  0000e194    00000044     drivers_msp432p401x.aem4f : I2C.oem4f (.text:I2C_init)
                  0000e1d8    00000044                               : PWM.oem4f (.text:PWM_init)
                  0000e21c    00000044                               : SPI.oem4f (.text:SPI_init)
                  0000e260    00000044                               : Timer.oem4f (.text:Timer_init)
                  0000e2a4    00000044                               : UART.oem4f (.text:UART_init)
                  0000e2e8    00000044                               : I2CMSP432.oem4f (.text:perfChangeNotifyFxn)
                  0000e32c    00000044     rtsv7M4_T_le_v4SPD16_eabi.lib : fd_tou_t2.asm.obj (.text)
                  0000e370    00000044     sysbios.aem4f : BIOS.obj (.text:ti_sysbios_family_arm_m3_Hwi_getStackInfo__E)
                  0000e3b4    00000004     release_pem4f.oem4f (.text:xdc_runtime_System_Module_GateProxy_leave__E)
                  0000e3b8    00000044     sysbios.aem4f : BIOS.obj (.text:ti_sysbios_knl_Swi_post__E)
                  0000e3fc    00000040     drivers_msp432p401x.aem4f : ADCMSP432.oem4f (.text:ADCMSP432_close)
                  0000e43c    00000040                               : ADC.oem4f (.text:ADC_open)
                  0000e47c    00000040     ui.obj (.text:HandleBootView)
                  0000e4bc    00000040     dpl_msp432p401x.aem4f : HwiP_tirtos.oem4f (.text:HwiP_create)
                  0000e4fc    00000040     drivers_msp432p401x.aem4f : I2C.oem4f (.text:I2C_open)
                  0000e53c    00000040                               : PWM.oem4f (.text:PWM_open)
                  0000e57c    00000040                               : RingBuf.oem4f (.text:RingBuf_get)
                  0000e5bc    00000040                               : SPI.oem4f (.text:SPI_open)
                  0000e5fc    00000040     adcTSL1401.obj (.text:TSL1401_adc_Thread)
                  0000e63c    00000040     drivers_msp432p401x.aem4f : Timer.oem4f (.text:Timer_open)
                  0000e67c    00000040                               : UARTMSP432.oem4f (.text:UARTMSP432_read)
                  0000e6bc    00000040                               : UART.oem4f (.text:UART_open)
                  0000e6fc    00000040                               : PWMTimerMSP432.oem4f (.text:getDutyCounts)
                  0000e73c    00000040                               : PWMTimerMSP432.oem4f (.text:getPeriodCounts)
                  0000e77c    00000040     msp432p4xx_driverlib.lib : spi.o (.text:is_A_Module)
                  0000e7bc    00000040     drivers_msp432p401x.aem4f : UARTMSP432.oem4f (.text:perfChangeNotifyFxn)
                  0000e7fc    00000040     rtsv7M4_T_le_v4SPD16_eabi.lib : u_divt2.asm.obj (.text)
                  0000e83c    00000040                                   : sprintf.c.obj (.text:sprintf)
                  0000e87c    00000004     --HOLE-- [fill = 0]
                  0000e880    00000040     sysbios.aem4f : BIOS.obj (.text:ti_sysbios_family_arm_msp432_Timer_Module_startup__E)
                  0000e8c0    00000040                   : BIOS.obj (.text:ti_sysbios_family_arm_msp432_Timer_startup__E)
                  0000e900    00000040                   : BIOS.obj (.text:ti_sysbios_heaps_HeapMem_Instance_init__E)
                  0000e940    00000040                   : BIOS.obj (.text:ti_sysbios_knl_Clock_Instance_init__E)
                  0000e980    0000003e     drivers_msp432p401x.aem4f : LED.oem4f (.text:LED_setBrightnessLevel)
                  0000e9be    0000003e     rtsv7M4_T_le_v4SPD16_eabi.lib : _printfi.c.obj (.text:_fcpy)
                  0000e9fc    0000003c     drivers_msp432p401x.aem4f : LED.oem4f (.text:LED_setOff)
                  0000ea38    0000003c     dpl_msp432p401x.aem4f : SemaphoreP_tirtos.oem4f (.text:SemaphoreP_create)
                  0000ea74    0000003c     console.obj (.text:consoleThread)
                  0000eab0    0000003c     sysbios.aem4f : BIOS.obj (.text:sleep)
                  0000eaec    00000004     --HOLE-- [fill = 0]
                  0000eaf0    0000003c                   : BIOS.obj (.text:ti_sysbios_family_arm_m3_Hwi_Instance_finalize__E)
                  0000eb2c    00000004     --HOLE-- [fill = 0]
                  0000eb30    0000003c                   : BIOS.obj (.text:ti_sysbios_family_arm_msp432_Seconds_Module_startup__E)
                  0000eb6c    0000003c     release_pem4f.oem4f (.text:ti_sysbios_knl_Clock_create)
                  0000eba8    0000003c     sysbios.aem4f : BIOS.obj (.text:ti_sysbios_knl_Swi_restore__E)
                  0000ebe4    00000004     --HOLE-- [fill = 0]
                  0000ebe8    0000003c                   : BIOS.obj (.text:usleep)
                  0000ec24    00000038     drivers_msp432p401x.aem4f : GPIOMSP432.oem4f (.text:GPIO_toggle)
                  0000ec5c    00000038                               : PowerMSP432.oem4f (.text:Power_setConstraint)
                  0000ec94    00000038                               : TimerMSP432.oem4f (.text:TimerMSP432_getCount)
                  0000eccc    00000038                               : PowerMSP432.oem4f (.text:notify)
                  0000ed04    00000038     rtsv7M4_T_le_v4SPD16_eabi.lib : fs_tod_t2.asm.obj (.text)
                  0000ed3c    00000038     uart1.obj (.text:uart1_Thread)
                  0000ed74    00000004     --HOLE-- [fill = 0]
                  0000ed78    00000038     sysbios.aem4f : BIOS.obj (.text:xdc_runtime_System_atexit__E)
                  0000edb0    00000036     drivers_msp432p401x.aem4f : LED.oem4f (.text:LED_setOn)
                  0000ede6    00000036                               : UARTMSP432.oem4f (.text:UARTMSP432_readCancel)
                  0000ee1c    00000036                               : LED.oem4f (.text:clockTimeoutHandler)
                  0000ee52    00000002     --HOLE-- [fill = 0]
                  0000ee54    00000034                               : GPIOMSP432.oem4f (.text:GPIO_disableInt)
                  0000ee88    00000034                               : GPIOMSP432.oem4f (.text:GPIO_enableInt)
                  0000eebc    00000034     release_pem4f.oem4f (.text:ti_sysbios_knl_Semaphore_create)
                  0000eef0    00000032     sysbios.aem4f : BIOS.obj (.text:ti_sysbios_hal_Hwi_initStack)
                  0000ef22    00000006     display.aem4f : DisplayUart.oem4f (.text:DisplayUartMin_control)
                  0000ef28    00000032     sysbios.aem4f : BIOS.obj (.text:xdc_runtime_System_putchar__I)
                  0000ef5a    00000002     --HOLE-- [fill = 0]
                  0000ef5c    00000030     drivers_msp432p401x.aem4f : ADCMSP432.oem4f (.text:ADCMSP432_init)
                  0000ef8c    00000030     uart1.obj (.text:ecoTaskInit)
                  0000efbc    00000030     drivers_msp432p401x.aem4f : I2CMSP432.oem4f (.text:mapPin)
                  0000efec    00000030                               : PWMTimerMSP432.oem4f (.text:mapPin)
                  0000f01c    00000030                               : SPIMSP432DMA.oem4f (.text:mapPin)
                  0000f04c    00000030                               : UARTMSP432.oem4f (.text:mapPin)
                  0000f07c    00000030     release_pem4f.oem4f (.text:ti_sysbios_BIOS_atExitFunc__I)
                  0000f0ac    00000030     release_pem4f.oem4f (.text:ti_sysbios_BIOS_startFunc__I)
                  0000f0dc    00000004     --HOLE-- [fill = 0]
                  0000f0e0    00000030     sysbios.aem4f : BIOS.obj (.text:ti_sysbios_family_arm_m3_TaskSupport_start__E)
                  0000f110    00000030     release_pem4f.oem4f (.text:ti_sysbios_gates_GateHwi_Object__create__S)
                  0000f140    00000030     release_pem4f.oem4f (.text:ti_sysbios_gates_GateMutex_Object__create__S)
                  0000f170    00000030     sysbios.aem4f : BIOS.obj (.text:ti_sysbios_gates_GateMutex_enter__E)
                  0000f1a0    00000030     release_pem4f.oem4f (.text:ti_sysbios_heaps_HeapMem_Object__create__S)
                  0000f1d0    00000030     sysbios.aem4f : BIOS.obj (.text:ti_sysbios_knl_Event_pendTimeout__I)
                  0000f200    00000030                   : BIOS.obj (.text:ti_sysbios_knl_Mailbox_postInit__I)
                  0000f230    00000030     release_pem4f.oem4f (.text:ti_sysbios_knl_Semaphore_construct)
                  0000f260    00000030     sysbios.aem4f : BIOS.obj (.text:ti_sysbios_knl_Semaphore_pendTimeout__I)
                  0000f290    00000030                   : BIOS.obj (.text:ti_sysbios_knl_Task_processVitalTaskFlag__I)
                  0000f2c0    00000030                   : BIOS.obj (.text:ti_sysbios_knl_Task_restore__E)
                  0000f2f0    00000030                   : BIOS.obj (.text:ti_sysbios_knl_Task_unblockI__E)
                  0000f320    00000030                   : BIOS.obj (.text:xdc_runtime_System_processAtExit__E)
                  0000f350    0000002e                   : BIOS.obj (.text:pthread_setcancelstate)
                  0000f37e    0000002e     rtsv7M4_T_le_v4SPD16_eabi.lib : i_tofd_t2.asm.obj (.text)
                  0000f3ac    0000002c     dpl_msp432p401x.aem4f : PowerMSP432_tirtos.oem4f (.text:PowerMSP432_updateFreqs)
                  0000f3d8    0000002c     msp432p4xx_driverlib.lib : rtc_c.o (.text:RTC_C_holdClock)
                  0000f404    0000002c     dpl_msp432p401x.aem4f : SemaphoreP_tirtos.oem4f (.text:SemaphoreP_createBinary)
                  0000f430    0000002c     sysbios.aem4f : BIOS.obj (.text:_pthread_cleanupFxn)
                  0000f45c    00000004     --HOLE-- [fill = 0]
                  0000f460    0000002c                   : BIOS.obj (.text:_pthread_delete$43)
                  0000f48c    0000002c     ec11.obj (.text:ec11_read)
                  0000f4b8    0000002c     spi_lcd.obj (.text:lcd_drawpoint)
                  0000f4e4    0000002c     drivers_msp432p401x.aem4f : TimerMSP432.oem4f (.text:perfChangeNotifyFxn)
                  0000f510    0000002c     release_pem4f.oem4f (.text:ti_sysbios_gates_GateHwi_Handle__label__S)
                  0000f53c    0000002c     release_pem4f.oem4f (.text:ti_sysbios_gates_GateMutex_Handle__label__S)
                  0000f568    0000002c     release_pem4f.oem4f (.text:ti_sysbios_heaps_HeapMem_Handle__label__S)
                  0000f594    0000002c     release_pem4f.oem4f (.text:ti_sysbios_knl_Clock_doTick__I)
                  0000f5c0    0000002c     release_pem4f.oem4f (.text:ti_sysbios_knl_Event_construct)
                  0000f5ec    0000002c     release_pem4f.oem4f (.text:ti_sysbios_knl_Queue_construct)
                  0000f618    0000002c     uart1.obj (.text:uartReadCallback)
                  0000f644    0000002a     display.aem4f : Display.oem4f (.text:Display_doPrintf)
                  0000f66e    0000002a     drivers_msp432p401x.aem4f : SPIMSP432DMA.oem4f (.text:perfChangeNotifyFxn)
                  0000f698    00000028     msp432p4xx_driverlib.lib : adc14.o (.text:ADC14_getResult)
                  0000f6c0    00000028     display.aem4f : Display.oem4f (.text:Display_doInit)
                  0000f6e8    00000028     msp432p4xx_driverlib.lib : pcm.o (.text:PCM_gotoLPM0)
                  0000f710    00000028     drivers_msp432p401x.aem4f : PowerMSP432.oem4f (.text:Power_registerNotify)
                  0000f738    00000028     msp432p4xx_driverlib.lib : spi.o (.text:SPI_getInterruptStatus)
                  0000f760    00000028     drivers_msp432p401x.aem4f : PowerMSP432.oem4f (.text:disableFaultCounter)
                  0000f788    00000028                               : PowerMSP432.oem4f (.text:disableHFXT)
                  0000f7b0    00000028                               : UARTMSP432.oem4f (.text:findBaudDividerIndex)
                  0000f7d8    00000028     sysbios.aem4f : m3_Hwi_asm.obj (.text:ti_sysbios_family_arm_m3_Hwi_excHandlerAsm__I)
                  0000f800    00000028                   : BIOS.obj (.text:ti_sysbios_knl_Clock_addI__E)
                  0000f828    00000028                   : BIOS.obj (.text:ti_sysbios_knl_Swi_Module_startup__E)
                  0000f850    00000026     drivers_msp432p401x.aem4f : List.oem4f (.text:List_put)
                  0000f876    00000026                               : List.oem4f (.text:List_remove)
                  0000f89c    00000026                               : PWMTimerMSP432.oem4f (.text:releaseConstraints)
                  0000f8c2    00000026     sysbios.aem4f : m3_Hwi_asm.obj (.text:ti_sysbios_family_arm_m3_Hwi_pendSV__I)
                  0000f8e8    00000024     msp432p4xx_driverlib.lib : wdt_a.o (.text:WDT_A_holdTimer)
                  0000f90c    00000004     --HOLE-- [fill = 0]
                  0000f910    00000024     sysbios.aem4f : BIOS.obj (.text:pthread_attr_init)
                  0000f934    00000024     release_pem4f.oem4f (.text:ti_sysbios_BIOS_registerRTSLock__I)
                  0000f958    00000024     release_pem4f.oem4f (.text:ti_sysbios_BIOS_removeRTSLock__I)
                  0000f97c    00000004     --HOLE-- [fill = 0]
                  0000f980    00000024     sysbios.aem4f : BIOS.obj (.text:ti_sysbios_family_arm_msp432_ClockFreqs_setFrequency__E)
                  0000f9a4    00000024     release_pem4f.oem4f (.text:ti_sysbios_gates_GateMutex_Object__delete__S)
                  0000f9c8    00000024     sysbios.aem4f : BIOS.obj (.text:ti_sysbios_knl_Clock_Module_startup__E)
                  0000f9ec    00000024     release_pem4f.oem4f (.text:ti_sysbios_knl_Clock_Object__delete__S)
                  0000fa10    00000024     sysbios.aem4f : BIOS.obj (.text:ti_sysbios_knl_Clock_start__E)
                  0000fa34    00000004     --HOLE-- [fill = 0]
                  0000fa38    00000024                   : BIOS.obj (.text:ti_sysbios_knl_Semaphore_Instance_init__E)
                  0000fa5c    00000024     release_pem4f.oem4f (.text:ti_sysbios_knl_Semaphore_Object__delete__S)
                  0000fa80    00000024     sysbios.aem4f : BIOS.obj (.text:ti_sysbios_knl_Task_restoreHwi__E)
                  0000faa4    00000004     --HOLE-- [fill = 0]
                  0000faa8    00000024                   : BIOS.obj (.text:xdc_runtime_Error_policyMin__E)
                  0000facc    00000022     drivers_msp432p401x.aem4f : LED.oem4f (.text:LED_stopBlinking)
                  0000faee    00000022     ui.obj (.text:is_number)
                  0000fb10    00000020     msp432p4xx_driverlib.lib : cs.o (.text:CS_setExternalClockSourceFrequency)
                  0000fb30    00000020     drivers_msp432p401x.aem4f : GPIOMSP432.oem4f (.text:GPIO_read)
                  0000fb50    00000020                               : PowerMSP432.oem4f (.text:Power_unregisterNotify)
                  0000fb70    00000020                               : RingBuf.oem4f (.text:RingBuf_peek)
                  0000fb90    00000020     release_pem4f.oem4f (.text:ti_sysbios_BIOS_rtsLock__I)
                  0000fbb0    00000020     release_pem4f.oem4f (.text:ti_sysbios_family_arm_m3_Hwi_Object__delete__S)
                  0000fbd0    00000020     sysbios.aem4f : BIOS.obj (.text:ti_sysbios_family_arm_m3_Hwi_clearInterrupt__E)
                  0000fbf0    00000020     release_pem4f.oem4f (.text:ti_sysbios_gates_GateHwi_Object__delete__S)
                  0000fc10    00000020     release_pem4f.oem4f (.text:ti_sysbios_heaps_HeapMem_Object__delete__S)
                  0000fc30    00000020     sysbios.aem4f : BIOS.obj (.text:ti_sysbios_knl_Idle_run__E)
                  0000fc50    00000020     release_pem4f.oem4f (.text:ti_sysbios_knl_Semaphore_destruct)
                  0000fc70    00000020     release_pem4f.oem4f (.text:ti_sysbios_knl_Task_Object__delete__S)
                  0000fc90    0000001e     drivers_msp432p401x.aem4f : PWMTimerMSP432.oem4f (.text:corroboratePeriod)
                  0000fcae    0000001e                               : Button.oem4f (.text:msToTicks)
                  0000fccc    0000001e                               : LED.oem4f (.text:msToTicks)
                  0000fcea    0000001e     sysbios.aem4f : m3_Hwi_asm_switch.obj (.text:ti_sysbios_family_xxx_Hwi_switchAndRunFunc)
                  0000fd08    0000001c     ti_drivers_config.obj (.text:dmaErrorFxn)
                  0000fd24    0000001c     rtsv7M4_T_le_v4SPD16_eabi.lib : memccpy.c.obj (.text:memccpy)
                  0000fd40    0000001c     sysbios.aem4f : BIOS.obj (.text:ti_sysbios_family_arm_m3_Hwi_excHandler__I)
                  0000fd5c    00000004     --HOLE-- [fill = 0]
                  0000fd60    0000001c                   : BIOS.obj (.text:ti_sysbios_gates_GateMutex_Instance_init__E)
                  0000fd7c    00000004     --HOLE-- [fill = 0]
                  0000fd80    0000001c                   : BIOS.obj (.text:ti_sysbios_knl_Clock_Instance_finalize__E)
                  0000fd9c    0000001c     release_pem4f.oem4f (.text:ti_sysbios_knl_Queue_destruct)
                  0000fdb8    0000001c     sysbios.aem4f : BIOS.obj (.text:ti_sysbios_knl_Queue_put__E)
                  0000fdd4    00000004     --HOLE-- [fill = 0]
                  0000fdd8    0000001c                   : BIOS.obj (.text:ti_sysbios_knl_Task_enter__I)
                  0000fdf4    00000004     --HOLE-- [fill = 0]
                  0000fdf8    0000001c                   : BIOS.obj (.text:ti_sysbios_rts_ti_ReentSupport_getReent__F)
                  0000fe14    00000004     --HOLE-- [fill = 0]
                  0000fe18    0000001c                   : BIOS.obj (.text:xdc_runtime_Memory_valloc__E)
                  0000fe34    00000004     --HOLE-- [fill = 0]
                  0000fe38    0000001c                   : BIOS.obj (.text:xdc_runtime_System_abort__E)
                  0000fe54    0000001a     drivers_msp432p401x.aem4f : LED.oem4f (.text:LED_toggle)
                  0000fe6e    0000001a     rtsv7M4_T_le_v4SPD16_eabi.lib : s_copysign.c.obj (.text:copysign)
                  0000fe88    00000018     release_pem4f.oem4f (.text:.bootCodeSection:ti_sysbios_family_arm_msp432_init_Boot_init__I)
                  0000fea0    00000018     msp432p4xx_driverlib.lib : spi.o (.text:EUSCI_A_SPI_getInterruptStatus)
                  0000feb8    00000018                              : spi.o (.text:EUSCI_B_SPI_getInterruptStatus)
                  0000fed0    00000018     drivers_msp432p401x.aem4f : I2C.oem4f (.text:I2C_transfer)
                  0000fee8    00000018     msp432p4xx_driverlib.lib : sysctl_a.o (.text:SysCtl_A_disableNMISource)
                  0000ff00    00000018                              : sysctl_a.o (.text:SysCtl_A_enableNMISource)
                  0000ff18    00000018     drivers_msp432p401x.aem4f : UART.oem4f (.text:UART_Params_init)
                  0000ff30    00000018     rtsv7M4_T_le_v4SPD16_eabi.lib : args_main.c.obj (.text:_args_main)
                  0000ff48    00000018                                   : sprintf.c.obj (.text:_outs)
                  0000ff60    00000018     drivers_msp432p401x.aem4f : PWMTimerMSP432.oem4f (.text:corroborateDuty)
                  0000ff78    00000018     release_pem4f.oem4f (.text:ti_sysbios_BIOS_rtsUnlock__I)
                  0000ff90    00000018     release_pem4f.oem4f (.text:ti_sysbios_family_arm_m3_Hwi_Module__startupDone__F)
                  0000ffa8    00000018     sysbios.aem4f : m3_TaskSupport_asm.obj (.text:ti_sysbios_family_arm_m3_TaskSupport_swap__E)
                  0000ffc0    00000018     release_pem4f.oem4f (.text:ti_sysbios_family_arm_msp432_Timer_Module__startupDone__F)
                  0000ffd8    00000018     sysbios.aem4f : BIOS.obj (.text:ti_sysbios_gates_GateMutex_leave__E)
                  0000fff0    00000018                   : BIOS.obj (.text:ti_sysbios_knl_Task_sleepTimeout__I)
                  00010008    00000018     release_pem4f.oem4f (.text:ti_sysbios_rts_ti_ReentSupport_getTlsAddr__I)
                  00010020    00000018     sysbios.aem4f : BIOS.obj (.text:xdc_runtime_Error_init__E)
                  00010038    00000018                   : BIOS.obj (.text:xdc_runtime_System_exit__E)
                  00010050    00000016     display.aem4f : DisplayUart.oem4f (.text:DisplayUartMin_close)
                  00010066    00000016     rtsv7M4_T_le_v4SPD16_eabi.lib : strchr.c.obj (.text:strchr)
                  0001007c    00000016     release_pem4f.oem4f (.text:ti_sysbios_BIOS_exitFunc__I)
                  00010092    00000016     uart1.obj (.text:ti_sysbios_knl_Event_Params_init)
                  000100a8    00000016     sysbios.aem4f : BIOS.obj (.text:ti_sysbios_knl_Task_unblock__E)
                  000100be    00000002     --HOLE-- [fill = 0]
                  000100c0    00000014     msp432p4xx_driverlib.lib : pcm.o (.text:PCM_getPowerState)
                  000100d4    00000014     drivers_msp432p401x.aem4f : PWM.oem4f (.text:PWM_Params_init)
                  000100e8    00000014                               : PowerMSP432.oem4f (.text:Power_idleFunc)
                  000100fc    00000014                               : SPI.oem4f (.text:SPI_Params_init)
                  00010110    00000014                               : UARTMSP432.oem4f (.text:clearTXCPTIFG)
                  00010124    00000004     --HOLE-- [fill = 0]
                  00010128    00000014     sysbios.aem4f : BIOS.obj (.text:pthread_attr_setschedparam)
                  0001013c    00000014     rtsv7M4_T_le_v4SPD16_eabi.lib : strlen.c.obj (.text:strlen)
                  00010150    00000014     release_pem4f.oem4f (.text:ti_sysbios_family_arm_m3_Hwi_Object__get__S)
                  00010164    00000004     --HOLE-- [fill = 0]
                  00010168    00000014     sysbios.aem4f : BIOS.obj (.text:ti_sysbios_family_arm_m3_Hwi_switchFromBootStack__E)
                  0001017c    00000014     release_pem4f.oem4f (.text:ti_sysbios_heaps_HeapMem_Object__get__S)
                  00010190    00000014     sysbios.aem4f : BIOS.obj (.text:ti_sysbios_knl_Event_Instance_init__E)
                  000101a4    00000014     release_pem4f.oem4f (.text:ti_sysbios_knl_Swi_Object__get__S)
                  000101b8    00000014     drivers_msp432p401x.aem4f : Button.oem4f (.text:ticksToMs)
                  000101cc    00000014                               : Button.oem4f (.text:timediff)
                  000101e0    00000012                               : LED.oem4f (.text:LED_Params_init)
                  000101f2    00000012                               : RingBuf.oem4f (.text:RingBuf_construct)
                  00010204    00000012     dpl_msp432p401x.aem4f : SemaphoreP_tirtos.oem4f (.text:SemaphoreP_pend)
                  00010216    00000002     --HOLE-- [fill = 0]
                  00010218    00000012     sysbios.aem4f : BIOS.obj (.text:_pthread_cleanup_pop)
                  0001022a    00000006     display.aem4f : DisplayUart.oem4f (.text:DisplayUartMin_getType)
                  00010230    00000012     sysbios.aem4f : BIOS.obj (.text:_pthread_runStub$43)
                  00010242    00000006     display.aem4f : Display.oem4f (.text:Display_doParamsInit)
                  00010248    00000012     sysbios.aem4f : BIOS.obj (.text:ti_sysbios_hal_Hwi_Module_startup__E)
                  0001025a    00000012     rtsv7M4_T_le_v4SPD16_eabi.lib : wcslen.c.obj (.text:wcslen)
                  0001026c    00000012     release_pem4f.oem4f (.text:xdc_runtime_Startup_exec__I)
                  0001027e    00000002     --HOLE-- [fill = 0]
                  00010280    00000010     msp432p4xx_driverlib.lib : adc14.o (.text:ADCIsConversionRunning)
                  00010290    00000010     drivers_msp432p401x.aem4f : Button.oem4f (.text:Button_Params_init)
                  000102a0    00000010                               : GPIOMSP432.oem4f (.text:GPIO_getConfig)
                  000102b0    00000010     dpl_msp432p401x.aem4f : HwiP_tirtos.oem4f (.text:HwiP_Params_init)
                  000102c0    00000010     drivers_msp432p401x.aem4f : I2C.oem4f (.text:I2C_Params_init)
                  000102d0    00000010     msp432p4xx_driverlib.lib : pcm.o (.text:PCM_gotoLPM4)
                  000102e0    00000010                              : pcm.o (.text:PCM_setPowerMode)
                  000102f0    00000010                              : pcm.o (.text:PCM_setPowerState)
                  00010300    00000010     drivers_msp432p401x.aem4f : PowerMSP432.oem4f (.text:PowerMSP432_getNumPerfLevels)
                  00010310    00000010     msp432p4xx_driverlib.lib : sysctl_a.o (.text:SysCtl_A_getNMISourceStatus)
                  00010320    00000010                              : sysctl.o (.text:SysCtl_getNMISourceStatus)
                  00010330    00000010     drivers_msp432p401x.aem4f : Timer.oem4f (.text:Timer_Params_init)
                  00010340    00000010                               : UARTMSP432.oem4f (.text:readBlockingTimeout)
                  00010350    00000010     sysbios.aem4f : BIOS.obj (.text:ti_sysbios_BIOS_exit__E)
                  00010360    00000010                   : BIOS.obj (.text:ti_sysbios_BIOS_setCpuFreq__E)
                  00010370    00000010                   : BIOS.obj (.text:ti_sysbios_BIOS_setThreadType__E)
                  00010380    00000010                   : BIOS.obj (.text:ti_sysbios_BIOS_start__E)
                  00010390    00000010                   : m3_TaskSupport_asm.obj (.text:ti_sysbios_family_arm_m3_TaskSupport_glue)
                  000103a0    00000010                   : BIOS.obj (.text:ti_sysbios_family_arm_msp432_init_Boot_disableWatchdog)
                  000103b0    00000010                   : BIOS.obj (.text:ti_sysbios_gates_GateMutex_Instance_finalize__E)
                  000103c0    00000010     release_pem4f.oem4f (.text:ti_sysbios_knl_Mailbox_Object__get__S)
                  000103d0    00000010     sysbios.aem4f : BIOS.obj (.text:ti_sysbios_knl_Semaphore_Instance_finalize__E)
                  000103e0    00000010                   : BIOS.obj (.text:ti_sysbios_knl_Swi_disable__E)
                  000103f0    00000010     release_pem4f.oem4f (.text:ti_sysbios_knl_Task_Object__get__S)
                  00010400    00000010     sysbios.aem4f : BIOS.obj (.text:ti_sysbios_knl_Task_disable__E)
                  00010410    00000010                   : BIOS.obj (.text:xdc_runtime_Gate_leaveSystem__E)
                  00010420    00000010                   : BIOS.obj (.text:xdc_runtime_Memory_free__E)
                  00010430    00000010                   : BIOS.obj (.text:xdc_runtime_SysCallback_abort__E)
                  00010440    00000010                   : BIOS.obj (.text:xdc_runtime_SysCallback_exit__E)
                  00010450    00000010                   : BIOS.obj (.text:xdc_runtime_SysCallback_putch__E)
                  00010460    00000010                   : BIOS.obj (.text:xdc_runtime_SysCallback_ready__E)
                  00010470    00000010                   : BIOS.obj (.text:xdc_runtime_System_vsnprintf__E)
                  00010480    0000000e     encoder.obj (.text:ENCODE_1A_CB)
                  0001048e    0000000e     encoder.obj (.text:ENCODE_1B_CB)
                  0001049c    0000000e     encoder.obj (.text:ENCODE_2A_CB)
                  000104aa    0000000e     encoder.obj (.text:ENCODE_2B_CB)
                  000104b8    0000000e     encoder.obj (.text:ENCODE_3A_CB)
                  000104c6    0000000e     encoder.obj (.text:ENCODE_3B_CB)
                  000104d4    0000000e     encoder.obj (.text:ENCODE_4A_CB)
                  000104e2    0000000e     encoder.obj (.text:ENCODE_4B_CB)
                  000104f0    0000000e     rtsv7M4_T_le_v4SPD16_eabi.lib : copy_decompress_none.c.obj (.text:decompress:none:__TI_decompress_none)
                  000104fe    00000002     --HOLE-- [fill = 0]
                  00010500    0000000e     sysbios.aem4f : BIOS.obj (.text:pthread_attr_setdetachstate)
                  0001050e    00000002     --HOLE-- [fill = 0]
                  00010510    0000000e                   : BIOS.obj (.text:ti_sysbios_knl_Idle_loop__E)
                  0001051e    00000002     --HOLE-- [fill = 0]
                  00010520    0000000e                   : BIOS.obj (.text:ti_sysbios_knl_Queue_empty__E)
                  0001052e    0000000e     spi_lcd.obj (.text:timerCallback)
                  0001053c    0000000e     uart1.obj (.text:uart2ReadCallback)
                  0001054a    0000000e     uart1.obj (.text:uart2WriteCallback)
                  00010558    0000000e     uart1.obj (.text:uart3ReadCallback)
                  00010566    0000000e     uart1.obj (.text:uart3WriteCallback)
                  00010574    0000000e     uart1.obj (.text:uartWriteCallback)
                  00010582    0000000c     ti_drivers_config.obj (.text:Board_init)
                  0001058e    0000000c     msp432p4xx_driverlib.lib : cpu.o (.text:CPU_cpsid)
                  0001059a    0000000c                              : cpu.o (.text:CPU_cpsie)
                  000105a6    0000000c     dpl_msp432p401x.aem4f : ClockP_tirtos.oem4f (.text:ClockP_delete)
                  000105b2    00000002     --HOLE-- [fill = 0]
                  000105b4    0000000c                           : ClockP_tirtos.oem4f (.text:ClockP_getSystemTickPeriod)
                  000105c0    0000000c                           : HwiP_tirtos.oem4f (.text:HwiP_delete)
                  000105cc    0000000c     ui.obj (.text:Invalidate)
                  000105d8    0000000c     drivers_msp432p401x.aem4f : PowerMSP432.oem4f (.text:Power_getConstraintMask)
                  000105e4    0000000c                               : PowerMSP432.oem4f (.text:Power_getPerformanceLevel)
                  000105f0    0000000c     dpl_msp432p401x.aem4f : SemaphoreP_tirtos.oem4f (.text:SemaphoreP_delete)
                  000105fc    0000000c     rtsv7M4_T_le_v4SPD16_eabi.lib : _lock.c.obj (.text:_register_lock)
                  00010608    0000000c                                   : _lock.c.obj (.text:_register_unlock)
                  00010614    0000000c                                   : copy_zero_init.c.obj (.text:decompress:ZI:__TI_zero_init)
                  00010620    0000000c     sysbios.aem4f : BIOS.obj (.text:pthread_self)
                  0001062c    0000000c     release_pem4f.oem4f (.text:ti_sysbios_family_arm_m3_Hwi_Params__init__S)
                  00010638    0000000c     sysbios.aem4f : BIOS.obj (.text:ti_sysbios_family_arm_m3_Hwi_disableFxn__E)
                  00010644    00000004     --HOLE-- [fill = 0]
                  00010648    0000000c                   : BIOS.obj (.text:ti_sysbios_family_arm_m3_TaskSupport_getStackAlignment__E)
                  00010654    00000004     --HOLE-- [fill = 0]
                  00010658    0000000c                   : BIOS.obj (.text:ti_sysbios_family_arm_msp432_Timer_getMaxTicks__E)
                  00010664    00000004     --HOLE-- [fill = 0]
                  00010668    0000000c                   : BIOS.obj (.text:ti_sysbios_gates_GateHwi_enter__E)
                  00010674    0000000c     release_pem4f.oem4f (.text:ti_sysbios_knl_Clock_Params__init__S)
                  00010680    0000000c     sysbios.aem4f : BIOS.obj (.text:ti_sysbios_knl_Clock_getTicks__E)
                  0001068c    0000000c     release_pem4f.oem4f (.text:ti_sysbios_knl_Event_Params__init__S)
                  00010698    0000000c     uart1.obj (.text:ti_sysbios_knl_Event_handle)
                  000106a4    0000000c     release_pem4f.oem4f (.text:ti_sysbios_knl_Queue_Object__get__S)
                  000106b0    0000000c     release_pem4f.oem4f (.text:ti_sysbios_knl_Semaphore_Params__init__S)
                  000106bc    0000000c     release_pem4f.oem4f (.text:ti_sysbios_knl_Task_Params__init__S)
                  000106c8    0000000c     sysbios.aem4f : BIOS.obj (.text:ti_sysbios_knl_Task_self__E)
                  000106d4    00000004     --HOLE-- [fill = 0]
                  000106d8    0000000c                   : BIOS.obj (.text:ti_sysbios_rts_ti_ReentSupport_taskRegHook__I)
                  000106e4    00000004     --HOLE-- [fill = 0]
                  000106e8    0000000c                   : BIOS.obj (.text:xdc_runtime_Gate_enterSystem__E)
                  000106f4    00000004     --HOLE-- [fill = 0]
                  000106f8    0000000c                   : BIOS.obj (.text:xdc_runtime_Startup_rtsDone__E)
                  00010704    0000000a     drivers_msp432p401x.aem4f : ADC.oem4f (.text:ADC_Params_init)
                  0001070e    0000000a                               : ADC.oem4f (.text:ADC_convert)
                  00010718    0000000a     dpl_msp432p401x.aem4f : ClockP_tirtos.oem4f (.text:ClockP_Params_init)
                  00010722    0000000a     drivers_msp432p401x.aem4f : PWM.oem4f (.text:PWM_close)
                  0001072c    0000000a                               : PWM.oem4f (.text:PWM_setDuty)
                  00010736    0000000a                               : PWM.oem4f (.text:PWM_start)
                  00010740    0000000a                               : SPI.oem4f (.text:SPI_transfer)
                  0001074a    0000000a                               : Timer.oem4f (.text:Timer_start)
                  00010754    0000000a                               : UART.oem4f (.text:UART_close)
                  0001075e    0000000a                               : UART.oem4f (.text:UART_control)
                  00010768    0000000a                               : UART.oem4f (.text:UART_read)
                  00010772    0000000a                               : UART.oem4f (.text:UART_write)
                  0001077c    0000000a     rtsv7M4_T_le_v4SPD16_eabi.lib : sprintf.c.obj (.text:_outc)
                  00010786    0000000a     ui.obj (.text:gotoMainMenuView)
                  00010790    0000000a     release_pem4f.oem4f (.text:xdc_runtime_IHeap_alloc)
                  0001079a    0000000a     release_pem4f.oem4f (.text:xdc_runtime_IHeap_free)
                  000107a4    00000008     drivers_msp432p401x.aem4f : Button.oem4f (.text:Button_getLastPressedDuration)
                  000107ac    00000008     ec11.obj (.text:EC11_GPIO_Init)
                  000107b4    00000008     drivers_msp432p401x.aem4f : LED.oem4f (.text:LED_getState)
                  000107bc    00000008     dpl_msp432p401x.aem4f : SemaphoreP_tirtos.oem4f (.text:SemaphoreP_Params_init)
                  000107c4    00000008     drivers_msp432p401x.aem4f : I2CMSP432.oem4f (.text:blockingTransferCallback)
                  000107cc    00000008                               : SPIMSP432DMA.oem4f (.text:blockingTransferCallback)
                  000107d4    00000004     --HOLE-- [fill = 0]
                  000107d8    00000008     sysbios.aem4f : BIOS.obj (.text:pthread_attr_setstacksize)
                  000107e0    00000008     drivers_msp432p401x.aem4f : UARTMSP432.oem4f (.text:readSemCallback)
                  000107e8    00000008     sysbios.aem4f : BIOS.obj (.text:ti_sysbios_family_arm_m3_Hwi_doSwiRestore__I)
                  000107f0    00000008                   : BIOS.obj (.text:ti_sysbios_family_arm_m3_Hwi_startup__E)
                  000107f8    00000008     drivers_msp432p401x.aem4f : UARTMSP432.oem4f (.text:txcptEnabledStatus)
                  00010800    00000008                               : UARTMSP432.oem4f (.text:writeSemCallback)
                  00010808    00000006                               : I2CMSP432.oem4f (.text:I2CMSP432_control)
                  0001080e    00000006                               : PWMTimerMSP432.oem4f (.text:PWMTimerMSP432_control)
                  00010814    00000006                               : PWMTimerMSP432.oem4f (.text:PWMTimerMSP432_setDutyAndPeriod)
                  0001081a    00000006                               : SPIMSP432DMA.oem4f (.text:SPIMSP432DMA_control)
                  00010820    00000006                               : TimerMSP432.oem4f (.text:TimerMSP432_control)
                  00010826    00000002     --HOLE-- [fill = 0]
                  00010828    00000006     sysbios.aem4f : BIOS.obj (.text:ti_sysbios_family_arm_m3_Hwi_doTaskRestore__I)
                  0001082e    00000002     --HOLE-- [fill = 0]
                  00010830    00000006                   : BIOS.obj (.text:ti_sysbios_family_arm_m3_Hwi_restoreFxn__E)
                  00010836    00000002     --HOLE-- [fill = 0]
                  00010838    00000006                   : BIOS.obj (.text:ti_sysbios_gates_GateHwi_leave__E)
                  0001083e    00000002     --HOLE-- [fill = 0]
                  00010840    00000006                   : BIOS.obj (.text:ti_sysbios_heaps_HeapMem_isBlocking__E)
                  00010846    00000002     --HOLE-- [fill = 0]
                  00010848    00000006                   : BIOS.obj (.text:ti_sysbios_knl_Clock_stop__E)
                  0001084e    00000002     --HOLE-- [fill = 0]
                  00010850    00000006                   : BIOS.obj (.text:ti_sysbios_knl_Queue_Instance_init__E)
                  00010856    00000002     --HOLE-- [fill = 0]
                  00010858    00000006                   : BIOS.obj (.text:ti_sysbios_knl_Swi_startup__E)
                  0001085e    00000002     --HOLE-- [fill = 0]
                  00010860    00000006                   : BIOS.obj (.text:xdc_runtime_System_Module_startup__E)
                  00010866    00000002     --HOLE-- [fill = 0]
                  00010868    00000004                   : BIOS.obj (.text:__aeabi_errno_addr)
                  0001086c    00000004     --HOLE-- [fill = 0]
                  00010870    00000004                   : BIOS.obj (.text:ti_sysbios_gates_GateHwi_query__E)
                  00010874    00000004     --HOLE-- [fill = 0]
                  00010878    00000004                   : BIOS.obj (.text:ti_sysbios_gates_GateMutex_query__E)
                  0001087c    00000004     --HOLE-- [fill = 0]
                  00010880    00000004                   : BIOS.obj (.text:ti_sysbios_knl_Clock_setTimeout__E)
                  00010884    00000004     --HOLE-- [fill = 0]
                  00010888    00000004                   : BIOS.obj (.text:ti_sysbios_knl_Task_startup__E)
                  0001088c    00000004     --HOLE-- [fill = 0]
                  00010890    00000004                   : BIOS.obj (.text:xdc_runtime_SysCallback_defaultReady)
                  00010894    00000004     --HOLE-- [fill = 0]
                  00010898    00000002                   : BIOS.obj (.text:ti_sysbios_BIOS_linkedWithIncorrectBootLibrary__E)
                  0001089a    00000006     --HOLE-- [fill = 0]
                  000108a0    00000002                   : BIOS.obj (.text:ti_sysbios_gates_GateHwi_Instance_init__E)
                  000108a2    00000006     --HOLE-- [fill = 0]
                  000108a8    00000002                   : BIOS.obj (.text:ti_sysbios_knl_Clock_logTick__E)
                  000108aa    00000006     --HOLE-- [fill = 0]
                  000108b0    00000002                   : BIOS.obj (.text:xdc_runtime_SysCallback_defaultAbort)
                  000108b2    00000006     --HOLE-- [fill = 0]
                  000108b8    00000002                   : BIOS.obj (.text:xdc_runtime_SysCallback_defaultExit)
                  000108ba    00000006     --HOLE-- [fill = 0]
                  000108c0    00000002                   : BIOS.obj (.text:xdc_runtime_SysCallback_defaultPutch)
                  000108c2    00000006     --HOLE-- [fill = 0]
                  000108c8    00000002                   : BIOS.obj (.text:xdc_runtime_System_abortSpin__E)
                  000108ca    00000006     --HOLE-- [fill = 0]
                  000108d0    00000002                   : BIOS.obj (.text:xdc_runtime_System_exitSpin__E)

.const     0    000108d8    000016d4     
                  000108d8    000005f0     lcd_font.obj (.const:tft_ascii)
                  00010ec8    00000158     rtsv7M4_T_le_v4SPD16_eabi.lib : k_rem_pio2.c.obj (.const:$O1$$)
                  00011020    00000150     ui.obj (.const:$P$T14$16)
                  00011170    00000118     ui.obj (.const:$P$T4$6)
                  00011288    00000101     rtsv7M4_T_le_v4SPD16_eabi.lib : ctype.c.obj (.const:.string:_ctypes_)
                  00011389    00000002     ti_drivers_config.obj (.const:ButtonHWAttrs)
                  0001138b    00000001     display.aem4f : Display.oem4f (.const:Display_defaultParams)
                  0001138c    000000b0     ti_drivers_config.obj (.const:uartMSP432HWAttrs)
                  0001143c    00000080     msp432p4xx_driverlib.lib : adc14.o (.const:_ctlRegs)
                  000114bc    00000070     ui.obj (.const:$P$T13$15)
                  0001152c    00000060     ui.obj (.const:$P$T3$4)
                  0001158c    00000054     ui.obj (.const:$P$T8$10)
                  000115e0    00000050     drivers_msp432p401x.aem4f : TimerMSP432.oem4f (.const:timerADividers)
                  00011630    00000050     ti_drivers_config.obj (.const:uartMSP432Baudrates)
                  00011680    00000048     ti_drivers_config.obj (.const:PWM_config)
                  000116c8    0000003c     release_pem4f.oem4f (.const:ti_sysbios_knl_Task_Object__PARAMS__C)
                  00011704    00000038     ti_drivers_config.obj (.const:PowerMSP432_config)
                  0001173c    00000030     ti_drivers_config.obj (.const:UART_config)
                  0001176c    00000030     ti_drivers_config.obj (.const:pwmTimerMSP432HWAttrs)
                  0001179c    00000030     release_pem4f.oem4f (.const:ti_sysbios_family_arm_m3_Hwi_Object__PARAMS__C)
                  000117cc    00000028     drivers_msp432p401x.aem4f : UARTMSP432.oem4f (.const:UARTMSP432_fxnTable)
                  000117f4    00000028     release_pem4f.oem4f (.const:ti_sysbios_heaps_HeapMem_Module__FXNS__C)
                  0001181c    00000024     ui.obj (.const:$P$T0$1)
                  00011840    00000024     ui.obj (.const:$P$T1$2)
                  00011864    00000024     ui.obj (.const:$P$T2$3)
                  00011888    00000024     drivers_msp432p401x.aem4f : PWMTimerMSP432.oem4f (.const:PWMTimerMSP432_fxnTable)
                  000118ac    00000024                               : UART.oem4f (.const:UART_defaultParams)
                  000118d0    00000024     ti_drivers_config.obj (.const:spiMSP432DMAHWAttrs)
                  000118f4    00000024     release_pem4f.oem4f (.const:ti_sysbios_gates_GateHwi_Module__FXNS__C)
                  00011918    00000024     release_pem4f.oem4f (.const:ti_sysbios_gates_GateMutex_Module__FXNS__C)
                  0001193c    00000024     release_pem4f.oem4f (.const:ti_sysbios_heaps_HeapMem_Object__PARAMS__C)
                  00011960    00000024     release_pem4f.oem4f (.const:ti_sysbios_knl_Clock_Object__PARAMS__C)
                  00011984    00000024     release_pem4f.oem4f (.const:ti_sysbios_knl_Semaphore_Object__PARAMS__C)
                  000119a8    00000024     release_pem4f.oem4f (.const:xdc_runtime_Startup_sfxnTab__A)
                  000119cc    00000020     display.aem4f : DisplayUart.oem4f (.const:DisplayUartMin_fxnTable)
                  000119ec    00000020     drivers_msp432p401x.aem4f : SPI.oem4f (.const:SPI_defaultParams)
                  00011a0c    00000020     ti_drivers_config.obj (.const:TimerMSP432HWAttrs)
                  00011a2c    00000020     drivers_msp432p401x.aem4f : TimerMSP432.oem4f (.const:TimerMSP432_Timer32_fxnTable)
                  00011a4c    00000020                               : UARTMSP432.oem4f (.const:staticFxnTable)
                  00011a6c    00000020     release_pem4f.oem4f (.const:ti_sysbios_family_arm_m3_Hwi_Object__DESC__C)
                  00011a8c    00000020     release_pem4f.oem4f (.const:ti_sysbios_gates_GateHwi_Object__DESC__C)
                  00011aac    00000020     release_pem4f.oem4f (.const:ti_sysbios_gates_GateMutex_Object__DESC__C)
                  00011acc    00000020     release_pem4f.oem4f (.const:ti_sysbios_heaps_HeapMem_Object__DESC__C)
                  00011aec    00000020     release_pem4f.oem4f (.const:ti_sysbios_knl_Clock_Object__DESC__C)
                  00011b0c    00000020     release_pem4f.oem4f (.const:ti_sysbios_knl_Event_Object__DESC__C)
                  00011b2c    00000020     release_pem4f.oem4f (.const:ti_sysbios_knl_Queue_Object__DESC__C)
                  00011b4c    00000020     release_pem4f.oem4f (.const:ti_sysbios_knl_Semaphore_Object__DESC__C)
                  00011b6c    00000020     release_pem4f.oem4f (.const:ti_sysbios_knl_Task_Object__DESC__C)
                  00011b8c    0000001c     ui.obj (.const:$P$T10$12)
                  00011ba8    0000001c     ui.obj (.const:$P$T11$13)
                  00011bc4    0000001c     ui.obj (.const:$P$T12$14)
                  00011be0    0000001c     ui.obj (.const:$P$T5$7)
                  00011bfc    0000001c     ui.obj (.const:$P$T6$8)
                  00011c18    0000001c     ui.obj (.const:$P$T7$9)
                  00011c34    0000001c     ui.obj (.const:$P$T9$11)
                  00011c50    00000018     drivers_msp432p401x.aem4f : ADCMSP432.oem4f (.const:ADCMSP432_fxnTable)
                  00011c68    00000018                               : I2CMSP432.oem4f (.const:I2CMSP432_fxnTable)
                  00011c80    00000018                               : PWM.oem4f (.const:PWM_defaultParams)
                  00011c98    00000018                               : SPIMSP432DMA.oem4f (.const:SPIMSP432DMA_fxnTable)
                  00011cb0    00000018     ti_drivers_config.obj (.const:Timer_config)
                  00011cc8    00000018     release_pem4f.oem4f (.const:ti_sysbios_gates_GateHwi_Object__PARAMS__C)
                  00011ce0    00000018     release_pem4f.oem4f (.const:ti_sysbios_gates_GateMutex_Object__PARAMS__C)
                  00011cf8    00000018     release_pem4f.oem4f (.const:ti_sysbios_knl_Event_Object__PARAMS__C)
                  00011d10    00000018     release_pem4f.oem4f (.const:ti_sysbios_knl_Queue_Object__PARAMS__C)
                  00011d28    00000018     release_pem4f.oem4f (.const:ti_sysbios_knl_Task_hooks__A)
                  00011d40    00000014     ti_drivers_config.obj (.const:GPIOMSP432_config)
                  00011d54    00000014     ti_drivers_config.obj (.const:displayUartHWAttrs)
                  00011d68    00000014     ti_drivers_config.obj (.const:i2cMSP432HWAttrs)
                  00011d7c    00000012     release_pem4f.oem4f (.const:xdc_runtime_Startup_sfxnRts__A)
                  00011d8e    00000002     release_pem4f.oem4f (.const:ti_sysbios_family_arm_m3_Hwi_Module__id__C)
                  00011d90    00000010     ti_drivers_config.obj (.const:Button_config)
                  00011da0    00000010     drivers_msp432p401x.aem4f : Button.oem4f (.const:Button_defaultParams)
                  00011db0    00000010                               : I2C.oem4f (.const:I2C_defaultParams)
                  00011dc0    00000010     ti_drivers_config.obj (.const:LED_config)
                  00011dd0    00000010     ti_drivers_config.obj (.const:adcMSP432HWAttrs)
                  00011de0    00000010     drivers_msp432p401x.aem4f : PWMTimerMSP432.oem4f (.const:pwmTimerBaseAddr)
                  00011df0    0000000c     ti_drivers_config.obj (.const:ADC_config)
                  00011dfc    0000000c     ti_drivers_config.obj (.const:Display_config)
                  00011e08    0000000c     ti_drivers_config.obj (.const:I2C_config)
                  00011e14    0000000c     ti_drivers_config.obj (.const:SPI_config)
                  00011e20    0000000c     drivers_msp432p401x.aem4f : I2CMSP432.oem4f (.const:bitRates)
[...]
00010899  ti_sysbios_BIOS_linkedWithIncorrectBootLibrary__E               
000108a1  ti_sysbios_gates_GateHwi_Instance_init__E                       
000108a9  ti_sysbios_knl_Clock_logTick__E                                 
000108b1  xdc_runtime_SysCallback_defaultAbort                            
000108b9  xdc_runtime_SysCallback_defaultExit                             
000108c1  xdc_runtime_SysCallback_defaultPutch                            
000108c9  xdc_runtime_System_abortSpin__E                                 
000108d1  xdc_runtime_System_exitSpin__E                                  
000108d8  tft_ascii                                                       
00011288  _ctypes_                                                        
0001138b  Display_defaultParams                                           
00011680  PWM_config                                                      
000116c8  ti_sysbios_knl_Task_Object__PARAMS__C                           
00011704  PowerMSP432_config                                              
0001173c  UART_config                                                     
0001176c  pwmTimerMSP432HWAttrs                                           
0001179c  ti_sysbios_family_arm_m3_Hwi_Object__PARAMS__C                  
000117cc  UARTMSP432_fxnTable                                             
000117f4  ti_sysbios_heaps_HeapMem_Module__FXNS__C                        
00011888  PWMTimerMSP432_fxnTable                                         
000118ac  UART_defaultParams                                              
000118d0  spiMSP432DMAHWAttrs                                             
000118f4  ti_sysbios_gates_GateHwi_Module__FXNS__C                        
00011918  ti_sysbios_gates_GateMutex_Module__FXNS__C                      
0001193c  ti_sysbios_heaps_HeapMem_Object__PARAMS__C                      
00011960  ti_sysbios_knl_Clock_Object__PARAMS__C                          
00011984  ti_sysbios_knl_Semaphore_Object__PARAMS__C                      
000119a8  xdc_runtime_Startup_sfxnTab__A                                  
000119cc  DisplayUartMin_fxnTable                                         
000119ec  SPI_defaultParams                                               
00011a0c  TimerMSP432HWAttrs                                              
00011a2c  TimerMSP432_Timer32_fxnTable                                    
00011a6c  ti_sysbios_family_arm_m3_Hwi_Object__DESC__C                    
00011a8c  ti_sysbios_gates_GateHwi_Object__DESC__C                        
00011aac  ti_sysbios_gates_GateMutex_Object__DESC__C                      
00011acc  ti_sysbios_heaps_HeapMem_Object__DESC__C                        
00011aec  ti_sysbios_knl_Clock_Object__DESC__C                            
00011b0c  ti_sysbios_knl_Event_Object__DESC__C                            
00011b2c  ti_sysbios_knl_Queue_Object__DESC__C                            
00011b4c  ti_sysbios_knl_Semaphore_Object__DESC__C                        
00011b6c  ti_sysbios_knl_Task_Object__DESC__C                             
00011c50  ADCMSP432_fxnTable                                              
00011c68  I2CMSP432_fxnTable                                              
00011c80  PWM_defaultParams                                               
00011c98  SPIMSP432DMA_fxnTable                                           
00011cb0  Timer_config                                                    
00011cc8  ti_sysbios_gates_GateHwi_Object__PARAMS__C                      
00011ce0  ti_sysbios_gates_GateMutex_Object__PARAMS__C                    
00011cf8  ti_sysbios_knl_Event_Object__PARAMS__C                          
00011d10  ti_sysbios_knl_Queue_Object__PARAMS__C                          
00011d28  ti_sysbios_knl_Task_hooks__A                                    
00011d40  GPIOMSP432_config                                               
00011d54  displayUartHWAttrs                                              
00011d68  i2cMSP432HWAttrs                                                
00011d7c  xdc_runtime_Startup_sfxnRts__A                                  
00011d8e  ti_sysbios_family_arm_m3_Hwi_Module__id__C                      
00011d90  Button_config                                                   
00011da0  Button_defaultParams                                            
00011db0  I2C_defaultParams                                               
00011dc0  LED_config                                                      
00011dd0  adcMSP432HWAttrs                                                
00011df0  ADC_config                                                      
00011dfc  Display_config                                                  
00011e08  I2C_config                                                      
00011e14  SPI_config                                                      
00011e44  udmaMSP432HWAttrs                                               
00011e50  xdc_runtime_Startup_firstFxns__A                                
00011e5c  Display_count                                                   
00011e5d  ADC_count                                                       
00011e5e  I2C_count                                                       
00011e5f  PWM_count                                                       
00011e60  SPI_count                                                       
00011e61  Timer_count                                                     
00011e62  UART_count                                                      
00011e63  Button_count                                                    
00011e64  LED_count                                                       
00011e65  xdc_runtime_Error_policy__C                                     
00011e66  ti_sysbios_family_arm_msp432_init_Boot_bypassHFXT__C            
00011e68  ADC_defaultParams                                               
00011e70  LED_defaultParams                                               
00011e78  UDMAMSP432_config                                               
00011e88  ti_sysbios_knl_Idle_funcList__A                                 
00011e90  ti_sysbios_knl_Idle_funcList__C                                 
00011e98  ti_sysbios_knl_Task_hooks__C                                    
00011ea0  xdc_runtime_Startup_firstFxns__C                                
00011ea8  xdc_runtime_Startup_lastFxns__C                                 
00011eca  ti_sysbios_family_arm_msp432_init_Boot_bypassLFXT__C            
00011ecc  ti_sysbios_family_arm_m3_Hwi_E_alreadyDefined__C                
00011ed0  ti_sysbios_family_arm_m3_Hwi_E_badIntNum__C                     
00011ed4  ti_sysbios_family_arm_m3_Hwi_NUM_INTERRUPTS__C                  
00011ed8  ti_sysbios_family_arm_m3_Hwi_Object__count__C                   
00011edc  ti_sysbios_family_arm_m3_Hwi_ccr__C                             
00011ee0  ti_sysbios_family_arm_m3_Hwi_excHandlerFunc__C                  
00011ee4  ti_sysbios_family_arm_m3_Hwi_nullIsrFunc__C                     
00011ee8  ti_sysbios_family_arm_m3_Hwi_priGroup__C                        
00011eec  ti_sysbios_family_arm_m3_Hwi_swiDisable__C                      
00011ef0  ti_sysbios_family_arm_m3_Hwi_swiRestore__C                      
00011ef4  ti_sysbios_family_arm_m3_TaskSupport_stackAlignment__C          
00011ef8  ti_sysbios_family_arm_msp432_Timer_numTimerDevices__C           
00011efc  ti_sysbios_family_arm_msp432_Timer_startupNeeded__C             
00011f00  ti_sysbios_gates_GateMutex_Instance_State_sem__O                
00011f04  ti_sysbios_heaps_HeapMem_E_memory__C                            
00011f08  ti_sysbios_heaps_HeapMem_Module__gateObj__C                     
00011f0c  ti_sysbios_heaps_HeapMem_Object__count__C                       
00011f10  ti_sysbios_heaps_HeapMem_primaryHeapBaseAddr__C                 
00011f14  ti_sysbios_heaps_HeapMem_primaryHeapEndAddr__C                  
00011f18  ti_sysbios_heaps_HeapMem_reqAlign__C                            
00011f1c  ti_sysbios_knl_Clock_Module_State_clockQ__O                     
00011f20  ti_sysbios_knl_Clock_tickPeriod__C                              
00011f24  ti_sysbios_knl_Event_Instance_State_pendQ__O                    
00011f28  ti_sysbios_knl_Mailbox_Instance_State_freeQue__O                
00011f2c  ti_sysbios_knl_Mailbox_Object__count__C                         
00011f30  ti_sysbios_knl_Mailbox_maxTypeAlign__C                          
00011f34  ti_sysbios_knl_Semaphore_Instance_State_pendQ__O                
00011f38  ti_sysbios_knl_Swi_Object__count__C                             
00011f3c  ti_sysbios_knl_Task_Module_State_inactiveQ__O                   
00011f40  ti_sysbios_knl_Task_Object__count__C                            
00011f44  ti_sysbios_knl_Task_Object__heap__C                             
00011f48  ti_sysbios_knl_Task_allBlockedFunc__C                           
00011f4c  ti_sysbios_knl_Task_defaultStackHeap__C                         
00011f50  ti_sysbios_knl_Task_defaultStackSize__C                         
00011f54  ti_sysbios_knl_Task_numConstructedTasks__C                      
00011f58  xdc_runtime_Error_E_memory__C                                   
00011f5c  xdc_runtime_Error_policyFxn__C                                  
00011f60  xdc_runtime_IGateProvider_Interface__BASE__C                    
00011f64  xdc_runtime_IHeap_Interface__BASE__C                            
00011f68  xdc_runtime_IModule_Interface__BASE__C                          
00011f6c  xdc_runtime_Memory_defaultHeapInstance__C                       
00011f70  xdc_runtime_Startup_execImpl__C                                 
00011f74  xdc_runtime_Startup_maxPasses__C                                
00011f78  xdc_runtime_Startup_sfxnRts__C                                  
00011f7c  xdc_runtime_Startup_sfxnTab__C                                  
00011f80  xdc_runtime_SysCallback_abortFxn__C                             
00011f84  xdc_runtime_SysCallback_exitFxn__C                              
00011f88  xdc_runtime_SysCallback_putchFxn__C                             
00011f8c  xdc_runtime_SysCallback_readyFxn__C                             
00011f90  xdc_runtime_System_Module__gateObj__C                           
00011f94  xdc_runtime_System_abortFxn__C                                  
00011f98  xdc_runtime_System_exitFxn__C                                   
00011f9c  xdc_runtime_System_extendFxn__C                                 
00011fa0  xdc_runtime_System_maxAtexitHandlers__C                         
00011fa4  ti_sysbios_family_arm_msp432_init_Boot_enableHFXT__C            
00011fa6  ti_sysbios_family_arm_msp432_init_Boot_enableLFXT__C            
00011fa8  ti_sysbios_heaps_HeapMem_Module__id__C                          
00011faa  xdc_runtime_Memory_Module__id__C                                
00011fb0  __TI_static_base__                                              
00012324  __TI_Handler_Table_Base                                         
00012330  __TI_Handler_Table_Limit                                        
00012338  __TI_CINIT_Base                                                 
00012348  __TI_CINIT_Limit                                                
20000000  __start___llvm_prf_cnts                                         
20000000  __stop___llvm_prf_cnts                                          
20000000  ti_sysbios_family_arm_m3_Hwi_ramVectors                         
20000140  __primary_heap_start__                                          
20008140  __primary_heap_end__                                            
20008600  Items                                                           
200088c0  ti_sysbios_knl_Task_Instance_State_0_stack__A                   
20008ac0  uartMSP432Objects                                               
20008cc0  ti_sysbios_family_arm_m3_Hwi_dispatchTable                      
20009004  LEDObjects                                                      
2000907c  timerMSP432Objects                                              
200090e4  ButtonObjects                                                   
20009134  i2cMSP432Objects                                                
20009184  pwmTimerMSP432Objects                                           
200091cc  spiMSP432DMAObjects                                             
20009214  masterRxBuffer                                                  
20009248  masterTxBuffer                                                  
200092ac  imu3                                                            
20009390  bStats                                                          
200093ac  ringObj                                                         
200093c4  ecoEvent                                                        
200093e8  imu                                                             
200093f8  displayUartObject                                               
20009404  eventBuf                                                        
20009410  rxBuffer                                                        
20009424  buttonHandle                                                    
2000942c  ledHandle                                                       
2000943c  ClockP_tickPeriod                                               
20009440  CurDraw                                                         
20009444  CurHandle                                                       
20009448  adc                                                             
2000944c  adcMSP432Objects                                                
20009450  displayHandle                                                   
20009454  lua                                                             
20009458  masterSpi                                                       
2000945c  ti_sysbios_knl_Task_Instance_State_0_hookEnv__A                 
20009460  EC11_A_Now                                                      
20009461  EC11_B_Now                                                      
20009462  EC11_Key                                                        
20009463  udmaMSP432Object                                                
20009464  PowerMSP432_perfLevels                                          
2000973c  AllView                                                         
200097c0  gPixel                                                          
20009840  ti_sysbios_knl_Swi_Module_State_0_readyQ__A                     
200098c0  ti_sysbios_knl_Task_Module_State_0_readyQ__A                    
20009940  param                                                           
200099b8  lineid                                                          
20009a18  ti_sysbios_gates_GateMutex_Object__table__V                     
20009a6c  gpioCallbackFunctions                                           
20009ab8  gpioPinConfigs                                                  
20009b04  ti_sysbios_knl_Task_Object__table__V                            
20009b50  ti_sysbios_family_arm_msp432_Timer_Object__table__V             
20009b94  ti_sysbios_knl_Task_Module__state__V                            
20009bd8  ti_sysbios_family_arm_m3_Hwi_Module__state__V                   
20009c0c  ti_sysbios_knl_Swi_Object__table__V                             
20009c3c  PowerMSP432_module                                              
20009c68  ti_sysbios_knl_Clock_Module__state__V                           
20009c94  ti_sysbios_BIOS_Module__state__V                                
20009cd8  ti_sysbios_family_arm_msp432_Timer_Module_State_0_device__A     
20009cf8  xdc_runtime_Error_IgnoreBlock                                   
20009d18  ti_sysbios_knl_Swi_Module__state__V                             
20009d34  mirrorRegister                                                  
20009d50  ti_sysbios_family_arm_m3_Hwi_Object__table__V                   
20009d68  ti_sysbios_heaps_HeapMem_Object__table__V                       
20009d80  uart_ready_flag                                                 
20009db0  last_item                                                       
20009dc4  motor_start_flag                                                
20009dc8  CurView                                                         
20009dc9  CurItem                                                         
20009dca  ItemNums                                                        
20009dcb  isEditing                                                       
20009dcc  ItemFirstLine                                                   
20009dcd  item_index                                                      
20009de8  ti_sysbios_family_arm_msp432_Timer_Module_State_0_handles__A    
20009df8  ti_sysbios_family_arm_msp432_ClockFreqs_Module__state__V        
20009e04  ti_sysbios_family_arm_msp432_Timer_Module__state__V             
20009e10  txBuffer                                                        
20009e1a  ti_sysbios_family_arm_m3_Hwi_Module_State_0_excActive__A        
20009e1c  _lock                                                           
20009e20  _unlock                                                         
20009e2c  ti_sysbios_family_arm_m3_Hwi_Module__root__V                    
20009e34  ti_sysbios_gates_GateHwi_Module__root__V                        
20009e3c  ti_sysbios_gates_GateMutex_Module__root__V                      
20009e44  ti_sysbios_heaps_HeapMem_Module__root__V                        
20009e4c  ti_sysbios_knl_Clock_Module__root__V                            
20009e54  ti_sysbios_knl_Event_Module__root__V                            
20009e5c  ti_sysbios_knl_Queue_Module__root__V                            
20009e64  ti_sysbios_knl_Semaphore_Module__root__V                        
20009e6c  ti_sysbios_knl_Task_Module__root__V                             
20009e74  xdc_runtime_Startup_Module__state__V                            
20009e7c  xdc_runtime_System_Module_State_0_atexitHandlers__A             
20009e84  xdc_runtime_System_Module__state__V                             
20009e8c  old_val                                                         
20009e90  main_func_sp                                                    
20009e94  ti_sysbios_family_arm_m3_Hwi_Module_State_0_excContext__A       
20009e98  ti_sysbios_family_arm_m3_Hwi_Module_State_0_excStack__A         
20009e9c  ti_sysbios_gates_GateHwi_Object__table__V                       
20009ea0  ti_sysbios_knl_Task_Module_State_0_idleTask__A                  
20009ea4  ti_sysbios_rts_ti_ReentSupport_Module__state__V                 
20009ea8  xdc_runtime_Memory_Module__state__V                             
2000fc00  __stack                                                         
20010000  __STACK_END                                                     
4000480c  WDTCTL_SYM                                                      
e000e000  ti_sysbios_family_arm_m3_Hwi_nvic                               
ffffffff  __TI_pprof_out_hndl                                             
ffffffff  __TI_prof_data_size                                             
ffffffff  __TI_prof_data_start                                            
ffffffff  __binit__                                                       
ffffffff  __c_args__                                                      
ffffffff  binit                                                           
UNDEFED   SHT$$INIT_ARRAY$$Base                                           
UNDEFED   SHT$$INIT_ARRAY$$Limit                                          

[856 symbols]
