******************************************************************************
                  TI ARM Linker Unix v20.2.5                   
******************************************************************************
>> Linked Wed Nov  3 15:02:55 2021

OUTPUT FILE NAME:   <project.out>
ENTRY POINT SYMBOL: "_c_int00"  address: 0000db69


MEMORY CONFIGURATION

         name            origin    length      used     unused   attr    fill
----------------------  --------  ---------  --------  --------  ----  --------
  MAIN                  00000000   00040000  00012ea2  0002d15e  R  X
  INFO                  00200000   00004000  00000000  00004000  R  X
  SRAM_CODE             01000000   00010000  0000a5c2  00005a3e  RW X
  SRAM_DATA             20000000   00010000  0000a5c2  00005a3e  RW  


SEGMENT ALLOCATION MAP

run origin  load origin   length   init length attrs members
----------  ----------- ---------- ----------- ----- -------
00000000    00000000    00012eb0   00012eb0    r-x
  00000000    00000000    0000003c   0000003c    r-- .resetVecs
  00000040    00000040    000112ea   000112ea    r-x .text
  00011330    00011330    000017ac   000017ac    r-- .const
  00012ae0    00012ae0    000003d0   000003d0    r-- .cinit
20000140    20000140    00008000   00000000    r--
  20000140    20000140    00008000   00000000    r-- .priheap
20008200    20008200    00002082   00000000    rw-
  20008200    20008200    000013e8   00000000    rw- .bss
  200095e8    200095e8    00000c9a   00000000    rw- .data
2000fc00    2000fc00    00000400   00000000    rw-
  2000fc00    2000fc00    00000400   00000000    rw- .stack


SECTION ALLOCATION MAP

 output                                  attributes/
section   page    origin      length       input sections
--------  ----  ----------  ----------   ----------------
.text      0    00000040    000112ea     
                  00000040    00000a4e     rtsv7M4_T_le_v4SPD16_eabi.lib : _printfi.c.obj (.text:__TI_printfi)
                  00000a8e    00000002     ti_drivers_config.obj (.text:Board_initHook)
                  00000a90    00000738     rtsv7M4_T_le_v4SPD16_eabi.lib : k_rem_pio2.c.obj (.text:__kernel_rem_pio2)
                  000011c8    000005e0                                   : s_sin.c.obj (.text:sin)
                  000017a8    000005dc                                   : s_cos.c.obj (.text:cos)
                  00001d84    00000578     ui.obj (.text:UpdateMenuItems)
                  000022fc    000004ec     ui.obj (.text:HandleAdjustParamView)
                  000027e8    00000468     sysbios.aem4f : BIOS.obj (.text:xdc_runtime_System_doPrint__I)
                  00002c50    0000033c     pid.obj (.text:PID_calc)
                  00002f8c    00000318     ui.obj (.text:DrawIMUView)
                  000032a4    000002f8     drivers_msp432p401x.aem4f : PowerMSP432.oem4f (.text:Power_sleep)
                  0000359c    000002d0                               : UARTMSP432.oem4f (.text:UARTMSP432_open)
                  0000386c    00000294     ui.obj (.text:DrawSensorView)
                  00003b00    0000028c     drivers_msp432p401x.aem4f : SPIMSP432DMA.oem4f (.text:SPIMSP432DMA_open)
                  00003d8c    0000028a     msp432p4xx_driverlib.lib : pcm.o (.text:__PCM_setPowerStateAdvanced)
                  00004016    00000002     display.aem4f : DisplayUart.oem4f (.text:DisplayUartMin_clear)
                  00004018    00000288     drivers_msp432p401x.aem4f : PowerMSP432.oem4f (.text:initPerfControl)
                  000042a0    00000270     rtsv7M4_T_le_v4SPD16_eabi.lib : _printfi.c.obj (.text:_pconv_a)
                  00004510    00000254     uart.obj (.text:imu_data_analyse)
                  00004764    00000254     uart.obj (.text:rc_data_analyse)
                  000049b8    00000248     spi_lcd.obj (.text:lcd_init)
                  00004c00    0000021c     ui.obj (.text:rotate)
                  00004e1c    00000210     ec11.obj (.text:Encoder_EC11_Analyze)
                  0000502c    00000208     drivers_msp432p401x.aem4f : PWMTimerMSP432.oem4f (.text:PWMTimerMSP432_open)
                  00005234    00000200     main_tirtos.obj (.text:main)
                  00005434    000001f8     drivers_msp432p401x.aem4f : I2CMSP432.oem4f (.text:I2CMSP432_open)
                  0000562c    000001d0     motor_drive.obj (.text:FourWD)
                  000057fc    000001d0     rtsv7M4_T_le_v4SPD16_eabi.lib : _printfi.c.obj (.text:_pconv_g)
                  000059cc    000001b6                                   : fd_add_t2.asm.obj (.text)
                  00005b82    00000002     display.aem4f : DisplayUart.oem4f (.text:DisplayUartMin_clearLines)
                  00005b84    000001a4     ui.obj (.text:DrawAdjustParamView)
                  00005d28    00000198     uart.obj (.text:User_uart_init)
                  00005ec0    00000190     speed_measure.obj (.text:speed_measure_Thread)
                  00006050    00000188     release_pem4f.oem4f (.text:xdc_runtime_System_printfExtend__I)
                  000061d8    00000186     drivers_msp432p401x.aem4f : Button.oem4f (.text:Button_clockTimeoutHandler)
                  0000635e    00000184                               : I2CMSP432.oem4f (.text:I2CMSP432_hwiIntFxn)
                  000064e2    00000002     display.aem4f : DisplayUart.oem4f (.text:DisplayUartMin_init)
                  000064e4    00000178     ec11.obj (.text:Encoder_EC11_Scan)
                  0000665c    00000174     rtsv7M4_T_le_v4SPD16_eabi.lib : k_sin.c.obj (.text:__kernel_sin)
                  000067d0    00000170     drivers_msp432p401x.aem4f : GPIOMSP432.oem4f (.text:GPIO_setConfig)
                  00006940    00000170     rtsv7M4_T_le_v4SPD16_eabi.lib : k_cos.c.obj (.text:__kernel_cos)
                  00006ab0    00000160     msp432p4xx_driverlib.lib : adc14.o (.text:_getIndexForMemRegister)
                  00006c10    0000015c                              : pcm.o (.text:__PCM_setPowerModeAdvanced)
                  00006d6c    0000015a     ui.obj (.text:lcd_drawline)
                  00006ec6    00000002     ui.obj (.text:DrawMainMenuView)
                  00006ec8    00000158     sysbios.aem4f : BIOS.obj (.text:ti_sysbios_knl_Event_pend__E)
                  00007020    0000014c     drivers_msp432p401x.aem4f : TimerMSP432.oem4f (.text:TimerMSP432_open)
                  0000716c    0000013c     rtsv7M4_T_le_v4SPD16_eabi.lib : _printfi.c.obj (.text:_pconv_e)
                  000072a8    0000013c     buttonled.obj (.text:handleButtonCallback)
                  000073e4    00000136     rtsv7M4_T_le_v4SPD16_eabi.lib : fd_div_t2.asm.obj (.text)
                  0000751a    00000132     motor.obj (.text:motor_dir)
                  0000764c    00000130     drivers_msp432p401x.aem4f : UDMAMSP432.oem4f (.text:setupInterrupt)
                  0000777c    00000004     msp432p4xx_driverlib.lib : cpu.o (.text:CPU_wfi)
                  00007780    00000130     sysbios.aem4f : BIOS.obj (.text:ti_sysbios_knl_Semaphore_pend__E)
                  000078b0    0000012c     drivers_msp432p401x.aem4f : SPIMSP432DMA.oem4f (.text:SPIMSP432DMA_transfer)
                  000079dc    00000124     rtsv7M4_T_le_v4SPD16_eabi.lib : _printfi.c.obj (.text:fcvt)
                  00007b00    00000120     motor.obj (.text:motor_duty)
                  00007c20    0000011c     msp432p4xx_driverlib.lib : uart.o (.text:UART_initModule)
                  00007d3c    0000011c     drivers_msp432p401x.aem4f : I2CMSP432.oem4f (.text:primeTransfer)
                  00007e58    00000114                               : PWMTimerMSP432.oem4f (.text:PWMTimerMSP432_setPeriod)
                  00007f6c    00000110     i2cbh1750.obj (.text:BH1750_Thread)
                  0000807c    00000110     drivers_msp432p401x.aem4f : LED.oem4f (.text:LED_open)
                  0000818c    00000110     spi_lcd.obj (.text:lcd_showfloat)
                  0000829c    00000110     rtsv7M4_T_le_v4SPD16_eabi.lib : s_scalbn.c.obj (.text:scalbn)
                  000083ac    00000108     msp432p4xx_driverlib.lib : pcm.o (.text:__PCM_setCoreVoltageLevelAdvanced)
                  000084b4    00000004     dpl_msp432p401x.aem4f : ClockP_tirtos.oem4f (.text:ClockP_setTimeout)
                  000084b8    00000108     sysbios.aem4f : BIOS.obj (.text:ti_sysbios_knl_Task_postInit__I)
                  000085c0    00000108                   : BIOS.obj (.text:xdc_runtime_Startup_startMods__I)
                  000086c8    00000104     drivers_msp432p401x.aem4f : SPIMSP432DMA.oem4f (.text:SPIMSP432DMA_transferCancel)
                  000087cc    00000004     dpl_msp432p401x.aem4f : ClockP_tirtos.oem4f (.text:ClockP_start)
                  000087d0    00000104     sysbios.aem4f : BIOS.obj (.text:ti_sysbios_knl_Task_Instance_finalize__E)
                  000088d4    000000fc     drivers_msp432p401x.aem4f : ADCMSP432.oem4f (.text:ADCMSP432_convert)
                  000089d0    000000fc                               : SPIMSP432DMA.oem4f (.text:configDMA)
                  00008acc    000000fc     rtsv7M4_T_le_v4SPD16_eabi.lib : fd_mul_t2.asm.obj (.text)
                  00008bc8    000000f8                                   : s_floor.c.obj (.text:floor)
                  00008cc0    000000f8     sysbios.aem4f : BIOS.obj (.text:ti_sysbios_family_arm_msp432_init_Boot_configureClocksHigh)
                  00008db8    000000f4     spi_lcd.obj (.text:lcd_displayccd)
                  00008eac    000000f0     msp432p4xx_driverlib.lib : dma.o (.text:DMA_setChannelTransfer)
                  00008f9c    000000f0     drivers_msp432p401x.aem4f : I2CMSP432.oem4f (.text:I2CMSP432_transfer)
                  0000908c    00000004     dpl_msp432p401x.aem4f : ClockP_tirtos.oem4f (.text:ClockP_stop)
                  00009090    000000f0     sysbios.aem4f : BIOS.obj (.text:pthread_create)
                  00009180    000000f0                   : m3_Hwi_asm.obj (.text:ti_sysbios_family_arm_m3_Hwi_dispatch__I)
                  00009270    000000e8     drivers_msp432p401x.aem4f : Button.oem4f (.text:Button_open)
                  00009358    000000e4     msp432p4xx_driverlib.lib : cs.o (.text:CS_startHFXTWithTimeout)
                  0000943c    000000e4     ui.obj (.text:DrawEncoderView)
                  00009520    000000e4     motor.obj (.text:motor_init)
                  00009604    000000e4     ui.obj (.text:onCancel)
                  000096e8    000000e0     msp432p4xx_driverlib.lib : cs.o (.text:CS_startLFXTWithTimeout)
                  000097c8    000000e0     sysbios.aem4f : BIOS.obj (.text:ti_sysbios_knl_Task_Instance_init__E)
                  000098a8    000000dc     drivers_msp432p401x.aem4f : UARTMSP432.oem4f (.text:UARTMSP432_readPolling)
                  00009984    000000dc                               : UDMAMSP432.oem4f (.text:UDMAMSP432_close)
                  00009a60    000000dc     msp432p4xx_driverlib.lib : cs.o (.text:_CSGetHFXTFrequency)
                  00009b3c    000000d2     adcTSL1401.obj (.text:TSL1401_GetLine)
                  00009c0e    00000002     ui.obj (.text:DrawParamView)
                  00009c10    000000d0     sysbios.aem4f : BIOS.obj (.text:ti_sysbios_heaps_HeapMem_alloc__E)
                  00009ce0    000000ca     drivers_msp432p401x.aem4f : UARTMSP432.oem4f (.text:UARTMSP432_hwiIntFxn)
                  00009daa    00000002                               : I2CMSP432.oem4f (.text:I2CMSP432_init)
                  00009dac    000000c8                               : TimerMSP432.oem4f (.text:TimerMSP432_start)
                  00009e74    000000c6     spi_lcd.obj (.text:lcd_Thread)
                  00009f3a    00000006     drivers_msp432p401x.aem4f : ADCMSP432.oem4f (.text:ADCMSP432_control)
                  00009f40    000000c4     sysbios.aem4f : BIOS.obj (.text:ti_sysbios_knl_Task_sleep__E)
                  0000a004    000000c0     buttonled.obj (.text:buttonled_Thread)
                  0000a0c4    000000bc     drivers_msp432p401x.aem4f : TimerMSP432.oem4f (.text:TimerMSP432_setPeriod)
                  0000a180    000000bc     ui.obj (.text:onDecrease)
                  0000a23c    000000b8     drivers_msp432p401x.aem4f : UARTMSP432.oem4f (.text:initHw)
                  0000a2f4    000000b8                               : UARTMSP432.oem4f (.text:readTaskCallback)
                  0000a3ac    00000004     dpl_msp432p401x.aem4f : HwiP_tirtos.oem4f (.text:HwiP_clearInterrupt)
                  0000a3b0    000000b8     sysbios.aem4f : BIOS.obj (.text:ti_sysbios_family_arm_m3_Hwi_Instance_init__E)
                  0000a468    000000b4     msp432p4xx_driverlib.lib : adc14.o (.text:ADC14_configureConversionMemory)
                  0000a51c    000000b4     drivers_msp432p401x.aem4f : UARTMSP432.oem4f (.text:UARTMSP432_control)
                  0000a5d0    000000b4                               : UARTMSP432.oem4f (.text:UARTMSP432_writePolling)
                  0000a684    000000b4     spi_lcd.obj (.text:lcd_showchar)
                  0000a738    000000b1     rtsv7M4_T_le_v4SPD16_eabi.lib : _printfi.c.obj (.text:_ltostr)
                  0000a7e9    00000001     --HOLE-- [fill = 0]
                  0000a7ea    000000b0     msp432p4xx_driverlib.lib : spi.o (.text:SPI_initMaster)
                  0000a89a    00000002     drivers_msp432p401x.aem4f : LED.oem4f (.text:LED_init)
                  0000a89c    000000ac                               : GPIOMSP432.oem4f (.text:GPIO_init)
                  0000a948    000000ac                               : I2CMSP432.oem4f (.text:I2CMSP432_cancel)
                  0000a9f4    000000ac     ui.obj (.text:onEnter)
                  0000aaa0    000000aa     sysbios.aem4f : BIOS.obj (.text:xdc_runtime_Core_createObject__I)
                  0000ab4a    000000a8     drivers_msp432p401x.aem4f : UARTMSP432.oem4f (.text:UARTMSP432_write)
                  0000abf2    00000002                               : PWMTimerMSP432.oem4f (.text:PWMTimerMSP432_init)
                  0000abf4    000000a8     spi_lcd.obj (.text:lcd_init_Thread)
                  0000ac9c    000000a8     drivers_msp432p401x.aem4f : UARTMSP432.oem4f (.text:readTaskBlocking)
                  0000ad44    00000004     dpl_msp432p401x.aem4f : HwiP_tirtos.oem4f (.text:HwiP_disable)
                  0000ad48    000000a8     sysbios.aem4f : BIOS.obj (.text:ti_sysbios_family_arm_msp432_Timer_periodicStub__E)
                  0000adf0    000000a4     drivers_msp432p401x.aem4f : PWMTimerMSP432.oem4f (.text:PWMTimerMSP432_stop)
                  0000ae94    000000a4                               : TimerMSP432.oem4f (.text:initTimerHardware)
                  0000af38    000000a4     motor_drive.obj (.text:motor_pwm_Thread)
                  0000afdc    000000a4     ui.obj (.text:onIncrease)
                  0000b080    000000a4     sysbios.aem4f : BIOS.obj (.text:ti_sysbios_knl_Task_setPri__E)
                  0000b124    000000a2     ui.obj (.text:matconv)
                  0000b1c6    00000002     dpl_msp432p401x.aem4f : PowerMSP432_tirtos.oem4f (.text:PowerMSP432_initPolicy)
                  0000b1c8    000000a0     auto_init.aem4f : auto_init.oem4f (.text)
                  0000b268    000000a0     drivers_msp432p401x.aem4f : UARTMSP432.oem4f (.text:readIsrTextCallback)
                  0000b308    0000009c     pid.obj (.text:PID_init)
                  0000b3a4    0000009c     drivers_msp432p401x.aem4f : PowerMSP432.oem4f (.text:Power_init)
                  0000b440    0000009c     rtsv7M4_T_le_v4SPD16_eabi.lib : memcpy_t2.asm.obj (.text)
                  0000b4dc    0000009c     drivers_msp432p401x.aem4f : TimerMSP432.oem4f (.text:setT32TickCount)
                  0000b578    0000009c                               : TimerMSP432.oem4f (.text:setTATickCount)
                  0000b614    0000009b     spi_lcd.obj (.text:lcd_showint32)
                  0000b6af    00000001     --HOLE-- [fill = 0]
                  0000b6b0    00000096     rtsv7M4_T_le_v4SPD16_eabi.lib : ull_div_t2.asm.obj (.text)
                  0000b746    00000002     drivers_msp432p401x.aem4f : TimerMSP432.oem4f (.text:TimerMSP432_init)
                  0000b748    00000094                               : PWMTimerMSP432.oem4f (.text:PWMTimerMSP432_setDuty)
                  0000b7dc    00000094                               : UDMAMSP432.oem4f (.text:UDMAMSP432_init)
                  0000b870    00000094                               : UDMAMSP432.oem4f (.text:UDMAMSP432_open)
                  0000b904    00000094     uart.obj (.text:Uart2_onebyte_RecvEvt)
                  0000b998    00000094     sysbios.aem4f : BIOS.obj (.text:_pthread_removeThreadKeys)
                  0000ba2c    00000094     motor_drive.obj (.text:chassis_init)
                  0000bac0    00000094     sysbios.aem4f : BIOS.obj (.text:ti_sysbios_family_arm_m3_Hwi_initNVIC__E)
                  0000bb54    00000004     dpl_msp432p401x.aem4f : HwiP_tirtos.oem4f (.text:HwiP_disableInterrupt)
                  0000bb58    00000094     sysbios.aem4f : BIOS.obj (.text:ti_sysbios_knl_Task_exit__E)
                  0000bbec    00000092     drivers_msp432p401x.aem4f : UARTMSP432.oem4f (.text:UARTMSP432_close)
                  0000bc7e    00000092                               : UARTMSP432.oem4f (.text:writeData)
                  0000bd10    00000090     sysbios.aem4f : BIOS.obj (.text:ti_sysbios_knl_Task_Module_startup__E)
                  0000bda0    0000008c     drivers_msp432p401x.aem4f : ADCMSP432.oem4f (.text:ADCMSP432_open)
                  0000be2c    0000008c     ec11.obj (.text:Encoder_EC11_Init)
                  0000beb8    0000008c     drivers_msp432p401x.aem4f : TimerMSP432.oem4f (.text:TimerMSP432_stop)
                  0000bf44    0000008c     uart.obj (.text:handleRecvEvt)
                  0000bfd0    0000008c     drivers_msp432p401x.aem4f : UARTMSP432.oem4f (.text:readIsrTextBlocking)
                  0000c05c    0000008c     sysbios.aem4f : m3_TaskSupport_asm.obj (.text:ti_sysbios_family_arm_m3_TaskSupport_buildTaskStack)
                  0000c0e8    0000008c                   : BIOS.obj (.text:ti_sysbios_knl_Event_post__E)
                  0000c174    00000004     dpl_msp432p401x.aem4f : HwiP_tirtos.oem4f (.text:HwiP_enableInterrupt)
                  0000c178    0000008c     sysbios.aem4f : BIOS.obj (.text:xdc_runtime_Memory_alloc__E)
                  0000c204    00000088     drivers_msp432p401x.aem4f : PWMTimerMSP432.oem4f (.text:PWMTimerMSP432_close)
                  0000c28c    00000086     rtsv7M4_T_le_v4SPD16_eabi.lib : fd_cmp_t2.asm.obj (.text:__aeabi_cdcmple)
                  0000c312    00000086                                   : fd_cmp_t2.asm.obj (.text:__aeabi_cdrcmple)
                  0000c398    00000086     drivers_msp432p401x.aem4f : SPIMSP432DMA.oem4f (.text:initHw)
                  0000c41e    00000002                               : UARTMSP432.oem4f (.text:UARTMSP432_init)
                  0000c420    00000086     sysbios.aem4f : BIOS.obj (.text:xdc_runtime_Core_constructObject__I)
                  0000c4a6    00000002     uart.obj (.text:Uart3_frame_ana_MoveEvt)
                  0000c4a8    00000084     ui.obj (.text:DrawPIDView)
                  0000c52c    00000084     msp432p4xx_driverlib.lib : pcm.o (.text:PCM_gotoLPM3)
                  0000c5b0    00000084     drivers_msp432p401x.aem4f : PWMTimerMSP432.oem4f (.text:PWMTimerMSP432_start)
                  0000c634    00000084     spi_lcd.obj (.text:lcd_set_region)
                  0000c6b8    00000084     drivers_msp432p401x.aem4f : PowerMSP432.oem4f (.text:restartHFXT)
                  0000c73c    00000004                               : SPIMSP432DMA.oem4f (.text:SPIMSP432DMA_init)
                  0000c740    00000084     sysbios.aem4f : BIOS.obj (.text:ti_sysbios_family_arm_m3_Hwi_postInit__I)
                  0000c7c4    00000004     dpl_msp432p401x.aem4f : SemaphoreP_tirtos.oem4f (.text:SemaphoreP_post)
                  0000c7c8    00000084     sysbios.aem4f : BIOS.obj (.text:ti_sysbios_heaps_HeapMem_free__E)
                  0000c84c    00000004     dpl_msp432p401x.aem4f : SystemP_tirtos.oem4f (.text:SystemP_vsnprintf)
                  0000c850    00000080     sysbios.aem4f : BIOS.obj (.text:ti_sysbios_knl_Clock_workFunc__E)
                  0000c8d0    0000007c     drivers_msp432p401x.aem4f : PWMTimerMSP432.oem4f (.text:setConstraints)
                  0000c94c    0000007a     spi_lcd.obj (.text:lcd_clear_rectangle)
                  0000c9c6    0000007a     rtsv7M4_T_le_v4SPD16_eabi.lib : memset_t2.asm.obj (.text)
                  0000ca40    00000078     drivers_msp432p401x.aem4f : TimerMSP432.oem4f (.text:TimerMSP432_allocateTimerResource)
                  0000cab8    00000076                               : I2CMSP432.oem4f (.text:I2CMSP432_close)
                  0000cb2e    00000002     uart.obj (.text:Uart3_onebyte_RecvEvt)
                  0000cb30    00000075     sysbios.aem4f : BIOS.obj (.text:xdc_runtime_System_formatNum__I)
                  0000cba5    00000001     --HOLE-- [fill = 0]
                  0000cba6    00000002     rtsv7M4_T_le_v4SPD16_eabi.lib : _lock.c.obj (.text:_nop)
                  0000cba8    00000070     ui.obj (.text:DrawBootView)
                  0000cc18    00000070     ui.obj (.text:DrawCCDView)
                  0000cc88    00000070     drivers_msp432p401x.aem4f : UARTMSP432.oem4f (.text:UARTMSP432_writeCancel)
                  0000ccf8    00000070     sysbios.aem4f : BIOS.obj (.text:ti_sysbios_heaps_HeapMem_initPrimary__I)
                  0000cd68    0000006e     rtsv7M4_T_le_v4SPD16_eabi.lib : _printfi.c.obj (.text:_mcpy)
                  0000cdd6    0000006e                                   : fd_tos_t2.asm.obj (.text)
                  0000ce44    0000006c     msp432p4xx_driverlib.lib : i2c.o (.text:I2C_masterSendMultiByteFinish)
                  0000ceb0    0000006c     spi_lcd.obj (.text:lcd_writedata_16bit)
                  0000cf1c    00000004     release_pem4f.oem4f (.text:ti_sysbios_BIOS_RtsGateProxy_enter__E)
                  0000cf20    0000006c     sysbios.aem4f : BIOS.obj (.text:ti_sysbios_knl_Swi_restoreHwi__E)
                  0000cf8c    0000006a     drivers_msp432p401x.aem4f : PWMTimerMSP432.oem4f (.text:perfChangeNotifyFxn)
                  0000cff6    00000002     adcTSL1401.obj (.text:delay)
                  0000cff8    00000068     drivers_msp432p401x.aem4f : GPIOMSP432.oem4f (.text:GPIO_hwiIntFxn)
                  0000d060    00000068                               : PowerMSP432.oem4f (.text:PowerMSP432_getFreqs)
                  0000d0c8    00000068     rtsv7M4_T_le_v4SPD16_eabi.lib : copy_decompress_lzss.c.obj (.text:decompress:lzss:__TI_decompress_lzss)
                  0000d130    00000068     drivers_msp432p401x.aem4f : I2CMSP432.oem4f (.text:initHw)
                  0000d198    00000068                               : PWMTimerMSP432.oem4f (.text:initHw)
                  0000d200    00000066     sysbios.aem4f : BIOS.obj (.text:xdc_runtime_Core_deleteObject__I)
                  0000d266    00000002     event.obj (.text:doEventLogs)
                  0000d268    00000064     drivers_msp432p401x.aem4f : Button.oem4f (.text:Button_gpioCallbackFxn)
                  0000d2cc    00000064                               : SPIMSP432DMA.oem4f (.text:SPIMSP432DMA_close)
                  0000d330    00000064     rtsv7M4_T_le_v4SPD16_eabi.lib : s_frexp.c.obj (.text:frexp)
                  0000d394    00000004     release_pem4f.oem4f (.text:ti_sysbios_BIOS_RtsGateProxy_leave__E)
                  0000d398    00000064     sysbios.aem4f : BIOS.obj (.text:pthread_exit)
                  0000d3fc    00000004     release_pem4f.oem4f (.text:ti_sysbios_family_arm_m3_Hwi_delete)
                  0000d400    00000064     sysbios.aem4f : BIOS.obj (.text:ti_sysbios_family_arm_m3_Hwi_dispatchC__I)
                  0000d464    00000060     drivers_msp432p401x.aem4f : ADCMSP432.oem4f (.text:ADCMSP432_convertToMicroVolts)
                  0000d4c4    00000060     uart.obj (.text:CheckSum)
                  0000d524    00000060     ui.obj (.text:Draw)
                  0000d584    00000060     ui.obj (.text:DrawFeatureView)
                  0000d5e4    00000060     ui.obj (.text:DrawFlagView)
                  0000d644    00000060     drivers_msp432p401x.aem4f : GPIOMSP432.oem4f (.text:GPIO_setCallback)
                  0000d6a4    00000004     release_pem4f.oem4f (.text:ti_sysbios_family_arm_m3_TaskSupport_Module__startupDone__S)
                  0000d6a8    00000060     sysbios.aem4f : BIOS.obj (.text:ti_sysbios_knl_Semaphore_post__E)
                  0000d708    00000060                   : BIOS.obj (.text:ti_sysbios_knl_Swi_run__I)
                  0000d768    00000060     uart.obj (.text:uart_Thread)
                  0000d7c8    0000005e     msp432p4xx_driverlib.lib : pcm.o (.text:PCM_getCoreVoltageLevel)
                  0000d826    00000002     ui.obj (.text:printvalue)
                  0000d828    0000005c     display.aem4f : Display.oem4f (.text:Display_doOpen)
                  0000d884    0000005c     console.obj (.text:Display_uart_init)
                  0000d8e0    0000005c     spi_lcd.obj (.text:lcd_clear)
                  0000d93c    00000004     release_pem4f.oem4f (.text:ti_sysbios_heaps_HeapMem_Module_GateProxy_enter__E)
                  0000d940    0000005c     sysbios.aem4f : BIOS.obj (.text:ti_sysbios_knl_Swi_schedule__I)
                  0000d99c    00000004     release_pem4f.oem4f (.text:ti_sysbios_heaps_HeapMem_Module_GateProxy_leave__E)
                  0000d9a0    0000005c     sysbios.aem4f : BIOS.obj (.text:ti_sysbios_knl_Task_startCore__E)
                  0000d9fc    00000004     release_pem4f.oem4f (.text:ti_sysbios_knl_Clock_TimerProxy_getMaxTicks__E)
                  0000da00    0000005c     sysbios.aem4f : BIOS.obj (.text:xdc_runtime_Startup_exec__E)
                  0000da5c    0000005a     msp432p4xx_driverlib.lib : pcm.o (.text:PCM_getPowerMode)
                  0000dab6    0000005a     drivers_msp432p401x.aem4f : ADCMSP432.oem4f (.text:initHw)
                  0000db10    00000058                               : GPIOMSP432.oem4f (.text:GPIO_write)
                  0000db68    00000058     boot.aem4f : boot.oem4f (.text)
                  0000dbc0    00000058     drivers_msp432p401x.aem4f : UARTMSP432.oem4f (.text:readIsrBinaryBlocking)
                  0000dc18    00000058                               : SPIMSP432DMA.oem4f (.text:spiHwiFxn)
                  0000dc70    00000058     sysbios.aem4f : m3_Hwi_asm_switch.obj (.text:ti_sysbios_family_arm_m3_Hwi_initStacks__E)
                  0000dcc8    00000056     rtsv7M4_T_le_v4SPD16_eabi.lib : _printfi.c.obj (.text:_pconv_f)
                  0000dd1e    00000056     drivers_msp432p401x.aem4f : I2CMSP432.oem4f (.text:completeTransfer)
                  0000dd74    00000054     msp432p4xx_driverlib.lib : pcm.o (.text:PCM_shutdownDevice)
                  0000ddc8    00000054     drivers_msp432p401x.aem4f : TimerMSP432.oem4f (.text:TimerMSP432_freeTimerResource)
                  0000de1c    00000054     uart.obj (.text:Uart2_frame_ana_MoveEvt)
                  0000de70    00000054     rtsv7M4_T_le_v4SPD16_eabi.lib : _ltoa.c.obj (.text:__TI_ltoa)
                  0000dec4    00000054     beep.obj (.text:beep_init)
                  0000df18    00000054     uart.obj (.text:handleMoveEvt)
                  0000df6c    00000054     release_pem4f.oem4f (.text:ti_sysbios_family_arm_m3_Hwi_create)
                  0000dfc0    00000054     sysbios.aem4f : BIOS.obj (.text:ti_sysbios_family_arm_msp432_Timer_initDevice__I)
                  0000e014    00000052     rtsv7M4_T_le_v4SPD16_eabi.lib : _printfi.c.obj (.text:_ecpy)
                  0000e066    00000002                                   : div0.asm.obj (.text)
                  0000e068    00000050     dpl_msp432p401x.aem4f : ClockP_tirtos.oem4f (.text:ClockP_create)
                  0000e0b8    00000050     drivers_msp432p401x.aem4f : LED.oem4f (.text:LED_startBlinking)
                  0000e108    00000050                               : TimerMSP432.oem4f (.text:TimerMSP432_hwiIntFunction)
                  0000e158    00000050                               : UDMAMSP432.oem4f (.text:UDMAMSP432_hwiFxn)
                  0000e1a8    00000050     ui.obj (.text:gotoViewById)
                  0000e1f8    00000050     spi_lcd.obj (.text:lcd_showstr)
                  0000e248    00000050     sysbios.aem4f : BIOS.obj (.text:ti_sysbios_family_arm_m3_Hwi_Module_startup__E)
                  0000e298    00000050     release_pem4f.oem4f (.text:ti_sysbios_knl_Task_create)
                  0000e2e8    00000050     ui.obj (.text:ui_init)
                  0000e338    0000004e     drivers_msp432p401x.aem4f : TimerMSP432.oem4f (.text:TimerMSP432_close)
                  0000e386    00000002     release_pem4f.oem4f (.text:ti_sysbios_BIOS_nullFunc__I)
                  0000e388    0000004c     dpl_msp432p401x.aem4f : PowerMSP432_tirtos.oem4f (.text:PowerMSP432_sleepPolicy)
                  0000e3d4    0000004c     rtsv7M4_T_le_v4SPD16_eabi.lib : atoi.c.obj (.text:atoi)
                  0000e420    0000004c     beep.obj (.text:beep_set)
                  0000e46c    0000004c     rtsv7M4_T_le_v4SPD16_eabi.lib : cpy_tbl.c.obj (.text:copy_in)
                  0000e4b8    0000004c     spi_lcd.obj (.text:lcd_writeData)
                  0000e504    0000004c     spi_lcd.obj (.text:lcd_writeIndex)
                  0000e550    0000004c     drivers_msp432p401x.aem4f : UARTMSP432.oem4f (.text:readIsrBinaryCallback)
                  0000e59c    00000004     release_pem4f.oem4f (.text:ti_sysbios_knl_Clock_delete)
                  0000e5a0    0000004c     sysbios.aem4f : BIOS.obj (.text:ti_sysbios_family_arm_msp432_Timer_postInit__I)
                  0000e5ec    00000004     release_pem4f.oem4f (.text:ti_sysbios_knl_Semaphore_delete)
                  0000e5f0    0000004c     sysbios.aem4f : BIOS.obj (.text:ti_sysbios_family_arm_msp432_Timer_start__E)
                  0000e63c    00000004     release_pem4f.oem4f (.text:ti_sysbios_knl_Task_delete)
                  0000e640    0000004c     sysbios.aem4f : BIOS.obj (.text:ti_sysbios_heaps_HeapMem_getStats__E)
                  0000e68c    00000004     release_pem4f.oem4f (.text:xdc_runtime_System_Module_GateProxy_enter__E)
                  0000e690    0000004c     sysbios.aem4f : BIOS.obj (.text:ti_sysbios_knl_Swi_runLoop__I)
                  0000e6dc    00000004     release_pem4f.oem4f (.text:xdc_runtime_System_Module_GateProxy_leave__E)
                  0000e6e0    0000004c     sysbios.aem4f : BIOS.obj (.text:ti_sysbios_knl_Task_allBlockedFunction__I)
                  0000e72c    00000004     --HOLE-- [fill = 0]
                  0000e730    0000004c                   : BIOS.obj (.text:ti_sysbios_knl_Task_schedule__I)
                  0000e77c    0000004a     display.aem4f : DisplayUart.oem4f (.text:DisplayUartMin_open)
                  0000e7c6    00000002     --HOLE-- [fill = 0]
                  0000e7c8    00000048     drivers_msp432p401x.aem4f : PowerMSP432.oem4f (.text:Power_releaseConstraint)
                  0000e810    00000048     rtsv7M4_T_le_v4SPD16_eabi.lib : fd_toi_t2.asm.obj (.text)
                  0000e858    00000048     sysbios.aem4f : BIOS.obj (.text:ti_sysbios_family_arm_m3_Hwi_disableInterrupt__E)
                  0000e8a0    00000048                   : BIOS.obj (.text:ti_sysbios_family_arm_m3_Hwi_enableInterrupt__E)
                  0000e8e8    00000048                   : BIOS.obj (.text:ti_sysbios_knl_Mailbox_Module_startup__E)
                  0000e930    00000048                   : BIOS.obj (.text:xdc_runtime_Core_assignParams__I)
                  0000e978    00000046     display.aem4f : DisplayUart.oem4f (.text:DisplayUartMin_vprintf)
                  0000e9be    00000046     drivers_msp432p401x.aem4f : RingBuf.oem4f (.text:RingBuf_put)
                  0000ea04    00000044                               : ADC.oem4f (.text:ADC_init)
                  0000ea48    00000044     ui.obj (.text:HandleFlashView)
                  0000ea8c    00000044     drivers_msp432p401x.aem4f : I2C.oem4f (.text:I2C_init)
                  0000ead0    00000044                               : PWM.oem4f (.text:PWM_init)
                  0000eb14    00000044                               : SPI.oem4f (.text:SPI_init)
                  0000eb58    00000044                               : Timer.oem4f (.text:Timer_init)
                  0000eb9c    00000044                               : UART.oem4f (.text:UART_init)
                  0000ebe0    00000044                               : I2CMSP432.oem4f (.text:perfChangeNotifyFxn)
                  0000ec24    00000044     rtsv7M4_T_le_v4SPD16_eabi.lib : fd_tou_t2.asm.obj (.text)
                  0000ec68    00000044     sysbios.aem4f : BIOS.obj (.text:ti_sysbios_family_arm_m3_Hwi_getStackInfo__E)
                  0000ecac    00000004     --HOLE-- [fill = 0]
                  0000ecb0    00000044                   : BIOS.obj (.text:ti_sysbios_knl_Swi_post__E)
                  0000ecf4    00000040     drivers_msp432p401x.aem4f : ADCMSP432.oem4f (.text:ADCMSP432_close)
                  0000ed34    00000040                               : ADC.oem4f (.text:ADC_open)
                  0000ed74    00000040     ui.obj (.text:HandleBootView)
                  0000edb4    00000040     dpl_msp432p401x.aem4f : HwiP_tirtos.oem4f (.text:HwiP_create)
                  0000edf4    00000040     drivers_msp432p401x.aem4f : I2C.oem4f (.text:I2C_open)
                  0000ee34    00000040                               : PWM.oem4f (.text:PWM_open)
                  0000ee74    00000040                               : RingBuf.oem4f (.text:RingBuf_get)
                  0000eeb4    00000040                               : SPI.oem4f (.text:SPI_open)
                  0000eef4    00000040     adcTSL1401.obj (.text:TSL1401_adc_Thread)
                  0000ef34    00000040     drivers_msp432p401x.aem4f : Timer.oem4f (.text:Timer_open)
                  0000ef74    00000040                               : UARTMSP432.oem4f (.text:UARTMSP432_read)
                  0000efb4    00000040                               : UART.oem4f (.text:UART_open)
                  0000eff4    00000040     beep.obj (.text:beep_pwm_Thread)
                  0000f034    00000040     drivers_msp432p401x.aem4f : PWMTimerMSP432.oem4f (.text:getDutyCounts)
                  0000f074    00000040                               : PWMTimerMSP432.oem4f (.text:getPeriodCounts)
                  0000f0b4    00000040     msp432p4xx_driverlib.lib : spi.o (.text:is_A_Module)
                  0000f0f4    00000040     drivers_msp432p401x.aem4f : UARTMSP432.oem4f (.text:perfChangeNotifyFxn)
                  0000f134    00000040     rtsv7M4_T_le_v4SPD16_eabi.lib : u_divt2.asm.obj (.text)
                  0000f174    00000040                                   : sprintf.c.obj (.text:sprintf)
                  0000f1b4    00000004     --HOLE-- [fill = 0]
                  0000f1b8    00000040     sysbios.aem4f : BIOS.obj (.text:ti_sysbios_family_arm_msp432_Timer_Module_startup__E)
                  0000f1f8    00000040                   : BIOS.obj (.text:ti_sysbios_family_arm_msp432_Timer_startup__E)
                  0000f238    00000040                   : BIOS.obj (.text:ti_sysbios_heaps_HeapMem_Instance_init__E)
                  0000f278    00000040                   : BIOS.obj (.text:ti_sysbios_knl_Clock_Instance_init__E)
                  0000f2b8    0000003e     drivers_msp432p401x.aem4f : LED.oem4f (.text:LED_setBrightnessLevel)
                  0000f2f6    0000003e     rtsv7M4_T_le_v4SPD16_eabi.lib : _printfi.c.obj (.text:_fcpy)
                  0000f334    0000003c     drivers_msp432p401x.aem4f : LED.oem4f (.text:LED_setOff)
                  0000f370    0000003c     dpl_msp432p401x.aem4f : SemaphoreP_tirtos.oem4f (.text:SemaphoreP_create)
                  0000f3ac    00000004     --HOLE-- [fill = 0]
                  0000f3b0    0000003c     sysbios.aem4f : BIOS.obj (.text:sleep)
                  0000f3ec    00000004     --HOLE-- [fill = 0]
                  0000f3f0    0000003c                   : BIOS.obj (.text:ti_sysbios_family_arm_m3_Hwi_Instance_finalize__E)
                  0000f42c    00000004     --HOLE-- [fill = 0]
                  0000f430    0000003c                   : BIOS.obj (.text:ti_sysbios_family_arm_msp432_Seconds_Module_startup__E)
                  0000f46c    0000003c     release_pem4f.oem4f (.text:ti_sysbios_knl_Clock_create)
                  0000f4a8    0000003c     sysbios.aem4f : BIOS.obj (.text:ti_sysbios_knl_Swi_restore__E)
                  0000f4e4    00000004     --HOLE-- [fill = 0]
                  0000f4e8    0000003c                   : BIOS.obj (.text:usleep)
                  0000f524    00000038     drivers_msp432p401x.aem4f : GPIOMSP432.oem4f (.text:GPIO_toggle)
                  0000f55c    00000038                               : PowerMSP432.oem4f (.text:Power_setConstraint)
                  0000f594    00000038                               : TimerMSP432.oem4f (.text:TimerMSP432_getCount)
                  0000f5cc    00000038                               : PowerMSP432.oem4f (.text:notify)
                  0000f604    00000038     rtsv7M4_T_le_v4SPD16_eabi.lib : fs_tod_t2.asm.obj (.text)
                  0000f63c    00000004     --HOLE-- [fill = 0]
                  0000f640    00000038     sysbios.aem4f : BIOS.obj (.text:xdc_runtime_System_atexit__E)
                  0000f678    00000036     drivers_msp432p401x.aem4f : LED.oem4f (.text:LED_setOn)
                  0000f6ae    00000036                               : UARTMSP432.oem4f (.text:UARTMSP432_readCancel)
                  0000f6e4    00000036                               : LED.oem4f (.text:clockTimeoutHandler)
                  0000f71a    00000002     --HOLE-- [fill = 0]
                  0000f71c    00000034                               : GPIOMSP432.oem4f (.text:GPIO_disableInt)
                  0000f750    00000034                               : GPIOMSP432.oem4f (.text:GPIO_enableInt)
                  0000f784    00000034     release_pem4f.oem4f (.text:ti_sysbios_knl_Semaphore_create)
                  0000f7b8    00000032     sysbios.aem4f : BIOS.obj (.text:ti_sysbios_hal_Hwi_initStack)
                  0000f7ea    00000006     display.aem4f : DisplayUart.oem4f (.text:DisplayUartMin_control)
                  0000f7f0    00000032     sysbios.aem4f : BIOS.obj (.text:xdc_runtime_System_putchar__I)
                  0000f822    00000002     --HOLE-- [fill = 0]
                  0000f824    00000030     drivers_msp432p401x.aem4f : ADCMSP432.oem4f (.text:ADCMSP432_init)
                  0000f854    00000030     uart.obj (.text:UartTaskInit)
                  0000f884    00000030     drivers_msp432p401x.aem4f : I2CMSP432.oem4f (.text:mapPin)
                  0000f8b4    00000030                               : PWMTimerMSP432.oem4f (.text:mapPin)
                  0000f8e4    00000030                               : SPIMSP432DMA.oem4f (.text:mapPin)
                  0000f914    00000030                               : UARTMSP432.oem4f (.text:mapPin)
                  0000f944    00000030     release_pem4f.oem4f (.text:ti_sysbios_BIOS_atExitFunc__I)
                  0000f974    00000030     release_pem4f.oem4f (.text:ti_sysbios_BIOS_startFunc__I)
                  0000f9a4    00000004     --HOLE-- [fill = 0]
                  0000f9a8    00000030     sysbios.aem4f : BIOS.obj (.text:ti_sysbios_family_arm_m3_TaskSupport_start__E)
                  0000f9d8    00000030     release_pem4f.oem4f (.text:ti_sysbios_gates_GateHwi_Object__create__S)
                  0000fa08    00000030     release_pem4f.oem4f (.text:ti_sysbios_gates_GateMutex_Object__create__S)
                  0000fa38    00000030     sysbios.aem4f : BIOS.obj (.text:ti_sysbios_gates_GateMutex_enter__E)
                  0000fa68    00000030     release_pem4f.oem4f (.text:ti_sysbios_heaps_HeapMem_Object__create__S)
                  0000fa98    00000030     sysbios.aem4f : BIOS.obj (.text:ti_sysbios_knl_Event_pendTimeout__I)
                  0000fac8    00000030                   : BIOS.obj (.text:ti_sysbios_knl_Mailbox_postInit__I)
                  0000faf8    00000030     release_pem4f.oem4f (.text:ti_sysbios_knl_Semaphore_construct)
                  0000fb28    00000030     sysbios.aem4f : BIOS.obj (.text:ti_sysbios_knl_Semaphore_pendTimeout__I)
                  0000fb58    00000030                   : BIOS.obj (.text:ti_sysbios_knl_Task_processVitalTaskFlag__I)
                  0000fb88    00000030                   : BIOS.obj (.text:ti_sysbios_knl_Task_restore__E)
                  0000fbb8    00000030                   : BIOS.obj (.text:ti_sysbios_knl_Task_unblockI__E)
                  0000fbe8    00000030                   : BIOS.obj (.text:xdc_runtime_System_processAtExit__E)
                  0000fc18    0000002e                   : BIOS.obj (.text:pthread_setcancelstate)
                  0000fc46    0000002e     rtsv7M4_T_le_v4SPD16_eabi.lib : i_tofd_t2.asm.obj (.text)
                  0000fc74    0000002c     speed_measure.obj (.text:ENCODER_1A_CB)
                  0000fca0    0000002c     speed_measure.obj (.text:ENCODER_1B_CB)
                  0000fccc    0000002c     speed_measure.obj (.text:ENCODER_2A_CB)
                  0000fcf8    0000002c     speed_measure.obj (.text:ENCODER_2B_CB)
                  0000fd24    0000002c     speed_measure.obj (.text:ENCODER_3A_CB)
                  0000fd50    0000002c     speed_measure.obj (.text:ENCODER_3B_CB)
                  0000fd7c    0000002c     speed_measure.obj (.text:ENCODER_4A_CB)
                  0000fda8    0000002c     speed_measure.obj (.text:ENCODER_4B_CB)
                  0000fdd4    0000002c     dpl_msp432p401x.aem4f : PowerMSP432_tirtos.oem4f (.text:PowerMSP432_updateFreqs)
                  0000fe00    0000002c     msp432p4xx_driverlib.lib : rtc_c.o (.text:RTC_C_holdClock)
                  0000fe2c    0000002c     dpl_msp432p401x.aem4f : SemaphoreP_tirtos.oem4f (.text:SemaphoreP_createBinary)
                  0000fe58    0000002c     sysbios.aem4f : BIOS.obj (.text:_pthread_cleanupFxn)
                  0000fe84    00000004     --HOLE-- [fill = 0]
                  0000fe88    0000002c                   : BIOS.obj (.text:_pthread_delete$43)
                  0000feb4    0000002c     ec11.obj (.text:ec11_read)
                  0000fee0    0000002c     spi_lcd.obj (.text:lcd_drawpoint)
                  0000ff0c    0000002c     drivers_msp432p401x.aem4f : TimerMSP432.oem4f (.text:perfChangeNotifyFxn)
                  0000ff38    0000002c     release_pem4f.oem4f (.text:ti_sysbios_gates_GateHwi_Handle__label__S)
                  0000ff64    0000002c     release_pem4f.oem4f (.text:ti_sysbios_gates_GateMutex_Handle__label__S)
                  0000ff90    0000002c     release_pem4f.oem4f (.text:ti_sysbios_heaps_HeapMem_Handle__label__S)
                  0000ffbc    0000002c     release_pem4f.oem4f (.text:ti_sysbios_knl_Clock_doTick__I)
                  0000ffe8    0000002c     release_pem4f.oem4f (.text:ti_sysbios_knl_Event_construct)
                  00010014    0000002c     release_pem4f.oem4f (.text:ti_sysbios_knl_Queue_construct)
                  00010040    0000002c     uart.obj (.text:uart1ReadCallback)
                  0001006c    0000002c     uart.obj (.text:uart2ReadCallback)
                  00010098    0000002a     display.aem4f : Display.oem4f (.text:Display_doPrintf)
                  000100c2    0000002a     drivers_msp432p401x.aem4f : SPIMSP432DMA.oem4f (.text:perfChangeNotifyFxn)
                  000100ec    00000028     msp432p4xx_driverlib.lib : adc14.o (.text:ADC14_getResult)
                  00010114    00000028     display.aem4f : Display.oem4f (.text:Display_doInit)
                  0001013c    00000028     msp432p4xx_driverlib.lib : pcm.o (.text:PCM_gotoLPM0)
                  00010164    00000028     drivers_msp432p401x.aem4f : PowerMSP432.oem4f (.text:Power_registerNotify)
                  0001018c    00000028     msp432p4xx_driverlib.lib : spi.o (.text:SPI_getInterruptStatus)
                  000101b4    00000028     drivers_msp432p401x.aem4f : PowerMSP432.oem4f (.text:disableFaultCounter)
                  000101dc    00000028                               : PowerMSP432.oem4f (.text:disableHFXT)
                  00010204    00000028                               : UARTMSP432.oem4f (.text:findBaudDividerIndex)
                  0001022c    00000028     sysbios.aem4f : m3_Hwi_asm.obj (.text:ti_sysbios_family_arm_m3_Hwi_excHandlerAsm__I)
                  00010254    00000004     --HOLE-- [fill = 0]
                  00010258    00000028                   : BIOS.obj (.text:ti_sysbios_knl_Clock_addI__E)
                  00010280    00000028                   : BIOS.obj (.text:ti_sysbios_knl_Swi_Module_startup__E)
                  000102a8    00000026     drivers_msp432p401x.aem4f : List.oem4f (.text:List_put)
                  000102ce    00000026                               : List.oem4f (.text:List_remove)
                  000102f4    00000026                               : PWMTimerMSP432.oem4f (.text:releaseConstraints)
                  0001031a    00000026     sysbios.aem4f : m3_Hwi_asm.obj (.text:ti_sysbios_family_arm_m3_Hwi_pendSV__I)
                  00010340    00000024     msp432p4xx_driverlib.lib : wdt_a.o (.text:WDT_A_holdTimer)
                  00010364    00000004     --HOLE-- [fill = 0]
                  00010368    00000024     sysbios.aem4f : BIOS.obj (.text:pthread_attr_init)
                  0001038c    00000024     release_pem4f.oem4f (.text:ti_sysbios_BIOS_registerRTSLock__I)
                  000103b0    00000024     release_pem4f.oem4f (.text:ti_sysbios_BIOS_removeRTSLock__I)
                  000103d4    00000004     --HOLE-- [fill = 0]
                  000103d8    00000024     sysbios.aem4f : BIOS.obj (.text:ti_sysbios_family_arm_msp432_ClockFreqs_setFrequency__E)
                  000103fc    00000024     release_pem4f.oem4f (.text:ti_sysbios_gates_GateMutex_Object__delete__S)
                  00010420    00000024     sysbios.aem4f : BIOS.obj (.text:ti_sysbios_knl_Clock_Module_startup__E)
                  00010444    00000024     release_pem4f.oem4f (.text:ti_sysbios_knl_Clock_Object__delete__S)
                  00010468    00000024     sysbios.aem4f : BIOS.obj (.text:ti_sysbios_knl_Clock_start__E)
                  0001048c    00000004     --HOLE-- [fill = 0]
                  00010490    00000024                   : BIOS.obj (.text:ti_sysbios_knl_Semaphore_Instance_init__E)
                  000104b4    00000024     release_pem4f.oem4f (.text:ti_sysbios_knl_Semaphore_Object__delete__S)
                  000104d8    00000024     sysbios.aem4f : BIOS.obj (.text:ti_sysbios_knl_Task_restoreHwi__E)
                  000104fc    00000004     --HOLE-- [fill = 0]
                  00010500    00000024                   : BIOS.obj (.text:xdc_runtime_Error_policyMin__E)
                  00010524    00000022     drivers_msp432p401x.aem4f : LED.oem4f (.text:LED_stopBlinking)
                  00010546    00000022     ui.obj (.text:is_number)
                  00010568    00000020     msp432p4xx_driverlib.lib : cs.o (.text:CS_setExternalClockSourceFrequency)
                  00010588    00000020     drivers_msp432p401x.aem4f : GPIOMSP432.oem4f (.text:GPIO_read)
                  000105a8    00000020                               : PowerMSP432.oem4f (.text:Power_unregisterNotify)
                  000105c8    00000020                               : RingBuf.oem4f (.text:RingBuf_peek)
                  000105e8    00000020     rtsv7M4_T_le_v4SPD16_eabi.lib : u_tofd_t2.asm.obj (.text)
                  00010608    00000020     release_pem4f.oem4f (.text:ti_sysbios_BIOS_rtsLock__I)
                  00010628    00000020     release_pem4f.oem4f (.text:ti_sysbios_family_arm_m3_Hwi_Object__delete__S)
                  00010648    00000020     sysbios.aem4f : BIOS.obj (.text:ti_sysbios_family_arm_m3_Hwi_clearInterrupt__E)
                  00010668    00000020     release_pem4f.oem4f (.text:ti_sysbios_gates_GateHwi_Object__delete__S)
                  00010688    00000020     release_pem4f.oem4f (.text:ti_sysbios_heaps_HeapMem_Object__delete__S)
                  000106a8    00000020     sysbios.aem4f : BIOS.obj (.text:ti_sysbios_knl_Idle_run__E)
                  000106c8    00000020     release_pem4f.oem4f (.text:ti_sysbios_knl_Semaphore_destruct)
                  000106e8    00000020     release_pem4f.oem4f (.text:ti_sysbios_knl_Task_Object__delete__S)
                  00010708    0000001e     drivers_msp432p401x.aem4f : PWMTimerMSP432.oem4f (.text:corroboratePeriod)
                  00010726    0000001e                               : Button.oem4f (.text:msToTicks)
                  00010744    0000001e                               : LED.oem4f (.text:msToTicks)
                  00010762    0000001e     sysbios.aem4f : m3_Hwi_asm_switch.obj (.text:ti_sysbios_family_xxx_Hwi_switchAndRunFunc)
                  00010780    0000001c     ti_drivers_config.obj (.text:dmaErrorFxn)
                  0001079c    0000001c     rtsv7M4_T_le_v4SPD16_eabi.lib : memccpy.c.obj (.text:memccpy)
                  000107b8    0000001c     sysbios.aem4f : BIOS.obj (.text:ti_sysbios_family_arm_m3_Hwi_excHandler__I)
                  000107d4    00000004     --HOLE-- [fill = 0]
                  000107d8    0000001c                   : BIOS.obj (.text:ti_sysbios_gates_GateMutex_Instance_init__E)
                  000107f4    00000004     --HOLE-- [fill = 0]
                  000107f8    0000001c                   : BIOS.obj (.text:ti_sysbios_knl_Clock_Instance_finalize__E)
                  00010814    0000001c     release_pem4f.oem4f (.text:ti_sysbios_knl_Queue_destruct)
                  00010830    0000001c     sysbios.aem4f : BIOS.obj (.text:ti_sysbios_knl_Queue_put__E)
                  0001084c    00000004     --HOLE-- [fill = 0]
                  00010850    0000001c                   : BIOS.obj (.text:ti_sysbios_knl_Task_enter__I)
                  0001086c    00000004     --HOLE-- [fill = 0]
                  00010870    0000001c                   : BIOS.obj (.text:ti_sysbios_rts_ti_ReentSupport_getReent__F)
                  0001088c    00000004     --HOLE-- [fill = 0]
                  00010890    0000001c                   : BIOS.obj (.text:xdc_runtime_Memory_valloc__E)
                  000108ac    00000004     --HOLE-- [fill = 0]
                  000108b0    0000001c                   : BIOS.obj (.text:xdc_runtime_System_abort__E)
                  000108cc    0000001a     drivers_msp432p401x.aem4f : LED.oem4f (.text:LED_toggle)
                  000108e6    0000001a     rtsv7M4_T_le_v4SPD16_eabi.lib : s_copysign.c.obj (.text:copysign)
                  00010900    00000018     release_pem4f.oem4f (.text:.bootCodeSection:ti_sysbios_family_arm_msp432_init_Boot_init__I)
                  00010918    00000018     msp432p4xx_driverlib.lib : spi.o (.text:EUSCI_A_SPI_getInterruptStatus)
                  00010930    00000018                              : spi.o (.text:EUSCI_B_SPI_getInterruptStatus)
                  00010948    00000018     drivers_msp432p401x.aem4f : I2C.oem4f (.text:I2C_transfer)
                  00010960    00000018     msp432p4xx_driverlib.lib : sysctl_a.o (.text:SysCtl_A_disableNMISource)
                  00010978    00000018                              : sysctl_a.o (.text:SysCtl_A_enableNMISource)
                  00010990    00000018     drivers_msp432p401x.aem4f : UART.oem4f (.text:UART_Params_init)
                  000109a8    00000018     rtsv7M4_T_le_v4SPD16_eabi.lib : args_main.c.obj (.text:_args_main)
                  000109c0    00000018                                   : sprintf.c.obj (.text:_outs)
                  000109d8    00000018     drivers_msp432p401x.aem4f : PWMTimerMSP432.oem4f (.text:corroborateDuty)
                  000109f0    00000018     release_pem4f.oem4f (.text:ti_sysbios_BIOS_rtsUnlock__I)
                  00010a08    00000018     release_pem4f.oem4f (.text:ti_sysbios_family_arm_m3_Hwi_Module__startupDone__F)
                  00010a20    00000018     sysbios.aem4f : m3_TaskSupport_asm.obj (.text:ti_sysbios_family_arm_m3_TaskSupport_swap__E)
                  00010a38    00000018     release_pem4f.oem4f (.text:ti_sysbios_family_arm_msp432_Timer_Module__startupDone__F)
                  00010a50    00000018     sysbios.aem4f : BIOS.obj (.text:ti_sysbios_gates_GateMutex_leave__E)
                  00010a68    00000018                   : BIOS.obj (.text:ti_sysbios_knl_Task_sleepTimeout__I)
                  00010a80    00000018     release_pem4f.oem4f (.text:ti_sysbios_rts_ti_ReentSupport_getTlsAddr__I)
                  00010a98    00000018     sysbios.aem4f : BIOS.obj (.text:xdc_runtime_Error_init__E)
                  00010ab0    00000018                   : BIOS.obj (.text:xdc_runtime_System_exit__E)
                  00010ac8    00000016     display.aem4f : DisplayUart.oem4f (.text:DisplayUartMin_close)
                  00010ade    00000016     rtsv7M4_T_le_v4SPD16_eabi.lib : strchr.c.obj (.text:strchr)
                  00010af4    00000016     release_pem4f.oem4f (.text:ti_sysbios_BIOS_exitFunc__I)
                  00010b0a    00000016     main_tirtos.obj (.text:ti_sysbios_knl_Clock_Params_init)
                  00010b20    00000016     uart.obj (.text:ti_sysbios_knl_Event_Params_init)
                  00010b36    00000002     --HOLE-- [fill = 0]
                  00010b38    00000016     sysbios.aem4f : BIOS.obj (.text:ti_sysbios_knl_Task_unblock__E)
                  00010b4e    00000002     --HOLE-- [fill = 0]
                  00010b50    00000014     msp432p4xx_driverlib.lib : pcm.o (.text:PCM_getPowerState)
                  00010b64    00000014     drivers_msp432p401x.aem4f : PWM.oem4f (.text:PWM_Params_init)
                  00010b78    00000014                               : PowerMSP432.oem4f (.text:Power_idleFunc)
                  00010b8c    00000014                               : SPI.oem4f (.text:SPI_Params_init)
                  00010ba0    00000014                               : UARTMSP432.oem4f (.text:clearTXCPTIFG)
                  00010bb4    00000004     --HOLE-- [fill = 0]
                  00010bb8    00000014     sysbios.aem4f : BIOS.obj (.text:pthread_attr_setschedparam)
                  00010bcc    00000014     rtsv7M4_T_le_v4SPD16_eabi.lib : strlen.c.obj (.text:strlen)
                  00010be0    00000014     release_pem4f.oem4f (.text:ti_sysbios_family_arm_m3_Hwi_Object__get__S)
                  00010bf4    00000004     --HOLE-- [fill = 0]
                  00010bf8    00000014     sysbios.aem4f : BIOS.obj (.text:ti_sysbios_family_arm_m3_Hwi_switchFromBootStack__E)
                  00010c0c    00000014     release_pem4f.oem4f (.text:ti_sysbios_heaps_HeapMem_Object__get__S)
                  00010c20    00000014     sysbios.aem4f : BIOS.obj (.text:ti_sysbios_knl_Event_Instance_init__E)
                  00010c34    00000014     release_pem4f.oem4f (.text:ti_sysbios_knl_Swi_Object__get__S)
                  00010c48    00000014     drivers_msp432p401x.aem4f : Button.oem4f (.text:ticksToMs)
                  00010c5c    00000014                               : Button.oem4f (.text:timediff)
                  00010c70    00000012                               : LED.oem4f (.text:LED_Params_init)
                  00010c82    00000012                               : RingBuf.oem4f (.text:RingBuf_construct)
                  00010c94    00000012     dpl_msp432p401x.aem4f : SemaphoreP_tirtos.oem4f (.text:SemaphoreP_pend)
                  00010ca6    00000002     --HOLE-- [fill = 0]
                  00010ca8    00000012     sysbios.aem4f : BIOS.obj (.text:_pthread_cleanup_pop)
                  00010cba    00000006     display.aem4f : DisplayUart.oem4f (.text:DisplayUartMin_getType)
                  00010cc0    00000012     sysbios.aem4f : BIOS.obj (.text:_pthread_runStub$43)
                  00010cd2    00000006     display.aem4f : Display.oem4f (.text:Display_doParamsInit)
                  00010cd8    00000012     sysbios.aem4f : BIOS.obj (.text:ti_sysbios_hal_Hwi_Module_startup__E)
                  00010cea    00000012     rtsv7M4_T_le_v4SPD16_eabi.lib : wcslen.c.obj (.text:wcslen)
                  00010cfc    00000012     release_pem4f.oem4f (.text:xdc_runtime_Startup_exec__I)
                  00010d0e    00000002     --HOLE-- [fill = 0]
                  00010d10    00000010     msp432p4xx_driverlib.lib : adc14.o (.text:ADCIsConversionRunning)
                  00010d20    00000010     drivers_msp432p401x.aem4f : Button.oem4f (.text:Button_Params_init)
                  00010d30    00000010                               : GPIOMSP432.oem4f (.text:GPIO_getConfig)
                  00010d40    00000010     dpl_msp432p401x.aem4f : HwiP_tirtos.oem4f (.text:HwiP_Params_init)
                  00010d50    00000010     drivers_msp432p401x.aem4f : I2C.oem4f (.text:I2C_Params_init)
                  00010d60    00000010     msp432p4xx_driverlib.lib : pcm.o (.text:PCM_gotoLPM4)
                  00010d70    00000010                              : pcm.o (.text:PCM_setPowerMode)
                  00010d80    00000010                              : pcm.o (.text:PCM_setPowerState)
                  00010d90    00000010     drivers_msp432p401x.aem4f : PowerMSP432.oem4f (.text:PowerMSP432_getNumPerfLevels)
                  00010da0    00000010     msp432p4xx_driverlib.lib : sysctl_a.o (.text:SysCtl_A_getNMISourceStatus)
                  00010db0    00000010                              : sysctl.o (.text:SysCtl_getNMISourceStatus)
                  00010dc0    00000010     drivers_msp432p401x.aem4f : Timer.oem4f (.text:Timer_Params_init)
                  00010dd0    00000010                               : UARTMSP432.oem4f (.text:readBlockingTimeout)
                  00010de0    00000010     sysbios.aem4f : BIOS.obj (.text:ti_sysbios_BIOS_exit__E)
                  00010df0    00000010                   : BIOS.obj (.text:ti_sysbios_BIOS_setCpuFreq__E)
                  00010e00    00000010                   : BIOS.obj (.text:ti_sysbios_BIOS_setThreadType__E)
                  00010e10    00000010                   : BIOS.obj (.text:ti_sysbios_BIOS_start__E)
                  00010e20    00000010                   : m3_TaskSupport_asm.obj (.text:ti_sysbios_family_arm_m3_TaskSupport_glue)
                  00010e30    00000010                   : BIOS.obj (.text:ti_sysbios_family_arm_msp432_init_Boot_disableWatchdog)
                  00010e40    00000010                   : BIOS.obj (.text:ti_sysbios_gates_GateMutex_Instance_finalize__E)
                  00010e50    00000010     release_pem4f.oem4f (.text:ti_sysbios_knl_Mailbox_Object__get__S)
                  00010e60    00000010     sysbios.aem4f : BIOS.obj (.text:ti_sysbios_knl_Semaphore_Instance_finalize__E)
                  00010e70    00000010                   : BIOS.obj (.text:ti_sysbios_knl_Swi_disable__E)
                  00010e80    00000010     release_pem4f.oem4f (.text:ti_sysbios_knl_Task_Object__get__S)
                  00010e90    00000010     sysbios.aem4f : BIOS.obj (.text:ti_sysbios_knl_Task_disable__E)
                  00010ea0    00000010                   : BIOS.obj (.text:xdc_runtime_Gate_leaveSystem__E)
                  00010eb0    00000010                   : BIOS.obj (.text:xdc_runtime_Memory_free__E)
                  00010ec0    00000010                   : BIOS.obj (.text:xdc_runtime_SysCallback_abort__E)
                  00010ed0    00000010                   : BIOS.obj (.text:xdc_runtime_SysCallback_exit__E)
                  00010ee0    00000010                   : BIOS.obj (.text:xdc_runtime_SysCallback_putch__E)
                  00010ef0    00000010                   : BIOS.obj (.text:xdc_runtime_SysCallback_ready__E)
                  00010f00    00000010                   : BIOS.obj (.text:xdc_runtime_System_vsnprintf__E)
                  00010f10    0000000e     console.obj (.text:consoleThread)
                  00010f1e    0000000e     rtsv7M4_T_le_v4SPD16_eabi.lib : copy_decompress_none.c.obj (.text:decompress:none:__TI_decompress_none)
                  00010f2c    00000004     --HOLE-- [fill = 0]
                  00010f30    0000000e     sysbios.aem4f : BIOS.obj (.text:pthread_attr_setdetachstate)
                  00010f3e    00000002     --HOLE-- [fill = 0]
                  00010f40    0000000e                   : BIOS.obj (.text:ti_sysbios_knl_Idle_loop__E)
                  00010f4e    00000002     --HOLE-- [fill = 0]
                  00010f50    0000000e                   : BIOS.obj (.text:ti_sysbios_knl_Queue_empty__E)
                  00010f5e    0000000e     spi_lcd.obj (.text:timerCallback)
                  00010f6c    0000000e     uart.obj (.text:uart2WriteCallback)
                  00010f7a    0000000e     uart.obj (.text:uart3ReadCallback)
                  00010f88    0000000e     uart.obj (.text:uart3WriteCallback)
                  00010f96    0000000e     uart.obj (.text:uartWriteCallback)
                  00010fa4    0000000c     ti_drivers_config.obj (.text:Board_init)
                  00010fb0    0000000c     msp432p4xx_driverlib.lib : cpu.o (.text:CPU_cpsid)
                  00010fbc    0000000c                              : cpu.o (.text:CPU_cpsie)
                  00010fc8    0000000c     dpl_msp432p401x.aem4f : ClockP_tirtos.oem4f (.text:ClockP_delete)
                  00010fd4    0000000c                           : ClockP_tirtos.oem4f (.text:ClockP_getSystemTickPeriod)
                  00010fe0    0000000c                           : HwiP_tirtos.oem4f (.text:HwiP_delete)
                  00010fec    0000000c     ui.obj (.text:Invalidate)
                  00010ff8    0000000c     drivers_msp432p401x.aem4f : PowerMSP432.oem4f (.text:Power_getConstraintMask)
                  00011004    0000000c                               : PowerMSP432.oem4f (.text:Power_getPerformanceLevel)
                  00011010    0000000c     dpl_msp432p401x.aem4f : SemaphoreP_tirtos.oem4f (.text:SemaphoreP_delete)
                  0001101c    0000000c     rtsv7M4_T_le_v4SPD16_eabi.lib : _lock.c.obj (.text:_register_lock)
                  00011028    0000000c                                   : _lock.c.obj (.text:_register_unlock)
                  00011034    0000000c                                   : copy_zero_init.c.obj (.text:decompress:ZI:__TI_zero_init)
                  00011040    0000000c     speed_measure.obj (.text:get_encoder1)
                  0001104c    0000000c     speed_measure.obj (.text:get_encoder2)
                  00011058    0000000c     speed_measure.obj (.text:get_encoder3)
                  00011064    0000000c     speed_measure.obj (.text:get_encoder4)
                  00011070    0000000c     sysbios.aem4f : BIOS.obj (.text:pthread_self)
                  0001107c    0000000c     release_pem4f.oem4f (.text:ti_sysbios_family_arm_m3_Hwi_Params__init__S)
                  00011088    0000000c     sysbios.aem4f : BIOS.obj (.text:ti_sysbios_family_arm_m3_Hwi_disableFxn__E)
                  00011094    00000004     --HOLE-- [fill = 0]
                  00011098    0000000c                   : BIOS.obj (.text:ti_sysbios_family_arm_m3_TaskSupport_getStackAlignment__E)
                  000110a4    00000004     --HOLE-- [fill = 0]
                  000110a8    0000000c                   : BIOS.obj (.text:ti_sysbios_family_arm_msp432_Timer_getMaxTicks__E)
                  000110b4    00000004     --HOLE-- [fill = 0]
                  000110b8    0000000c                   : BIOS.obj (.text:ti_sysbios_gates_GateHwi_enter__E)
                  000110c4    0000000c     release_pem4f.oem4f (.text:ti_sysbios_knl_Clock_Params__init__S)
                  000110d0    0000000c     sysbios.aem4f : BIOS.obj (.text:ti_sysbios_knl_Clock_getTicks__E)
                  000110dc    0000000c     release_pem4f.oem4f (.text:ti_sysbios_knl_Event_Params__init__S)
                  000110e8    0000000c     uart.obj (.text:ti_sysbios_knl_Event_handle)
                  000110f4    0000000c     release_pem4f.oem4f (.text:ti_sysbios_knl_Queue_Object__get__S)
                  00011100    0000000c     release_pem4f.oem4f (.text:ti_sysbios_knl_Semaphore_Params__init__S)
                  0001110c    0000000c     release_pem4f.oem4f (.text:ti_sysbios_knl_Task_Params__init__S)
                  00011118    0000000c     sysbios.aem4f : BIOS.obj (.text:ti_sysbios_knl_Task_self__E)
                  00011124    00000004     --HOLE-- [fill = 0]
                  00011128    0000000c                   : BIOS.obj (.text:ti_sysbios_rts_ti_ReentSupport_taskRegHook__I)
                  00011134    00000004     --HOLE-- [fill = 0]
                  00011138    0000000c                   : BIOS.obj (.text:xdc_runtime_Gate_enterSystem__E)
                  00011144    00000004     --HOLE-- [fill = 0]
                  00011148    0000000c                   : BIOS.obj (.text:xdc_runtime_Startup_rtsDone__E)
                  00011154    0000000a     drivers_msp432p401x.aem4f : ADC.oem4f (.text:ADC_Params_init)
                  0001115e    0000000a                               : ADC.oem4f (.text:ADC_convert)
                  00011168    0000000a     dpl_msp432p401x.aem4f : ClockP_tirtos.oem4f (.text:ClockP_Params_init)
                  00011172    0000000a     drivers_msp432p401x.aem4f : PWM.oem4f (.text:PWM_close)
                  0001117c    0000000a                               : PWM.oem4f (.text:PWM_setDuty)
                  00011186    0000000a                               : PWM.oem4f (.text:PWM_setPeriod)
                  00011190    0000000a                               : PWM.oem4f (.text:PWM_start)
                  0001119a    0000000a                               : SPI.oem4f (.text:SPI_transfer)
                  000111a4    0000000a                               : Timer.oem4f (.text:Timer_start)
                  000111ae    0000000a                               : UART.oem4f (.text:UART_close)
                  000111b8    0000000a                               : UART.oem4f (.text:UART_control)
                  000111c2    0000000a                               : UART.oem4f (.text:UART_read)
                  000111cc    0000000a                               : UART.oem4f (.text:UART_write)
                  000111d6    0000000a     rtsv7M4_T_le_v4SPD16_eabi.lib : sprintf.c.obj (.text:_outc)
                  000111e0    0000000a     ui.obj (.text:gotoMainMenuView)
                  000111ea    0000000a     release_pem4f.oem4f (.text:xdc_runtime_IHeap_alloc)
                  000111f4    0000000a     release_pem4f.oem4f (.text:xdc_runtime_IHeap_free)
                  000111fe    00000008     drivers_msp432p401x.aem4f : Button.oem4f (.text:Button_getLastPressedDuration)
                  00011206    00000008     ec11.obj (.text:EC11_GPIO_Init)
                  0001120e    00000008     drivers_msp432p401x.aem4f : LED.oem4f (.text:LED_getState)
                  00011216    00000008     dpl_msp432p401x.aem4f : SemaphoreP_tirtos.oem4f (.text:SemaphoreP_Params_init)
                  0001121e    00000008     drivers_msp432p401x.aem4f : I2CMSP432.oem4f (.text:blockingTransferCallback)
                  00011226    00000008                               : SPIMSP432DMA.oem4f (.text:blockingTransferCallback)
                  0001122e    00000002     --HOLE-- [fill = 0]
                  00011230    00000008     sysbios.aem4f : BIOS.obj (.text:pthread_attr_setstacksize)
                  00011238    00000008     drivers_msp432p401x.aem4f : UARTMSP432.oem4f (.text:readSemCallback)
                  00011240    00000008     sysbios.aem4f : BIOS.obj (.text:ti_sysbios_family_arm_m3_Hwi_doSwiRestore__I)
                  00011248    00000008                   : BIOS.obj (.text:ti_sysbios_family_arm_m3_Hwi_startup__E)
                  00011250    00000008     drivers_msp432p401x.aem4f : UARTMSP432.oem4f (.text:txcptEnabledStatus)
                  00011258    00000008                               : UARTMSP432.oem4f (.text:writeSemCallback)
                  00011260    00000006                               : I2CMSP432.oem4f (.text:I2CMSP432_control)
                  00011266    00000006                               : PWMTimerMSP432.oem4f (.text:PWMTimerMSP432_control)
                  0001126c    00000006                               : PWMTimerMSP432.oem4f (.text:PWMTimerMSP432_setDutyAndPeriod)
                  00011272    00000006                               : SPIMSP432DMA.oem4f (.text:SPIMSP432DMA_control)
                  00011278    00000006                               : TimerMSP432.oem4f (.text:TimerMSP432_control)
                  0001127e    00000002     --HOLE-- [fill = 0]
                  00011280    00000006     sysbios.aem4f : BIOS.obj (.text:ti_sysbios_family_arm_m3_Hwi_doTaskRestore__I)
                  00011286    00000002     --HOLE-- [fill = 0]
                  00011288    00000006                   : BIOS.obj (.text:ti_sysbios_family_arm_m3_Hwi_restoreFxn__E)
                  0001128e    00000002     --HOLE-- [fill = 0]
                  00011290    00000006                   : BIOS.obj (.text:ti_sysbios_gates_GateHwi_leave__E)
                  00011296    00000002     --HOLE-- [fill = 0]
                  00011298    00000006                   : BIOS.obj (.text:ti_sysbios_heaps_HeapMem_isBlocking__E)
                  0001129e    00000002     --HOLE-- [fill = 0]
                  000112a0    00000006                   : BIOS.obj (.text:ti_sysbios_knl_Clock_stop__E)
                  000112a6    00000002     --HOLE-- [fill = 0]
                  000112a8    00000006                   : BIOS.obj (.text:ti_sysbios_knl_Queue_Instance_init__E)
                  000112ae    00000002     --HOLE-- [fill = 0]
                  000112b0    00000006                   : BIOS.obj (.text:ti_sysbios_knl_Swi_startup__E)
                  000112b6    00000002     --HOLE-- [fill = 0]
                  000112b8    00000006                   : BIOS.obj (.text:xdc_runtime_System_Module_startup__E)
                  000112be    00000002     --HOLE-- [fill = 0]
                  000112c0    00000004                   : BIOS.obj (.text:__aeabi_errno_addr)
                  000112c4    00000004     --HOLE-- [fill = 0]
                  000112c8    00000004                   : BIOS.obj (.text:ti_sysbios_gates_GateHwi_query__E)
                  000112cc    00000004     --HOLE-- [fill = 0]
                  000112d0    00000004                   : BIOS.obj (.text:ti_sysbios_gates_GateMutex_query__E)
                  000112d4    00000004     --HOLE-- [fill = 0]
                  000112d8    00000004                   : BIOS.obj (.text:ti_sysbios_knl_Clock_setTimeout__E)
                  000112dc    00000004     --HOLE-- [fill = 0]
                  000112e0    00000004                   : BIOS.obj (.text:ti_sysbios_knl_Task_startup__E)
                  000112e4    00000004     --HOLE-- [fill = 0]
                  000112e8    00000004                   : BIOS.obj (.text:xdc_runtime_SysCallback_defaultReady)
                  000112ec    00000004     --HOLE-- [fill = 0]
                  000112f0    00000002                   : BIOS.obj (.text:ti_sysbios_BIOS_linkedWithIncorrectBootLibrary__E)
                  000112f2    00000006     --HOLE-- [fill = 0]
                  000112f8    00000002                   : BIOS.obj (.text:ti_sysbios_gates_GateHwi_Instance_init__E)
                  000112fa    00000006     --HOLE-- [fill = 0]
                  00011300    00000002                   : BIOS.obj (.text:ti_sysbios_knl_Clock_logTick__E)
                  00011302    00000006     --HOLE-- [fill = 0]
                  00011308    00000002                   : BIOS.obj (.text:xdc_runtime_SysCallback_defaultAbort)
                  0001130a    00000006     --HOLE-- [fill = 0]
                  00011310    00000002                   : BIOS.obj (.text:xdc_runtime_SysCallback_defaultExit)
                  00011312    00000006     --HOLE-- [fill = 0]
                  00011318    00000002                   : BIOS.obj (.text:xdc_runtime_SysCallback_defaultPutch)
                  0001131a    00000006     --HOLE-- [fill = 0]
                  00011320    00000002                   : BIOS.obj (.text:xdc_runtime_System_abortSpin__E)
                  00011322    00000006     --HOLE-- [fill = 0]
                  00011328    00000002                   : BIOS.obj (.text:xdc_runtime_System_exitSpin__E)

.const     0    00011330    000017ac     
                  00011330    000005f0     lcd_font.obj (.const:tft_ascii)
                  00011920    00000158     rtsv7M4_T_le_v4SPD16_eabi.lib : k_rem_pio2.c.obj (.const:$O1$$)
                  00011a78    00000150     ui.obj (.const:$P$T14$16)
                  00011bc8    00000118     ui.obj (.const:$P$T4$6)
                  00011ce0    00000101     rtsv7M4_T_le_v4SPD16_eabi.lib : ctype.c.obj (.const:.string:_ctypes_)
                  00011de1    00000002     ti_drivers_config.obj (.const:ButtonHWAttrs)
                  00011de3    00000001     display.aem4f : Display.oem4f (.const:Display_defaultParams)
                  00011de4    000000b0     ti_drivers_config.obj (.const:uartMSP432HWAttrs)
                  00011e94    00000080     msp432p4xx_driverlib.lib : adc14.o (.const:_ctlRegs)
                  00011f14    00000078     ti_drivers_config.obj (.const:PWM_config)
                  00011f8c    00000070     ui.obj (.const:$P$T13$15)
                  00011ffc    00000060     ui.obj (.const:$P$T3$4)
                  0001205c    00000054     ui.obj (.const:$P$T8$10)
                  000120b0    00000050     ti_drivers_config.obj (.const:pwmTimerMSP432HWAttrs)
                  00012100    00000050     drivers_msp432p401x.aem4f : TimerMSP432.oem4f (.const:timerADividers)
                  00012150    00000050     ti_drivers_config.obj (.const:uartMSP432Baudrates)
                  000121a0    00000048     ti_drivers_config.obj (.const:spiMSP432DMAHWAttrs)
                  000121e8    0000003c     release_pem4f.oem4f (.const:ti_sysbios_knl_Task_Object__PARAMS__C)
                  00012224    00000038     ti_drivers_config.obj (.const:PowerMSP432_config)
                  0001225c    00000030     ti_drivers_config.obj (.const:UART_config)
                  0001228c    00000030     release_pem4f.oem4f (.const:ti_sysbios_family_arm_m3_Hwi_Object__PARAMS__C)
                  000122bc    00000028     drivers_msp432p401x.aem4f : UARTMSP432.oem4f (.const:UARTMSP432_fxnTable)
                  000122e4    00000028     ti_drivers_config.obj (.const:i2cMSP432HWAttrs)
                  0001230c    00000028     release_pem4f.oem4f (.const:ti_sysbios_heaps_HeapMem_Module__FXNS__C)
                  00012334    00000024     ui.obj (.const:$P$T0$1)
                  00012358    00000024     ui.obj (.const:$P$T1$2)
                  0001237c    00000024     ui.obj (.const:$P$T2$3)
                  000123a0    00000024     drivers_msp432p401x.aem4f : PWMTimerMSP432.oem4f (.const:PWMTimerMSP432_fxnTable)
                  000123c4    00000024                               : UART.oem4f (.const:UART_defaultParams)
                  000123e8    00000024     release_pem4f.oem4f (.const:ti_sysbios_gates_GateHwi_Module__FXNS__C)
                  0001240c    00000024     release_pem4f.oem4f (.const:ti_sysbios_gates_GateMutex_Module__FXNS__C)
                  00012430    00000024     release_pem4f.oem4f (.const:ti_sysbios_heaps_HeapMem_Object__PARAMS__C)
                  00012454    00000024     release_pem4f.oem4f (.const:ti_sysbios_knl_Clock_Object__PARAMS__C)
                  00012478    00000024     release_pem4f.oem4f (.const:ti_sysbios_knl_Semaphore_Object__PARAMS__C)
                  0001249c    00000024     release_pem4f.oem4f (.const:xdc_runtime_Startup_sfxnTab__A)
                  000124c0    00000020     display.aem4f : DisplayUart.oem4f (.const:DisplayUartMin_fxnTable)
                  000124e0    00000020     drivers_msp432p401x.aem4f : SPI.oem4f (.const:SPI_defaultParams)
                  00012500    00000020     ti_drivers_config.obj (.const:TimerMSP432HWAttrs)
                  00012520    00000020     drivers_msp432p401x.aem4f : TimerMSP432.oem4f (.const:TimerMSP432_Timer32_fxnTable)
                  00012540    00000020     ti_drivers_config.obj (.const:adcMSP432HWAttrs)
                  00012560    00000020     drivers_msp432p401x.aem4f : UARTMSP432.oem4f (.const:staticFxnTable)
                  00012580    00000020     release_pem4f.oem4f (.const:ti_sysbios_family_arm_m3_Hwi_Object__DESC__C)
                  000125a0    00000020     release_pem4f.oem4f (.const:ti_sysbios_gates_GateHwi_Object__DESC__C)
                  000125c0    00000020     release_pem4f.oem4f (.const:ti_sysbios_gates_GateMutex_Object__DESC__C)
                  000125e0    00000020     release_pem4f.oem4f (.const:ti_sysbios_heaps_HeapMem_Object__DESC__C)
                  00012600    00000020     release_pem4f.oem4f (.const:ti_sysbios_knl_Clock_Object__DESC__C)
                  00012620    00000020     release_pem4f.oem4f (.const:ti_sysbios_knl_Event_Object__DESC__C)
                  00012640    00000020     release_pem4f.oem4f (.const:ti_sysbios_knl_Queue_Object__DESC__C)
                  00012660    00000020     release_pem4f.oem4f (.const:ti_sysbios_knl_Semaphore_Object__DESC__C)
                  00012680    00000020     release_pem4f.oem4f (.const:ti_sysbios_knl_Task_Object__DESC__C)
                  000126a0    0000001c     ui.obj (.const:$P$T10$12)
                  000126bc    0000001c     ui.obj (.const:$P$T11$13)
                  000126d8    0000001c     ui.obj (.const:$P$T12$14)
                  000126f4    0000001c     ui.obj (.const:$P$T5$7)
                  00012710    0000001c     ui.obj (.const:$P$T6$8)
                  0001272c    0000001c     ui.obj (.const:$P$T7$9)
                  00012748    0000001c     ui.obj (.const:$P$T9$11)
                  00012764    00000018     drivers_msp432p401x.aem4f : ADCMSP432.oem4f (.const:ADCMSP432_fxnTable)
                  0001277c    00000018     ti_drivers_config.obj (.const:ADC_config)
                  00012794    00000018     drivers_msp432p401x.aem4f : I2CMSP432.oem4f (.const:I2CMSP432_fxnTable)
                  000127ac    00000018     ti_drivers_config.obj (.const:I2C_config)
                  000127c4    00000018     drivers_msp432p401x.aem4f : PWM.oem4f (.const:PWM_defaultParams)
                  000127dc    00000018                               : SPIMSP432DMA.oem4f (.const:SPIMSP432DMA_fxnTable)
                  000127f4    00000018     ti_drivers_config.obj (.const:SPI_config)
                  0001280c    00000018     ti_drivers_config.obj (.const:Timer_config)
                  00012824    00000018     release_pem4f.oem4f (.const:ti_sysbios_gates_GateHwi_Object__PARAMS__C)
                  0001283c    00000018     release_pem4f.oem4f (.const:ti_sysbios_gates_GateMutex_Object__PARAMS__C)
                  00012854    00000018     release_pem4f.oem4f (.const:ti_sysbios_knl_Event_Object__PARAMS__C)
                  0001286c    00000018     release_pem4f.oem4f (.const:ti_sysbios_knl_Queue_Object__PARAMS__C)
                  00012884    00000018     release_pem4f.oem4f (.const:ti_sysbios_knl_Task_hooks__A)
[...]
000121a0  spiMSP432DMAHWAttrs                                             
000121e8  ti_sysbios_knl_Task_Object__PARAMS__C                           
00012224  PowerMSP432_config                                              
0001225c  UART_config                                                     
0001228c  ti_sysbios_family_arm_m3_Hwi_Object__PARAMS__C                  
000122bc  UARTMSP432_fxnTable                                             
000122e4  i2cMSP432HWAttrs                                                
0001230c  ti_sysbios_heaps_HeapMem_Module__FXNS__C                        
000123a0  PWMTimerMSP432_fxnTable                                         
000123c4  UART_defaultParams                                              
000123e8  ti_sysbios_gates_GateHwi_Module__FXNS__C                        
0001240c  ti_sysbios_gates_GateMutex_Module__FXNS__C                      
00012430  ti_sysbios_heaps_HeapMem_Object__PARAMS__C                      
00012454  ti_sysbios_knl_Clock_Object__PARAMS__C                          
00012478  ti_sysbios_knl_Semaphore_Object__PARAMS__C                      
0001249c  xdc_runtime_Startup_sfxnTab__A                                  
000124c0  DisplayUartMin_fxnTable                                         
000124e0  SPI_defaultParams                                               
00012500  TimerMSP432HWAttrs                                              
00012520  TimerMSP432_Timer32_fxnTable                                    
00012540  adcMSP432HWAttrs                                                
00012580  ti_sysbios_family_arm_m3_Hwi_Object__DESC__C                    
000125a0  ti_sysbios_gates_GateHwi_Object__DESC__C                        
000125c0  ti_sysbios_gates_GateMutex_Object__DESC__C                      
000125e0  ti_sysbios_heaps_HeapMem_Object__DESC__C                        
00012600  ti_sysbios_knl_Clock_Object__DESC__C                            
00012620  ti_sysbios_knl_Event_Object__DESC__C                            
00012640  ti_sysbios_knl_Queue_Object__DESC__C                            
00012660  ti_sysbios_knl_Semaphore_Object__DESC__C                        
00012680  ti_sysbios_knl_Task_Object__DESC__C                             
00012764  ADCMSP432_fxnTable                                              
0001277c  ADC_config                                                      
00012794  I2CMSP432_fxnTable                                              
000127ac  I2C_config                                                      
000127c4  PWM_defaultParams                                               
000127dc  SPIMSP432DMA_fxnTable                                           
000127f4  SPI_config                                                      
0001280c  Timer_config                                                    
00012824  ti_sysbios_gates_GateHwi_Object__PARAMS__C                      
0001283c  ti_sysbios_gates_GateMutex_Object__PARAMS__C                    
00012854  ti_sysbios_knl_Event_Object__PARAMS__C                          
0001286c  ti_sysbios_knl_Queue_Object__PARAMS__C                          
00012884  ti_sysbios_knl_Task_hooks__A                                    
0001289c  GPIOMSP432_config                                               
000128b0  displayUartHWAttrs                                              
000128c4  xdc_runtime_Startup_sfxnRts__A                                  
000128e6  ti_sysbios_family_arm_m3_Hwi_Module__id__C                      
000128e8  Button_config                                                   
000128f8  Button_defaultParams                                            
00012908  I2C_defaultParams                                               
00012918  LED_config                                                      
00012938  Display_config                                                  
00012974  udmaMSP432HWAttrs                                               
00012980  xdc_runtime_Startup_firstFxns__A                                
0001298c  Display_count                                                   
0001298d  ADC_count                                                       
0001298e  I2C_count                                                       
0001298f  PWM_count                                                       
00012990  SPI_count                                                       
00012991  Timer_count                                                     
00012992  UART_count                                                      
00012993  Button_count                                                    
00012994  LED_count                                                       
00012995  xdc_runtime_Error_policy__C                                     
00012996  ti_sysbios_family_arm_msp432_init_Boot_bypassHFXT__C            
00012998  ADC_defaultParams                                               
000129a0  LED_defaultParams                                               
000129a8  UDMAMSP432_config                                               
000129b8  ti_sysbios_knl_Idle_funcList__A                                 
000129c0  ti_sysbios_knl_Idle_funcList__C                                 
000129c8  ti_sysbios_knl_Task_hooks__C                                    
000129d0  xdc_runtime_Startup_firstFxns__C                                
000129d8  xdc_runtime_Startup_lastFxns__C                                 
000129fa  ti_sysbios_family_arm_msp432_init_Boot_bypassLFXT__C            
000129fc  ti_sysbios_family_arm_m3_Hwi_E_alreadyDefined__C                
00012a00  ti_sysbios_family_arm_m3_Hwi_E_badIntNum__C                     
00012a04  ti_sysbios_family_arm_m3_Hwi_NUM_INTERRUPTS__C                  
00012a08  ti_sysbios_family_arm_m3_Hwi_Object__count__C                   
00012a0c  ti_sysbios_family_arm_m3_Hwi_ccr__C                             
00012a10  ti_sysbios_family_arm_m3_Hwi_excHandlerFunc__C                  
00012a14  ti_sysbios_family_arm_m3_Hwi_nullIsrFunc__C                     
00012a18  ti_sysbios_family_arm_m3_Hwi_priGroup__C                        
00012a1c  ti_sysbios_family_arm_m3_Hwi_swiDisable__C                      
00012a20  ti_sysbios_family_arm_m3_Hwi_swiRestore__C                      
00012a24  ti_sysbios_family_arm_m3_TaskSupport_stackAlignment__C          
00012a28  ti_sysbios_family_arm_msp432_Timer_numTimerDevices__C           
00012a2c  ti_sysbios_family_arm_msp432_Timer_startupNeeded__C             
00012a30  ti_sysbios_gates_GateMutex_Instance_State_sem__O                
00012a34  ti_sysbios_heaps_HeapMem_E_memory__C                            
00012a38  ti_sysbios_heaps_HeapMem_Module__gateObj__C                     
00012a3c  ti_sysbios_heaps_HeapMem_Object__count__C                       
00012a40  ti_sysbios_heaps_HeapMem_primaryHeapBaseAddr__C                 
00012a44  ti_sysbios_heaps_HeapMem_primaryHeapEndAddr__C                  
00012a48  ti_sysbios_heaps_HeapMem_reqAlign__C                            
00012a4c  ti_sysbios_knl_Clock_Module_State_clockQ__O                     
00012a50  ti_sysbios_knl_Clock_tickPeriod__C                              
00012a54  ti_sysbios_knl_Event_Instance_State_pendQ__O                    
00012a58  ti_sysbios_knl_Mailbox_Instance_State_freeQue__O                
00012a5c  ti_sysbios_knl_Mailbox_Object__count__C                         
00012a60  ti_sysbios_knl_Mailbox_maxTypeAlign__C                          
00012a64  ti_sysbios_knl_Semaphore_Instance_State_pendQ__O                
00012a68  ti_sysbios_knl_Swi_Object__count__C                             
00012a6c  ti_sysbios_knl_Task_Module_State_inactiveQ__O                   
00012a70  ti_sysbios_knl_Task_Object__count__C                            
00012a74  ti_sysbios_knl_Task_Object__heap__C                             
00012a78  ti_sysbios_knl_Task_allBlockedFunc__C                           
00012a7c  ti_sysbios_knl_Task_defaultStackHeap__C                         
00012a80  ti_sysbios_knl_Task_defaultStackSize__C                         
00012a84  ti_sysbios_knl_Task_numConstructedTasks__C                      
00012a88  xdc_runtime_Error_E_memory__C                                   
00012a8c  xdc_runtime_Error_policyFxn__C                                  
00012a90  xdc_runtime_IGateProvider_Interface__BASE__C                    
00012a94  xdc_runtime_IHeap_Interface__BASE__C                            
00012a98  xdc_runtime_IModule_Interface__BASE__C                          
00012a9c  xdc_runtime_Memory_defaultHeapInstance__C                       
00012aa0  xdc_runtime_Startup_execImpl__C                                 
00012aa4  xdc_runtime_Startup_maxPasses__C                                
00012aa8  xdc_runtime_Startup_sfxnRts__C                                  
00012aac  xdc_runtime_Startup_sfxnTab__C                                  
00012ab0  xdc_runtime_SysCallback_abortFxn__C                             
00012ab4  xdc_runtime_SysCallback_exitFxn__C                              
00012ab8  xdc_runtime_SysCallback_putchFxn__C                             
00012abc  xdc_runtime_SysCallback_readyFxn__C                             
00012ac0  xdc_runtime_System_Module__gateObj__C                           
00012ac4  xdc_runtime_System_abortFxn__C                                  
00012ac8  xdc_runtime_System_exitFxn__C                                   
00012acc  xdc_runtime_System_extendFxn__C                                 
00012ad0  xdc_runtime_System_maxAtexitHandlers__C                         
00012ad4  ti_sysbios_family_arm_msp432_init_Boot_enableHFXT__C            
00012ad6  ti_sysbios_family_arm_msp432_init_Boot_enableLFXT__C            
00012ad8  ti_sysbios_heaps_HeapMem_Module__id__C                          
00012ada  xdc_runtime_Memory_Module__id__C                                
00012ae0  __TI_static_base__                                              
00012e88  __TI_Handler_Table_Base                                         
00012e94  __TI_Handler_Table_Limit                                        
00012ea0  __TI_CINIT_Base                                                 
00012eb0  __TI_CINIT_Limit                                                
20000000  __start___llvm_prf_cnts                                         
20000000  __stop___llvm_prf_cnts                                          
20000000  ti_sysbios_family_arm_m3_Hwi_ramVectors                         
20000140  __primary_heap_start__                                          
20008140  __primary_heap_end__                                            
20008600  Items                                                           
200088c0  ti_sysbios_knl_Task_Instance_State_0_stack__A                   
20008ac0  uartMSP432Objects                                               
20008cc0  ti_sysbios_family_arm_m3_Hwi_dispatchTable                      
20008f00  i2cMSP432Objects                                                
20008fa0  spiMSP432DMAObjects                                             
200091b8  LEDObjects                                                      
20009230  pwmTimerMSP432Objects                                           
200092a8  timerMSP432Objects                                              
20009310  ButtonObjects                                                   
20009360  masterRxBuffer                                                  
20009394  masterTxBuffer                                                  
200093f8  imu3                                                            
200094dc  bStats                                                          
200094f8  ringObj                                                         
20009510  ecoEvent                                                        
20009544  imu                                                             
20009554  motor_speed_pid                                                 
20009564  speed_wheel                                                     
20009574  displayUartObject                                               
20009580  eventBuf                                                        
2000958c  rxBuffer                                                        
200095a0  buttonHandle                                                    
200095a8  ledHandle                                                       
200095bc  ClockP_tickPeriod                                               
200095c0  CurDraw                                                         
200095c4  CurHandle                                                       
200095c8  adc                                                             
200095cc  adcMSP432Objects                                                
200095d0  chassis_speed_pid                                               
200095d4  displayHandle                                                   
200095d8  lua                                                             
200095dc  masterSpi                                                       
200095e0  ti_sysbios_knl_Task_Instance_State_0_hookEnv__A                 
200095e4  EC11_A_Now                                                      
200095e5  EC11_B_Now                                                      
200095e6  EC11_Key                                                        
200095e7  udmaMSP432Object                                                
200095e8  param                                                           
200097dc  PowerMSP432_perfLevels                                          
20009a2c  gpioCallbackFunctions                                           
20009ac0  gpioPinConfigs                                                  
20009bdc  AllView                                                         
20009c60  gPixel                                                          
20009ce0  ti_sysbios_knl_Swi_Module_State_0_readyQ__A                     
20009d60  ti_sysbios_knl_Task_Module_State_0_readyQ__A                    
20009de0  lineid                                                          
20009e40  ti_sysbios_gates_GateMutex_Object__table__V                     
20009e94  ti_sysbios_knl_Task_Object__table__V                            
20009ee0  ti_sysbios_family_arm_msp432_Timer_Object__table__V             
20009f24  ti_sysbios_knl_Task_Module__state__V                            
20009f68  ti_sysbios_family_arm_m3_Hwi_Module__state__V                   
20009f9c  ti_sysbios_knl_Swi_Object__table__V                             
20009fcc  PowerMSP432_module                                              
20009ff8  ti_sysbios_knl_Clock_Module__state__V                           
2000a024  ti_sysbios_BIOS_Module__state__V                                
2000a068  ti_sysbios_family_arm_msp432_Timer_Module_State_0_device__A     
2000a088  uart_ready_flag                                                 
2000a0a8  xdc_runtime_Error_IgnoreBlock                                   
2000a0c8  ti_sysbios_knl_Swi_Module__state__V                             
2000a0e4  mirrorRegister                                                  
2000a100  left_duty                                                       
2000a104  right_duty                                                      
2000a108  pwm0                                                            
2000a10c  pwm1                                                            
2000a110  pwm2                                                            
2000a114  pwm3                                                            
2000a118  ti_sysbios_family_arm_m3_Hwi_Object__table__V                   
2000a130  ti_sysbios_heaps_HeapMem_Object__table__V                       
2000a160  last_item                                                       
2000a174  motor_start_flag                                                
2000a178  CurView                                                         
2000a179  CurItem                                                         
2000a17a  ItemNums                                                        
2000a17b  isEditing                                                       
2000a17c  ItemFirstLine                                                   
2000a17d  item_index                                                      
2000a198  encoder1_value                                                  
2000a19c  encoder2_value                                                  
2000a1a0  encoder3_value                                                  
2000a1a4  encoder4_value                                                  
2000a1a8  ti_sysbios_family_arm_msp432_Timer_Module_State_0_handles__A    
2000a1b8  R4wd                                                            
2000a1bc  Rw                                                              
2000a1c0  Pi                                                              
2000a1c4  ti_sysbios_family_arm_msp432_ClockFreqs_Module__state__V        
2000a1d0  ti_sysbios_family_arm_msp432_Timer_Module__state__V             
2000a1dc  txBuffer                                                        
2000a1e6  ti_sysbios_family_arm_m3_Hwi_Module_State_0_excActive__A        
2000a1e8  _lock                                                           
2000a1ec  _unlock                                                         
2000a1f8  ti_sysbios_family_arm_m3_Hwi_Module__root__V                    
2000a200  ti_sysbios_gates_GateHwi_Module__root__V                        
2000a208  ti_sysbios_gates_GateMutex_Module__root__V                      
2000a210  ti_sysbios_heaps_HeapMem_Module__root__V                        
2000a218  ti_sysbios_knl_Clock_Module__root__V                            
2000a220  ti_sysbios_knl_Event_Module__root__V                            
2000a228  ti_sysbios_knl_Queue_Module__root__V                            
2000a230  ti_sysbios_knl_Semaphore_Module__root__V                        
2000a238  ti_sysbios_knl_Task_Module__root__V                             
2000a240  xdc_runtime_Startup_Module__state__V                            
2000a248  xdc_runtime_System_Module_State_0_atexitHandlers__A             
2000a250  xdc_runtime_System_Module__state__V                             
2000a258  pwm7                                                            
2000a25c  old_val                                                         
2000a260  main_func_sp                                                    
2000a264  ti_sysbios_family_arm_m3_Hwi_Module_State_0_excContext__A       
2000a268  ti_sysbios_family_arm_m3_Hwi_Module_State_0_excStack__A         
2000a26c  ti_sysbios_gates_GateHwi_Object__table__V                       
2000a270  ti_sysbios_knl_Task_Module_State_0_idleTask__A                  
2000a274  ti_sysbios_rts_ti_ReentSupport_Module__state__V                 
2000a278  xdc_runtime_Memory_Module__state__V                             
2000fc00  __stack                                                         
20010000  __STACK_END                                                     
4000480c  WDTCTL_SYM                                                      
e000e000  ti_sysbios_family_arm_m3_Hwi_nvic                               
ffffffff  __TI_pprof_out_hndl                                             
ffffffff  __TI_prof_data_size                                             
ffffffff  __TI_prof_data_start                                            
ffffffff  __binit__                                                       
ffffffff  __c_args__                                                      
ffffffff  binit                                                           
UNDEFED   SHT$$INIT_ARRAY$$Base                                           
UNDEFED   SHT$$INIT_ARRAY$$Limit                                          

[894 symbols]
