******************************************************************************
                  TI ARM Linker Unix v20.2.5                   
******************************************************************************
>> Linked Wed Nov  3 20:18:57 2021

OUTPUT FILE NAME:   <project.out>
ENTRY POINT SYMBOL: "_c_int00"  address: 0000d779


MEMORY CONFIGURATION

         name            origin    length      used     unused   attr    fill
----------------------  --------  ---------  --------  --------  ----  --------
  MAIN                  00000000   00040000  00012aa2  0002d55e  R  X
  INFO                  00200000   00004000  00000000  00004000  R  X
  SRAM_CODE             01000000   00010000  0000a5b7  00005a49  RW X
  SRAM_DATA             20000000   00010000  0000a5b7  00005a49  RW  


SEGMENT ALLOCATION MAP

run origin  load origin   length   init length attrs members
----------  ----------- ---------- ----------- ----- -------
00000000    00000000    00012ab0   00012ab0    r-x
  00000000    00000000    0000003c   0000003c    r-- .resetVecs
  00000040    00000040    00010efa   00010efa    r-x .text
  00010f40    00010f40    000017ac   000017ac    r-- .const
  000126f0    000126f0    000003c0   000003c0    r-- .cinit
20000140    20000140    00008000   00000000    r--
  20000140    20000140    00008000   00000000    r-- .priheap
20008200    20008200    0000207a   00000000    rw-
  20008200    20008200    000013e9   00000000    rw- .bss
  200095ec    200095ec    00000c8e   00000000    rw- .data
2000fc00    2000fc00    00000400   00000000    rw-
  2000fc00    2000fc00    00000400   00000000    rw- .stack


SECTION ALLOCATION MAP

 output                                  attributes/
section   page    origin      length       input sections
--------  ----  ----------  ----------   ----------------
.text      0    00000040    00010efa     
                  00000040    00000a4e     rtsv7M4_T_le_v4SPD16_eabi.lib : _printfi.c.obj (.text:__TI_printfi)
                  00000a8e    00000002     ti_drivers_config.obj (.text:Board_initHook)
                  00000a90    00000738     rtsv7M4_T_le_v4SPD16_eabi.lib : k_rem_pio2.c.obj (.text:__kernel_rem_pio2)
                  000011c8    000005e0                                   : s_sin.c.obj (.text:sin)
                  000017a8    000005dc                                   : s_cos.c.obj (.text:cos)
                  00001d84    00000578     ui.obj (.text:UpdateMenuItems)
                  000022fc    000004ec     ui.obj (.text:HandleAdjustParamView)
                  000027e8    00000468     sysbios.aem4f : BIOS.obj (.text:xdc_runtime_System_doPrint__I)
                  00002c50    00000318     ui.obj (.text:DrawIMUView)
                  00002f68    000002f8     drivers_msp432p401x.aem4f : PowerMSP432.oem4f (.text:Power_sleep)
                  00003260    000002d0                               : UARTMSP432.oem4f (.text:UARTMSP432_open)
                  00003530    00000294     ui.obj (.text:DrawSensorView)
                  000037c4    0000028c     drivers_msp432p401x.aem4f : SPIMSP432DMA.oem4f (.text:SPIMSP432DMA_open)
                  00003a50    0000028a     msp432p4xx_driverlib.lib : pcm.o (.text:__PCM_setPowerStateAdvanced)
                  00003cda    00000002     display.aem4f : DisplayUart.oem4f (.text:DisplayUartMin_clear)
                  00003cdc    00000288     drivers_msp432p401x.aem4f : PowerMSP432.oem4f (.text:initPerfControl)
                  00003f64    00000270     rtsv7M4_T_le_v4SPD16_eabi.lib : _printfi.c.obj (.text:_pconv_a)
                  000041d4    00000254     uart.obj (.text:imu_data_analyse)
                  00004428    00000254     uart.obj (.text:rc_data_analyse)
                  0000467c    00000248     spi_lcd.obj (.text:lcd_init)
                  000048c4    0000021c     ui.obj (.text:rotate)
                  00004ae0    00000210     ec11.obj (.text:Encoder_EC11_Analyze)
                  00004cf0    00000208     drivers_msp432p401x.aem4f : PWMTimerMSP432.oem4f (.text:PWMTimerMSP432_open)
                  00004ef8    00000200     main_tirtos.obj (.text:main)
                  000050f8    000001f8     drivers_msp432p401x.aem4f : I2CMSP432.oem4f (.text:I2CMSP432_open)
                  000052f0    000001d0     rtsv7M4_T_le_v4SPD16_eabi.lib : _printfi.c.obj (.text:_pconv_g)
                  000054c0    000001b8     motor_drive.obj (.text:motor_pwm_Thread)
                  00005678    000001b6     rtsv7M4_T_le_v4SPD16_eabi.lib : fd_add_t2.asm.obj (.text)
                  0000582e    00000002     display.aem4f : DisplayUart.oem4f (.text:DisplayUartMin_clearLines)
                  00005830    000001a4     ui.obj (.text:DrawAdjustParamView)
                  000059d4    00000198     uart.obj (.text:User_uart_init)
                  00005b6c    00000194     speed_measure.obj (.text:speed_measure_Thread)
                  00005d00    00000188     release_pem4f.oem4f (.text:xdc_runtime_System_printfExtend__I)
                  00005e88    00000186     drivers_msp432p401x.aem4f : Button.oem4f (.text:Button_clockTimeoutHandler)
                  0000600e    00000184                               : I2CMSP432.oem4f (.text:I2CMSP432_hwiIntFxn)
                  00006192    00000002     display.aem4f : DisplayUart.oem4f (.text:DisplayUartMin_init)
                  00006194    00000178     ec11.obj (.text:Encoder_EC11_Scan)
                  0000630c    00000174     rtsv7M4_T_le_v4SPD16_eabi.lib : k_sin.c.obj (.text:__kernel_sin)
                  00006480    00000170     drivers_msp432p401x.aem4f : GPIOMSP432.oem4f (.text:GPIO_setConfig)
                  000065f0    00000170     rtsv7M4_T_le_v4SPD16_eabi.lib : k_cos.c.obj (.text:__kernel_cos)
                  00006760    00000160     msp432p4xx_driverlib.lib : adc14.o (.text:_getIndexForMemRegister)
                  000068c0    0000015c                              : pcm.o (.text:__PCM_setPowerModeAdvanced)
                  00006a1c    0000015a     ui.obj (.text:lcd_drawline)
                  00006b76    00000002     ui.obj (.text:DrawMainMenuView)
                  00006b78    00000158     sysbios.aem4f : BIOS.obj (.text:ti_sysbios_knl_Event_pend__E)
                  00006cd0    0000014c     drivers_msp432p401x.aem4f : TimerMSP432.oem4f (.text:TimerMSP432_open)
                  00006e1c    0000013c     rtsv7M4_T_le_v4SPD16_eabi.lib : _printfi.c.obj (.text:_pconv_e)
                  00006f58    0000013c     buttonled.obj (.text:handleButtonCallback)
                  00007094    00000136     rtsv7M4_T_le_v4SPD16_eabi.lib : fd_div_t2.asm.obj (.text)
                  000071ca    00000132     motor.obj (.text:motor_dir)
                  000072fc    00000130     drivers_msp432p401x.aem4f : UDMAMSP432.oem4f (.text:setupInterrupt)
                  0000742c    00000004     msp432p4xx_driverlib.lib : cpu.o (.text:CPU_wfi)
                  00007430    00000130     sysbios.aem4f : BIOS.obj (.text:ti_sysbios_knl_Semaphore_pend__E)
                  00007560    0000012c     drivers_msp432p401x.aem4f : SPIMSP432DMA.oem4f (.text:SPIMSP432DMA_transfer)
                  0000768c    00000124     rtsv7M4_T_le_v4SPD16_eabi.lib : _printfi.c.obj (.text:fcvt)
                  000077b0    00000120     motor.obj (.text:motor_duty)
                  000078d0    0000011c     msp432p4xx_driverlib.lib : uart.o (.text:UART_initModule)
                  000079ec    0000011c     drivers_msp432p401x.aem4f : I2CMSP432.oem4f (.text:primeTransfer)
                  00007b08    00000114                               : PWMTimerMSP432.oem4f (.text:PWMTimerMSP432_setPeriod)
                  00007c1c    00000110     i2cbh1750.obj (.text:BH1750_Thread)
                  00007d2c    00000110     drivers_msp432p401x.aem4f : LED.oem4f (.text:LED_open)
                  00007e3c    00000110     spi_lcd.obj (.text:lcd_showfloat)
                  00007f4c    00000110     rtsv7M4_T_le_v4SPD16_eabi.lib : s_scalbn.c.obj (.text:scalbn)
                  0000805c    00000108     msp432p4xx_driverlib.lib : pcm.o (.text:__PCM_setCoreVoltageLevelAdvanced)
                  00008164    00000004     dpl_msp432p401x.aem4f : ClockP_tirtos.oem4f (.text:ClockP_setTimeout)
                  00008168    00000108     sysbios.aem4f : BIOS.obj (.text:ti_sysbios_knl_Task_postInit__I)
                  00008270    00000108                   : BIOS.obj (.text:xdc_runtime_Startup_startMods__I)
                  00008378    00000104     drivers_msp432p401x.aem4f : SPIMSP432DMA.oem4f (.text:SPIMSP432DMA_transferCancel)
                  0000847c    00000004     dpl_msp432p401x.aem4f : ClockP_tirtos.oem4f (.text:ClockP_start)
                  00008480    00000104     sysbios.aem4f : BIOS.obj (.text:ti_sysbios_knl_Task_Instance_finalize__E)
                  00008584    000000fc     drivers_msp432p401x.aem4f : ADCMSP432.oem4f (.text:ADCMSP432_convert)
                  00008680    000000fc                               : SPIMSP432DMA.oem4f (.text:configDMA)
                  0000877c    000000fc     rtsv7M4_T_le_v4SPD16_eabi.lib : fd_mul_t2.asm.obj (.text)
                  00008878    000000f8                                   : s_floor.c.obj (.text:floor)
                  00008970    000000f8     sysbios.aem4f : BIOS.obj (.text:ti_sysbios_family_arm_msp432_init_Boot_configureClocksHigh)
                  00008a68    000000f4     spi_lcd.obj (.text:lcd_displayccd)
                  00008b5c    000000f0     msp432p4xx_driverlib.lib : dma.o (.text:DMA_setChannelTransfer)
                  00008c4c    000000f0     drivers_msp432p401x.aem4f : I2CMSP432.oem4f (.text:I2CMSP432_transfer)
                  00008d3c    00000004     dpl_msp432p401x.aem4f : ClockP_tirtos.oem4f (.text:ClockP_stop)
                  00008d40    000000f0     sysbios.aem4f : BIOS.obj (.text:pthread_create)
                  00008e30    000000f0                   : m3_Hwi_asm.obj (.text:ti_sysbios_family_arm_m3_Hwi_dispatch__I)
                  00008f20    000000e8     drivers_msp432p401x.aem4f : Button.oem4f (.text:Button_open)
                  00009008    000000e4     msp432p4xx_driverlib.lib : cs.o (.text:CS_startHFXTWithTimeout)
                  000090ec    000000e4     ui.obj (.text:DrawEncoderView)
                  000091d0    000000e4     motor.obj (.text:motor_init)
                  000092b4    000000e4     ui.obj (.text:onCancel)
                  00009398    000000e0     msp432p4xx_driverlib.lib : cs.o (.text:CS_startLFXTWithTimeout)
                  00009478    000000e0     sysbios.aem4f : BIOS.obj (.text:ti_sysbios_knl_Task_Instance_init__E)
                  00009558    000000dc     drivers_msp432p401x.aem4f : UARTMSP432.oem4f (.text:UARTMSP432_readPolling)
                  00009634    000000dc                               : UDMAMSP432.oem4f (.text:UDMAMSP432_close)
                  00009710    000000dc     msp432p4xx_driverlib.lib : cs.o (.text:_CSGetHFXTFrequency)
                  000097ec    000000d2     adcTSL1401.obj (.text:TSL1401_GetLine)
                  000098be    00000002     ui.obj (.text:DrawParamView)
                  000098c0    000000d0     sysbios.aem4f : BIOS.obj (.text:ti_sysbios_heaps_HeapMem_alloc__E)
                  00009990    000000ca     drivers_msp432p401x.aem4f : UARTMSP432.oem4f (.text:UARTMSP432_hwiIntFxn)
                  00009a5a    00000002                               : I2CMSP432.oem4f (.text:I2CMSP432_init)
                  00009a5c    000000c8                               : TimerMSP432.oem4f (.text:TimerMSP432_start)
                  00009b24    000000c6     spi_lcd.obj (.text:lcd_Thread)
                  00009bea    00000006     drivers_msp432p401x.aem4f : ADCMSP432.oem4f (.text:ADCMSP432_control)
                  00009bf0    000000c4     sysbios.aem4f : BIOS.obj (.text:ti_sysbios_knl_Task_sleep__E)
                  00009cb4    000000c0     buttonled.obj (.text:buttonled_Thread)
                  00009d74    000000bc     drivers_msp432p401x.aem4f : TimerMSP432.oem4f (.text:TimerMSP432_setPeriod)
                  00009e30    000000bc     ui.obj (.text:onDecrease)
                  00009eec    000000b8     drivers_msp432p401x.aem4f : UARTMSP432.oem4f (.text:initHw)
                  00009fa4    000000b8                               : UARTMSP432.oem4f (.text:readTaskCallback)
                  0000a05c    00000004     dpl_msp432p401x.aem4f : HwiP_tirtos.oem4f (.text:HwiP_clearInterrupt)
                  0000a060    000000b8     sysbios.aem4f : BIOS.obj (.text:ti_sysbios_family_arm_m3_Hwi_Instance_init__E)
                  0000a118    000000b4     msp432p4xx_driverlib.lib : adc14.o (.text:ADC14_configureConversionMemory)
                  0000a1cc    000000b4     drivers_msp432p401x.aem4f : UARTMSP432.oem4f (.text:UARTMSP432_control)
                  0000a280    000000b4                               : UARTMSP432.oem4f (.text:UARTMSP432_writePolling)
                  0000a334    000000b4     spi_lcd.obj (.text:lcd_showchar)
                  0000a3e8    000000b1     rtsv7M4_T_le_v4SPD16_eabi.lib : _printfi.c.obj (.text:_ltostr)
                  0000a499    00000001     --HOLE-- [fill = 0]
                  0000a49a    000000b0     msp432p4xx_driverlib.lib : spi.o (.text:SPI_initMaster)
                  0000a54a    00000002     drivers_msp432p401x.aem4f : LED.oem4f (.text:LED_init)
                  0000a54c    000000ac                               : GPIOMSP432.oem4f (.text:GPIO_init)
                  0000a5f8    000000ac                               : I2CMSP432.oem4f (.text:I2CMSP432_cancel)
                  0000a6a4    000000ac     ui.obj (.text:onEnter)
                  0000a750    000000aa     sysbios.aem4f : BIOS.obj (.text:xdc_runtime_Core_createObject__I)
                  0000a7fa    000000a8     drivers_msp432p401x.aem4f : UARTMSP432.oem4f (.text:UARTMSP432_write)
                  0000a8a2    00000002                               : PWMTimerMSP432.oem4f (.text:PWMTimerMSP432_init)
                  0000a8a4    000000a8     spi_lcd.obj (.text:lcd_init_Thread)
                  0000a94c    000000a8     drivers_msp432p401x.aem4f : UARTMSP432.oem4f (.text:readTaskBlocking)
                  0000a9f4    00000004     dpl_msp432p401x.aem4f : HwiP_tirtos.oem4f (.text:HwiP_disable)
                  0000a9f8    000000a8     sysbios.aem4f : BIOS.obj (.text:ti_sysbios_family_arm_msp432_Timer_periodicStub__E)
                  0000aaa0    000000a4     drivers_msp432p401x.aem4f : PWMTimerMSP432.oem4f (.text:PWMTimerMSP432_stop)
                  0000ab44    000000a4                               : TimerMSP432.oem4f (.text:initTimerHardware)
                  0000abe8    000000a4     ui.obj (.text:onIncrease)
                  0000ac8c    00000004     dpl_msp432p401x.aem4f : HwiP_tirtos.oem4f (.text:HwiP_disableInterrupt)
                  0000ac90    000000a4     sysbios.aem4f : BIOS.obj (.text:ti_sysbios_knl_Task_setPri__E)
                  0000ad34    000000a2     ui.obj (.text:matconv)
                  0000add6    00000002     dpl_msp432p401x.aem4f : PowerMSP432_tirtos.oem4f (.text:PowerMSP432_initPolicy)
                  0000add8    000000a0     auto_init.aem4f : auto_init.oem4f (.text)
                  0000ae78    000000a0     drivers_msp432p401x.aem4f : UARTMSP432.oem4f (.text:readIsrTextCallback)
                  0000af18    0000009c     pid.obj (.text:PID_init)
                  0000afb4    0000009c     drivers_msp432p401x.aem4f : PowerMSP432.oem4f (.text:Power_init)
                  0000b050    0000009c     rtsv7M4_T_le_v4SPD16_eabi.lib : memcpy_t2.asm.obj (.text)
                  0000b0ec    0000009c     drivers_msp432p401x.aem4f : TimerMSP432.oem4f (.text:setT32TickCount)
                  0000b188    0000009c                               : TimerMSP432.oem4f (.text:setTATickCount)
                  0000b224    0000009b     spi_lcd.obj (.text:lcd_showint32)
                  0000b2bf    00000001     --HOLE-- [fill = 0]
                  0000b2c0    00000096     rtsv7M4_T_le_v4SPD16_eabi.lib : ull_div_t2.asm.obj (.text)
                  0000b356    00000002     drivers_msp432p401x.aem4f : TimerMSP432.oem4f (.text:TimerMSP432_init)
                  0000b358    00000094                               : PWMTimerMSP432.oem4f (.text:PWMTimerMSP432_setDuty)
                  0000b3ec    00000094                               : UDMAMSP432.oem4f (.text:UDMAMSP432_init)
                  0000b480    00000094                               : UDMAMSP432.oem4f (.text:UDMAMSP432_open)
                  0000b514    00000094     uart.obj (.text:Uart2_onebyte_RecvEvt)
                  0000b5a8    00000094     sysbios.aem4f : BIOS.obj (.text:_pthread_removeThreadKeys)
                  0000b63c    00000094     motor_drive.obj (.text:chassis_init)
                  0000b6d0    00000094     sysbios.aem4f : BIOS.obj (.text:ti_sysbios_family_arm_m3_Hwi_initNVIC__E)
                  0000b764    00000004     dpl_msp432p401x.aem4f : HwiP_tirtos.oem4f (.text:HwiP_enableInterrupt)
                  0000b768    00000094     sysbios.aem4f : BIOS.obj (.text:ti_sysbios_knl_Task_exit__E)
                  0000b7fc    00000092     drivers_msp432p401x.aem4f : UARTMSP432.oem4f (.text:UARTMSP432_close)
                  0000b88e    00000092                               : UARTMSP432.oem4f (.text:writeData)
                  0000b920    00000090     sysbios.aem4f : BIOS.obj (.text:ti_sysbios_knl_Task_Module_startup__E)
                  0000b9b0    0000008c     drivers_msp432p401x.aem4f : ADCMSP432.oem4f (.text:ADCMSP432_open)
                  0000ba3c    0000008c     ec11.obj (.text:Encoder_EC11_Init)
                  0000bac8    0000008c     drivers_msp432p401x.aem4f : TimerMSP432.oem4f (.text:TimerMSP432_stop)
                  0000bb54    0000008c     uart.obj (.text:handleRecvEvt)
                  0000bbe0    0000008c     drivers_msp432p401x.aem4f : UARTMSP432.oem4f (.text:readIsrTextBlocking)
                  0000bc6c    0000008c     sysbios.aem4f : m3_TaskSupport_asm.obj (.text:ti_sysbios_family_arm_m3_TaskSupport_buildTaskStack)
                  0000bcf8    0000008c                   : BIOS.obj (.text:ti_sysbios_knl_Event_post__E)
                  0000bd84    00000004     drivers_msp432p401x.aem4f : SPIMSP432DMA.oem4f (.text:SPIMSP432DMA_init)
                  0000bd88    0000008c     sysbios.aem4f : BIOS.obj (.text:xdc_runtime_Memory_alloc__E)
                  0000be14    00000088     drivers_msp432p401x.aem4f : PWMTimerMSP432.oem4f (.text:PWMTimerMSP432_close)
                  0000be9c    00000086     rtsv7M4_T_le_v4SPD16_eabi.lib : fd_cmp_t2.asm.obj (.text:__aeabi_cdcmple)
                  0000bf22    00000086                                   : fd_cmp_t2.asm.obj (.text:__aeabi_cdrcmple)
                  0000bfa8    00000086     drivers_msp432p401x.aem4f : SPIMSP432DMA.oem4f (.text:initHw)
                  0000c02e    00000002                               : UARTMSP432.oem4f (.text:UARTMSP432_init)
                  0000c030    00000086     sysbios.aem4f : BIOS.obj (.text:xdc_runtime_Core_constructObject__I)
                  0000c0b6    00000002     uart.obj (.text:Uart3_frame_ana_MoveEvt)
                  0000c0b8    00000084     ui.obj (.text:DrawPIDView)
                  0000c13c    00000084     msp432p4xx_driverlib.lib : pcm.o (.text:PCM_gotoLPM3)
                  0000c1c0    00000084     drivers_msp432p401x.aem4f : PWMTimerMSP432.oem4f (.text:PWMTimerMSP432_start)
                  0000c244    00000084     spi_lcd.obj (.text:lcd_set_region)
                  0000c2c8    00000084     drivers_msp432p401x.aem4f : PowerMSP432.oem4f (.text:restartHFXT)
                  0000c34c    00000004     dpl_msp432p401x.aem4f : SemaphoreP_tirtos.oem4f (.text:SemaphoreP_post)
                  0000c350    00000084     sysbios.aem4f : BIOS.obj (.text:ti_sysbios_family_arm_m3_Hwi_postInit__I)
                  0000c3d4    00000004     dpl_msp432p401x.aem4f : SystemP_tirtos.oem4f (.text:SystemP_vsnprintf)
                  0000c3d8    00000084     sysbios.aem4f : BIOS.obj (.text:ti_sysbios_heaps_HeapMem_free__E)
                  0000c45c    00000004     release_pem4f.oem4f (.text:ti_sysbios_BIOS_RtsGateProxy_enter__E)
                  0000c460    00000080     sysbios.aem4f : BIOS.obj (.text:ti_sysbios_knl_Clock_workFunc__E)
                  0000c4e0    0000007c     drivers_msp432p401x.aem4f : PWMTimerMSP432.oem4f (.text:setConstraints)
                  0000c55c    0000007a     spi_lcd.obj (.text:lcd_clear_rectangle)
                  0000c5d6    0000007a     rtsv7M4_T_le_v4SPD16_eabi.lib : memset_t2.asm.obj (.text)
                  0000c650    00000078     drivers_msp432p401x.aem4f : TimerMSP432.oem4f (.text:TimerMSP432_allocateTimerResource)
                  0000c6c8    00000076                               : I2CMSP432.oem4f (.text:I2CMSP432_close)
                  0000c73e    00000002     uart.obj (.text:Uart3_onebyte_RecvEvt)
                  0000c740    00000075     sysbios.aem4f : BIOS.obj (.text:xdc_runtime_System_formatNum__I)
                  0000c7b5    00000001     --HOLE-- [fill = 0]
                  0000c7b6    00000002     rtsv7M4_T_le_v4SPD16_eabi.lib : _lock.c.obj (.text:_nop)
                  0000c7b8    00000070     ui.obj (.text:DrawBootView)
                  0000c828    00000070     ui.obj (.text:DrawCCDView)
                  0000c898    00000070     drivers_msp432p401x.aem4f : UARTMSP432.oem4f (.text:UARTMSP432_writeCancel)
                  0000c908    00000070     sysbios.aem4f : BIOS.obj (.text:ti_sysbios_heaps_HeapMem_initPrimary__I)
                  0000c978    0000006e     rtsv7M4_T_le_v4SPD16_eabi.lib : _printfi.c.obj (.text:_mcpy)
                  0000c9e6    0000006e                                   : fd_tos_t2.asm.obj (.text)
                  0000ca54    0000006c     msp432p4xx_driverlib.lib : i2c.o (.text:I2C_masterSendMultiByteFinish)
                  0000cac0    0000006c     spi_lcd.obj (.text:lcd_writedata_16bit)
                  0000cb2c    00000004     release_pem4f.oem4f (.text:ti_sysbios_BIOS_RtsGateProxy_leave__E)
                  0000cb30    0000006c     sysbios.aem4f : BIOS.obj (.text:ti_sysbios_knl_Swi_restoreHwi__E)
                  0000cb9c    0000006a     drivers_msp432p401x.aem4f : PWMTimerMSP432.oem4f (.text:perfChangeNotifyFxn)
                  0000cc06    00000002     adcTSL1401.obj (.text:delay)
                  0000cc08    00000068     drivers_msp432p401x.aem4f : GPIOMSP432.oem4f (.text:GPIO_hwiIntFxn)
                  0000cc70    00000068                               : PowerMSP432.oem4f (.text:PowerMSP432_getFreqs)
                  0000ccd8    00000068     rtsv7M4_T_le_v4SPD16_eabi.lib : copy_decompress_lzss.c.obj (.text:decompress:lzss:__TI_decompress_lzss)
                  0000cd40    00000068     drivers_msp432p401x.aem4f : I2CMSP432.oem4f (.text:initHw)
                  0000cda8    00000068                               : PWMTimerMSP432.oem4f (.text:initHw)
                  0000ce10    00000066     sysbios.aem4f : BIOS.obj (.text:xdc_runtime_Core_deleteObject__I)
                  0000ce76    00000002     event.obj (.text:doEventLogs)
                  0000ce78    00000064     drivers_msp432p401x.aem4f : Button.oem4f (.text:Button_gpioCallbackFxn)
                  0000cedc    00000064                               : SPIMSP432DMA.oem4f (.text:SPIMSP432DMA_close)
                  0000cf40    00000064     rtsv7M4_T_le_v4SPD16_eabi.lib : s_frexp.c.obj (.text:frexp)
                  0000cfa4    00000004     release_pem4f.oem4f (.text:ti_sysbios_family_arm_m3_Hwi_delete)
                  0000cfa8    00000064     sysbios.aem4f : BIOS.obj (.text:pthread_exit)
                  0000d00c    00000004     release_pem4f.oem4f (.text:ti_sysbios_family_arm_m3_TaskSupport_Module__startupDone__S)
                  0000d010    00000064     sysbios.aem4f : BIOS.obj (.text:ti_sysbios_family_arm_m3_Hwi_dispatchC__I)
                  0000d074    00000060     drivers_msp432p401x.aem4f : ADCMSP432.oem4f (.text:ADCMSP432_convertToMicroVolts)
                  0000d0d4    00000060     uart.obj (.text:CheckSum)
                  0000d134    00000060     ui.obj (.text:Draw)
                  0000d194    00000060     ui.obj (.text:DrawFeatureView)
                  0000d1f4    00000060     ui.obj (.text:DrawFlagView)
                  0000d254    00000060     drivers_msp432p401x.aem4f : GPIOMSP432.oem4f (.text:GPIO_setCallback)
                  0000d2b4    00000004     release_pem4f.oem4f (.text:ti_sysbios_heaps_HeapMem_Module_GateProxy_enter__E)
                  0000d2b8    00000060     sysbios.aem4f : BIOS.obj (.text:ti_sysbios_knl_Semaphore_post__E)
                  0000d318    00000060                   : BIOS.obj (.text:ti_sysbios_knl_Swi_run__I)
                  0000d378    00000060     uart.obj (.text:uart_Thread)
                  0000d3d8    0000005e     msp432p4xx_driverlib.lib : pcm.o (.text:PCM_getCoreVoltageLevel)
                  0000d436    00000002     ui.obj (.text:printvalue)
                  0000d438    0000005c     display.aem4f : Display.oem4f (.text:Display_doOpen)
                  0000d494    0000005c     console.obj (.text:Display_uart_init)
                  0000d4f0    0000005c     spi_lcd.obj (.text:lcd_clear)
                  0000d54c    00000004     release_pem4f.oem4f (.text:ti_sysbios_heaps_HeapMem_Module_GateProxy_leave__E)
                  0000d550    0000005c     sysbios.aem4f : BIOS.obj (.text:ti_sysbios_knl_Swi_schedule__I)
                  0000d5ac    00000004     release_pem4f.oem4f (.text:ti_sysbios_knl_Clock_TimerProxy_getMaxTicks__E)
                  0000d5b0    0000005c     sysbios.aem4f : BIOS.obj (.text:ti_sysbios_knl_Task_startCore__E)
                  0000d60c    00000004     release_pem4f.oem4f (.text:ti_sysbios_knl_Clock_delete)
                  0000d610    0000005c     sysbios.aem4f : BIOS.obj (.text:xdc_runtime_Startup_exec__E)
                  0000d66c    0000005a     msp432p4xx_driverlib.lib : pcm.o (.text:PCM_getPowerMode)
                  0000d6c6    0000005a     drivers_msp432p401x.aem4f : ADCMSP432.oem4f (.text:initHw)
                  0000d720    00000058                               : GPIOMSP432.oem4f (.text:GPIO_write)
                  0000d778    00000058     boot.aem4f : boot.oem4f (.text)
                  0000d7d0    00000058     drivers_msp432p401x.aem4f : UARTMSP432.oem4f (.text:readIsrBinaryBlocking)
                  0000d828    00000058                               : SPIMSP432DMA.oem4f (.text:spiHwiFxn)
                  0000d880    00000058     sysbios.aem4f : m3_Hwi_asm_switch.obj (.text:ti_sysbios_family_arm_m3_Hwi_initStacks__E)
                  0000d8d8    00000056     rtsv7M4_T_le_v4SPD16_eabi.lib : _printfi.c.obj (.text:_pconv_f)
                  0000d92e    00000056     drivers_msp432p401x.aem4f : I2CMSP432.oem4f (.text:completeTransfer)
                  0000d984    00000054     msp432p4xx_driverlib.lib : pcm.o (.text:PCM_shutdownDevice)
                  0000d9d8    00000054     drivers_msp432p401x.aem4f : TimerMSP432.oem4f (.text:TimerMSP432_freeTimerResource)
                  0000da2c    00000054     uart.obj (.text:Uart2_frame_ana_MoveEvt)
                  0000da80    00000054     rtsv7M4_T_le_v4SPD16_eabi.lib : _ltoa.c.obj (.text:__TI_ltoa)
                  0000dad4    00000054     beep.obj (.text:beep_init)
                  0000db28    00000054     uart.obj (.text:handleMoveEvt)
                  0000db7c    00000054     release_pem4f.oem4f (.text:ti_sysbios_family_arm_m3_Hwi_create)
                  0000dbd0    00000054     sysbios.aem4f : BIOS.obj (.text:ti_sysbios_family_arm_msp432_Timer_initDevice__I)
                  0000dc24    00000052     rtsv7M4_T_le_v4SPD16_eabi.lib : _printfi.c.obj (.text:_ecpy)
                  0000dc76    00000002                                   : div0.asm.obj (.text)
                  0000dc78    00000050     dpl_msp432p401x.aem4f : ClockP_tirtos.oem4f (.text:ClockP_create)
                  0000dcc8    00000050     drivers_msp432p401x.aem4f : LED.oem4f (.text:LED_startBlinking)
                  0000dd18    00000050                               : TimerMSP432.oem4f (.text:TimerMSP432_hwiIntFunction)
                  0000dd68    00000050                               : UDMAMSP432.oem4f (.text:UDMAMSP432_hwiFxn)
                  0000ddb8    00000050     ui.obj (.text:gotoViewById)
                  0000de08    00000050     spi_lcd.obj (.text:lcd_showstr)
                  0000de58    00000050     sysbios.aem4f : BIOS.obj (.text:ti_sysbios_family_arm_m3_Hwi_Module_startup__E)
                  0000dea8    00000050     release_pem4f.oem4f (.text:ti_sysbios_knl_Task_create)
                  0000def8    00000050     ui.obj (.text:ui_init)
                  0000df48    0000004e     drivers_msp432p401x.aem4f : TimerMSP432.oem4f (.text:TimerMSP432_close)
                  0000df96    00000002     release_pem4f.oem4f (.text:ti_sysbios_BIOS_nullFunc__I)
                  0000df98    0000004c     dpl_msp432p401x.aem4f : PowerMSP432_tirtos.oem4f (.text:PowerMSP432_sleepPolicy)
                  0000dfe4    0000004c     rtsv7M4_T_le_v4SPD16_eabi.lib : atoi.c.obj (.text:atoi)
                  0000e030    0000004c     beep.obj (.text:beep_set)
                  0000e07c    0000004c     rtsv7M4_T_le_v4SPD16_eabi.lib : cpy_tbl.c.obj (.text:copy_in)
                  0000e0c8    0000004c     spi_lcd.obj (.text:lcd_writeData)
                  0000e114    0000004c     spi_lcd.obj (.text:lcd_writeIndex)
                  0000e160    0000004c     drivers_msp432p401x.aem4f : UARTMSP432.oem4f (.text:readIsrBinaryCallback)
                  0000e1ac    00000004     release_pem4f.oem4f (.text:ti_sysbios_knl_Semaphore_delete)
                  0000e1b0    0000004c     sysbios.aem4f : BIOS.obj (.text:ti_sysbios_family_arm_msp432_Timer_postInit__I)
                  0000e1fc    00000004     release_pem4f.oem4f (.text:ti_sysbios_knl_Task_delete)
                  0000e200    0000004c     sysbios.aem4f : BIOS.obj (.text:ti_sysbios_family_arm_msp432_Timer_start__E)
                  0000e24c    00000004     release_pem4f.oem4f (.text:xdc_runtime_System_Module_GateProxy_enter__E)
                  0000e250    0000004c     sysbios.aem4f : BIOS.obj (.text:ti_sysbios_heaps_HeapMem_getStats__E)
                  0000e29c    00000004     release_pem4f.oem4f (.text:xdc_runtime_System_Module_GateProxy_leave__E)
                  0000e2a0    0000004c     sysbios.aem4f : BIOS.obj (.text:ti_sysbios_knl_Swi_runLoop__I)
                  0000e2ec    00000004     --HOLE-- [fill = 0]
                  0000e2f0    0000004c                   : BIOS.obj (.text:ti_sysbios_knl_Task_allBlockedFunction__I)
                  0000e33c    00000004     --HOLE-- [fill = 0]
                  0000e340    0000004c                   : BIOS.obj (.text:ti_sysbios_knl_Task_schedule__I)
                  0000e38c    0000004a     display.aem4f : DisplayUart.oem4f (.text:DisplayUartMin_open)
                  0000e3d6    00000002     --HOLE-- [fill = 0]
                  0000e3d8    00000048     drivers_msp432p401x.aem4f : PowerMSP432.oem4f (.text:Power_releaseConstraint)
                  0000e420    00000048     rtsv7M4_T_le_v4SPD16_eabi.lib : fd_toi_t2.asm.obj (.text)
                  0000e468    00000048     sysbios.aem4f : BIOS.obj (.text:ti_sysbios_family_arm_m3_Hwi_disableInterrupt__E)
                  0000e4b0    00000048                   : BIOS.obj (.text:ti_sysbios_family_arm_m3_Hwi_enableInterrupt__E)
                  0000e4f8    00000048                   : BIOS.obj (.text:ti_sysbios_knl_Mailbox_Module_startup__E)
                  0000e540    00000048                   : BIOS.obj (.text:xdc_runtime_Core_assignParams__I)
                  0000e588    00000046     display.aem4f : DisplayUart.oem4f (.text:DisplayUartMin_vprintf)
                  0000e5ce    00000046     drivers_msp432p401x.aem4f : RingBuf.oem4f (.text:RingBuf_put)
                  0000e614    00000044                               : ADC.oem4f (.text:ADC_init)
                  0000e658    00000044     ui.obj (.text:HandleFlashView)
                  0000e69c    00000044     drivers_msp432p401x.aem4f : I2C.oem4f (.text:I2C_init)
                  0000e6e0    00000044                               : PWM.oem4f (.text:PWM_init)
                  0000e724    00000044                               : SPI.oem4f (.text:SPI_init)
                  0000e768    00000044                               : Timer.oem4f (.text:Timer_init)
                  0000e7ac    00000044                               : UART.oem4f (.text:UART_init)
                  0000e7f0    00000044                               : I2CMSP432.oem4f (.text:perfChangeNotifyFxn)
                  0000e834    00000044     rtsv7M4_T_le_v4SPD16_eabi.lib : fd_tou_t2.asm.obj (.text)
                  0000e878    00000044     sysbios.aem4f : BIOS.obj (.text:ti_sysbios_family_arm_m3_Hwi_getStackInfo__E)
                  0000e8bc    00000004     --HOLE-- [fill = 0]
                  0000e8c0    00000044                   : BIOS.obj (.text:ti_sysbios_knl_Swi_post__E)
                  0000e904    00000040     drivers_msp432p401x.aem4f : ADCMSP432.oem4f (.text:ADCMSP432_close)
                  0000e944    00000040                               : ADC.oem4f (.text:ADC_open)
                  0000e984    00000040     ui.obj (.text:HandleBootView)
                  0000e9c4    00000040     dpl_msp432p401x.aem4f : HwiP_tirtos.oem4f (.text:HwiP_create)
                  0000ea04    00000040     drivers_msp432p401x.aem4f : I2C.oem4f (.text:I2C_open)
                  0000ea44    00000040                               : PWM.oem4f (.text:PWM_open)
                  0000ea84    00000040                               : RingBuf.oem4f (.text:RingBuf_get)
                  0000eac4    00000040                               : SPI.oem4f (.text:SPI_open)
                  0000eb04    00000040     adcTSL1401.obj (.text:TSL1401_adc_Thread)
                  0000eb44    00000040     drivers_msp432p401x.aem4f : Timer.oem4f (.text:Timer_open)
                  0000eb84    00000040                               : UARTMSP432.oem4f (.text:UARTMSP432_read)
                  0000ebc4    00000040                               : UART.oem4f (.text:UART_open)
                  0000ec04    00000040     beep.obj (.text:beep_pwm_Thread)
                  0000ec44    00000040     drivers_msp432p401x.aem4f : PWMTimerMSP432.oem4f (.text:getDutyCounts)
                  0000ec84    00000040                               : PWMTimerMSP432.oem4f (.text:getPeriodCounts)
                  0000ecc4    00000040     msp432p4xx_driverlib.lib : spi.o (.text:is_A_Module)
                  0000ed04    00000040     drivers_msp432p401x.aem4f : UARTMSP432.oem4f (.text:perfChangeNotifyFxn)
                  0000ed44    00000040     rtsv7M4_T_le_v4SPD16_eabi.lib : u_divt2.asm.obj (.text)
                  0000ed84    00000040                                   : sprintf.c.obj (.text:sprintf)
                  0000edc4    00000004     --HOLE-- [fill = 0]
                  0000edc8    00000040     sysbios.aem4f : BIOS.obj (.text:ti_sysbios_family_arm_msp432_Timer_Module_startup__E)
                  0000ee08    00000040                   : BIOS.obj (.text:ti_sysbios_family_arm_msp432_Timer_startup__E)
                  0000ee48    00000040                   : BIOS.obj (.text:ti_sysbios_heaps_HeapMem_Instance_init__E)
                  0000ee88    00000040                   : BIOS.obj (.text:ti_sysbios_knl_Clock_Instance_init__E)
                  0000eec8    0000003e     drivers_msp432p401x.aem4f : LED.oem4f (.text:LED_setBrightnessLevel)
                  0000ef06    0000003e     rtsv7M4_T_le_v4SPD16_eabi.lib : _printfi.c.obj (.text:_fcpy)
                  0000ef44    0000003c     drivers_msp432p401x.aem4f : LED.oem4f (.text:LED_setOff)
                  0000ef80    0000003c     dpl_msp432p401x.aem4f : SemaphoreP_tirtos.oem4f (.text:SemaphoreP_create)
                  0000efbc    00000004     --HOLE-- [fill = 0]
                  0000efc0    0000003c     sysbios.aem4f : BIOS.obj (.text:sleep)
                  0000effc    00000004     --HOLE-- [fill = 0]
                  0000f000    0000003c                   : BIOS.obj (.text:ti_sysbios_family_arm_m3_Hwi_Instance_finalize__E)
                  0000f03c    00000004     --HOLE-- [fill = 0]
                  0000f040    0000003c                   : BIOS.obj (.text:ti_sysbios_family_arm_msp432_Seconds_Module_startup__E)
                  0000f07c    0000003c     release_pem4f.oem4f (.text:ti_sysbios_knl_Clock_create)
                  0000f0b8    0000003c     sysbios.aem4f : BIOS.obj (.text:ti_sysbios_knl_Swi_restore__E)
                  0000f0f4    00000004     --HOLE-- [fill = 0]
                  0000f0f8    0000003c                   : BIOS.obj (.text:usleep)
                  0000f134    00000038     drivers_msp432p401x.aem4f : GPIOMSP432.oem4f (.text:GPIO_toggle)
                  0000f16c    00000038                               : PowerMSP432.oem4f (.text:Power_setConstraint)
                  0000f1a4    00000038                               : TimerMSP432.oem4f (.text:TimerMSP432_getCount)
                  0000f1dc    00000038                               : PowerMSP432.oem4f (.text:notify)
                  0000f214    00000038     rtsv7M4_T_le_v4SPD16_eabi.lib : fs_tod_t2.asm.obj (.text)
                  0000f24c    00000004     --HOLE-- [fill = 0]
                  0000f250    00000038     sysbios.aem4f : BIOS.obj (.text:xdc_runtime_System_atexit__E)
                  0000f288    00000036     drivers_msp432p401x.aem4f : LED.oem4f (.text:LED_setOn)
                  0000f2be    00000036                               : UARTMSP432.oem4f (.text:UARTMSP432_readCancel)
                  0000f2f4    00000036                               : LED.oem4f (.text:clockTimeoutHandler)
                  0000f32a    00000002     --HOLE-- [fill = 0]
                  0000f32c    00000034                               : GPIOMSP432.oem4f (.text:GPIO_disableInt)
                  0000f360    00000034                               : GPIOMSP432.oem4f (.text:GPIO_enableInt)
                  0000f394    00000034     release_pem4f.oem4f (.text:ti_sysbios_knl_Semaphore_create)
                  0000f3c8    00000032     sysbios.aem4f : BIOS.obj (.text:ti_sysbios_hal_Hwi_initStack)
                  0000f3fa    00000006     display.aem4f : DisplayUart.oem4f (.text:DisplayUartMin_control)
                  0000f400    00000032     sysbios.aem4f : BIOS.obj (.text:xdc_runtime_System_putchar__I)
                  0000f432    00000002     --HOLE-- [fill = 0]
                  0000f434    00000030     drivers_msp432p401x.aem4f : ADCMSP432.oem4f (.text:ADCMSP432_init)
                  0000f464    00000030     uart.obj (.text:UartTaskInit)
                  0000f494    00000030     drivers_msp432p401x.aem4f : I2CMSP432.oem4f (.text:mapPin)
                  0000f4c4    00000030                               : PWMTimerMSP432.oem4f (.text:mapPin)
                  0000f4f4    00000030                               : SPIMSP432DMA.oem4f (.text:mapPin)
                  0000f524    00000030                               : UARTMSP432.oem4f (.text:mapPin)
                  0000f554    00000030     release_pem4f.oem4f (.text:ti_sysbios_BIOS_atExitFunc__I)
                  0000f584    00000030     release_pem4f.oem4f (.text:ti_sysbios_BIOS_startFunc__I)
                  0000f5b4    00000004     --HOLE-- [fill = 0]
                  0000f5b8    00000030     sysbios.aem4f : BIOS.obj (.text:ti_sysbios_family_arm_m3_TaskSupport_start__E)
                  0000f5e8    00000030     release_pem4f.oem4f (.text:ti_sysbios_gates_GateHwi_Object__create__S)
                  0000f618    00000030     release_pem4f.oem4f (.text:ti_sysbios_gates_GateMutex_Object__create__S)
                  0000f648    00000030     sysbios.aem4f : BIOS.obj (.text:ti_sysbios_gates_GateMutex_enter__E)
                  0000f678    00000030     release_pem4f.oem4f (.text:ti_sysbios_heaps_HeapMem_Object__create__S)
                  0000f6a8    00000030     sysbios.aem4f : BIOS.obj (.text:ti_sysbios_knl_Event_pendTimeout__I)
                  0000f6d8    00000030                   : BIOS.obj (.text:ti_sysbios_knl_Mailbox_postInit__I)
                  0000f708    00000030     release_pem4f.oem4f (.text:ti_sysbios_knl_Semaphore_construct)
                  0000f738    00000030     sysbios.aem4f : BIOS.obj (.text:ti_sysbios_knl_Semaphore_pendTimeout__I)
                  0000f768    00000030                   : BIOS.obj (.text:ti_sysbios_knl_Task_processVitalTaskFlag__I)
                  0000f798    00000030                   : BIOS.obj (.text:ti_sysbios_knl_Task_restore__E)
                  0000f7c8    00000030                   : BIOS.obj (.text:ti_sysbios_knl_Task_unblockI__E)
                  0000f7f8    00000030                   : BIOS.obj (.text:xdc_runtime_System_processAtExit__E)
                  0000f828    0000002e                   : BIOS.obj (.text:pthread_setcancelstate)
                  0000f856    0000002e     rtsv7M4_T_le_v4SPD16_eabi.lib : i_tofd_t2.asm.obj (.text)
                  0000f884    0000002c     speed_measure.obj (.text:ENCODER_1A_CB)
                  0000f8b0    0000002c     speed_measure.obj (.text:ENCODER_1B_CB)
                  0000f8dc    0000002c     speed_measure.obj (.text:ENCODER_2A_CB)
                  0000f908    0000002c     speed_measure.obj (.text:ENCODER_2B_CB)
                  0000f934    0000002c     speed_measure.obj (.text:ENCODER_3A_CB)
                  0000f960    0000002c     speed_measure.obj (.text:ENCODER_3B_CB)
                  0000f98c    0000002c     speed_measure.obj (.text:ENCODER_4A_CB)
                  0000f9b8    0000002c     speed_measure.obj (.text:ENCODER_4B_CB)
                  0000f9e4    0000002c     dpl_msp432p401x.aem4f : PowerMSP432_tirtos.oem4f (.text:PowerMSP432_updateFreqs)
                  0000fa10    0000002c     msp432p4xx_driverlib.lib : rtc_c.o (.text:RTC_C_holdClock)
                  0000fa3c    0000002c     dpl_msp432p401x.aem4f : SemaphoreP_tirtos.oem4f (.text:SemaphoreP_createBinary)
                  0000fa68    0000002c     sysbios.aem4f : BIOS.obj (.text:_pthread_cleanupFxn)
                  0000fa94    00000004     --HOLE-- [fill = 0]
                  0000fa98    0000002c                   : BIOS.obj (.text:_pthread_delete$43)
                  0000fac4    0000002c     ec11.obj (.text:ec11_read)
                  0000faf0    0000002c     spi_lcd.obj (.text:lcd_drawpoint)
                  0000fb1c    0000002c     drivers_msp432p401x.aem4f : TimerMSP432.oem4f (.text:perfChangeNotifyFxn)
                  0000fb48    0000002c     release_pem4f.oem4f (.text:ti_sysbios_gates_GateHwi_Handle__label__S)
                  0000fb74    0000002c     release_pem4f.oem4f (.text:ti_sysbios_gates_GateMutex_Handle__label__S)
                  0000fba0    0000002c     release_pem4f.oem4f (.text:ti_sysbios_heaps_HeapMem_Handle__label__S)
                  0000fbcc    0000002c     release_pem4f.oem4f (.text:ti_sysbios_knl_Clock_doTick__I)
                  0000fbf8    0000002c     release_pem4f.oem4f (.text:ti_sysbios_knl_Event_construct)
                  0000fc24    0000002c     release_pem4f.oem4f (.text:ti_sysbios_knl_Queue_construct)
                  0000fc50    0000002c     uart.obj (.text:uart1ReadCallback)
                  0000fc7c    0000002c     uart.obj (.text:uart2ReadCallback)
                  0000fca8    0000002a     display.aem4f : Display.oem4f (.text:Display_doPrintf)
                  0000fcd2    0000002a     drivers_msp432p401x.aem4f : SPIMSP432DMA.oem4f (.text:perfChangeNotifyFxn)
                  0000fcfc    00000028     msp432p4xx_driverlib.lib : adc14.o (.text:ADC14_getResult)
                  0000fd24    00000028     display.aem4f : Display.oem4f (.text:Display_doInit)
                  0000fd4c    00000028     msp432p4xx_driverlib.lib : pcm.o (.text:PCM_gotoLPM0)
                  0000fd74    00000028     drivers_msp432p401x.aem4f : PowerMSP432.oem4f (.text:Power_registerNotify)
                  0000fd9c    00000028     msp432p4xx_driverlib.lib : spi.o (.text:SPI_getInterruptStatus)
                  0000fdc4    00000028     drivers_msp432p401x.aem4f : PowerMSP432.oem4f (.text:disableFaultCounter)
                  0000fdec    00000028                               : PowerMSP432.oem4f (.text:disableHFXT)
                  0000fe14    00000028                               : UARTMSP432.oem4f (.text:findBaudDividerIndex)
                  0000fe3c    00000028     sysbios.aem4f : m3_Hwi_asm.obj (.text:ti_sysbios_family_arm_m3_Hwi_excHandlerAsm__I)
                  0000fe64    00000004     --HOLE-- [fill = 0]
                  0000fe68    00000028                   : BIOS.obj (.text:ti_sysbios_knl_Clock_addI__E)
                  0000fe90    00000028                   : BIOS.obj (.text:ti_sysbios_knl_Swi_Module_startup__E)
                  0000feb8    00000026     drivers_msp432p401x.aem4f : List.oem4f (.text:List_put)
                  0000fede    00000026                               : List.oem4f (.text:List_remove)
                  0000ff04    00000026                               : PWMTimerMSP432.oem4f (.text:releaseConstraints)
                  0000ff2a    00000026     sysbios.aem4f : m3_Hwi_asm.obj (.text:ti_sysbios_family_arm_m3_Hwi_pendSV__I)
                  0000ff50    00000024     msp432p4xx_driverlib.lib : wdt_a.o (.text:WDT_A_holdTimer)
                  0000ff74    00000004     --HOLE-- [fill = 0]
                  0000ff78    00000024     sysbios.aem4f : BIOS.obj (.text:pthread_attr_init)
                  0000ff9c    00000024     release_pem4f.oem4f (.text:ti_sysbios_BIOS_registerRTSLock__I)
                  0000ffc0    00000024     release_pem4f.oem4f (.text:ti_sysbios_BIOS_removeRTSLock__I)
                  0000ffe4    00000004     --HOLE-- [fill = 0]
                  0000ffe8    00000024     sysbios.aem4f : BIOS.obj (.text:ti_sysbios_family_arm_msp432_ClockFreqs_setFrequency__E)
                  0001000c    00000024     release_pem4f.oem4f (.text:ti_sysbios_gates_GateMutex_Object__delete__S)
                  00010030    00000024     sysbios.aem4f : BIOS.obj (.text:ti_sysbios_knl_Clock_Module_startup__E)
                  00010054    00000024     release_pem4f.oem4f (.text:ti_sysbios_knl_Clock_Object__delete__S)
                  00010078    00000024     sysbios.aem4f : BIOS.obj (.text:ti_sysbios_knl_Clock_start__E)
                  0001009c    00000004     --HOLE-- [fill = 0]
                  000100a0    00000024                   : BIOS.obj (.text:ti_sysbios_knl_Semaphore_Instance_init__E)
                  000100c4    00000024     release_pem4f.oem4f (.text:ti_sysbios_knl_Semaphore_Object__delete__S)
                  000100e8    00000024     sysbios.aem4f : BIOS.obj (.text:ti_sysbios_knl_Task_restoreHwi__E)
                  0001010c    00000004     --HOLE-- [fill = 0]
                  00010110    00000024                   : BIOS.obj (.text:xdc_runtime_Error_policyMin__E)
                  00010134    00000022     drivers_msp432p401x.aem4f : LED.oem4f (.text:LED_stopBlinking)
                  00010156    00000022     ui.obj (.text:is_number)
                  00010178    00000020     msp432p4xx_driverlib.lib : cs.o (.text:CS_setExternalClockSourceFrequency)
                  00010198    00000020     drivers_msp432p401x.aem4f : GPIOMSP432.oem4f (.text:GPIO_read)
                  000101b8    00000020                               : PowerMSP432.oem4f (.text:Power_unregisterNotify)
                  000101d8    00000020                               : RingBuf.oem4f (.text:RingBuf_peek)
                  000101f8    00000020     rtsv7M4_T_le_v4SPD16_eabi.lib : u_tofd_t2.asm.obj (.text)
                  00010218    00000020     release_pem4f.oem4f (.text:ti_sysbios_BIOS_rtsLock__I)
                  00010238    00000020     release_pem4f.oem4f (.text:ti_sysbios_family_arm_m3_Hwi_Object__delete__S)
                  00010258    00000020     sysbios.aem4f : BIOS.obj (.text:ti_sysbios_family_arm_m3_Hwi_clearInterrupt__E)
                  00010278    00000020     release_pem4f.oem4f (.text:ti_sysbios_gates_GateHwi_Object__delete__S)
                  00010298    00000020     release_pem4f.oem4f (.text:ti_sysbios_heaps_HeapMem_Object__delete__S)
                  000102b8    00000020     sysbios.aem4f : BIOS.obj (.text:ti_sysbios_knl_Idle_run__E)
                  000102d8    00000020     release_pem4f.oem4f (.text:ti_sysbios_knl_Semaphore_destruct)
                  000102f8    00000020     release_pem4f.oem4f (.text:ti_sysbios_knl_Task_Object__delete__S)
                  00010318    0000001e     drivers_msp432p401x.aem4f : PWMTimerMSP432.oem4f (.text:corroboratePeriod)
                  00010336    0000001e                               : Button.oem4f (.text:msToTicks)
                  00010354    0000001e                               : LED.oem4f (.text:msToTicks)
                  00010372    0000001e     sysbios.aem4f : m3_Hwi_asm_switch.obj (.text:ti_sysbios_family_xxx_Hwi_switchAndRunFunc)
                  00010390    0000001c     ti_drivers_config.obj (.text:dmaErrorFxn)
                  000103ac    0000001c     rtsv7M4_T_le_v4SPD16_eabi.lib : memccpy.c.obj (.text:memccpy)
                  000103c8    0000001c     sysbios.aem4f : BIOS.obj (.text:ti_sysbios_family_arm_m3_Hwi_excHandler__I)
                  000103e4    00000004     --HOLE-- [fill = 0]
                  000103e8    0000001c                   : BIOS.obj (.text:ti_sysbios_gates_GateMutex_Instance_init__E)
                  00010404    00000004     --HOLE-- [fill = 0]
                  00010408    0000001c                   : BIOS.obj (.text:ti_sysbios_knl_Clock_Instance_finalize__E)
                  00010424    0000001c     release_pem4f.oem4f (.text:ti_sysbios_knl_Queue_destruct)
                  00010440    0000001c     sysbios.aem4f : BIOS.obj (.text:ti_sysbios_knl_Queue_put__E)
                  0001045c    00000004     --HOLE-- [fill = 0]
                  00010460    0000001c                   : BIOS.obj (.text:ti_sysbios_knl_Task_enter__I)
                  0001047c    00000004     --HOLE-- [fill = 0]
                  00010480    0000001c                   : BIOS.obj (.text:ti_sysbios_rts_ti_ReentSupport_getReent__F)
                  0001049c    00000004     --HOLE-- [fill = 0]
                  000104a0    0000001c                   : BIOS.obj (.text:xdc_runtime_Memory_valloc__E)
                  000104bc    00000004     --HOLE-- [fill = 0]
                  000104c0    0000001c                   : BIOS.obj (.text:xdc_runtime_System_abort__E)
                  000104dc    0000001a     drivers_msp432p401x.aem4f : LED.oem4f (.text:LED_toggle)
                  000104f6    0000001a     rtsv7M4_T_le_v4SPD16_eabi.lib : s_copysign.c.obj (.text:copysign)
                  00010510    00000018     release_pem4f.oem4f (.text:.bootCodeSection:ti_sysbios_family_arm_msp432_init_Boot_init__I)
                  00010528    00000018     msp432p4xx_driverlib.lib : spi.o (.text:EUSCI_A_SPI_getInterruptStatus)
                  00010540    00000018                              : spi.o (.text:EUSCI_B_SPI_getInterruptStatus)
                  00010558    00000018     drivers_msp432p401x.aem4f : I2C.oem4f (.text:I2C_transfer)
                  00010570    00000018     msp432p4xx_driverlib.lib : sysctl_a.o (.text:SysCtl_A_disableNMISource)
                  00010588    00000018                              : sysctl_a.o (.text:SysCtl_A_enableNMISource)
                  000105a0    00000018     drivers_msp432p401x.aem4f : UART.oem4f (.text:UART_Params_init)
                  000105b8    00000018     rtsv7M4_T_le_v4SPD16_eabi.lib : args_main.c.obj (.text:_args_main)
                  000105d0    00000018                                   : sprintf.c.obj (.text:_outs)
                  000105e8    00000018     drivers_msp432p401x.aem4f : PWMTimerMSP432.oem4f (.text:corroborateDuty)
                  00010600    00000018     release_pem4f.oem4f (.text:ti_sysbios_BIOS_rtsUnlock__I)
                  00010618    00000018     release_pem4f.oem4f (.text:ti_sysbios_family_arm_m3_Hwi_Module__startupDone__F)
                  00010630    00000018     sysbios.aem4f : m3_TaskSupport_asm.obj (.text:ti_sysbios_family_arm_m3_TaskSupport_swap__E)
                  00010648    00000018     release_pem4f.oem4f (.text:ti_sysbios_family_arm_msp432_Timer_Module__startupDone__F)
                  00010660    00000018     sysbios.aem4f : BIOS.obj (.text:ti_sysbios_gates_GateMutex_leave__E)
                  00010678    00000018                   : BIOS.obj (.text:ti_sysbios_knl_Task_sleepTimeout__I)
                  00010690    00000018     release_pem4f.oem4f (.text:ti_sysbios_rts_ti_ReentSupport_getTlsAddr__I)
                  000106a8    00000018     sysbios.aem4f : BIOS.obj (.text:xdc_runtime_Error_init__E)
                  000106c0    00000018                   : BIOS.obj (.text:xdc_runtime_System_exit__E)
                  000106d8    00000016     display.aem4f : DisplayUart.oem4f (.text:DisplayUartMin_close)
                  000106ee    00000016     rtsv7M4_T_le_v4SPD16_eabi.lib : strchr.c.obj (.text:strchr)
                  00010704    00000016     release_pem4f.oem4f (.text:ti_sysbios_BIOS_exitFunc__I)
                  0001071a    00000016     main_tirtos.obj (.text:ti_sysbios_knl_Clock_Params_init)
                  00010730    00000016     uart.obj (.text:ti_sysbios_knl_Event_Params_init)
                  00010746    00000002     --HOLE-- [fill = 0]
                  00010748    00000016     sysbios.aem4f : BIOS.obj (.text:ti_sysbios_knl_Task_unblock__E)
                  0001075e    00000002     --HOLE-- [fill = 0]
                  00010760    00000014     msp432p4xx_driverlib.lib : pcm.o (.text:PCM_getPowerState)
                  00010774    00000014     drivers_msp432p401x.aem4f : PWM.oem4f (.text:PWM_Params_init)
                  00010788    00000014                               : PowerMSP432.oem4f (.text:Power_idleFunc)
                  0001079c    00000014                               : SPI.oem4f (.text:SPI_Params_init)
                  000107b0    00000014                               : UARTMSP432.oem4f (.text:clearTXCPTIFG)
                  000107c4    00000004     --HOLE-- [fill = 0]
                  000107c8    00000014     sysbios.aem4f : BIOS.obj (.text:pthread_attr_setschedparam)
                  000107dc    00000014     rtsv7M4_T_le_v4SPD16_eabi.lib : strlen.c.obj (.text:strlen)
                  000107f0    00000014     release_pem4f.oem4f (.text:ti_sysbios_family_arm_m3_Hwi_Object__get__S)
                  00010804    00000004     --HOLE-- [fill = 0]
                  00010808    00000014     sysbios.aem4f : BIOS.obj (.text:ti_sysbios_family_arm_m3_Hwi_switchFromBootStack__E)
                  0001081c    00000014     release_pem4f.oem4f (.text:ti_sysbios_heaps_HeapMem_Object__get__S)
                  00010830    00000014     sysbios.aem4f : BIOS.obj (.text:ti_sysbios_knl_Event_Instance_init__E)
                  00010844    00000014     release_pem4f.oem4f (.text:ti_sysbios_knl_Swi_Object__get__S)
                  00010858    00000014     drivers_msp432p401x.aem4f : Button.oem4f (.text:ticksToMs)
                  0001086c    00000014                               : Button.oem4f (.text:timediff)
                  00010880    00000012                               : LED.oem4f (.text:LED_Params_init)
                  00010892    00000012                               : RingBuf.oem4f (.text:RingBuf_construct)
                  000108a4    00000012     dpl_msp432p401x.aem4f : SemaphoreP_tirtos.oem4f (.text:SemaphoreP_pend)
                  000108b6    00000002     --HOLE-- [fill = 0]
                  000108b8    00000012     sysbios.aem4f : BIOS.obj (.text:_pthread_cleanup_pop)
                  000108ca    00000006     display.aem4f : DisplayUart.oem4f (.text:DisplayUartMin_getType)
                  000108d0    00000012     sysbios.aem4f : BIOS.obj (.text:_pthread_runStub$43)
                  000108e2    00000006     display.aem4f : Display.oem4f (.text:Display_doParamsInit)
                  000108e8    00000012     sysbios.aem4f : BIOS.obj (.text:ti_sysbios_hal_Hwi_Module_startup__E)
                  000108fa    00000012     rtsv7M4_T_le_v4SPD16_eabi.lib : wcslen.c.obj (.text:wcslen)
                  0001090c    00000012     release_pem4f.oem4f (.text:xdc_runtime_Startup_exec__I)
                  0001091e    00000002     --HOLE-- [fill = 0]
                  00010920    00000010     msp432p4xx_driverlib.lib : adc14.o (.text:ADCIsConversionRunning)
                  00010930    00000010     drivers_msp432p401x.aem4f : Button.oem4f (.text:Button_Params_init)
                  00010940    00000010                               : GPIOMSP432.oem4f (.text:GPIO_getConfig)
                  00010950    00000010     dpl_msp432p401x.aem4f : HwiP_tirtos.oem4f (.text:HwiP_Params_init)
                  00010960    00000010     drivers_msp432p401x.aem4f : I2C.oem4f (.text:I2C_Params_init)
                  00010970    00000010     msp432p4xx_driverlib.lib : pcm.o (.text:PCM_gotoLPM4)
                  00010980    00000010                              : pcm.o (.text:PCM_setPowerMode)
                  00010990    00000010                              : pcm.o (.text:PCM_setPowerState)
                  000109a0    00000010     drivers_msp432p401x.aem4f : PowerMSP432.oem4f (.text:PowerMSP432_getNumPerfLevels)
                  000109b0    00000010     msp432p4xx_driverlib.lib : sysctl_a.o (.text:SysCtl_A_getNMISourceStatus)
                  000109c0    00000010                              : sysctl.o (.text:SysCtl_getNMISourceStatus)
                  000109d0    00000010     drivers_msp432p401x.aem4f : Timer.oem4f (.text:Timer_Params_init)
                  000109e0    00000010                               : UARTMSP432.oem4f (.text:readBlockingTimeout)
                  000109f0    00000010     sysbios.aem4f : BIOS.obj (.text:ti_sysbios_BIOS_exit__E)
                  00010a00    00000010                   : BIOS.obj (.text:ti_sysbios_BIOS_setCpuFreq__E)
                  00010a10    00000010                   : BIOS.obj (.text:ti_sysbios_BIOS_setThreadType__E)
                  00010a20    00000010                   : BIOS.obj (.text:ti_sysbios_BIOS_start__E)
                  00010a30    00000010                   : m3_TaskSupport_asm.obj (.text:ti_sysbios_family_arm_m3_TaskSupport_glue)
                  00010a40    00000010                   : BIOS.obj (.text:ti_sysbios_family_arm_msp432_init_Boot_disableWatchdog)
                  00010a50    00000010                   : BIOS.obj (.text:ti_sysbios_gates_GateMutex_Instance_finalize__E)
                  00010a60    00000010     release_pem4f.oem4f (.text:ti_sysbios_knl_Mailbox_Object__get__S)
                  00010a70    00000010     sysbios.aem4f : BIOS.obj (.text:ti_sysbios_knl_Semaphore_Instance_finalize__E)
                  00010a80    00000010                   : BIOS.obj (.text:ti_sysbios_knl_Swi_disable__E)
                  00010a90    00000010     release_pem4f.oem4f (.text:ti_sysbios_knl_Task_Object__get__S)
                  00010aa0    00000010     sysbios.aem4f : BIOS.obj (.text:ti_sysbios_knl_Task_disable__E)
                  00010ab0    00000010                   : BIOS.obj (.text:xdc_runtime_Gate_leaveSystem__E)
                  00010ac0    00000010                   : BIOS.obj (.text:xdc_runtime_Memory_free__E)
                  00010ad0    00000010                   : BIOS.obj (.text:xdc_runtime_SysCallback_abort__E)
                  00010ae0    00000010                   : BIOS.obj (.text:xdc_runtime_SysCallback_exit__E)
                  00010af0    00000010                   : BIOS.obj (.text:xdc_runtime_SysCallback_putch__E)
                  00010b00    00000010                   : BIOS.obj (.text:xdc_runtime_SysCallback_ready__E)
                  00010b10    00000010                   : BIOS.obj (.text:xdc_runtime_System_vsnprintf__E)
                  00010b20    0000000e     console.obj (.text:consoleThread)
                  00010b2e    0000000e     rtsv7M4_T_le_v4SPD16_eabi.lib : copy_decompress_none.c.obj (.text:decompress:none:__TI_decompress_none)
                  00010b3c    00000004     --HOLE-- [fill = 0]
                  00010b40    0000000e     sysbios.aem4f : BIOS.obj (.text:pthread_attr_setdetachstate)
                  00010b4e    00000002     --HOLE-- [fill = 0]
                  00010b50    0000000e                   : BIOS.obj (.text:ti_sysbios_knl_Idle_loop__E)
                  00010b5e    00000002     --HOLE-- [fill = 0]
                  00010b60    0000000e                   : BIOS.obj (.text:ti_sysbios_knl_Queue_empty__E)
                  00010b6e    0000000e     spi_lcd.obj (.text:timerCallback)
                  00010b7c    0000000e     uart.obj (.text:uart2WriteCallback)
                  00010b8a    0000000e     uart.obj (.text:uart3ReadCallback)
                  00010b98    0000000e     uart.obj (.text:uart3WriteCallback)
                  00010ba6    0000000e     uart.obj (.text:uartWriteCallback)
                  00010bb4    0000000c     ti_drivers_config.obj (.text:Board_init)
                  00010bc0    0000000c     msp432p4xx_driverlib.lib : cpu.o (.text:CPU_cpsid)
                  00010bcc    0000000c                              : cpu.o (.text:CPU_cpsie)
                  00010bd8    0000000c     dpl_msp432p401x.aem4f : ClockP_tirtos.oem4f (.text:ClockP_delete)
                  00010be4    0000000c                           : ClockP_tirtos.oem4f (.text:ClockP_getSystemTickPeriod)
                  00010bf0    0000000c                           : HwiP_tirtos.oem4f (.text:HwiP_delete)
                  00010bfc    0000000c     ui.obj (.text:Invalidate)
                  00010c08    0000000c     drivers_msp432p401x.aem4f : PowerMSP432.oem4f (.text:Power_getConstraintMask)
                  00010c14    0000000c                               : PowerMSP432.oem4f (.text:Power_getPerformanceLevel)
                  00010c20    0000000c     dpl_msp432p401x.aem4f : SemaphoreP_tirtos.oem4f (.text:SemaphoreP_delete)
                  00010c2c    0000000c     rtsv7M4_T_le_v4SPD16_eabi.lib : _lock.c.obj (.text:_register_lock)
                  00010c38    0000000c                                   : _lock.c.obj (.text:_register_unlock)
                  00010c44    0000000c                                   : copy_zero_init.c.obj (.text:decompress:ZI:__TI_zero_init)
                  00010c50    0000000c     speed_measure.obj (.text:get_encoder1)
                  00010c5c    0000000c     speed_measure.obj (.text:get_encoder2)
                  00010c68    0000000c     speed_measure.obj (.text:get_encoder3)
                  00010c74    0000000c     speed_measure.obj (.text:get_encoder4)
                  00010c80    0000000c     sysbios.aem4f : BIOS.obj (.text:pthread_self)
                  00010c8c    0000000c     release_pem4f.oem4f (.text:ti_sysbios_family_arm_m3_Hwi_Params__init__S)
                  00010c98    0000000c     sysbios.aem4f : BIOS.obj (.text:ti_sysbios_family_arm_m3_Hwi_disableFxn__E)
                  00010ca4    00000004     --HOLE-- [fill = 0]
                  00010ca8    0000000c                   : BIOS.obj (.text:ti_sysbios_family_arm_m3_TaskSupport_getStackAlignment__E)
                  00010cb4    00000004     --HOLE-- [fill = 0]
                  00010cb8    0000000c                   : BIOS.obj (.text:ti_sysbios_family_arm_msp432_Timer_getMaxTicks__E)
                  00010cc4    00000004     --HOLE-- [fill = 0]
                  00010cc8    0000000c                   : BIOS.obj (.text:ti_sysbios_gates_GateHwi_enter__E)
                  00010cd4    0000000c     release_pem4f.oem4f (.text:ti_sysbios_knl_Clock_Params__init__S)
                  00010ce0    0000000c     sysbios.aem4f : BIOS.obj (.text:ti_sysbios_knl_Clock_getTicks__E)
                  00010cec    0000000c     release_pem4f.oem4f (.text:ti_sysbios_knl_Event_Params__init__S)
                  00010cf8    0000000c     uart.obj (.text:ti_sysbios_knl_Event_handle)
                  00010d04    0000000c     release_pem4f.oem4f (.text:ti_sysbios_knl_Queue_Object__get__S)
                  00010d10    0000000c     release_pem4f.oem4f (.text:ti_sysbios_knl_Semaphore_Params__init__S)
                  00010d1c    0000000c     release_pem4f.oem4f (.text:ti_sysbios_knl_Task_Params__init__S)
                  00010d28    0000000c     sysbios.aem4f : BIOS.obj (.text:ti_sysbios_knl_Task_self__E)
                  00010d34    00000004     --HOLE-- [fill = 0]
                  00010d38    0000000c                   : BIOS.obj (.text:ti_sysbios_rts_ti_ReentSupport_taskRegHook__I)
                  00010d44    00000004     --HOLE-- [fill = 0]
                  00010d48    0000000c                   : BIOS.obj (.text:xdc_runtime_Gate_enterSystem__E)
                  00010d54    00000004     --HOLE-- [fill = 0]
                  00010d58    0000000c                   : BIOS.obj (.text:xdc_runtime_Startup_rtsDone__E)
                  00010d64    0000000a     drivers_msp432p401x.aem4f : ADC.oem4f (.text:ADC_Params_init)
                  00010d6e    0000000a                               : ADC.oem4f (.text:ADC_convert)
                  00010d78    0000000a     dpl_msp432p401x.aem4f : ClockP_tirtos.oem4f (.text:ClockP_Params_init)
                  00010d82    0000000a     drivers_msp432p401x.aem4f : PWM.oem4f (.text:PWM_close)
                  00010d8c    0000000a                               : PWM.oem4f (.text:PWM_setDuty)
                  00010d96    0000000a                               : PWM.oem4f (.text:PWM_setPeriod)
                  00010da0    0000000a                               : PWM.oem4f (.text:PWM_start)
                  00010daa    0000000a                               : SPI.oem4f (.text:SPI_transfer)
                  00010db4    0000000a                               : Timer.oem4f (.text:Timer_start)
                  00010dbe    0000000a                               : UART.oem4f (.text:UART_close)
                  00010dc8    0000000a                               : UART.oem4f (.text:UART_control)
                  00010dd2    0000000a                               : UART.oem4f (.text:UART_read)
                  00010ddc    0000000a                               : UART.oem4f (.text:UART_write)
                  00010de6    0000000a     rtsv7M4_T_le_v4SPD16_eabi.lib : sprintf.c.obj (.text:_outc)
                  00010df0    0000000a     ui.obj (.text:gotoMainMenuView)
                  00010dfa    0000000a     release_pem4f.oem4f (.text:xdc_runtime_IHeap_alloc)
                  00010e04    0000000a     release_pem4f.oem4f (.text:xdc_runtime_IHeap_free)
                  00010e0e    00000008     drivers_msp432p401x.aem4f : Button.oem4f (.text:Button_getLastPressedDuration)
                  00010e16    00000008     ec11.obj (.text:EC11_GPIO_Init)
                  00010e1e    00000008     drivers_msp432p401x.aem4f : LED.oem4f (.text:LED_getState)
                  00010e26    00000008     dpl_msp432p401x.aem4f : SemaphoreP_tirtos.oem4f (.text:SemaphoreP_Params_init)
                  00010e2e    00000008     drivers_msp432p401x.aem4f : I2CMSP432.oem4f (.text:blockingTransferCallback)
                  00010e36    00000008                               : SPIMSP432DMA.oem4f (.text:blockingTransferCallback)
                  00010e3e    00000002     --HOLE-- [fill = 0]
                  00010e40    00000008     sysbios.aem4f : BIOS.obj (.text:pthread_attr_setstacksize)
                  00010e48    00000008     drivers_msp432p401x.aem4f : UARTMSP432.oem4f (.text:readSemCallback)
                  00010e50    00000008     sysbios.aem4f : BIOS.obj (.text:ti_sysbios_family_arm_m3_Hwi_doSwiRestore__I)
                  00010e58    00000008                   : BIOS.obj (.text:ti_sysbios_family_arm_m3_Hwi_startup__E)
                  00010e60    00000008     drivers_msp432p401x.aem4f : UARTMSP432.oem4f (.text:txcptEnabledStatus)
                  00010e68    00000008                               : UARTMSP432.oem4f (.text:writeSemCallback)
                  00010e70    00000006                               : I2CMSP432.oem4f (.text:I2CMSP432_control)
                  00010e76    00000006                               : PWMTimerMSP432.oem4f (.text:PWMTimerMSP432_control)
                  00010e7c    00000006                               : PWMTimerMSP432.oem4f (.text:PWMTimerMSP432_setDutyAndPeriod)
                  00010e82    00000006                               : SPIMSP432DMA.oem4f (.text:SPIMSP432DMA_control)
                  00010e88    00000006                               : TimerMSP432.oem4f (.text:TimerMSP432_control)
                  00010e8e    00000002     --HOLE-- [fill = 0]
                  00010e90    00000006     sysbios.aem4f : BIOS.obj (.text:ti_sysbios_family_arm_m3_Hwi_doTaskRestore__I)
                  00010e96    00000002     --HOLE-- [fill = 0]
                  00010e98    00000006                   : BIOS.obj (.text:ti_sysbios_family_arm_m3_Hwi_restoreFxn__E)
                  00010e9e    00000002     --HOLE-- [fill = 0]
                  00010ea0    00000006                   : BIOS.obj (.text:ti_sysbios_gates_GateHwi_leave__E)
                  00010ea6    00000002     --HOLE-- [fill = 0]
                  00010ea8    00000006                   : BIOS.obj (.text:ti_sysbios_heaps_HeapMem_isBlocking__E)
                  00010eae    00000002     --HOLE-- [fill = 0]
                  00010eb0    00000006                   : BIOS.obj (.text:ti_sysbios_knl_Clock_stop__E)
                  00010eb6    00000002     --HOLE-- [fill = 0]
                  00010eb8    00000006                   : BIOS.obj (.text:ti_sysbios_knl_Queue_Instance_init__E)
                  00010ebe    00000002     --HOLE-- [fill = 0]
                  00010ec0    00000006                   : BIOS.obj (.text:ti_sysbios_knl_Swi_startup__E)
                  00010ec6    00000002     --HOLE-- [fill = 0]
                  00010ec8    00000006                   : BIOS.obj (.text:xdc_runtime_System_Module_startup__E)
                  00010ece    00000002     --HOLE-- [fill = 0]
                  00010ed0    00000004                   : BIOS.obj (.text:__aeabi_errno_addr)
                  00010ed4    00000004     --HOLE-- [fill = 0]
                  00010ed8    00000004                   : BIOS.obj (.text:ti_sysbios_gates_GateHwi_query__E)
                  00010edc    00000004     --HOLE-- [fill = 0]
                  00010ee0    00000004                   : BIOS.obj (.text:ti_sysbios_gates_GateMutex_query__E)
                  00010ee4    00000004     --HOLE-- [fill = 0]
                  00010ee8    00000004                   : BIOS.obj (.text:ti_sysbios_knl_Clock_setTimeout__E)
                  00010eec    00000004     --HOLE-- [fill = 0]
                  00010ef0    00000004                   : BIOS.obj (.text:ti_sysbios_knl_Task_startup__E)
                  00010ef4    00000004     --HOLE-- [fill = 0]
                  00010ef8    00000004                   : BIOS.obj (.text:xdc_runtime_SysCallback_defaultReady)
                  00010efc    00000004     --HOLE-- [fill = 0]
                  00010f00    00000002                   : BIOS.obj (.text:ti_sysbios_BIOS_linkedWithIncorrectBootLibrary__E)
                  00010f02    00000006     --HOLE-- [fill = 0]
                  00010f08    00000002                   : BIOS.obj (.text:ti_sysbios_gates_GateHwi_Instance_init__E)
                  00010f0a    00000006     --HOLE-- [fill = 0]
                  00010f10    00000002                   : BIOS.obj (.text:ti_sysbios_knl_Clock_logTick__E)
                  00010f12    00000006     --HOLE-- [fill = 0]
                  00010f18    00000002                   : BIOS.obj (.text:xdc_runtime_SysCallback_defaultAbort)
                  00010f1a    00000006     --HOLE-- [fill = 0]
                  00010f20    00000002                   : BIOS.obj (.text:xdc_runtime_SysCallback_defaultExit)
                  00010f22    00000006     --HOLE-- [fill = 0]
                  00010f28    00000002                   : BIOS.obj (.text:xdc_runtime_SysCallback_defaultPutch)
                  00010f2a    00000006     --HOLE-- [fill = 0]
                  00010f30    00000002                   : BIOS.obj (.text:xdc_runtime_System_abortSpin__E)
                  00010f32    00000006     --HOLE-- [fill = 0]
                  00010f38    00000002                   : BIOS.obj (.text:xdc_runtime_System_exitSpin__E)

.const     0    00010f40    000017ac     
                  00010f40    000005f0     lcd_font.obj (.const:tft_ascii)
                  00011530    00000158     rtsv7M4_T_le_v4SPD16_eabi.lib : k_rem_pio2.c.obj (.const:$O1$$)
                  00011688    00000150     ui.obj (.const:$P$T14$16)
                  000117d8    00000118     ui.obj (.const:$P$T4$6)
                  000118f0    00000101     rtsv7M4_T_le_v4SPD16_eabi.lib : ctype.c.obj (.const:.string:_ctypes_)
                  000119f1    00000002     ti_drivers_config.obj (.const:ButtonHWAttrs)
                  000119f3    00000001     display.aem4f : Display.oem4f (.const:Display_defaultParams)
                  000119f4    000000b0     ti_drivers_config.obj (.const:uartMSP432HWAttrs)
                  00011aa4    00000080     msp432p4xx_driverlib.lib : adc14.o (.const:_ctlRegs)
                  00011b24    00000078     ti_drivers_config.obj (.const:PWM_config)
                  00011b9c    00000070     ui.obj (.const:$P$T13$15)
                  00011c0c    00000060     ui.obj (.const:$P$T3$4)
                  00011c6c    00000054     ui.obj (.const:$P$T8$10)
                  00011cc0    00000050     ti_drivers_config.obj (.const:pwmTimerMSP432HWAttrs)
                  00011d10    00000050     drivers_msp432p401x.aem4f : TimerMSP432.oem4f (.const:timerADividers)
                  00011d60    00000050     ti_drivers_config.obj (.const:uartMSP432Baudrates)
                  00011db0    00000048     ti_drivers_config.obj (.const:spiMSP432DMAHWAttrs)
                  00011df8    0000003c     release_pem4f.oem4f (.const:ti_sysbios_knl_Task_Object__PARAMS__C)
                  00011e34    00000038     ti_drivers_config.obj (.const:PowerMSP432_config)
                  00011e6c    00000030     ti_drivers_config.obj (.const:UART_config)
                  00011e9c    00000030     release_pem4f.oem4f (.const:ti_sysbios_family_arm_m3_Hwi_Object__PARAMS__C)
                  00011ecc    00000028     drivers_msp432p401x.aem4f : UARTMSP432.oem4f (.const:UARTMSP432_fxnTable)
                  00011ef4    00000028     ti_drivers_config.obj (.const:i2cMSP432HWAttrs)
                  00011f1c    00000028     release_pem4f.oem4f (.const:ti_sysbios_heaps_HeapMem_Module__FXNS__C)
                  00011f44    00000024     ui.obj (.const:$P$T0$1)
                  00011f68    00000024     ui.obj (.const:$P$T1$2)
                  00011f8c    00000024     ui.obj (.const:$P$T2$3)
                  00011fb0    00000024     drivers_msp432p401x.aem4f : PWMTimerMSP432.oem4f (.const:PWMTimerMSP432_fxnTable)
                  00011fd4    00000024                               : UART.oem4f (.const:UART_defaultParams)
                  00011ff8    00000024     release_pem4f.oem4f (.const:ti_sysbios_gates_GateHwi_Module__FXNS__C)
                  0001201c    00000024     release_pem4f.oem4f (.const:ti_sysbios_gates_GateMutex_Module__FXNS__C)
                  00012040    00000024     release_pem4f.oem4f (.const:ti_sysbios_heaps_HeapMem_Object__PARAMS__C)
                  00012064    00000024     release_pem4f.oem4f (.const:ti_sysbios_knl_Clock_Object__PARAMS__C)
                  00012088    00000024     release_pem4f.oem4f (.const:ti_sysbios_knl_Semaphore_Object__PARAMS__C)
                  000120ac    00000024     release_pem4f.oem4f (.const:xdc_runtime_Startup_sfxnTab__A)
                  000120d0    00000020     display.aem4f : DisplayUart.oem4f (.const:DisplayUartMin_fxnTable)
                  000120f0    00000020     drivers_msp432p401x.aem4f : SPI.oem4f (.const:SPI_defaultParams)
                  00012110    00000020     ti_drivers_config.obj (.const:TimerMSP432HWAttrs)
                  00012130    00000020     drivers_msp432p401x.aem4f : TimerMSP432.oem4f (.const:TimerMSP432_Timer32_fxnTable)
                  00012150    00000020     ti_drivers_config.obj (.const:adcMSP432HWAttrs)
                  00012170    00000020     drivers_msp432p401x.aem4f : UARTMSP432.oem4f (.const:staticFxnTable)
                  00012190    00000020     release_pem4f.oem4f (.const:ti_sysbios_family_arm_m3_Hwi_Object__DESC__C)
                  000121b0    00000020     release_pem4f.oem4f (.const:ti_sysbios_gates_GateHwi_Object__DESC__C)
                  000121d0    00000020     release_pem4f.oem4f (.const:ti_sysbios_gates_GateMutex_Object__DESC__C)
                  000121f0    00000020     release_pem4f.oem4f (.const:ti_sysbios_heaps_HeapMem_Object__DESC__C)
                  00012210    00000020     release_pem4f.oem4f (.const:ti_sysbios_knl_Clock_Object__DESC__C)
                  00012230    00000020     release_pem4f.oem4f (.const:ti_sysbios_knl_Event_Object__DESC__C)
                  00012250    00000020     release_pem4f.oem4f (.const:ti_sysbios_knl_Queue_Object__DESC__C)
                  00012270    00000020     release_pem4f.oem4f (.const:ti_sysbios_knl_Semaphore_Object__DESC__C)
                  00012290    00000020     release_pem4f.oem4f (.const:ti_sysbios_knl_Task_Object__DESC__C)
                  000122b0    0000001c     ui.obj (.const:$P$T10$12)
                  000122cc    0000001c     ui.obj (.const:$P$T11$13)
                  000122e8    0000001c     ui.obj (.const:$P$T12$14)
                  00012304    0000001c     ui.obj (.const:$P$T5$7)
                  00012320    0000001c     ui.obj (.const:$P$T6$8)
                  0001233c    0000001c     ui.obj (.const:$P$T7$9)
                  00012358    0000001c     ui.obj (.const:$P$T9$11)
                  00012374    00000018     drivers_msp432p401x.aem4f : ADCMSP432.oem4f (.const:ADCMSP432_fxnTable)
                  0001238c    00000018     ti_drivers_config.obj (.const:ADC_config)
                  000123a4    00000018     drivers_msp432p401x.aem4f : I2CMSP432.oem4f (.const:I2CMSP432_fxnTable)
                  000123bc    00000018     ti_drivers_config.obj (.const:I2C_config)
                  000123d4    00000018     drivers_msp432p401x.aem4f : PWM.oem4f (.const:PWM_defaultParams)
                  000123ec    00000018                               : SPIMSP432DMA.oem4f (.const:SPIMSP432DMA_fxnTable)
                  00012404    00000018     ti_drivers_config.obj (.const:SPI_config)
                  0001241c    00000018     ti_drivers_config.obj (.const:Timer_config)
                  00012434    00000018     release_pem4f.oem4f (.const:ti_sysbios_gates_GateHwi_Object__PARAMS__C)
                  0001244c    00000018     release_pem4f.oem4f (.const:ti_sysbios_gates_GateMutex_Object__PARAMS__C)
                  00012464    00000018     release_pem4f.oem4f (.const:ti_sysbios_knl_Event_Object__PARAMS__C)
                  0001247c    00000018     release_pem4f.oem4f (.const:ti_sysbios_knl_Queue_Object__PARAMS__C)
                  00012494    00000018     release_pem4f.oem4f (.const:ti_sysbios_knl_Task_hooks__A)
                  000124ac    00000014     ti_drivers_config.obj (.const:GPIOMSP432_config)
[...]
00011b24  PWM_config                                                      
00011cc0  pwmTimerMSP432HWAttrs                                           
00011db0  spiMSP432DMAHWAttrs                                             
00011df8  ti_sysbios_knl_Task_Object__PARAMS__C                           
00011e34  PowerMSP432_config                                              
00011e6c  UART_config                                                     
00011e9c  ti_sysbios_family_arm_m3_Hwi_Object__PARAMS__C                  
00011ecc  UARTMSP432_fxnTable                                             
00011ef4  i2cMSP432HWAttrs                                                
00011f1c  ti_sysbios_heaps_HeapMem_Module__FXNS__C                        
00011fb0  PWMTimerMSP432_fxnTable                                         
00011fd4  UART_defaultParams                                              
00011ff8  ti_sysbios_gates_GateHwi_Module__FXNS__C                        
0001201c  ti_sysbios_gates_GateMutex_Module__FXNS__C                      
00012040  ti_sysbios_heaps_HeapMem_Object__PARAMS__C                      
00012064  ti_sysbios_knl_Clock_Object__PARAMS__C                          
00012088  ti_sysbios_knl_Semaphore_Object__PARAMS__C                      
000120ac  xdc_runtime_Startup_sfxnTab__A                                  
000120d0  DisplayUartMin_fxnTable                                         
000120f0  SPI_defaultParams                                               
00012110  TimerMSP432HWAttrs                                              
00012130  TimerMSP432_Timer32_fxnTable                                    
00012150  adcMSP432HWAttrs                                                
00012190  ti_sysbios_family_arm_m3_Hwi_Object__DESC__C                    
000121b0  ti_sysbios_gates_GateHwi_Object__DESC__C                        
000121d0  ti_sysbios_gates_GateMutex_Object__DESC__C                      
000121f0  ti_sysbios_heaps_HeapMem_Object__DESC__C                        
00012210  ti_sysbios_knl_Clock_Object__DESC__C                            
00012230  ti_sysbios_knl_Event_Object__DESC__C                            
00012250  ti_sysbios_knl_Queue_Object__DESC__C                            
00012270  ti_sysbios_knl_Semaphore_Object__DESC__C                        
00012290  ti_sysbios_knl_Task_Object__DESC__C                             
00012374  ADCMSP432_fxnTable                                              
0001238c  ADC_config                                                      
000123a4  I2CMSP432_fxnTable                                              
000123bc  I2C_config                                                      
000123d4  PWM_defaultParams                                               
000123ec  SPIMSP432DMA_fxnTable                                           
00012404  SPI_config                                                      
0001241c  Timer_config                                                    
00012434  ti_sysbios_gates_GateHwi_Object__PARAMS__C                      
0001244c  ti_sysbios_gates_GateMutex_Object__PARAMS__C                    
00012464  ti_sysbios_knl_Event_Object__PARAMS__C                          
0001247c  ti_sysbios_knl_Queue_Object__PARAMS__C                          
00012494  ti_sysbios_knl_Task_hooks__A                                    
000124ac  GPIOMSP432_config                                               
000124c0  displayUartHWAttrs                                              
000124d4  xdc_runtime_Startup_sfxnRts__A                                  
000124f6  ti_sysbios_family_arm_m3_Hwi_Module__id__C                      
000124f8  Button_config                                                   
00012508  Button_defaultParams                                            
00012518  I2C_defaultParams                                               
00012528  LED_config                                                      
00012548  Display_config                                                  
00012584  udmaMSP432HWAttrs                                               
00012590  xdc_runtime_Startup_firstFxns__A                                
0001259c  Display_count                                                   
0001259d  ADC_count                                                       
0001259e  I2C_count                                                       
0001259f  PWM_count                                                       
000125a0  SPI_count                                                       
000125a1  Timer_count                                                     
000125a2  UART_count                                                      
000125a3  Button_count                                                    
000125a4  LED_count                                                       
000125a5  xdc_runtime_Error_policy__C                                     
000125a6  ti_sysbios_family_arm_msp432_init_Boot_bypassHFXT__C            
000125a8  ADC_defaultParams                                               
000125b0  LED_defaultParams                                               
000125b8  UDMAMSP432_config                                               
000125c8  ti_sysbios_knl_Idle_funcList__A                                 
000125d0  ti_sysbios_knl_Idle_funcList__C                                 
000125d8  ti_sysbios_knl_Task_hooks__C                                    
000125e0  xdc_runtime_Startup_firstFxns__C                                
000125e8  xdc_runtime_Startup_lastFxns__C                                 
0001260a  ti_sysbios_family_arm_msp432_init_Boot_bypassLFXT__C            
0001260c  ti_sysbios_family_arm_m3_Hwi_E_alreadyDefined__C                
00012610  ti_sysbios_family_arm_m3_Hwi_E_badIntNum__C                     
00012614  ti_sysbios_family_arm_m3_Hwi_NUM_INTERRUPTS__C                  
00012618  ti_sysbios_family_arm_m3_Hwi_Object__count__C                   
0001261c  ti_sysbios_family_arm_m3_Hwi_ccr__C                             
00012620  ti_sysbios_family_arm_m3_Hwi_excHandlerFunc__C                  
00012624  ti_sysbios_family_arm_m3_Hwi_nullIsrFunc__C                     
00012628  ti_sysbios_family_arm_m3_Hwi_priGroup__C                        
0001262c  ti_sysbios_family_arm_m3_Hwi_swiDisable__C                      
00012630  ti_sysbios_family_arm_m3_Hwi_swiRestore__C                      
00012634  ti_sysbios_family_arm_m3_TaskSupport_stackAlignment__C          
00012638  ti_sysbios_family_arm_msp432_Timer_numTimerDevices__C           
0001263c  ti_sysbios_family_arm_msp432_Timer_startupNeeded__C             
00012640  ti_sysbios_gates_GateMutex_Instance_State_sem__O                
00012644  ti_sysbios_heaps_HeapMem_E_memory__C                            
00012648  ti_sysbios_heaps_HeapMem_Module__gateObj__C                     
0001264c  ti_sysbios_heaps_HeapMem_Object__count__C                       
00012650  ti_sysbios_heaps_HeapMem_primaryHeapBaseAddr__C                 
00012654  ti_sysbios_heaps_HeapMem_primaryHeapEndAddr__C                  
00012658  ti_sysbios_heaps_HeapMem_reqAlign__C                            
0001265c  ti_sysbios_knl_Clock_Module_State_clockQ__O                     
00012660  ti_sysbios_knl_Clock_tickPeriod__C                              
00012664  ti_sysbios_knl_Event_Instance_State_pendQ__O                    
00012668  ti_sysbios_knl_Mailbox_Instance_State_freeQue__O                
0001266c  ti_sysbios_knl_Mailbox_Object__count__C                         
00012670  ti_sysbios_knl_Mailbox_maxTypeAlign__C                          
00012674  ti_sysbios_knl_Semaphore_Instance_State_pendQ__O                
00012678  ti_sysbios_knl_Swi_Object__count__C                             
0001267c  ti_sysbios_knl_Task_Module_State_inactiveQ__O                   
00012680  ti_sysbios_knl_Task_Object__count__C                            
00012684  ti_sysbios_knl_Task_Object__heap__C                             
00012688  ti_sysbios_knl_Task_allBlockedFunc__C                           
0001268c  ti_sysbios_knl_Task_defaultStackHeap__C                         
00012690  ti_sysbios_knl_Task_defaultStackSize__C                         
00012694  ti_sysbios_knl_Task_numConstructedTasks__C                      
00012698  xdc_runtime_Error_E_memory__C                                   
0001269c  xdc_runtime_Error_policyFxn__C                                  
000126a0  xdc_runtime_IGateProvider_Interface__BASE__C                    
000126a4  xdc_runtime_IHeap_Interface__BASE__C                            
000126a8  xdc_runtime_IModule_Interface__BASE__C                          
000126ac  xdc_runtime_Memory_defaultHeapInstance__C                       
000126b0  xdc_runtime_Startup_execImpl__C                                 
000126b4  xdc_runtime_Startup_maxPasses__C                                
000126b8  xdc_runtime_Startup_sfxnRts__C                                  
000126bc  xdc_runtime_Startup_sfxnTab__C                                  
000126c0  xdc_runtime_SysCallback_abortFxn__C                             
000126c4  xdc_runtime_SysCallback_exitFxn__C                              
000126c8  xdc_runtime_SysCallback_putchFxn__C                             
000126cc  xdc_runtime_SysCallback_readyFxn__C                             
000126d0  xdc_runtime_System_Module__gateObj__C                           
000126d4  xdc_runtime_System_abortFxn__C                                  
000126d8  xdc_runtime_System_exitFxn__C                                   
000126dc  xdc_runtime_System_extendFxn__C                                 
000126e0  xdc_runtime_System_maxAtexitHandlers__C                         
000126e4  ti_sysbios_family_arm_msp432_init_Boot_enableHFXT__C            
000126e6  ti_sysbios_family_arm_msp432_init_Boot_enableLFXT__C            
000126e8  ti_sysbios_heaps_HeapMem_Module__id__C                          
000126ea  xdc_runtime_Memory_Module__id__C                                
000126f0  __TI_static_base__                                              
00012a8c  __TI_Handler_Table_Base                                         
00012a98  __TI_Handler_Table_Limit                                        
00012aa0  __TI_CINIT_Base                                                 
00012ab0  __TI_CINIT_Limit                                                
20000000  __start___llvm_prf_cnts                                         
20000000  __stop___llvm_prf_cnts                                          
20000000  ti_sysbios_family_arm_m3_Hwi_ramVectors                         
20000140  __primary_heap_start__                                          
20008140  __primary_heap_end__                                            
20008600  Items                                                           
200088c0  ti_sysbios_knl_Task_Instance_State_0_stack__A                   
20008ac0  uartMSP432Objects                                               
20008cc0  ti_sysbios_family_arm_m3_Hwi_dispatchTable                      
20008f00  i2cMSP432Objects                                                
20008fa0  spiMSP432DMAObjects                                             
200091b8  LEDObjects                                                      
20009230  pwmTimerMSP432Objects                                           
200092a8  timerMSP432Objects                                              
20009310  ButtonObjects                                                   
20009360  masterRxBuffer                                                  
20009394  masterTxBuffer                                                  
200093f8  imu3                                                            
200094dc  bStats                                                          
200094f8  ringObj                                                         
20009510  ecoEvent                                                        
20009544  imu                                                             
20009554  motor_speed_pid                                                 
20009564  speed_wheel                                                     
20009574  displayUartObject                                               
20009580  eventBuf                                                        
2000958c  rxBuffer                                                        
200095a0  buttonHandle                                                    
200095a8  ledHandle                                                       
200095bc  ClockP_tickPeriod                                               
200095c0  CurDraw                                                         
200095c4  CurHandle                                                       
200095c8  adc                                                             
200095cc  adcMSP432Objects                                                
200095d0  chassis_speed_pid                                               
200095d4  displayHandle                                                   
200095d8  lua                                                             
200095dc  masterSpi                                                       
200095e0  ti_sysbios_knl_Task_Instance_State_0_hookEnv__A                 
200095e4  EC11_A_Now                                                      
200095e5  EC11_B_Now                                                      
200095e6  EC11_Key                                                        
200095e7  readgpio_front                                                  
200095e8  udmaMSP432Object                                                
200095ec  param                                                           
200097e0  PowerMSP432_perfLevels                                          
20009a30  gpioCallbackFunctions                                           
20009ac4  gpioPinConfigs                                                  
20009be0  AllView                                                         
20009c64  gPixel                                                          
20009ce4  ti_sysbios_knl_Swi_Module_State_0_readyQ__A                     
20009d64  ti_sysbios_knl_Task_Module_State_0_readyQ__A                    
20009de4  lineid                                                          
20009e44  ti_sysbios_gates_GateMutex_Object__table__V                     
20009e98  ti_sysbios_knl_Task_Object__table__V                            
20009ee4  ti_sysbios_family_arm_msp432_Timer_Object__table__V             
20009f28  ti_sysbios_knl_Task_Module__state__V                            
20009f6c  ti_sysbios_family_arm_m3_Hwi_Module__state__V                   
20009fa0  ti_sysbios_knl_Swi_Object__table__V                             
20009fd0  PowerMSP432_module                                              
20009ffc  ti_sysbios_knl_Clock_Module__state__V                           
2000a028  ti_sysbios_BIOS_Module__state__V                                
2000a06c  ti_sysbios_family_arm_msp432_Timer_Module_State_0_device__A     
2000a08c  uart_ready_flag                                                 
2000a0ac  xdc_runtime_Error_IgnoreBlock                                   
2000a0cc  ti_sysbios_knl_Swi_Module__state__V                             
2000a0e8  mirrorRegister                                                  
2000a104  left_duty                                                       
2000a108  right_duty                                                      
2000a10c  pwm0                                                            
2000a110  pwm1                                                            
2000a114  pwm2                                                            
2000a118  pwm3                                                            
2000a11c  ti_sysbios_family_arm_m3_Hwi_Object__table__V                   
2000a134  ti_sysbios_heaps_HeapMem_Object__table__V                       
2000a164  last_item                                                       
2000a178  motor_start_flag                                                
2000a17c  CurView                                                         
2000a17d  CurItem                                                         
2000a17e  ItemNums                                                        
2000a17f  isEditing                                                       
2000a180  ItemFirstLine                                                   
2000a181  item_index                                                      
2000a19c  encoder1_value                                                  
2000a1a0  encoder2_value                                                  
2000a1a4  encoder3_value                                                  
2000a1a8  encoder4_value                                                  
2000a1ac  ti_sysbios_family_arm_msp432_Timer_Module_State_0_handles__A    
2000a1bc  ti_sysbios_family_arm_msp432_ClockFreqs_Module__state__V        
2000a1c8  ti_sysbios_family_arm_msp432_Timer_Module__state__V             
2000a1d4  txBuffer                                                        
2000a1de  ti_sysbios_family_arm_m3_Hwi_Module_State_0_excActive__A        
2000a1e0  _lock                                                           
2000a1e4  _unlock                                                         
2000a1f0  ti_sysbios_family_arm_m3_Hwi_Module__root__V                    
2000a1f8  ti_sysbios_gates_GateHwi_Module__root__V                        
2000a200  ti_sysbios_gates_GateMutex_Module__root__V                      
2000a208  ti_sysbios_heaps_HeapMem_Module__root__V                        
2000a210  ti_sysbios_knl_Clock_Module__root__V                            
2000a218  ti_sysbios_knl_Event_Module__root__V                            
2000a220  ti_sysbios_knl_Queue_Module__root__V                            
2000a228  ti_sysbios_knl_Semaphore_Module__root__V                        
2000a230  ti_sysbios_knl_Task_Module__root__V                             
2000a238  xdc_runtime_Startup_Module__state__V                            
2000a240  xdc_runtime_System_Module_State_0_atexitHandlers__A             
2000a248  xdc_runtime_System_Module__state__V                             
2000a250  pwm7                                                            
2000a254  old_val                                                         
2000a258  main_func_sp                                                    
2000a25c  ti_sysbios_family_arm_m3_Hwi_Module_State_0_excContext__A       
2000a260  ti_sysbios_family_arm_m3_Hwi_Module_State_0_excStack__A         
2000a264  ti_sysbios_gates_GateHwi_Object__table__V                       
2000a268  ti_sysbios_knl_Task_Module_State_0_idleTask__A                  
2000a26c  ti_sysbios_rts_ti_ReentSupport_Module__state__V                 
2000a270  xdc_runtime_Memory_Module__state__V                             
2000fc00  __stack                                                         
20010000  __STACK_END                                                     
4000480c  WDTCTL_SYM                                                      
e000e000  ti_sysbios_family_arm_m3_Hwi_nvic                               
ffffffff  __TI_pprof_out_hndl                                             
ffffffff  __TI_prof_data_size                                             
ffffffff  __TI_prof_data_start                                            
ffffffff  __binit__                                                       
ffffffff  __c_args__                                                      
ffffffff  binit                                                           
UNDEFED   SHT$$INIT_ARRAY$$Base                                           
UNDEFED   SHT$$INIT_ARRAY$$Limit                                          

[890 symbols]
