******************************************************************************
                  TI ARM Linker Unix v20.2.5                   
******************************************************************************
>> Linked Fri Oct 15 17:13:23 2021

OUTPUT FILE NAME:   <project.out>
ENTRY POINT SYMBOL: "_c_int00"  address: 0000d749


MEMORY CONFIGURATION

         name            origin    length      used     unused   attr    fill
----------------------  --------  ---------  --------  --------  ----  --------
  MAIN                  00000000   00040000  00012986  0002d67a  R  X
  INFO                  00200000   00004000  00000000  00004000  R  X
  SRAM_CODE             01000000   00010000  0000a32e  00005cd2  RW X
  SRAM_DATA             20000000   00010000  0000a32e  00005cd2  RW  


SEGMENT ALLOCATION MAP

run origin  load origin   length   init length attrs members
----------  ----------- ---------- ----------- ----- -------
00000000    00000000    00012990   00012990    r-x
  00000000    00000000    0000003c   0000003c    r-- .resetVecs
  00000040    00000040    00010e0a   00010e0a    r-x .text
  00010e50    00010e50    000017a0   000017a0    r-- .const
  000125f0    000125f0    000003a0   000003a0    r-- .cinit
20000140    20000140    00008000   00000000    r--
  20000140    20000140    00008000   00000000    r-- .priheap
20008200    20008200    00001dee   00000000    rw-
  20008200    20008200    0000132c   00000000    rw- .bss
  2000952c    2000952c    00000ac2   00000000    rw- .data
2000fc00    2000fc00    00000400   00000000    rw-
  2000fc00    2000fc00    00000400   00000000    rw- .stack


SECTION ALLOCATION MAP

 output                                  attributes/
section   page    origin      length       input sections
--------  ----  ----------  ----------   ----------------
.text      0    00000040    00010e0a     
                  00000040    00000a4e     rtsv7M4_T_le_v4SPD16_eabi.lib : _printfi.c.obj (.text:__TI_printfi)
                  00000a8e    00000002     ti_drivers_config.obj (.text:Board_initHook)
                  00000a90    00000738     rtsv7M4_T_le_v4SPD16_eabi.lib : k_rem_pio2.c.obj (.text:__kernel_rem_pio2)
                  000011c8    000005e0                                   : s_sin.c.obj (.text:sin)
                  000017a8    000005dc                                   : s_cos.c.obj (.text:cos)
                  00001d84    0000057c     ui.obj (.text:UpdateMenuItems)
                  00002300    00000540     ui.obj (.text:HandleAdjustParamView)
                  00002840    00000468     sysbios.aem4f : BIOS.obj (.text:xdc_runtime_System_doPrint__I)
                  00002ca8    00000318     ui.obj (.text:DrawIMUView)
                  00002fc0    000002f8     drivers_msp432p401x.aem4f : PowerMSP432.oem4f (.text:Power_sleep)
                  000032b8    000002d0                               : UARTMSP432.oem4f (.text:UARTMSP432_open)
                  00003588    000002bc     uart.obj (.text:imu_data_analyse)
                  00003844    00000294     ui.obj (.text:DrawSensorView)
                  00003ad8    0000028c     drivers_msp432p401x.aem4f : SPIMSP432DMA.oem4f (.text:SPIMSP432DMA_open)
                  00003d64    0000028a     msp432p4xx_driverlib.lib : pcm.o (.text:__PCM_setPowerStateAdvanced)
                  00003fee    00000002     display.aem4f : DisplayUart.oem4f (.text:DisplayUartMin_clear)
                  00003ff0    00000288     drivers_msp432p401x.aem4f : PowerMSP432.oem4f (.text:initPerfControl)
                  00004278    00000270     rtsv7M4_T_le_v4SPD16_eabi.lib : _printfi.c.obj (.text:_pconv_a)
                  000044e8    00000248     spi_lcd.obj (.text:lcd_init)
                  00004730    00000234     main_tirtos.obj (.text:main)
                  00004964    0000021c     ui.obj (.text:rotate)
                  00004b80    00000218     spi_lcd.obj (.text:lcd_set_region)
                  00004d98    00000210     ec11.obj (.text:Encoder_EC11_Analyze)
                  00004fa8    00000208     drivers_msp432p401x.aem4f : PWMTimerMSP432.oem4f (.text:PWMTimerMSP432_open)
                  000051b0    000001f8                               : I2CMSP432.oem4f (.text:I2CMSP432_open)
                  000053a8    000001d0     rtsv7M4_T_le_v4SPD16_eabi.lib : _printfi.c.obj (.text:_pconv_g)
                  00005578    000001b6                                   : fd_add_t2.asm.obj (.text)
                  0000572e    00000002     display.aem4f : DisplayUart.oem4f (.text:DisplayUartMin_clearLines)
                  00005730    000001b4     buttonled.obj (.text:buttonled_Thread)
                  000058e4    000001a4     ui.obj (.text:DrawAdjustParamView)
                  00005a88    00000190     i2cbh1750.obj (.text:BH1750_Thread)
                  00005c18    0000018c     uart.obj (.text:User_uart_init)
                  00005da4    00000188     release_pem4f.oem4f (.text:xdc_runtime_System_printfExtend__I)
                  00005f2c    00000186     drivers_msp432p401x.aem4f : Button.oem4f (.text:Button_clockTimeoutHandler)
                  000060b2    00000184                               : I2CMSP432.oem4f (.text:I2CMSP432_hwiIntFxn)
                  00006236    00000002     display.aem4f : DisplayUart.oem4f (.text:DisplayUartMin_init)
                  00006238    00000178     ec11.obj (.text:Encoder_EC11_Scan)
                  000063b0    00000174     rtsv7M4_T_le_v4SPD16_eabi.lib : k_sin.c.obj (.text:__kernel_sin)
                  00006524    00000170     drivers_msp432p401x.aem4f : GPIOMSP432.oem4f (.text:GPIO_setConfig)
                  00006694    00000170     rtsv7M4_T_le_v4SPD16_eabi.lib : k_cos.c.obj (.text:__kernel_cos)
                  00006804    00000160     msp432p4xx_driverlib.lib : adc14.o (.text:_getIndexForMemRegister)
                  00006964    0000015c                              : pcm.o (.text:__PCM_setPowerModeAdvanced)
                  00006ac0    0000015a     ui.obj (.text:lcd_drawline)
                  00006c1a    00000006     drivers_msp432p401x.aem4f : ADCMSP432.oem4f (.text:ADCMSP432_control)
                  00006c20    00000158     sysbios.aem4f : BIOS.obj (.text:ti_sysbios_knl_Event_pend__E)
                  00006d78    0000014c     drivers_msp432p401x.aem4f : TimerMSP432.oem4f (.text:TimerMSP432_open)
                  00006ec4    0000013c     rtsv7M4_T_le_v4SPD16_eabi.lib : _printfi.c.obj (.text:_pconv_e)
                  00007000    0000013c     buttonled.obj (.text:handleButtonCallback)
                  0000713c    00000136     rtsv7M4_T_le_v4SPD16_eabi.lib : fd_div_t2.asm.obj (.text)
                  00007272    00000132     motor.obj (.text:motor_dir)
                  000073a4    00000130     drivers_msp432p401x.aem4f : UDMAMSP432.oem4f (.text:setupInterrupt)
                  000074d4    00000004     msp432p4xx_driverlib.lib : cpu.o (.text:CPU_wfi)
                  000074d8    00000130     sysbios.aem4f : BIOS.obj (.text:ti_sysbios_knl_Semaphore_pend__E)
                  00007608    0000012c     drivers_msp432p401x.aem4f : SPIMSP432DMA.oem4f (.text:SPIMSP432DMA_transfer)
                  00007734    00000124     rtsv7M4_T_le_v4SPD16_eabi.lib : _printfi.c.obj (.text:fcvt)
                  00007858    00000124     motor_drive.obj (.text:motor_pwm_Thread)
                  0000797c    0000011c     msp432p4xx_driverlib.lib : uart.o (.text:UART_initModule)
                  00007a98    0000011c     drivers_msp432p401x.aem4f : I2CMSP432.oem4f (.text:primeTransfer)
                  00007bb4    00000118     spi_lcd.obj (.text:lcd_init_Thread)
                  00007ccc    00000114     drivers_msp432p401x.aem4f : PWMTimerMSP432.oem4f (.text:PWMTimerMSP432_setPeriod)
                  00007de0    00000110                               : LED.oem4f (.text:LED_open)
                  00007ef0    00000110     spi_lcd.obj (.text:lcd_showfloat)
                  00008000    00000110     rtsv7M4_T_le_v4SPD16_eabi.lib : s_scalbn.c.obj (.text:scalbn)
                  00008110    00000108     msp432p4xx_driverlib.lib : pcm.o (.text:__PCM_setCoreVoltageLevelAdvanced)
                  00008218    00000108     sysbios.aem4f : BIOS.obj (.text:ti_sysbios_knl_Task_postInit__I)
                  00008320    00000108                   : BIOS.obj (.text:xdc_runtime_Startup_startMods__I)
                  00008428    00000104     drivers_msp432p401x.aem4f : SPIMSP432DMA.oem4f (.text:SPIMSP432DMA_transferCancel)
                  0000852c    00000004     dpl_msp432p401x.aem4f : ClockP_tirtos.oem4f (.text:ClockP_setTimeout)
                  00008530    00000104     sysbios.aem4f : BIOS.obj (.text:ti_sysbios_knl_Task_Instance_finalize__E)
                  00008634    000000fc     drivers_msp432p401x.aem4f : ADCMSP432.oem4f (.text:ADCMSP432_convert)
                  00008730    000000fc                               : SPIMSP432DMA.oem4f (.text:configDMA)
                  0000882c    000000fc     rtsv7M4_T_le_v4SPD16_eabi.lib : fd_mul_t2.asm.obj (.text)
                  00008928    000000f8                                   : s_floor.c.obj (.text:floor)
                  00008a20    000000f8     sysbios.aem4f : BIOS.obj (.text:ti_sysbios_family_arm_msp432_init_Boot_configureClocksHigh)
                  00008b18    000000f4     spi_lcd.obj (.text:lcd_displayccd)
                  00008c0c    000000f0     msp432p4xx_driverlib.lib : dma.o (.text:DMA_setChannelTransfer)
                  00008cfc    000000f0     drivers_msp432p401x.aem4f : I2CMSP432.oem4f (.text:I2CMSP432_transfer)
                  00008dec    00000004     dpl_msp432p401x.aem4f : ClockP_tirtos.oem4f (.text:ClockP_start)
                  00008df0    000000f0     sysbios.aem4f : BIOS.obj (.text:pthread_create)
                  00008ee0    000000f0                   : m3_Hwi_asm.obj (.text:ti_sysbios_family_arm_m3_Hwi_dispatch__I)
                  00008fd0    000000e8     drivers_msp432p401x.aem4f : Button.oem4f (.text:Button_open)
                  000090b8    000000e4     msp432p4xx_driverlib.lib : cs.o (.text:CS_startHFXTWithTimeout)
                  0000919c    000000e4     motor.obj (.text:motor_init)
                  00009280    000000e4     ui.obj (.text:onCancel)
                  00009364    000000e0     msp432p4xx_driverlib.lib : cs.o (.text:CS_startLFXTWithTimeout)
                  00009444    000000e0     encoder.obj (.text:encoder_Thread)
                  00009524    00000004     dpl_msp432p401x.aem4f : ClockP_tirtos.oem4f (.text:ClockP_stop)
                  00009528    000000e0     sysbios.aem4f : BIOS.obj (.text:ti_sysbios_knl_Task_Instance_init__E)
                  00009608    000000dc     drivers_msp432p401x.aem4f : UARTMSP432.oem4f (.text:UARTMSP432_readPolling)
                  000096e4    000000dc                               : UDMAMSP432.oem4f (.text:UDMAMSP432_close)
                  000097c0    000000dc     msp432p4xx_driverlib.lib : cs.o (.text:_CSGetHFXTFrequency)
                  0000989c    000000d2     adcTSL1401.obj (.text:TSL1401_GetLine)
                  0000996e    00000002     ui.obj (.text:DrawMainMenuView)
                  00009970    000000d0     sysbios.aem4f : BIOS.obj (.text:ti_sysbios_heaps_HeapMem_alloc__E)
                  00009a40    000000ca     drivers_msp432p401x.aem4f : UARTMSP432.oem4f (.text:UARTMSP432_hwiIntFxn)
                  00009b0a    00000002     ui.obj (.text:DrawParamView)
                  00009b0c    000000c8     drivers_msp432p401x.aem4f : TimerMSP432.oem4f (.text:TimerMSP432_start)
                  00009bd4    000000c8     spi_lcd.obj (.text:lcd_Thread)
                  00009c9c    00000004     dpl_msp432p401x.aem4f : HwiP_tirtos.oem4f (.text:HwiP_clearInterrupt)
                  00009ca0    000000c4     sysbios.aem4f : BIOS.obj (.text:ti_sysbios_knl_Task_sleep__E)
                  00009d64    000000c0     motor.obj (.text:motor_left_right_duty)
                  00009e24    000000bc     drivers_msp432p401x.aem4f : TimerMSP432.oem4f (.text:TimerMSP432_setPeriod)
                  00009ee0    000000bc     ui.obj (.text:onDecrease)
                  00009f9c    000000b8     drivers_msp432p401x.aem4f : UARTMSP432.oem4f (.text:initHw)
                  0000a054    000000b8                               : UARTMSP432.oem4f (.text:readTaskCallback)
                  0000a10c    00000004     dpl_msp432p401x.aem4f : HwiP_tirtos.oem4f (.text:HwiP_disable)
                  0000a110    000000b8     sysbios.aem4f : BIOS.obj (.text:ti_sysbios_family_arm_m3_Hwi_Instance_init__E)
                  0000a1c8    000000b4     msp432p4xx_driverlib.lib : adc14.o (.text:ADC14_configureConversionMemory)
                  0000a27c    000000b4     drivers_msp432p401x.aem4f : UARTMSP432.oem4f (.text:UARTMSP432_control)
                  0000a330    000000b4                               : UARTMSP432.oem4f (.text:UARTMSP432_writePolling)
                  0000a3e4    000000b4     spi_lcd.obj (.text:lcd_showchar)
                  0000a498    000000b1     rtsv7M4_T_le_v4SPD16_eabi.lib : _printfi.c.obj (.text:_ltostr)
                  0000a549    00000001     --HOLE-- [fill = 0]
                  0000a54a    000000b0     msp432p4xx_driverlib.lib : spi.o (.text:SPI_initMaster)
                  0000a5fa    00000002     drivers_msp432p401x.aem4f : I2CMSP432.oem4f (.text:I2CMSP432_init)
                  0000a5fc    000000ac     ui.obj (.text:DrawEncoderView)
                  0000a6a8    000000ac     drivers_msp432p401x.aem4f : GPIOMSP432.oem4f (.text:GPIO_init)
                  0000a754    000000ac                               : I2CMSP432.oem4f (.text:I2CMSP432_cancel)
                  0000a800    000000ac     ui.obj (.text:onEnter)
                  0000a8ac    00000004     dpl_msp432p401x.aem4f : HwiP_tirtos.oem4f (.text:HwiP_disableInterrupt)
                  0000a8b0    000000aa     sysbios.aem4f : BIOS.obj (.text:xdc_runtime_Core_createObject__I)
                  0000a95a    000000a8     drivers_msp432p401x.aem4f : UARTMSP432.oem4f (.text:UARTMSP432_write)
                  0000aa02    000000a8                               : UARTMSP432.oem4f (.text:readTaskBlocking)
                  0000aaaa    00000006     display.aem4f : DisplayUart.oem4f (.text:DisplayUartMin_control)
                  0000aab0    000000a8     sysbios.aem4f : BIOS.obj (.text:ti_sysbios_family_arm_msp432_Timer_periodicStub__E)
                  0000ab58    000000a4     drivers_msp432p401x.aem4f : PWMTimerMSP432.oem4f (.text:PWMTimerMSP432_stop)
                  0000abfc    000000a4                               : TimerMSP432.oem4f (.text:initTimerHardware)
                  0000aca0    000000a4     ui.obj (.text:onIncrease)
                  0000ad44    00000004     dpl_msp432p401x.aem4f : HwiP_tirtos.oem4f (.text:HwiP_enableInterrupt)
                  0000ad48    000000a4     sysbios.aem4f : BIOS.obj (.text:ti_sysbios_knl_Task_setPri__E)
                  0000adec    000000a2     ui.obj (.text:matconv)
                  0000ae8e    00000002     drivers_msp432p401x.aem4f : LED.oem4f (.text:LED_init)
                  0000ae90    000000a0     auto_init.aem4f : auto_init.oem4f (.text)
                  0000af30    000000a0     spi_lcd.obj (.text:lcd_writedata_16bit)
                  0000afd0    000000a0     drivers_msp432p401x.aem4f : UARTMSP432.oem4f (.text:readIsrTextCallback)
                  0000b070    0000009c                               : PowerMSP432.oem4f (.text:Power_init)
                  0000b10c    0000009c     rtsv7M4_T_le_v4SPD16_eabi.lib : memcpy_t2.asm.obj (.text)
                  0000b1a8    0000009c     drivers_msp432p401x.aem4f : TimerMSP432.oem4f (.text:setT32TickCount)
                  0000b244    0000009c                               : TimerMSP432.oem4f (.text:setTATickCount)
                  0000b2e0    0000009b     spi_lcd.obj (.text:lcd_showint32)
                  0000b37b    00000001     --HOLE-- [fill = 0]
                  0000b37c    00000096     rtsv7M4_T_le_v4SPD16_eabi.lib : ull_div_t2.asm.obj (.text)
                  0000b412    00000002     drivers_msp432p401x.aem4f : PWMTimerMSP432.oem4f (.text:PWMTimerMSP432_init)
                  0000b414    00000094                               : PWMTimerMSP432.oem4f (.text:PWMTimerMSP432_setDuty)
                  0000b4a8    00000094                               : UDMAMSP432.oem4f (.text:UDMAMSP432_init)
                  0000b53c    00000094                               : UDMAMSP432.oem4f (.text:UDMAMSP432_open)
                  0000b5d0    00000094     sysbios.aem4f : BIOS.obj (.text:_pthread_removeThreadKeys)
                  0000b664    00000094     event.obj (.text:doEventLogs)
                  0000b6f8    00000094     sysbios.aem4f : BIOS.obj (.text:ti_sysbios_family_arm_m3_Hwi_initNVIC__E)
                  0000b78c    00000004     drivers_msp432p401x.aem4f : SPIMSP432DMA.oem4f (.text:SPIMSP432DMA_init)
                  0000b790    00000094     sysbios.aem4f : BIOS.obj (.text:ti_sysbios_knl_Task_exit__E)
                  0000b824    00000092     drivers_msp432p401x.aem4f : UARTMSP432.oem4f (.text:UARTMSP432_close)
                  0000b8b6    00000092                               : UARTMSP432.oem4f (.text:writeData)
                  0000b948    00000090     sysbios.aem4f : BIOS.obj (.text:ti_sysbios_knl_Task_Module_startup__E)
                  0000b9d8    0000008c     drivers_msp432p401x.aem4f : ADCMSP432.oem4f (.text:ADCMSP432_open)
                  0000ba64    0000008c     ec11.obj (.text:Encoder_EC11_Init)
                  0000baf0    0000008c     drivers_msp432p401x.aem4f : TimerMSP432.oem4f (.text:TimerMSP432_stop)
                  0000bb7c    0000008c     uart.obj (.text:handleRecvEvt)
                  0000bc08    0000008c     drivers_msp432p401x.aem4f : UARTMSP432.oem4f (.text:readIsrTextBlocking)
                  0000bc94    0000008c     sysbios.aem4f : m3_TaskSupport_asm.obj (.text:ti_sysbios_family_arm_m3_TaskSupport_buildTaskStack)
                  0000bd20    0000008c                   : BIOS.obj (.text:ti_sysbios_knl_Event_post__E)
                  0000bdac    00000004     dpl_msp432p401x.aem4f : SemaphoreP_tirtos.oem4f (.text:SemaphoreP_post)
                  0000bdb0    0000008c     sysbios.aem4f : BIOS.obj (.text:xdc_runtime_Memory_alloc__E)
                  0000be3c    00000088     drivers_msp432p401x.aem4f : PWMTimerMSP432.oem4f (.text:PWMTimerMSP432_close)
                  0000bec4    00000086     rtsv7M4_T_le_v4SPD16_eabi.lib : fd_cmp_t2.asm.obj (.text:__aeabi_cdcmple)
                  0000bf4a    00000086                                   : fd_cmp_t2.asm.obj (.text:__aeabi_cdrcmple)
                  0000bfd0    00000086     drivers_msp432p401x.aem4f : SPIMSP432DMA.oem4f (.text:initHw)
                  0000c056    00000002     dpl_msp432p401x.aem4f : PowerMSP432_tirtos.oem4f (.text:PowerMSP432_initPolicy)
                  0000c058    00000086     sysbios.aem4f : BIOS.obj (.text:xdc_runtime_Core_constructObject__I)
                  0000c0de    00000002     drivers_msp432p401x.aem4f : TimerMSP432.oem4f (.text:TimerMSP432_init)
                  0000c0e0    00000084     ui.obj (.text:DrawPIDView)
                  0000c164    00000084     msp432p4xx_driverlib.lib : pcm.o (.text:PCM_gotoLPM3)
                  0000c1e8    00000084     drivers_msp432p401x.aem4f : PWMTimerMSP432.oem4f (.text:PWMTimerMSP432_start)
                  0000c26c    00000084                               : PowerMSP432.oem4f (.text:restartHFXT)
                  0000c2f0    00000084     sysbios.aem4f : BIOS.obj (.text:ti_sysbios_family_arm_m3_Hwi_postInit__I)
                  0000c374    00000004     dpl_msp432p401x.aem4f : SystemP_tirtos.oem4f (.text:SystemP_vsnprintf)
                  0000c378    00000084     sysbios.aem4f : BIOS.obj (.text:ti_sysbios_heaps_HeapMem_free__E)
                  0000c3fc    00000080     spi_lcd.obj (.text:lcd_writeData)
                  0000c47c    00000080     spi_lcd.obj (.text:lcd_writeIndex)
                  0000c4fc    00000004     release_pem4f.oem4f (.text:ti_sysbios_BIOS_RtsGateProxy_enter__E)
                  0000c500    00000080     sysbios.aem4f : BIOS.obj (.text:ti_sysbios_knl_Clock_workFunc__E)
                  0000c580    0000007c     drivers_msp432p401x.aem4f : PWMTimerMSP432.oem4f (.text:setConstraints)
                  0000c5fc    0000007a     spi_lcd.obj (.text:lcd_clear_rectangle)
                  0000c676    0000007a     rtsv7M4_T_le_v4SPD16_eabi.lib : memset_t2.asm.obj (.text)
                  0000c6f0    00000078     drivers_msp432p401x.aem4f : TimerMSP432.oem4f (.text:TimerMSP432_allocateTimerResource)
                  0000c768    00000076                               : I2CMSP432.oem4f (.text:I2CMSP432_close)
                  0000c7de    00000002                               : UARTMSP432.oem4f (.text:UARTMSP432_init)
                  0000c7e0    00000075     sysbios.aem4f : BIOS.obj (.text:xdc_runtime_System_formatNum__I)
                  0000c855    00000001     --HOLE-- [fill = 0]
                  0000c856    00000002     rtsv7M4_T_le_v4SPD16_eabi.lib : _lock.c.obj (.text:_nop)
                  0000c858    00000070     ui.obj (.text:DrawBootView)
                  0000c8c8    00000070     ui.obj (.text:DrawCCDView)
                  0000c938    00000070     drivers_msp432p401x.aem4f : UARTMSP432.oem4f (.text:UARTMSP432_writeCancel)
                  0000c9a8    00000070     sysbios.aem4f : BIOS.obj (.text:ti_sysbios_heaps_HeapMem_initPrimary__I)
                  0000ca18    0000006e     rtsv7M4_T_le_v4SPD16_eabi.lib : _printfi.c.obj (.text:_mcpy)
                  0000ca86    0000006e                                   : fd_tos_t2.asm.obj (.text)
                  0000caf4    0000006c     msp432p4xx_driverlib.lib : i2c.o (.text:I2C_masterSendMultiByteFinish)
                  0000cb60    0000006c     sysbios.aem4f : BIOS.obj (.text:ti_sysbios_knl_Swi_restoreHwi__E)
                  0000cbcc    0000006a     drivers_msp432p401x.aem4f : PWMTimerMSP432.oem4f (.text:perfChangeNotifyFxn)
                  0000cc36    00000002     adcTSL1401.obj (.text:delay)
                  0000cc38    00000068     drivers_msp432p401x.aem4f : GPIOMSP432.oem4f (.text:GPIO_hwiIntFxn)
                  0000cca0    00000068                               : PowerMSP432.oem4f (.text:PowerMSP432_getFreqs)
                  0000cd08    00000068     rtsv7M4_T_le_v4SPD16_eabi.lib : copy_decompress_lzss.c.obj (.text:decompress:lzss:__TI_decompress_lzss)
                  0000cd70    00000068     drivers_msp432p401x.aem4f : I2CMSP432.oem4f (.text:initHw)
                  0000cdd8    00000068                               : PWMTimerMSP432.oem4f (.text:initHw)
                  0000ce40    00000066     sysbios.aem4f : BIOS.obj (.text:xdc_runtime_Core_deleteObject__I)
                  0000cea6    00000002     ui.obj (.text:printvalue)
                  0000cea8    00000064     drivers_msp432p401x.aem4f : Button.oem4f (.text:Button_gpioCallbackFxn)
                  0000cf0c    00000064                               : SPIMSP432DMA.oem4f (.text:SPIMSP432DMA_close)
                  0000cf70    00000064     rtsv7M4_T_le_v4SPD16_eabi.lib : s_frexp.c.obj (.text:frexp)
                  0000cfd4    00000004     release_pem4f.oem4f (.text:ti_sysbios_BIOS_RtsGateProxy_leave__E)
                  0000cfd8    00000064     sysbios.aem4f : BIOS.obj (.text:pthread_exit)
                  0000d03c    00000004     release_pem4f.oem4f (.text:ti_sysbios_family_arm_m3_Hwi_delete)
                  0000d040    00000064     sysbios.aem4f : BIOS.obj (.text:ti_sysbios_family_arm_m3_Hwi_dispatchC__I)
                  0000d0a4    00000060     drivers_msp432p401x.aem4f : ADCMSP432.oem4f (.text:ADCMSP432_convertToMicroVolts)
                  0000d104    00000060     uart.obj (.text:CheckSum)
                  0000d164    00000060     ui.obj (.text:Draw)
                  0000d1c4    00000060     ui.obj (.text:DrawFeatureView)
                  0000d224    00000060     ui.obj (.text:DrawFlagView)
                  0000d284    00000060     drivers_msp432p401x.aem4f : GPIOMSP432.oem4f (.text:GPIO_setCallback)
                  0000d2e4    00000004     release_pem4f.oem4f (.text:ti_sysbios_family_arm_m3_TaskSupport_Module__startupDone__S)
                  0000d2e8    00000060     sysbios.aem4f : BIOS.obj (.text:ti_sysbios_knl_Semaphore_post__E)
                  0000d348    00000060                   : BIOS.obj (.text:ti_sysbios_knl_Swi_run__I)
                  0000d3a8    0000005e     msp432p4xx_driverlib.lib : pcm.o (.text:PCM_getCoreVoltageLevel)
                  0000d406    00000002     rtsv7M4_T_le_v4SPD16_eabi.lib : div0.asm.obj (.text)
                  0000d408    0000005c     display.aem4f : Display.oem4f (.text:Display_doOpen)
                  0000d464    0000005c     console.obj (.text:Display_uart_init)
                  0000d4c0    0000005c     spi_lcd.obj (.text:lcd_clear)
                  0000d51c    00000004     release_pem4f.oem4f (.text:ti_sysbios_heaps_HeapMem_Module_GateProxy_enter__E)
                  0000d520    0000005c     sysbios.aem4f : BIOS.obj (.text:ti_sysbios_knl_Swi_schedule__I)
                  0000d57c    00000004     release_pem4f.oem4f (.text:ti_sysbios_heaps_HeapMem_Module_GateProxy_leave__E)
                  0000d580    0000005c     sysbios.aem4f : BIOS.obj (.text:ti_sysbios_knl_Task_startCore__E)
                  0000d5dc    00000004     release_pem4f.oem4f (.text:ti_sysbios_knl_Clock_TimerProxy_getMaxTicks__E)
                  0000d5e0    0000005c     sysbios.aem4f : BIOS.obj (.text:xdc_runtime_Startup_exec__E)
                  0000d63c    0000005a     msp432p4xx_driverlib.lib : pcm.o (.text:PCM_getPowerMode)
                  0000d696    0000005a     drivers_msp432p401x.aem4f : ADCMSP432.oem4f (.text:initHw)
                  0000d6f0    00000058                               : GPIOMSP432.oem4f (.text:GPIO_write)
                  0000d748    00000058     boot.aem4f : boot.oem4f (.text)
                  0000d7a0    00000058     drivers_msp432p401x.aem4f : UARTMSP432.oem4f (.text:readIsrBinaryBlocking)
                  0000d7f8    00000058                               : SPIMSP432DMA.oem4f (.text:spiHwiFxn)
                  0000d850    00000058     sysbios.aem4f : m3_Hwi_asm_switch.obj (.text:ti_sysbios_family_arm_m3_Hwi_initStacks__E)
                  0000d8a8    00000056     rtsv7M4_T_le_v4SPD16_eabi.lib : _printfi.c.obj (.text:_pconv_f)
                  0000d8fe    00000056     drivers_msp432p401x.aem4f : I2CMSP432.oem4f (.text:completeTransfer)
                  0000d954    00000054     msp432p4xx_driverlib.lib : pcm.o (.text:PCM_shutdownDevice)
                  0000d9a8    00000054     drivers_msp432p401x.aem4f : TimerMSP432.oem4f (.text:TimerMSP432_freeTimerResource)
                  0000d9fc    00000054     rtsv7M4_T_le_v4SPD16_eabi.lib : _ltoa.c.obj (.text:__TI_ltoa)
                  0000da50    00000054     beep.obj (.text:beep_init)
                  0000daa4    00000054     uart.obj (.text:handleMoveEvt)
                  0000daf8    00000054     release_pem4f.oem4f (.text:ti_sysbios_family_arm_m3_Hwi_create)
                  0000db4c    00000004     release_pem4f.oem4f (.text:ti_sysbios_knl_Clock_delete)
                  0000db50    00000054     sysbios.aem4f : BIOS.obj (.text:ti_sysbios_family_arm_msp432_Timer_initDevice__I)
                  0000dba4    00000052     rtsv7M4_T_le_v4SPD16_eabi.lib : _printfi.c.obj (.text:_ecpy)
                  0000dbf6    00000002     release_pem4f.oem4f (.text:ti_sysbios_BIOS_nullFunc__I)
                  0000dbf8    00000050     dpl_msp432p401x.aem4f : ClockP_tirtos.oem4f (.text:ClockP_create)
                  0000dc48    00000050     drivers_msp432p401x.aem4f : LED.oem4f (.text:LED_startBlinking)
                  0000dc98    00000050                               : TimerMSP432.oem4f (.text:TimerMSP432_hwiIntFunction)
                  0000dce8    00000050                               : UDMAMSP432.oem4f (.text:UDMAMSP432_hwiFxn)
                  0000dd38    00000050     ui.obj (.text:gotoViewById)
                  0000dd88    00000050     spi_lcd.obj (.text:lcd_showstr)
                  0000ddd8    00000050     sysbios.aem4f : BIOS.obj (.text:ti_sysbios_family_arm_m3_Hwi_Module_startup__E)
                  0000de28    00000050     release_pem4f.oem4f (.text:ti_sysbios_knl_Task_create)
                  0000de78    00000050     ui.obj (.text:ui_init)
                  0000dec8    0000004e     drivers_msp432p401x.aem4f : TimerMSP432.oem4f (.text:TimerMSP432_close)
                  0000df16    00000002     --HOLE-- [fill = 0]
                  0000df18    0000004c     dpl_msp432p401x.aem4f : PowerMSP432_tirtos.oem4f (.text:PowerMSP432_sleepPolicy)
                  0000df64    0000004c     rtsv7M4_T_le_v4SPD16_eabi.lib : atoi.c.obj (.text:atoi)
                  0000dfb0    0000004c     beep.obj (.text:beep_set)
                  0000dffc    0000004c     rtsv7M4_T_le_v4SPD16_eabi.lib : cpy_tbl.c.obj (.text:copy_in)
                  0000e048    0000004c     drivers_msp432p401x.aem4f : UARTMSP432.oem4f (.text:readIsrBinaryCallback)
                  0000e094    00000004     release_pem4f.oem4f (.text:ti_sysbios_knl_Semaphore_delete)
                  0000e098    0000004c     sysbios.aem4f : BIOS.obj (.text:ti_sysbios_family_arm_msp432_Timer_postInit__I)
                  0000e0e4    00000004     release_pem4f.oem4f (.text:ti_sysbios_knl_Task_delete)
                  0000e0e8    0000004c     sysbios.aem4f : BIOS.obj (.text:ti_sysbios_family_arm_msp432_Timer_start__E)
                  0000e134    00000004     release_pem4f.oem4f (.text:xdc_runtime_System_Module_GateProxy_enter__E)
                  0000e138    0000004c     sysbios.aem4f : BIOS.obj (.text:ti_sysbios_heaps_HeapMem_getStats__E)
                  0000e184    00000004     release_pem4f.oem4f (.text:xdc_runtime_System_Module_GateProxy_leave__E)
                  0000e188    0000004c     sysbios.aem4f : BIOS.obj (.text:ti_sysbios_knl_Swi_runLoop__I)
                  0000e1d4    00000004     --HOLE-- [fill = 0]
                  0000e1d8    0000004c                   : BIOS.obj (.text:ti_sysbios_knl_Task_allBlockedFunction__I)
                  0000e224    00000004     --HOLE-- [fill = 0]
                  0000e228    0000004c                   : BIOS.obj (.text:ti_sysbios_knl_Task_schedule__I)
                  0000e274    0000004a     display.aem4f : DisplayUart.oem4f (.text:DisplayUartMin_open)
                  0000e2be    00000002     --HOLE-- [fill = 0]
                  0000e2c0    00000048     drivers_msp432p401x.aem4f : PowerMSP432.oem4f (.text:Power_releaseConstraint)
                  0000e308    00000048     rtsv7M4_T_le_v4SPD16_eabi.lib : fd_toi_t2.asm.obj (.text)
                  0000e350    00000048     sysbios.aem4f : BIOS.obj (.text:ti_sysbios_family_arm_m3_Hwi_disableInterrupt__E)
                  0000e398    00000048                   : BIOS.obj (.text:ti_sysbios_family_arm_m3_Hwi_enableInterrupt__E)
                  0000e3e0    00000048                   : BIOS.obj (.text:ti_sysbios_knl_Mailbox_Module_startup__E)
                  0000e428    00000048                   : BIOS.obj (.text:xdc_runtime_Core_assignParams__I)
                  0000e470    00000046     display.aem4f : DisplayUart.oem4f (.text:DisplayUartMin_vprintf)
                  0000e4b6    00000046     drivers_msp432p401x.aem4f : RingBuf.oem4f (.text:RingBuf_put)
                  0000e4fc    00000044                               : ADC.oem4f (.text:ADC_init)
                  0000e540    00000044     ui.obj (.text:HandleFlashView)
                  0000e584    00000044     drivers_msp432p401x.aem4f : I2C.oem4f (.text:I2C_init)
                  0000e5c8    00000044                               : PWM.oem4f (.text:PWM_init)
                  0000e60c    00000044                               : SPI.oem4f (.text:SPI_init)
                  0000e650    00000044                               : Timer.oem4f (.text:Timer_init)
                  0000e694    00000044                               : UART.oem4f (.text:UART_init)
                  0000e6d8    00000044                               : I2CMSP432.oem4f (.text:perfChangeNotifyFxn)
                  0000e71c    00000044     rtsv7M4_T_le_v4SPD16_eabi.lib : fd_tou_t2.asm.obj (.text)
                  0000e760    00000044     sysbios.aem4f : BIOS.obj (.text:ti_sysbios_family_arm_m3_Hwi_getStackInfo__E)
                  0000e7a4    00000004     --HOLE-- [fill = 0]
                  0000e7a8    00000044                   : BIOS.obj (.text:ti_sysbios_knl_Swi_post__E)
                  0000e7ec    00000040     drivers_msp432p401x.aem4f : ADCMSP432.oem4f (.text:ADCMSP432_close)
                  0000e82c    00000040                               : ADC.oem4f (.text:ADC_open)
                  0000e86c    00000040     ui.obj (.text:HandleBootView)
                  0000e8ac    00000040     dpl_msp432p401x.aem4f : HwiP_tirtos.oem4f (.text:HwiP_create)
                  0000e8ec    00000040     drivers_msp432p401x.aem4f : I2C.oem4f (.text:I2C_open)
                  0000e92c    00000040                               : PWM.oem4f (.text:PWM_open)
                  0000e96c    00000040                               : RingBuf.oem4f (.text:RingBuf_get)
                  0000e9ac    00000040                               : SPI.oem4f (.text:SPI_open)
                  0000e9ec    00000040     adcTSL1401.obj (.text:TSL1401_adc_Thread)
                  0000ea2c    00000040     drivers_msp432p401x.aem4f : Timer.oem4f (.text:Timer_open)
                  0000ea6c    00000040                               : UARTMSP432.oem4f (.text:UARTMSP432_read)
                  0000eaac    00000040                               : UART.oem4f (.text:UART_open)
                  0000eaec    00000040     beep.obj (.text:beep_pwm_Thread)
                  0000eb2c    00000040     drivers_msp432p401x.aem4f : PWMTimerMSP432.oem4f (.text:getDutyCounts)
                  0000eb6c    00000040                               : PWMTimerMSP432.oem4f (.text:getPeriodCounts)
                  0000ebac    00000040     msp432p4xx_driverlib.lib : spi.o (.text:is_A_Module)
                  0000ebec    00000040     drivers_msp432p401x.aem4f : UARTMSP432.oem4f (.text:perfChangeNotifyFxn)
                  0000ec2c    00000040     rtsv7M4_T_le_v4SPD16_eabi.lib : u_divt2.asm.obj (.text)
                  0000ec6c    00000040                                   : sprintf.c.obj (.text:sprintf)
                  0000ecac    00000004     --HOLE-- [fill = 0]
                  0000ecb0    00000040     sysbios.aem4f : BIOS.obj (.text:ti_sysbios_family_arm_msp432_Timer_Module_startup__E)
                  0000ecf0    00000040                   : BIOS.obj (.text:ti_sysbios_family_arm_msp432_Timer_startup__E)
                  0000ed30    00000040                   : BIOS.obj (.text:ti_sysbios_heaps_HeapMem_Instance_init__E)
                  0000ed70    00000040                   : BIOS.obj (.text:ti_sysbios_knl_Clock_Instance_init__E)
                  0000edb0    0000003e     drivers_msp432p401x.aem4f : LED.oem4f (.text:LED_setBrightnessLevel)
                  0000edee    0000003e     rtsv7M4_T_le_v4SPD16_eabi.lib : _printfi.c.obj (.text:_fcpy)
                  0000ee2c    0000003c     drivers_msp432p401x.aem4f : LED.oem4f (.text:LED_setOff)
                  0000ee68    0000003c     dpl_msp432p401x.aem4f : SemaphoreP_tirtos.oem4f (.text:SemaphoreP_create)
                  0000eea4    0000003c     console.obj (.text:consoleThread)
                  0000eee0    0000003c     sysbios.aem4f : BIOS.obj (.text:sleep)
                  0000ef1c    00000004     --HOLE-- [fill = 0]
                  0000ef20    0000003c                   : BIOS.obj (.text:ti_sysbios_family_arm_m3_Hwi_Instance_finalize__E)
                  0000ef5c    00000004     --HOLE-- [fill = 0]
                  0000ef60    0000003c                   : BIOS.obj (.text:ti_sysbios_family_arm_msp432_Seconds_Module_startup__E)
                  0000ef9c    0000003c     release_pem4f.oem4f (.text:ti_sysbios_knl_Clock_create)
                  0000efd8    0000003c     sysbios.aem4f : BIOS.obj (.text:ti_sysbios_knl_Swi_restore__E)
                  0000f014    00000004     --HOLE-- [fill = 0]
                  0000f018    0000003c                   : BIOS.obj (.text:usleep)
                  0000f054    00000038     drivers_msp432p401x.aem4f : GPIOMSP432.oem4f (.text:GPIO_toggle)
                  0000f08c    00000038                               : PowerMSP432.oem4f (.text:Power_setConstraint)
                  0000f0c4    00000038                               : TimerMSP432.oem4f (.text:TimerMSP432_getCount)
                  0000f0fc    00000038                               : PowerMSP432.oem4f (.text:notify)
                  0000f134    00000038     rtsv7M4_T_le_v4SPD16_eabi.lib : fs_tod_t2.asm.obj (.text)
                  0000f16c    00000038     uart.obj (.text:uart_Thread)
                  0000f1a4    00000004     --HOLE-- [fill = 0]
                  0000f1a8    00000038     sysbios.aem4f : BIOS.obj (.text:xdc_runtime_System_atexit__E)
                  0000f1e0    00000036     drivers_msp432p401x.aem4f : LED.oem4f (.text:LED_setOn)
                  0000f216    00000036                               : UARTMSP432.oem4f (.text:UARTMSP432_readCancel)
                  0000f24c    00000036                               : LED.oem4f (.text:clockTimeoutHandler)
                  0000f282    00000002     --HOLE-- [fill = 0]
                  0000f284    00000034                               : GPIOMSP432.oem4f (.text:GPIO_disableInt)
                  0000f2b8    00000034                               : GPIOMSP432.oem4f (.text:GPIO_enableInt)
                  0000f2ec    00000034     release_pem4f.oem4f (.text:ti_sysbios_knl_Semaphore_create)
                  0000f320    00000032     sysbios.aem4f : BIOS.obj (.text:ti_sysbios_hal_Hwi_initStack)
                  0000f352    00000006     display.aem4f : DisplayUart.oem4f (.text:DisplayUartMin_getType)
                  0000f358    00000032     sysbios.aem4f : BIOS.obj (.text:xdc_runtime_System_putchar__I)
                  0000f38a    00000002     --HOLE-- [fill = 0]
                  0000f38c    00000030     drivers_msp432p401x.aem4f : ADCMSP432.oem4f (.text:ADCMSP432_init)
                  0000f3bc    00000030     uart.obj (.text:UartTaskInit)
                  0000f3ec    00000030     drivers_msp432p401x.aem4f : I2CMSP432.oem4f (.text:mapPin)
                  0000f41c    00000030                               : PWMTimerMSP432.oem4f (.text:mapPin)
                  0000f44c    00000030                               : SPIMSP432DMA.oem4f (.text:mapPin)
                  0000f47c    00000030                               : UARTMSP432.oem4f (.text:mapPin)
                  0000f4ac    00000030     release_pem4f.oem4f (.text:ti_sysbios_BIOS_atExitFunc__I)
                  0000f4dc    00000030     release_pem4f.oem4f (.text:ti_sysbios_BIOS_startFunc__I)
                  0000f50c    00000004     --HOLE-- [fill = 0]
                  0000f510    00000030     sysbios.aem4f : BIOS.obj (.text:ti_sysbios_family_arm_m3_TaskSupport_start__E)
                  0000f540    00000030     release_pem4f.oem4f (.text:ti_sysbios_gates_GateHwi_Object__create__S)
                  0000f570    00000030     release_pem4f.oem4f (.text:ti_sysbios_gates_GateMutex_Object__create__S)
                  0000f5a0    00000030     sysbios.aem4f : BIOS.obj (.text:ti_sysbios_gates_GateMutex_enter__E)
                  0000f5d0    00000030     release_pem4f.oem4f (.text:ti_sysbios_heaps_HeapMem_Object__create__S)
                  0000f600    00000030     sysbios.aem4f : BIOS.obj (.text:ti_sysbios_knl_Event_pendTimeout__I)
                  0000f630    00000030                   : BIOS.obj (.text:ti_sysbios_knl_Mailbox_postInit__I)
                  0000f660    00000030     release_pem4f.oem4f (.text:ti_sysbios_knl_Semaphore_construct)
                  0000f690    00000030     sysbios.aem4f : BIOS.obj (.text:ti_sysbios_knl_Semaphore_pendTimeout__I)
                  0000f6c0    00000030                   : BIOS.obj (.text:ti_sysbios_knl_Task_processVitalTaskFlag__I)
                  0000f6f0    00000030                   : BIOS.obj (.text:ti_sysbios_knl_Task_restore__E)
                  0000f720    00000030                   : BIOS.obj (.text:ti_sysbios_knl_Task_unblockI__E)
                  0000f750    00000030                   : BIOS.obj (.text:xdc_runtime_System_processAtExit__E)
                  0000f780    0000002e                   : BIOS.obj (.text:pthread_setcancelstate)
                  0000f7ae    0000002e     rtsv7M4_T_le_v4SPD16_eabi.lib : i_tofd_t2.asm.obj (.text)
                  0000f7dc    0000002c     encoder.obj (.text:ENCODER_1A_CB)
                  0000f808    0000002c     encoder.obj (.text:ENCODER_1B_CB)
                  0000f834    0000002c     encoder.obj (.text:ENCODER_2A_CB)
                  0000f860    0000002c     encoder.obj (.text:ENCODER_2B_CB)
                  0000f88c    0000002c     encoder.obj (.text:ENCODER_3A_CB)
                  0000f8b8    0000002c     encoder.obj (.text:ENCODER_3B_CB)
                  0000f8e4    0000002c     encoder.obj (.text:ENCODER_4A_CB)
                  0000f910    0000002c     encoder.obj (.text:ENCODER_4B_CB)
                  0000f93c    0000002c     dpl_msp432p401x.aem4f : PowerMSP432_tirtos.oem4f (.text:PowerMSP432_updateFreqs)
                  0000f968    0000002c     msp432p4xx_driverlib.lib : rtc_c.o (.text:RTC_C_holdClock)
                  0000f994    0000002c     dpl_msp432p401x.aem4f : SemaphoreP_tirtos.oem4f (.text:SemaphoreP_createBinary)
                  0000f9c0    0000002c     sysbios.aem4f : BIOS.obj (.text:_pthread_cleanupFxn)
                  0000f9ec    00000004     --HOLE-- [fill = 0]
                  0000f9f0    0000002c                   : BIOS.obj (.text:_pthread_delete$43)
                  0000fa1c    0000002c     ec11.obj (.text:ec11_read)
                  0000fa48    0000002c     spi_lcd.obj (.text:lcd_drawpoint)
                  0000fa74    0000002c     drivers_msp432p401x.aem4f : TimerMSP432.oem4f (.text:perfChangeNotifyFxn)
                  0000faa0    0000002c     release_pem4f.oem4f (.text:ti_sysbios_gates_GateHwi_Handle__label__S)
                  0000facc    0000002c     release_pem4f.oem4f (.text:ti_sysbios_gates_GateMutex_Handle__label__S)
                  0000faf8    0000002c     release_pem4f.oem4f (.text:ti_sysbios_heaps_HeapMem_Handle__label__S)
                  0000fb24    0000002c     release_pem4f.oem4f (.text:ti_sysbios_knl_Clock_doTick__I)
                  0000fb50    0000002c     release_pem4f.oem4f (.text:ti_sysbios_knl_Event_construct)
                  0000fb7c    0000002c     release_pem4f.oem4f (.text:ti_sysbios_knl_Queue_construct)
                  0000fba8    0000002c     uart.obj (.text:uart1ReadCallback)
                  0000fbd4    0000002a     display.aem4f : Display.oem4f (.text:Display_doPrintf)
                  0000fbfe    0000002a     drivers_msp432p401x.aem4f : SPIMSP432DMA.oem4f (.text:perfChangeNotifyFxn)
                  0000fc28    00000028     msp432p4xx_driverlib.lib : adc14.o (.text:ADC14_getResult)
                  0000fc50    00000028     display.aem4f : Display.oem4f (.text:Display_doInit)
                  0000fc78    00000028     msp432p4xx_driverlib.lib : pcm.o (.text:PCM_gotoLPM0)
                  0000fca0    00000028     drivers_msp432p401x.aem4f : PowerMSP432.oem4f (.text:Power_registerNotify)
                  0000fcc8    00000028     msp432p4xx_driverlib.lib : spi.o (.text:SPI_getInterruptStatus)
                  0000fcf0    00000028     drivers_msp432p401x.aem4f : PowerMSP432.oem4f (.text:disableFaultCounter)
                  0000fd18    00000028                               : PowerMSP432.oem4f (.text:disableHFXT)
                  0000fd40    00000028                               : UARTMSP432.oem4f (.text:findBaudDividerIndex)
                  0000fd68    00000028     sysbios.aem4f : m3_Hwi_asm.obj (.text:ti_sysbios_family_arm_m3_Hwi_excHandlerAsm__I)
                  0000fd90    00000028                   : BIOS.obj (.text:ti_sysbios_knl_Clock_addI__E)
                  0000fdb8    00000028                   : BIOS.obj (.text:ti_sysbios_knl_Swi_Module_startup__E)
                  0000fde0    00000026     drivers_msp432p401x.aem4f : List.oem4f (.text:List_put)
                  0000fe06    00000026                               : List.oem4f (.text:List_remove)
                  0000fe2c    00000026                               : PWMTimerMSP432.oem4f (.text:releaseConstraints)
                  0000fe52    00000026     sysbios.aem4f : m3_Hwi_asm.obj (.text:ti_sysbios_family_arm_m3_Hwi_pendSV__I)
                  0000fe78    00000024     msp432p4xx_driverlib.lib : wdt_a.o (.text:WDT_A_holdTimer)
                  0000fe9c    00000004     --HOLE-- [fill = 0]
                  0000fea0    00000024     sysbios.aem4f : BIOS.obj (.text:pthread_attr_init)
                  0000fec4    00000024     release_pem4f.oem4f (.text:ti_sysbios_BIOS_registerRTSLock__I)
                  0000fee8    00000024     release_pem4f.oem4f (.text:ti_sysbios_BIOS_removeRTSLock__I)
                  0000ff0c    00000004     --HOLE-- [fill = 0]
                  0000ff10    00000024     sysbios.aem4f : BIOS.obj (.text:ti_sysbios_family_arm_msp432_ClockFreqs_setFrequency__E)
                  0000ff34    00000024     release_pem4f.oem4f (.text:ti_sysbios_gates_GateMutex_Object__delete__S)
                  0000ff58    00000024     sysbios.aem4f : BIOS.obj (.text:ti_sysbios_knl_Clock_Module_startup__E)
                  0000ff7c    00000024     release_pem4f.oem4f (.text:ti_sysbios_knl_Clock_Object__delete__S)
                  0000ffa0    00000024     sysbios.aem4f : BIOS.obj (.text:ti_sysbios_knl_Clock_start__E)
                  0000ffc4    00000004     --HOLE-- [fill = 0]
                  0000ffc8    00000024                   : BIOS.obj (.text:ti_sysbios_knl_Semaphore_Instance_init__E)
                  0000ffec    00000024     release_pem4f.oem4f (.text:ti_sysbios_knl_Semaphore_Object__delete__S)
                  00010010    00000024     sysbios.aem4f : BIOS.obj (.text:ti_sysbios_knl_Task_restoreHwi__E)
                  00010034    00000004     --HOLE-- [fill = 0]
                  00010038    00000024                   : BIOS.obj (.text:xdc_runtime_Error_policyMin__E)
                  0001005c    00000022     drivers_msp432p401x.aem4f : LED.oem4f (.text:LED_stopBlinking)
                  0001007e    00000022     ui.obj (.text:is_number)
                  000100a0    00000020     msp432p4xx_driverlib.lib : cs.o (.text:CS_setExternalClockSourceFrequency)
                  000100c0    00000020     drivers_msp432p401x.aem4f : GPIOMSP432.oem4f (.text:GPIO_read)
                  000100e0    00000020                               : PowerMSP432.oem4f (.text:Power_unregisterNotify)
                  00010100    00000020                               : RingBuf.oem4f (.text:RingBuf_peek)
                  00010120    00000020     rtsv7M4_T_le_v4SPD16_eabi.lib : u_tofd_t2.asm.obj (.text)
                  00010140    00000020     release_pem4f.oem4f (.text:ti_sysbios_BIOS_rtsLock__I)
                  00010160    00000020     release_pem4f.oem4f (.text:ti_sysbios_family_arm_m3_Hwi_Object__delete__S)
                  00010180    00000020     sysbios.aem4f : BIOS.obj (.text:ti_sysbios_family_arm_m3_Hwi_clearInterrupt__E)
                  000101a0    00000020     release_pem4f.oem4f (.text:ti_sysbios_gates_GateHwi_Object__delete__S)
                  000101c0    00000020     release_pem4f.oem4f (.text:ti_sysbios_heaps_HeapMem_Object__delete__S)
                  000101e0    00000020     sysbios.aem4f : BIOS.obj (.text:ti_sysbios_knl_Idle_run__E)
                  00010200    00000020     release_pem4f.oem4f (.text:ti_sysbios_knl_Semaphore_destruct)
                  00010220    00000020     release_pem4f.oem4f (.text:ti_sysbios_knl_Task_Object__delete__S)
                  00010240    0000001e     drivers_msp432p401x.aem4f : PWMTimerMSP432.oem4f (.text:corroboratePeriod)
                  0001025e    0000001e                               : Button.oem4f (.text:msToTicks)
                  0001027c    0000001e                               : LED.oem4f (.text:msToTicks)
                  0001029a    0000001e     sysbios.aem4f : m3_Hwi_asm_switch.obj (.text:ti_sysbios_family_xxx_Hwi_switchAndRunFunc)
                  000102b8    0000001c     ti_drivers_config.obj (.text:dmaErrorFxn)
                  000102d4    0000001c     rtsv7M4_T_le_v4SPD16_eabi.lib : memccpy.c.obj (.text:memccpy)
                  000102f0    0000001c     sysbios.aem4f : BIOS.obj (.text:ti_sysbios_family_arm_m3_Hwi_excHandler__I)
                  0001030c    00000004     --HOLE-- [fill = 0]
                  00010310    0000001c                   : BIOS.obj (.text:ti_sysbios_gates_GateMutex_Instance_init__E)
                  0001032c    00000004     --HOLE-- [fill = 0]
                  00010330    0000001c                   : BIOS.obj (.text:ti_sysbios_knl_Clock_Instance_finalize__E)
                  0001034c    0000001c     release_pem4f.oem4f (.text:ti_sysbios_knl_Queue_destruct)
                  00010368    0000001c     sysbios.aem4f : BIOS.obj (.text:ti_sysbios_knl_Queue_put__E)
                  00010384    00000004     --HOLE-- [fill = 0]
                  00010388    0000001c                   : BIOS.obj (.text:ti_sysbios_knl_Task_enter__I)
                  000103a4    00000004     --HOLE-- [fill = 0]
                  000103a8    0000001c                   : BIOS.obj (.text:ti_sysbios_rts_ti_ReentSupport_getReent__F)
                  000103c4    00000004     --HOLE-- [fill = 0]
                  000103c8    0000001c                   : BIOS.obj (.text:xdc_runtime_Memory_valloc__E)
                  000103e4    00000004     --HOLE-- [fill = 0]
                  000103e8    0000001c                   : BIOS.obj (.text:xdc_runtime_System_abort__E)
                  00010404    0000001a     drivers_msp432p401x.aem4f : LED.oem4f (.text:LED_toggle)
                  0001041e    0000001a     rtsv7M4_T_le_v4SPD16_eabi.lib : s_copysign.c.obj (.text:copysign)
                  00010438    00000018     release_pem4f.oem4f (.text:.bootCodeSection:ti_sysbios_family_arm_msp432_init_Boot_init__I)
                  00010450    00000018     msp432p4xx_driverlib.lib : spi.o (.text:EUSCI_A_SPI_getInterruptStatus)
                  00010468    00000018                              : spi.o (.text:EUSCI_B_SPI_getInterruptStatus)
                  00010480    00000018     drivers_msp432p401x.aem4f : I2C.oem4f (.text:I2C_transfer)
                  00010498    00000018     msp432p4xx_driverlib.lib : sysctl_a.o (.text:SysCtl_A_disableNMISource)
                  000104b0    00000018                              : sysctl_a.o (.text:SysCtl_A_enableNMISource)
                  000104c8    00000018     drivers_msp432p401x.aem4f : UART.oem4f (.text:UART_Params_init)
                  000104e0    00000018     rtsv7M4_T_le_v4SPD16_eabi.lib : args_main.c.obj (.text:_args_main)
                  000104f8    00000018                                   : sprintf.c.obj (.text:_outs)
                  00010510    00000018     drivers_msp432p401x.aem4f : PWMTimerMSP432.oem4f (.text:corroborateDuty)
                  00010528    00000018     release_pem4f.oem4f (.text:ti_sysbios_BIOS_rtsUnlock__I)
                  00010540    00000018     release_pem4f.oem4f (.text:ti_sysbios_family_arm_m3_Hwi_Module__startupDone__F)
                  00010558    00000018     sysbios.aem4f : m3_TaskSupport_asm.obj (.text:ti_sysbios_family_arm_m3_TaskSupport_swap__E)
                  00010570    00000018     release_pem4f.oem4f (.text:ti_sysbios_family_arm_msp432_Timer_Module__startupDone__F)
                  00010588    00000018     sysbios.aem4f : BIOS.obj (.text:ti_sysbios_gates_GateMutex_leave__E)
                  000105a0    00000018                   : BIOS.obj (.text:ti_sysbios_knl_Task_sleepTimeout__I)
                  000105b8    00000018     release_pem4f.oem4f (.text:ti_sysbios_rts_ti_ReentSupport_getTlsAddr__I)
                  000105d0    00000018     sysbios.aem4f : BIOS.obj (.text:xdc_runtime_Error_init__E)
                  000105e8    00000018                   : BIOS.obj (.text:xdc_runtime_System_exit__E)
                  00010600    00000016     display.aem4f : DisplayUart.oem4f (.text:DisplayUartMin_close)
                  00010616    00000016     rtsv7M4_T_le_v4SPD16_eabi.lib : strchr.c.obj (.text:strchr)
                  0001062c    00000016     release_pem4f.oem4f (.text:ti_sysbios_BIOS_exitFunc__I)
                  00010642    00000016     uart.obj (.text:ti_sysbios_knl_Event_Params_init)
                  00010658    00000016     sysbios.aem4f : BIOS.obj (.text:ti_sysbios_knl_Task_unblock__E)
                  0001066e    00000002     --HOLE-- [fill = 0]
                  00010670    00000014     msp432p4xx_driverlib.lib : pcm.o (.text:PCM_getPowerState)
                  00010684    00000014     drivers_msp432p401x.aem4f : PWM.oem4f (.text:PWM_Params_init)
                  00010698    00000014                               : PowerMSP432.oem4f (.text:Power_idleFunc)
                  000106ac    00000014                               : SPI.oem4f (.text:SPI_Params_init)
                  000106c0    00000014                               : UARTMSP432.oem4f (.text:clearTXCPTIFG)
                  000106d4    00000004     --HOLE-- [fill = 0]
                  000106d8    00000014     sysbios.aem4f : BIOS.obj (.text:pthread_attr_setschedparam)
                  000106ec    00000014     rtsv7M4_T_le_v4SPD16_eabi.lib : strlen.c.obj (.text:strlen)
                  00010700    00000014     release_pem4f.oem4f (.text:ti_sysbios_family_arm_m3_Hwi_Object__get__S)
                  00010714    00000004     --HOLE-- [fill = 0]
                  00010718    00000014     sysbios.aem4f : BIOS.obj (.text:ti_sysbios_family_arm_m3_Hwi_switchFromBootStack__E)
                  0001072c    00000014     release_pem4f.oem4f (.text:ti_sysbios_heaps_HeapMem_Object__get__S)
                  00010740    00000014     sysbios.aem4f : BIOS.obj (.text:ti_sysbios_knl_Event_Instance_init__E)
                  00010754    00000014     release_pem4f.oem4f (.text:ti_sysbios_knl_Swi_Object__get__S)
                  00010768    00000014     drivers_msp432p401x.aem4f : Button.oem4f (.text:ticksToMs)
                  0001077c    00000014                               : Button.oem4f (.text:timediff)
                  00010790    00000012                               : LED.oem4f (.text:LED_Params_init)
                  000107a2    00000012                               : RingBuf.oem4f (.text:RingBuf_construct)
                  000107b4    00000012     dpl_msp432p401x.aem4f : SemaphoreP_tirtos.oem4f (.text:SemaphoreP_pend)
                  000107c6    00000002     --HOLE-- [fill = 0]
                  000107c8    00000012     sysbios.aem4f : BIOS.obj (.text:_pthread_cleanup_pop)
                  000107da    00000006     display.aem4f : Display.oem4f (.text:Display_doParamsInit)
                  000107e0    00000012     sysbios.aem4f : BIOS.obj (.text:_pthread_runStub$43)
                  000107f2    00000006     drivers_msp432p401x.aem4f : I2CMSP432.oem4f (.text:I2CMSP432_control)
                  000107f8    00000012     sysbios.aem4f : BIOS.obj (.text:ti_sysbios_hal_Hwi_Module_startup__E)
                  0001080a    00000012     rtsv7M4_T_le_v4SPD16_eabi.lib : wcslen.c.obj (.text:wcslen)
                  0001081c    00000012     release_pem4f.oem4f (.text:xdc_runtime_Startup_exec__I)
                  0001082e    00000002     --HOLE-- [fill = 0]
                  00010830    00000010     msp432p4xx_driverlib.lib : adc14.o (.text:ADCIsConversionRunning)
                  00010840    00000010     drivers_msp432p401x.aem4f : Button.oem4f (.text:Button_Params_init)
                  00010850    00000010                               : GPIOMSP432.oem4f (.text:GPIO_getConfig)
                  00010860    00000010     dpl_msp432p401x.aem4f : HwiP_tirtos.oem4f (.text:HwiP_Params_init)
                  00010870    00000010     drivers_msp432p401x.aem4f : I2C.oem4f (.text:I2C_Params_init)
                  00010880    00000010     msp432p4xx_driverlib.lib : pcm.o (.text:PCM_gotoLPM4)
                  00010890    00000010                              : pcm.o (.text:PCM_setPowerMode)
                  000108a0    00000010                              : pcm.o (.text:PCM_setPowerState)
                  000108b0    00000010     drivers_msp432p401x.aem4f : PowerMSP432.oem4f (.text:PowerMSP432_getNumPerfLevels)
                  000108c0    00000010     msp432p4xx_driverlib.lib : sysctl_a.o (.text:SysCtl_A_getNMISourceStatus)
                  000108d0    00000010                              : sysctl.o (.text:SysCtl_getNMISourceStatus)
                  000108e0    00000010     drivers_msp432p401x.aem4f : Timer.oem4f (.text:Timer_Params_init)
                  000108f0    00000010                               : UARTMSP432.oem4f (.text:readBlockingTimeout)
                  00010900    00000010     sysbios.aem4f : BIOS.obj (.text:ti_sysbios_BIOS_exit__E)
                  00010910    00000010                   : BIOS.obj (.text:ti_sysbios_BIOS_setCpuFreq__E)
                  00010920    00000010                   : BIOS.obj (.text:ti_sysbios_BIOS_setThreadType__E)
                  00010930    00000010                   : BIOS.obj (.text:ti_sysbios_BIOS_start__E)
                  00010940    00000010                   : m3_TaskSupport_asm.obj (.text:ti_sysbios_family_arm_m3_TaskSupport_glue)
                  00010950    00000010                   : BIOS.obj (.text:ti_sysbios_family_arm_msp432_init_Boot_disableWatchdog)
                  00010960    00000010                   : BIOS.obj (.text:ti_sysbios_gates_GateMutex_Instance_finalize__E)
                  00010970    00000010     release_pem4f.oem4f (.text:ti_sysbios_knl_Mailbox_Object__get__S)
                  00010980    00000010     sysbios.aem4f : BIOS.obj (.text:ti_sysbios_knl_Semaphore_Instance_finalize__E)
                  00010990    00000010                   : BIOS.obj (.text:ti_sysbios_knl_Swi_disable__E)
                  000109a0    00000010     release_pem4f.oem4f (.text:ti_sysbios_knl_Task_Object__get__S)
                  000109b0    00000010     sysbios.aem4f : BIOS.obj (.text:ti_sysbios_knl_Task_disable__E)
                  000109c0    00000010                   : BIOS.obj (.text:xdc_runtime_Gate_leaveSystem__E)
                  000109d0    00000010                   : BIOS.obj (.text:xdc_runtime_Memory_free__E)
                  000109e0    00000010                   : BIOS.obj (.text:xdc_runtime_SysCallback_abort__E)
                  000109f0    00000010                   : BIOS.obj (.text:xdc_runtime_SysCallback_exit__E)
                  00010a00    00000010                   : BIOS.obj (.text:xdc_runtime_SysCallback_putch__E)
                  00010a10    00000010                   : BIOS.obj (.text:xdc_runtime_SysCallback_ready__E)
                  00010a20    00000010                   : BIOS.obj (.text:xdc_runtime_System_vsnprintf__E)
                  00010a30    0000000e     rtsv7M4_T_le_v4SPD16_eabi.lib : copy_decompress_none.c.obj (.text:decompress:none:__TI_decompress_none)
                  00010a3e    00000002     --HOLE-- [fill = 0]
                  00010a40    0000000e     sysbios.aem4f : BIOS.obj (.text:pthread_attr_setdetachstate)
                  00010a4e    00000002     --HOLE-- [fill = 0]
                  00010a50    0000000e                   : BIOS.obj (.text:ti_sysbios_knl_Idle_loop__E)
                  00010a5e    00000002     --HOLE-- [fill = 0]
                  00010a60    0000000e                   : BIOS.obj (.text:ti_sysbios_knl_Queue_empty__E)
                  00010a6e    0000000e     spi_lcd.obj (.text:timerCallback)
                  00010a7c    0000000e     uart.obj (.text:uart2ReadCallback)
                  00010a8a    0000000e     uart.obj (.text:uart2WriteCallback)
                  00010a98    0000000e     uart.obj (.text:uart3ReadCallback)
                  00010aa6    0000000e     uart.obj (.text:uart3WriteCallback)
                  00010ab4    0000000e     uart.obj (.text:uartWriteCallback)
                  00010ac2    0000000c     ti_drivers_config.obj (.text:Board_init)
                  00010ace    0000000c     msp432p4xx_driverlib.lib : cpu.o (.text:CPU_cpsid)
                  00010ada    0000000c                              : cpu.o (.text:CPU_cpsie)
                  00010ae6    0000000c     dpl_msp432p401x.aem4f : ClockP_tirtos.oem4f (.text:ClockP_delete)
                  00010af2    00000002     --HOLE-- [fill = 0]
                  00010af4    0000000c                           : ClockP_tirtos.oem4f (.text:ClockP_getSystemTickPeriod)
                  00010b00    0000000c                           : HwiP_tirtos.oem4f (.text:HwiP_delete)
                  00010b0c    0000000c     ui.obj (.text:Invalidate)
                  00010b18    0000000c     drivers_msp432p401x.aem4f : PowerMSP432.oem4f (.text:Power_getConstraintMask)
                  00010b24    0000000c                               : PowerMSP432.oem4f (.text:Power_getPerformanceLevel)
                  00010b30    0000000c     dpl_msp432p401x.aem4f : SemaphoreP_tirtos.oem4f (.text:SemaphoreP_delete)
                  00010b3c    0000000c     rtsv7M4_T_le_v4SPD16_eabi.lib : _lock.c.obj (.text:_register_lock)
                  00010b48    0000000c                                   : _lock.c.obj (.text:_register_unlock)
                  00010b54    0000000c                                   : copy_zero_init.c.obj (.text:decompress:ZI:__TI_zero_init)
                  00010b60    0000000c     encoder.obj (.text:get_encoder1)
                  00010b6c    0000000c     encoder.obj (.text:get_encoder2)
                  00010b78    0000000c     encoder.obj (.text:get_encoder3)
                  00010b84    0000000c     encoder.obj (.text:get_encoder4)
                  00010b90    0000000c     sysbios.aem4f : BIOS.obj (.text:pthread_self)
                  00010b9c    0000000c     release_pem4f.oem4f (.text:ti_sysbios_family_arm_m3_Hwi_Params__init__S)
                  00010ba8    0000000c     sysbios.aem4f : BIOS.obj (.text:ti_sysbios_family_arm_m3_Hwi_disableFxn__E)
                  00010bb4    00000004     --HOLE-- [fill = 0]
                  00010bb8    0000000c                   : BIOS.obj (.text:ti_sysbios_family_arm_m3_TaskSupport_getStackAlignment__E)
                  00010bc4    00000004     --HOLE-- [fill = 0]
                  00010bc8    0000000c                   : BIOS.obj (.text:ti_sysbios_family_arm_msp432_Timer_getMaxTicks__E)
                  00010bd4    00000004     --HOLE-- [fill = 0]
                  00010bd8    0000000c                   : BIOS.obj (.text:ti_sysbios_gates_GateHwi_enter__E)
                  00010be4    0000000c     release_pem4f.oem4f (.text:ti_sysbios_knl_Clock_Params__init__S)
                  00010bf0    0000000c     sysbios.aem4f : BIOS.obj (.text:ti_sysbios_knl_Clock_getTicks__E)
                  00010bfc    0000000c     release_pem4f.oem4f (.text:ti_sysbios_knl_Event_Params__init__S)
                  00010c08    0000000c     uart.obj (.text:ti_sysbios_knl_Event_handle)
                  00010c14    0000000c     release_pem4f.oem4f (.text:ti_sysbios_knl_Queue_Object__get__S)
                  00010c20    0000000c     release_pem4f.oem4f (.text:ti_sysbios_knl_Semaphore_Params__init__S)
                  00010c2c    0000000c     release_pem4f.oem4f (.text:ti_sysbios_knl_Task_Params__init__S)
                  00010c38    0000000c     sysbios.aem4f : BIOS.obj (.text:ti_sysbios_knl_Task_self__E)
                  00010c44    00000004     --HOLE-- [fill = 0]
                  00010c48    0000000c                   : BIOS.obj (.text:ti_sysbios_rts_ti_ReentSupport_taskRegHook__I)
                  00010c54    00000004     --HOLE-- [fill = 0]
                  00010c58    0000000c                   : BIOS.obj (.text:xdc_runtime_Gate_enterSystem__E)
                  00010c64    00000004     --HOLE-- [fill = 0]
                  00010c68    0000000c                   : BIOS.obj (.text:xdc_runtime_Startup_rtsDone__E)
                  00010c74    0000000a     drivers_msp432p401x.aem4f : ADC.oem4f (.text:ADC_Params_init)
                  00010c7e    0000000a                               : ADC.oem4f (.text:ADC_convert)
                  00010c88    0000000a     dpl_msp432p401x.aem4f : ClockP_tirtos.oem4f (.text:ClockP_Params_init)
                  00010c92    0000000a     drivers_msp432p401x.aem4f : PWM.oem4f (.text:PWM_close)
                  00010c9c    0000000a                               : PWM.oem4f (.text:PWM_setDuty)
                  00010ca6    0000000a                               : PWM.oem4f (.text:PWM_setPeriod)
                  00010cb0    0000000a                               : PWM.oem4f (.text:PWM_start)
                  00010cba    0000000a                               : SPI.oem4f (.text:SPI_transfer)
                  00010cc4    0000000a                               : Timer.oem4f (.text:Timer_start)
                  00010cce    0000000a                               : UART.oem4f (.text:UART_close)
                  00010cd8    0000000a                               : UART.oem4f (.text:UART_control)
                  00010ce2    0000000a                               : UART.oem4f (.text:UART_read)
                  00010cec    0000000a                               : UART.oem4f (.text:UART_write)
                  00010cf6    0000000a     rtsv7M4_T_le_v4SPD16_eabi.lib : sprintf.c.obj (.text:_outc)
                  00010d00    0000000a     ui.obj (.text:gotoMainMenuView)
                  00010d0a    0000000a     speed_control.obj (.text:speed_control_Thread)
                  00010d14    0000000a     release_pem4f.oem4f (.text:xdc_runtime_IHeap_alloc)
                  00010d1e    0000000a     release_pem4f.oem4f (.text:xdc_runtime_IHeap_free)
                  00010d28    00000008     drivers_msp432p401x.aem4f : Button.oem4f (.text:Button_getLastPressedDuration)
                  00010d30    00000008     ec11.obj (.text:EC11_GPIO_Init)
                  00010d38    00000008     drivers_msp432p401x.aem4f : LED.oem4f (.text:LED_getState)
                  00010d40    00000008     dpl_msp432p401x.aem4f : SemaphoreP_tirtos.oem4f (.text:SemaphoreP_Params_init)
                  00010d48    00000008     drivers_msp432p401x.aem4f : I2CMSP432.oem4f (.text:blockingTransferCallback)
                  00010d50    00000008                               : SPIMSP432DMA.oem4f (.text:blockingTransferCallback)
                  00010d58    00000008     sysbios.aem4f : BIOS.obj (.text:pthread_attr_setstacksize)
                  00010d60    00000008     drivers_msp432p401x.aem4f : UARTMSP432.oem4f (.text:readSemCallback)
                  00010d68    00000008     sysbios.aem4f : BIOS.obj (.text:ti_sysbios_family_arm_m3_Hwi_doSwiRestore__I)
                  00010d70    00000008                   : BIOS.obj (.text:ti_sysbios_family_arm_m3_Hwi_startup__E)
                  00010d78    00000008     drivers_msp432p401x.aem4f : UARTMSP432.oem4f (.text:txcptEnabledStatus)
                  00010d80    00000008                               : UARTMSP432.oem4f (.text:writeSemCallback)
                  00010d88    00000006                               : PWMTimerMSP432.oem4f (.text:PWMTimerMSP432_control)
                  00010d8e    00000006                               : PWMTimerMSP432.oem4f (.text:PWMTimerMSP432_setDutyAndPeriod)
                  00010d94    00000006                               : SPIMSP432DMA.oem4f (.text:SPIMSP432DMA_control)
                  00010d9a    00000006                               : TimerMSP432.oem4f (.text:TimerMSP432_control)
                  00010da0    00000006     sysbios.aem4f : BIOS.obj (.text:ti_sysbios_family_arm_m3_Hwi_doTaskRestore__I)
                  00010da6    00000002     --HOLE-- [fill = 0]
                  00010da8    00000006                   : BIOS.obj (.text:ti_sysbios_family_arm_m3_Hwi_restoreFxn__E)
                  00010dae    00000002     --HOLE-- [fill = 0]
                  00010db0    00000006                   : BIOS.obj (.text:ti_sysbios_gates_GateHwi_leave__E)
                  00010db6    00000002     --HOLE-- [fill = 0]
                  00010db8    00000006                   : BIOS.obj (.text:ti_sysbios_heaps_HeapMem_isBlocking__E)
                  00010dbe    00000002     --HOLE-- [fill = 0]
                  00010dc0    00000006                   : BIOS.obj (.text:ti_sysbios_knl_Clock_stop__E)
                  00010dc6    00000002     --HOLE-- [fill = 0]
                  00010dc8    00000006                   : BIOS.obj (.text:ti_sysbios_knl_Queue_Instance_init__E)
                  00010dce    00000002     --HOLE-- [fill = 0]
                  00010dd0    00000006                   : BIOS.obj (.text:ti_sysbios_knl_Swi_startup__E)
                  00010dd6    00000002     --HOLE-- [fill = 0]
                  00010dd8    00000006                   : BIOS.obj (.text:xdc_runtime_System_Module_startup__E)
                  00010dde    00000002     --HOLE-- [fill = 0]
                  00010de0    00000004                   : BIOS.obj (.text:__aeabi_errno_addr)
                  00010de4    00000004     --HOLE-- [fill = 0]
                  00010de8    00000004                   : BIOS.obj (.text:ti_sysbios_gates_GateHwi_query__E)
                  00010dec    00000004     --HOLE-- [fill = 0]
                  00010df0    00000004                   : BIOS.obj (.text:ti_sysbios_gates_GateMutex_query__E)
                  00010df4    00000004     --HOLE-- [fill = 0]
                  00010df8    00000004                   : BIOS.obj (.text:ti_sysbios_knl_Clock_setTimeout__E)
                  00010dfc    00000004     --HOLE-- [fill = 0]
                  00010e00    00000004                   : BIOS.obj (.text:ti_sysbios_knl_Task_startup__E)
                  00010e04    00000004     --HOLE-- [fill = 0]
                  00010e08    00000004                   : BIOS.obj (.text:xdc_runtime_SysCallback_defaultReady)
                  00010e0c    00000004     --HOLE-- [fill = 0]
                  00010e10    00000002                   : BIOS.obj (.text:ti_sysbios_BIOS_linkedWithIncorrectBootLibrary__E)
                  00010e12    00000006     --HOLE-- [fill = 0]
                  00010e18    00000002                   : BIOS.obj (.text:ti_sysbios_gates_GateHwi_Instance_init__E)
                  00010e1a    00000006     --HOLE-- [fill = 0]
                  00010e20    00000002                   : BIOS.obj (.text:ti_sysbios_knl_Clock_logTick__E)
                  00010e22    00000006     --HOLE-- [fill = 0]
                  00010e28    00000002                   : BIOS.obj (.text:xdc_runtime_SysCallback_defaultAbort)
                  00010e2a    00000006     --HOLE-- [fill = 0]
                  00010e30    00000002                   : BIOS.obj (.text:xdc_runtime_SysCallback_defaultExit)
                  00010e32    00000006     --HOLE-- [fill = 0]
                  00010e38    00000002                   : BIOS.obj (.text:xdc_runtime_SysCallback_defaultPutch)
                  00010e3a    00000006     --HOLE-- [fill = 0]
                  00010e40    00000002                   : BIOS.obj (.text:xdc_runtime_System_abortSpin__E)
                  00010e42    00000006     --HOLE-- [fill = 0]
                  00010e48    00000002                   : BIOS.obj (.text:xdc_runtime_System_exitSpin__E)

.const     0    00010e50    000017a0     
                  00010e50    000005f0     lcd_font.obj (.const:tft_ascii)
                  00011440    00000158     rtsv7M4_T_le_v4SPD16_eabi.lib : k_rem_pio2.c.obj (.const:$O1$$)
                  00011598    00000150     ui.obj (.const:$P$T14$16)
                  000116e8    00000118     ui.obj (.const:$P$T4$6)
                  00011800    00000101     rtsv7M4_T_le_v4SPD16_eabi.lib : ctype.c.obj (.const:.string:_ctypes_)
                  00011901    00000002     ti_drivers_config.obj (.const:ButtonHWAttrs)
                  00011903    00000001     display.aem4f : Display.oem4f (.const:Display_defaultParams)
                  00011904    000000b0     ti_drivers_config.obj (.const:uartMSP432HWAttrs)
                  000119b4    00000080     msp432p4xx_driverlib.lib : adc14.o (.const:_ctlRegs)
                  00011a34    00000078     ti_drivers_config.obj (.const:PWM_config)
                  00011aac    00000070     ui.obj (.const:$P$T13$15)
                  00011b1c    00000060     ui.obj (.const:$P$T3$4)
                  00011b7c    00000054     ui.obj (.const:$P$T8$10)
                  00011bd0    00000050     ti_drivers_config.obj (.const:pwmTimerMSP432HWAttrs)
                  00011c20    00000050     drivers_msp432p401x.aem4f : TimerMSP432.oem4f (.const:timerADividers)
                  00011c70    00000050     ti_drivers_config.obj (.const:uartMSP432Baudrates)
                  00011cc0    00000048     ti_drivers_config.obj (.const:spiMSP432DMAHWAttrs)
                  00011d08    0000003c     release_pem4f.oem4f (.const:ti_sysbios_knl_Task_Object__PARAMS__C)
                  00011d44    00000038     ti_drivers_config.obj (.const:PowerMSP432_config)
                  00011d7c    00000030     ti_drivers_config.obj (.const:UART_config)
                  00011dac    00000030     release_pem4f.oem4f (.const:ti_sysbios_family_arm_m3_Hwi_Object__PARAMS__C)
                  00011ddc    00000028     drivers_msp432p401x.aem4f : UARTMSP432.oem4f (.const:UARTMSP432_fxnTable)
                  00011e04    00000028     ti_drivers_config.obj (.const:i2cMSP432HWAttrs)
                  00011e2c    00000028     release_pem4f.oem4f (.const:ti_sysbios_heaps_HeapMem_Module__FXNS__C)
                  00011e54    00000024     ui.obj (.const:$P$T0$1)
                  00011e78    00000024     ui.obj (.const:$P$T1$2)
                  00011e9c    00000024     ui.obj (.const:$P$T2$3)
                  00011ec0    00000024     drivers_msp432p401x.aem4f : PWMTimerMSP432.oem4f (.const:PWMTimerMSP432_fxnTable)
                  00011ee4    00000024                               : UART.oem4f (.const:UART_defaultParams)
                  00011f08    00000024     release_pem4f.oem4f (.const:ti_sysbios_gates_GateHwi_Module__FXNS__C)
                  00011f2c    00000024     release_pem4f.oem4f (.const:ti_sysbios_gates_GateMutex_Module__FXNS__C)
                  00011f50    00000024     release_pem4f.oem4f (.const:ti_sysbios_heaps_HeapMem_Object__PARAMS__C)
                  00011f74    00000024     release_pem4f.oem4f (.const:ti_sysbios_knl_Clock_Object__PARAMS__C)
                  00011f98    00000024     release_pem4f.oem4f (.const:ti_sysbios_knl_Semaphore_Object__PARAMS__C)
                  00011fbc    00000024     release_pem4f.oem4f (.const:xdc_runtime_Startup_sfxnTab__A)
                  00011fe0    00000020     display.aem4f : DisplayUart.oem4f (.const:DisplayUartMin_fxnTable)
                  00012000    00000020     drivers_msp432p401x.aem4f : SPI.oem4f (.const:SPI_defaultParams)
                  00012020    00000020     ti_drivers_config.obj (.const:TimerMSP432HWAttrs)
                  00012040    00000020     drivers_msp432p401x.aem4f : TimerMSP432.oem4f (.const:TimerMSP432_Timer32_fxnTable)
                  00012060    00000020     ti_drivers_config.obj (.const:adcMSP432HWAttrs)
                  00012080    00000020     drivers_msp432p401x.aem4f : UARTMSP432.oem4f (.const:staticFxnTable)
                  000120a0    00000020     release_pem4f.oem4f (.const:ti_sysbios_family_arm_m3_Hwi_Object__DESC__C)
                  000120c0    00000020     release_pem4f.oem4f (.const:ti_sysbios_gates_GateHwi_Object__DESC__C)
                  000120e0    00000020     release_pem4f.oem4f (.const:ti_sysbios_gates_GateMutex_Object__DESC__C)
                  00012100    00000020     release_pem4f.oem4f (.const:ti_sysbios_heaps_HeapMem_Object__DESC__C)
                  00012120    00000020     release_pem4f.oem4f (.const:ti_sysbios_knl_Clock_Object__DESC__C)
                  00012140    00000020     release_pem4f.oem4f (.const:ti_sysbios_knl_Event_Object__DESC__C)
                  00012160    00000020     release_pem4f.oem4f (.const:ti_sysbios_knl_Queue_Object__DESC__C)
                  00012180    00000020     release_pem4f.oem4f (.const:ti_sysbios_knl_Semaphore_Object__DESC__C)
                  000121a0    00000020     release_pem4f.oem4f (.const:ti_sysbios_knl_Task_Object__DESC__C)
                  000121c0    0000001c     ui.obj (.const:$P$T10$12)
                  000121dc    0000001c     ui.obj (.const:$P$T11$13)
                  000121f8    0000001c     ui.obj (.const:$P$T12$14)
                  00012214    0000001c     ui.obj (.const:$P$T5$7)
                  00012230    0000001c     ui.obj (.const:$P$T6$8)
                  0001224c    0000001c     ui.obj (.const:$P$T7$9)
                  00012268    0000001c     ui.obj (.const:$P$T9$11)
                  00012284    00000018     drivers_msp432p401x.aem4f : ADCMSP432.oem4f (.const:ADCMSP432_fxnTable)
                  0001229c    00000018     ti_drivers_config.obj (.const:ADC_config)
                  000122b4    00000018     drivers_msp432p401x.aem4f : I2CMSP432.oem4f (.const:I2CMSP432_fxnTable)
                  000122cc    00000018     ti_drivers_config.obj (.const:I2C_config)
                  000122e4    00000018     drivers_msp432p401x.aem4f : PWM.oem4f (.const:PWM_defaultParams)
                  000122fc    00000018                               : SPIMSP432DMA.oem4f (.const:SPIMSP432DMA_fxnTable)
                  00012314    00000018     ti_drivers_config.obj (.const:SPI_config)
                  0001232c    00000018     ti_drivers_config.obj (.const:Timer_config)
                  00012344    00000018     release_pem4f.oem4f (.const:ti_sysbios_gates_GateHwi_Object__PARAMS__C)
                  0001235c    00000018     release_pem4f.oem4f (.const:ti_sysbios_gates_GateMutex_Object__PARAMS__C)
                  00012374    00000018     release_pem4f.oem4f (.const:ti_sysbios_knl_Event_Object__PARAMS__C)
                  0001238c    00000018     release_pem4f.oem4f (.const:ti_sysbios_knl_Queue_Object__PARAMS__C)
                  000123a4    00000018     release_pem4f.oem4f (.const:ti_sysbios_knl_Task_hooks__A)
                  000123bc    00000014     ti_drivers_config.obj (.const:GPIOMSP432_config)
                  000123d0    00000014     ti_drivers_config.obj (.const:displayUartHWAttrs)
                  000123e4    00000012     release_pem4f.oem4f (.const:xdc_runtime_Startup_sfxnRts__A)
                  000123f6    00000010     beep.obj (.const:$P$T0$1)
                  00012406    00000002     release_pem4f.oem4f (.const:ti_sysbios_family_arm_m3_Hwi_Module__id__C)
                  00012408    00000010     ti_drivers_config.obj (.const:Button_config)
                  00012418    00000010     drivers_msp432p401x.aem4f : Button.oem4f (.const:Button_defaultParams)
                  00012428    00000010                               : I2C.oem4f (.const:I2C_defaultParams)
                  00012438    00000010     ti_drivers_config.obj (.const:LED_config)
                  00012448    00000010     drivers_msp432p401x.aem4f : PWMTimerMSP432.oem4f (.const:pwmTimerBaseAddr)
[...]
00010e49  xdc_runtime_System_exitSpin__E                                  
00010e50  tft_ascii                                                       
00011800  _ctypes_                                                        
00011903  Display_defaultParams                                           
00011a34  PWM_config                                                      
00011bd0  pwmTimerMSP432HWAttrs                                           
00011cc0  spiMSP432DMAHWAttrs                                             
00011d08  ti_sysbios_knl_Task_Object__PARAMS__C                           
00011d44  PowerMSP432_config                                              
00011d7c  UART_config                                                     
00011dac  ti_sysbios_family_arm_m3_Hwi_Object__PARAMS__C                  
00011ddc  UARTMSP432_fxnTable                                             
00011e04  i2cMSP432HWAttrs                                                
00011e2c  ti_sysbios_heaps_HeapMem_Module__FXNS__C                        
00011ec0  PWMTimerMSP432_fxnTable                                         
00011ee4  UART_defaultParams                                              
00011f08  ti_sysbios_gates_GateHwi_Module__FXNS__C                        
00011f2c  ti_sysbios_gates_GateMutex_Module__FXNS__C                      
00011f50  ti_sysbios_heaps_HeapMem_Object__PARAMS__C                      
00011f74  ti_sysbios_knl_Clock_Object__PARAMS__C                          
00011f98  ti_sysbios_knl_Semaphore_Object__PARAMS__C                      
00011fbc  xdc_runtime_Startup_sfxnTab__A                                  
00011fe0  DisplayUartMin_fxnTable                                         
00012000  SPI_defaultParams                                               
00012020  TimerMSP432HWAttrs                                              
00012040  TimerMSP432_Timer32_fxnTable                                    
00012060  adcMSP432HWAttrs                                                
000120a0  ti_sysbios_family_arm_m3_Hwi_Object__DESC__C                    
000120c0  ti_sysbios_gates_GateHwi_Object__DESC__C                        
000120e0  ti_sysbios_gates_GateMutex_Object__DESC__C                      
00012100  ti_sysbios_heaps_HeapMem_Object__DESC__C                        
00012120  ti_sysbios_knl_Clock_Object__DESC__C                            
00012140  ti_sysbios_knl_Event_Object__DESC__C                            
00012160  ti_sysbios_knl_Queue_Object__DESC__C                            
00012180  ti_sysbios_knl_Semaphore_Object__DESC__C                        
000121a0  ti_sysbios_knl_Task_Object__DESC__C                             
00012284  ADCMSP432_fxnTable                                              
0001229c  ADC_config                                                      
000122b4  I2CMSP432_fxnTable                                              
000122cc  I2C_config                                                      
000122e4  PWM_defaultParams                                               
000122fc  SPIMSP432DMA_fxnTable                                           
00012314  SPI_config                                                      
0001232c  Timer_config                                                    
00012344  ti_sysbios_gates_GateHwi_Object__PARAMS__C                      
0001235c  ti_sysbios_gates_GateMutex_Object__PARAMS__C                    
00012374  ti_sysbios_knl_Event_Object__PARAMS__C                          
0001238c  ti_sysbios_knl_Queue_Object__PARAMS__C                          
000123a4  ti_sysbios_knl_Task_hooks__A                                    
000123bc  GPIOMSP432_config                                               
000123d0  displayUartHWAttrs                                              
000123e4  xdc_runtime_Startup_sfxnRts__A                                  
00012406  ti_sysbios_family_arm_m3_Hwi_Module__id__C                      
00012408  Button_config                                                   
00012418  Button_defaultParams                                            
00012428  I2C_defaultParams                                               
00012438  LED_config                                                      
00012458  Display_config                                                  
00012488  udmaMSP432HWAttrs                                               
00012494  xdc_runtime_Startup_firstFxns__A                                
000124a0  Display_count                                                   
000124a1  ADC_count                                                       
000124a2  I2C_count                                                       
000124a3  PWM_count                                                       
000124a4  SPI_count                                                       
000124a5  Timer_count                                                     
000124a6  UART_count                                                      
000124a7  Button_count                                                    
000124a8  LED_count                                                       
000124a9  xdc_runtime_Error_policy__C                                     
000124aa  ti_sysbios_family_arm_msp432_init_Boot_bypassHFXT__C            
000124ac  ADC_defaultParams                                               
000124b4  LED_defaultParams                                               
000124bc  UDMAMSP432_config                                               
000124cc  ti_sysbios_knl_Idle_funcList__A                                 
000124d4  ti_sysbios_knl_Idle_funcList__C                                 
000124dc  ti_sysbios_knl_Task_hooks__C                                    
000124e4  xdc_runtime_Startup_firstFxns__C                                
000124ec  xdc_runtime_Startup_lastFxns__C                                 
0001250e  ti_sysbios_family_arm_msp432_init_Boot_bypassLFXT__C            
00012510  ti_sysbios_family_arm_m3_Hwi_E_alreadyDefined__C                
00012514  ti_sysbios_family_arm_m3_Hwi_E_badIntNum__C                     
00012518  ti_sysbios_family_arm_m3_Hwi_NUM_INTERRUPTS__C                  
0001251c  ti_sysbios_family_arm_m3_Hwi_Object__count__C                   
00012520  ti_sysbios_family_arm_m3_Hwi_ccr__C                             
00012524  ti_sysbios_family_arm_m3_Hwi_excHandlerFunc__C                  
00012528  ti_sysbios_family_arm_m3_Hwi_nullIsrFunc__C                     
0001252c  ti_sysbios_family_arm_m3_Hwi_priGroup__C                        
00012530  ti_sysbios_family_arm_m3_Hwi_swiDisable__C                      
00012534  ti_sysbios_family_arm_m3_Hwi_swiRestore__C                      
00012538  ti_sysbios_family_arm_m3_TaskSupport_stackAlignment__C          
0001253c  ti_sysbios_family_arm_msp432_Timer_numTimerDevices__C           
00012540  ti_sysbios_family_arm_msp432_Timer_startupNeeded__C             
00012544  ti_sysbios_gates_GateMutex_Instance_State_sem__O                
00012548  ti_sysbios_heaps_HeapMem_E_memory__C                            
0001254c  ti_sysbios_heaps_HeapMem_Module__gateObj__C                     
00012550  ti_sysbios_heaps_HeapMem_Object__count__C                       
00012554  ti_sysbios_heaps_HeapMem_primaryHeapBaseAddr__C                 
00012558  ti_sysbios_heaps_HeapMem_primaryHeapEndAddr__C                  
0001255c  ti_sysbios_heaps_HeapMem_reqAlign__C                            
00012560  ti_sysbios_knl_Clock_Module_State_clockQ__O                     
00012564  ti_sysbios_knl_Clock_tickPeriod__C                              
00012568  ti_sysbios_knl_Event_Instance_State_pendQ__O                    
0001256c  ti_sysbios_knl_Mailbox_Instance_State_freeQue__O                
00012570  ti_sysbios_knl_Mailbox_Object__count__C                         
00012574  ti_sysbios_knl_Mailbox_maxTypeAlign__C                          
00012578  ti_sysbios_knl_Semaphore_Instance_State_pendQ__O                
0001257c  ti_sysbios_knl_Swi_Object__count__C                             
00012580  ti_sysbios_knl_Task_Module_State_inactiveQ__O                   
00012584  ti_sysbios_knl_Task_Object__count__C                            
00012588  ti_sysbios_knl_Task_Object__heap__C                             
0001258c  ti_sysbios_knl_Task_allBlockedFunc__C                           
00012590  ti_sysbios_knl_Task_defaultStackHeap__C                         
00012594  ti_sysbios_knl_Task_defaultStackSize__C                         
00012598  ti_sysbios_knl_Task_numConstructedTasks__C                      
0001259c  xdc_runtime_Error_E_memory__C                                   
000125a0  xdc_runtime_Error_policyFxn__C                                  
000125a4  xdc_runtime_IGateProvider_Interface__BASE__C                    
000125a8  xdc_runtime_IHeap_Interface__BASE__C                            
000125ac  xdc_runtime_IModule_Interface__BASE__C                          
000125b0  xdc_runtime_Memory_defaultHeapInstance__C                       
000125b4  xdc_runtime_Startup_execImpl__C                                 
000125b8  xdc_runtime_Startup_maxPasses__C                                
000125bc  xdc_runtime_Startup_sfxnRts__C                                  
000125c0  xdc_runtime_Startup_sfxnTab__C                                  
000125c4  xdc_runtime_SysCallback_abortFxn__C                             
000125c8  xdc_runtime_SysCallback_exitFxn__C                              
000125cc  xdc_runtime_SysCallback_putchFxn__C                             
000125d0  xdc_runtime_SysCallback_readyFxn__C                             
000125d4  xdc_runtime_System_Module__gateObj__C                           
000125d8  xdc_runtime_System_abortFxn__C                                  
000125dc  xdc_runtime_System_exitFxn__C                                   
000125e0  xdc_runtime_System_extendFxn__C                                 
000125e4  xdc_runtime_System_maxAtexitHandlers__C                         
000125e8  ti_sysbios_family_arm_msp432_init_Boot_enableHFXT__C            
000125ea  ti_sysbios_family_arm_msp432_init_Boot_enableLFXT__C            
000125ec  ti_sysbios_heaps_HeapMem_Module__id__C                          
000125ee  xdc_runtime_Memory_Module__id__C                                
000125f0  __TI_static_base__                                              
0001296c  __TI_Handler_Table_Base                                         
00012978  __TI_Handler_Table_Limit                                        
00012980  __TI_CINIT_Base                                                 
00012990  __TI_CINIT_Limit                                                
20000000  __start___llvm_prf_cnts                                         
20000000  __stop___llvm_prf_cnts                                          
20000000  ti_sysbios_family_arm_m3_Hwi_ramVectors                         
20000140  __primary_heap_start__                                          
20008140  __primary_heap_end__                                            
20008600  Items                                                           
200088c0  ti_sysbios_knl_Task_Instance_State_0_stack__A                   
20008ac0  uartMSP432Objects                                               
20008cc0  ti_sysbios_family_arm_m3_Hwi_dispatchTable                      
20008f00  i2cMSP432Objects                                                
20008fa0  spiMSP432DMAObjects                                             
20009134  LEDObjects                                                      
200091ac  pwmTimerMSP432Objects                                           
20009224  timerMSP432Objects                                              
2000928c  ButtonObjects                                                   
200092dc  masterRxBuffer                                                  
20009310  masterTxBuffer                                                  
20009374  imu3                                                            
20009458  bStats                                                          
20009474  ringObj                                                         
2000948c  ecoEvent                                                        
200094b0  imu                                                             
200094c0  displayUartObject                                               
200094cc  eventBuf                                                        
200094d8  rxBuffer                                                        
200094ec  buttonHandle                                                    
200094f4  ledHandle                                                       
20009504  ClockP_tickPeriod                                               
20009508  CurDraw                                                         
2000950c  CurHandle                                                       
20009510  adc                                                             
20009514  adcMSP432Objects                                                
20009518  displayHandle                                                   
2000951c  lua                                                             
20009520  masterSpi                                                       
20009524  ti_sysbios_knl_Task_Instance_State_0_hookEnv__A                 
20009528  EC11_A_Now                                                      
20009529  EC11_B_Now                                                      
2000952a  EC11_Key                                                        
2000952b  udmaMSP432Object                                                
2000952c  PowerMSP432_perfLevels                                          
20009804  AllView                                                         
20009888  gPixel                                                          
20009908  ti_sysbios_knl_Swi_Module_State_0_readyQ__A                     
20009988  ti_sysbios_knl_Task_Module_State_0_readyQ__A                    
20009a08  param                                                           
20009a80  gpioCallbackFunctions                                           
20009af0  gpioPinConfigs                                                  
20009b60  lineid                                                          
20009bc0  ti_sysbios_gates_GateMutex_Object__table__V                     
20009c14  ti_sysbios_knl_Task_Object__table__V                            
20009c60  ti_sysbios_family_arm_msp432_Timer_Object__table__V             
20009ca4  ti_sysbios_knl_Task_Module__state__V                            
20009ce8  ti_sysbios_family_arm_m3_Hwi_Module__state__V                   
20009d1c  ti_sysbios_knl_Swi_Object__table__V                             
20009d4c  PowerMSP432_module                                              
20009d78  ti_sysbios_knl_Clock_Module__state__V                           
20009da4  ti_sysbios_BIOS_Module__state__V                                
20009de8  ti_sysbios_family_arm_msp432_Timer_Module_State_0_device__A     
20009e08  xdc_runtime_Error_IgnoreBlock                                   
20009e28  ti_sysbios_knl_Swi_Module__state__V                             
20009e44  mirrorRegister                                                  
20009e60  left_duty                                                       
20009e64  right_duty                                                      
20009e68  pwm0                                                            
20009e6c  pwm1                                                            
20009e70  pwm2                                                            
20009e74  pwm3                                                            
20009e78  ti_sysbios_family_arm_m3_Hwi_Object__table__V                   
20009e90  ti_sysbios_heaps_HeapMem_Object__table__V                       
20009ea8  uart_ready_flag                                                 
20009ed8  last_item                                                       
20009eec  motor_start_flag                                                
20009ef0  CurView                                                         
20009ef1  CurItem                                                         
20009ef2  ItemNums                                                        
20009ef3  isEditing                                                       
20009ef4  ItemFirstLine                                                   
20009ef5  item_index                                                      
20009f10  encoder1_value                                                  
20009f14  encoder2_value                                                  
20009f18  encoder3_value                                                  
20009f1c  encoder4_value                                                  
20009f20  ti_sysbios_family_arm_msp432_Timer_Module_State_0_handles__A    
20009f30  ti_sysbios_family_arm_msp432_ClockFreqs_Module__state__V        
20009f3c  ti_sysbios_family_arm_msp432_Timer_Module__state__V             
20009f48  txBuffer                                                        
20009f52  ti_sysbios_family_arm_m3_Hwi_Module_State_0_excActive__A        
20009f54  _lock                                                           
20009f58  _unlock                                                         
20009f64  ti_sysbios_family_arm_m3_Hwi_Module__root__V                    
20009f6c  ti_sysbios_gates_GateHwi_Module__root__V                        
20009f74  ti_sysbios_gates_GateMutex_Module__root__V                      
20009f7c  ti_sysbios_heaps_HeapMem_Module__root__V                        
20009f84  ti_sysbios_knl_Clock_Module__root__V                            
20009f8c  ti_sysbios_knl_Event_Module__root__V                            
20009f94  ti_sysbios_knl_Queue_Module__root__V                            
20009f9c  ti_sysbios_knl_Semaphore_Module__root__V                        
20009fa4  ti_sysbios_knl_Task_Module__root__V                             
20009fac  xdc_runtime_Startup_Module__state__V                            
20009fb4  xdc_runtime_System_Module_State_0_atexitHandlers__A             
20009fbc  xdc_runtime_System_Module__state__V                             
20009fc4  pwm7                                                            
20009fc8  old_val                                                         
20009fcc  main_func_sp                                                    
20009fd0  ti_sysbios_family_arm_m3_Hwi_Module_State_0_excContext__A       
20009fd4  ti_sysbios_family_arm_m3_Hwi_Module_State_0_excStack__A         
20009fd8  ti_sysbios_gates_GateHwi_Object__table__V                       
20009fdc  ti_sysbios_knl_Task_Module_State_0_idleTask__A                  
20009fe0  ti_sysbios_rts_ti_ReentSupport_Module__state__V                 
20009fe4  xdc_runtime_Memory_Module__state__V                             
2000fc00  __stack                                                         
20010000  __STACK_END                                                     
4000480c  WDTCTL_SYM                                                      
e000e000  ti_sysbios_family_arm_m3_Hwi_nvic                               
ffffffff  __TI_pprof_out_hndl                                             
ffffffff  __TI_prof_data_size                                             
ffffffff  __TI_prof_data_start                                            
ffffffff  __binit__                                                       
ffffffff  __c_args__                                                      
ffffffff  binit                                                           
UNDEFED   SHT$$INIT_ARRAY$$Base                                           
UNDEFED   SHT$$INIT_ARRAY$$Limit                                          

[882 symbols]
