******************************************************************************
                  TI ARM Linker Unix v20.2.5                   
******************************************************************************
>> Linked Sun Oct 31 16:43:25 2021

OUTPUT FILE NAME:   <project.out>
ENTRY POINT SYMBOL: "_c_int00"  address: 0000d719


MEMORY CONFIGURATION

         name            origin    length      used     unused   attr    fill
----------------------  --------  ---------  --------  --------  ----  --------
  MAIN                  00000000   00040000  00012a3e  0002d5c2  R  X
  INFO                  00200000   00004000  00000000  00004000  R  X
  SRAM_CODE             01000000   00010000  0000a56e  00005a92  RW X
  SRAM_DATA             20000000   00010000  0000a56e  00005a92  RW  


SEGMENT ALLOCATION MAP

run origin  load origin   length   init length attrs members
----------  ----------- ---------- ----------- ----- -------
00000000    00000000    00012a48   00012a48    r-x
  00000000    00000000    0000003c   0000003c    r-- .resetVecs
  00000040    00000040    00010eba   00010eba    r-x .text
  00010f00    00010f00    000017a0   000017a0    r-- .const
  000126a0    000126a0    000003a8   000003a8    r-- .cinit
20000140    20000140    00008000   00000000    r--
  20000140    20000140    00008000   00000000    r-- .priheap
20008200    20008200    0000202e   00000000    rw-
  20008200    20008200    000013e8   00000000    rw- .bss
  200095e8    200095e8    00000c46   00000000    rw- .data
2000fc00    2000fc00    00000400   00000000    rw-
  2000fc00    2000fc00    00000400   00000000    rw- .stack


SECTION ALLOCATION MAP

 output                                  attributes/
section   page    origin      length       input sections
--------  ----  ----------  ----------   ----------------
.text      0    00000040    00010eba     
                  00000040    00000a4e     rtsv7M4_T_le_v4SPD16_eabi.lib : _printfi.c.obj (.text:__TI_printfi)
                  00000a8e    00000002     ti_drivers_config.obj (.text:Board_initHook)
                  00000a90    00000738     rtsv7M4_T_le_v4SPD16_eabi.lib : k_rem_pio2.c.obj (.text:__kernel_rem_pio2)
                  000011c8    000005e0                                   : s_sin.c.obj (.text:sin)
                  000017a8    000005dc                                   : s_cos.c.obj (.text:cos)
                  00001d84    00000578     ui.obj (.text:UpdateMenuItems)
                  000022fc    000004ec     ui.obj (.text:HandleAdjustParamView)
                  000027e8    00000468     sysbios.aem4f : BIOS.obj (.text:xdc_runtime_System_doPrint__I)
                  00002c50    00000318     ui.obj (.text:DrawIMUView)
                  00002f68    000002f8     drivers_msp432p401x.aem4f : PowerMSP432.oem4f (.text:Power_sleep)
                  00003260    000002d0                               : UARTMSP432.oem4f (.text:UARTMSP432_open)
                  00003530    00000294     ui.obj (.text:DrawSensorView)
                  000037c4    0000028c     drivers_msp432p401x.aem4f : SPIMSP432DMA.oem4f (.text:SPIMSP432DMA_open)
                  00003a50    0000028a     msp432p4xx_driverlib.lib : pcm.o (.text:__PCM_setPowerStateAdvanced)
                  00003cda    00000002     display.aem4f : DisplayUart.oem4f (.text:DisplayUartMin_clear)
                  00003cdc    00000288     drivers_msp432p401x.aem4f : PowerMSP432.oem4f (.text:initPerfControl)
                  00003f64    00000274     pid.obj (.text:PID_calc)
                  000041d8    00000270     rtsv7M4_T_le_v4SPD16_eabi.lib : _printfi.c.obj (.text:_pconv_a)
                  00004448    00000254     uart.obj (.text:imu_data_analyse)
                  0000469c    00000254     uart.obj (.text:rc_data_analyse)
                  000048f0    00000248     spi_lcd.obj (.text:lcd_init)
                  00004b38    0000022c     main_tirtos.obj (.text:main)
                  00004d64    0000021c     ui.obj (.text:rotate)
                  00004f80    00000210     ec11.obj (.text:Encoder_EC11_Analyze)
                  00005190    00000208     drivers_msp432p401x.aem4f : PWMTimerMSP432.oem4f (.text:PWMTimerMSP432_open)
                  00005398    000001f8                               : I2CMSP432.oem4f (.text:I2CMSP432_open)
                  00005590    000001d0     rtsv7M4_T_le_v4SPD16_eabi.lib : _printfi.c.obj (.text:_pconv_g)
                  00005760    000001b6                                   : fd_add_t2.asm.obj (.text)
                  00005916    00000002     display.aem4f : DisplayUart.oem4f (.text:DisplayUartMin_clearLines)
                  00005918    000001a4     ui.obj (.text:DrawAdjustParamView)
                  00005abc    00000198     uart.obj (.text:User_uart_init)
                  00005c54    00000190     speed_measure.obj (.text:speed_measure_Thread)
                  00005de4    00000188     release_pem4f.oem4f (.text:xdc_runtime_System_printfExtend__I)
                  00005f6c    00000186     drivers_msp432p401x.aem4f : Button.oem4f (.text:Button_clockTimeoutHandler)
                  000060f2    00000184                               : I2CMSP432.oem4f (.text:I2CMSP432_hwiIntFxn)
                  00006276    00000002     display.aem4f : DisplayUart.oem4f (.text:DisplayUartMin_init)
                  00006278    00000178     ec11.obj (.text:Encoder_EC11_Scan)
                  000063f0    00000174     rtsv7M4_T_le_v4SPD16_eabi.lib : k_sin.c.obj (.text:__kernel_sin)
                  00006564    00000170     drivers_msp432p401x.aem4f : GPIOMSP432.oem4f (.text:GPIO_setConfig)
                  000066d4    00000170     rtsv7M4_T_le_v4SPD16_eabi.lib : k_cos.c.obj (.text:__kernel_cos)
                  00006844    00000160     msp432p4xx_driverlib.lib : adc14.o (.text:_getIndexForMemRegister)
                  000069a4    0000015c                              : pcm.o (.text:__PCM_setPowerModeAdvanced)
                  00006b00    0000015a     ui.obj (.text:lcd_drawline)
                  00006c5a    00000006     drivers_msp432p401x.aem4f : ADCMSP432.oem4f (.text:ADCMSP432_control)
                  00006c60    00000158     sysbios.aem4f : BIOS.obj (.text:ti_sysbios_knl_Event_pend__E)
                  00006db8    0000014c     drivers_msp432p401x.aem4f : TimerMSP432.oem4f (.text:TimerMSP432_open)
                  00006f04    0000013c     rtsv7M4_T_le_v4SPD16_eabi.lib : _printfi.c.obj (.text:_pconv_e)
                  00007040    0000013c     buttonled.obj (.text:handleButtonCallback)
                  0000717c    00000136     rtsv7M4_T_le_v4SPD16_eabi.lib : fd_div_t2.asm.obj (.text)
                  000072b2    00000132     motor.obj (.text:motor_dir)
                  000073e4    00000130     drivers_msp432p401x.aem4f : UDMAMSP432.oem4f (.text:setupInterrupt)
                  00007514    00000004     msp432p4xx_driverlib.lib : cpu.o (.text:CPU_wfi)
                  00007518    00000130     sysbios.aem4f : BIOS.obj (.text:ti_sysbios_knl_Semaphore_pend__E)
                  00007648    0000012c     drivers_msp432p401x.aem4f : SPIMSP432DMA.oem4f (.text:SPIMSP432DMA_transfer)
                  00007774    00000124     rtsv7M4_T_le_v4SPD16_eabi.lib : _printfi.c.obj (.text:fcvt)
                  00007898    0000011c     msp432p4xx_driverlib.lib : uart.o (.text:UART_initModule)
                  000079b4    0000011c     drivers_msp432p401x.aem4f : I2CMSP432.oem4f (.text:primeTransfer)
                  00007ad0    00000114                               : PWMTimerMSP432.oem4f (.text:PWMTimerMSP432_setPeriod)
                  00007be4    00000110     i2cbh1750.obj (.text:BH1750_Thread)
                  00007cf4    00000110     drivers_msp432p401x.aem4f : LED.oem4f (.text:LED_open)
                  00007e04    00000110     spi_lcd.obj (.text:lcd_showfloat)
                  00007f14    00000110     rtsv7M4_T_le_v4SPD16_eabi.lib : s_scalbn.c.obj (.text:scalbn)
                  00008024    00000108     msp432p4xx_driverlib.lib : pcm.o (.text:__PCM_setCoreVoltageLevelAdvanced)
                  0000812c    00000004     dpl_msp432p401x.aem4f : ClockP_tirtos.oem4f (.text:ClockP_setTimeout)
                  00008130    00000108     sysbios.aem4f : BIOS.obj (.text:ti_sysbios_knl_Task_postInit__I)
                  00008238    00000108                   : BIOS.obj (.text:xdc_runtime_Startup_startMods__I)
                  00008340    00000104     drivers_msp432p401x.aem4f : SPIMSP432DMA.oem4f (.text:SPIMSP432DMA_transferCancel)
                  00008444    00000004     dpl_msp432p401x.aem4f : ClockP_tirtos.oem4f (.text:ClockP_start)
                  00008448    00000104     sysbios.aem4f : BIOS.obj (.text:ti_sysbios_knl_Task_Instance_finalize__E)
                  0000854c    000000fc     drivers_msp432p401x.aem4f : ADCMSP432.oem4f (.text:ADCMSP432_convert)
                  00008648    000000fc                               : SPIMSP432DMA.oem4f (.text:configDMA)
                  00008744    000000fc     rtsv7M4_T_le_v4SPD16_eabi.lib : fd_mul_t2.asm.obj (.text)
                  00008840    000000f8                                   : s_floor.c.obj (.text:floor)
                  00008938    000000f8     sysbios.aem4f : BIOS.obj (.text:ti_sysbios_family_arm_msp432_init_Boot_configureClocksHigh)
                  00008a30    000000f4     spi_lcd.obj (.text:lcd_displayccd)
                  00008b24    000000f0     msp432p4xx_driverlib.lib : dma.o (.text:DMA_setChannelTransfer)
                  00008c14    000000f0     drivers_msp432p401x.aem4f : I2CMSP432.oem4f (.text:I2CMSP432_transfer)
                  00008d04    00000004     dpl_msp432p401x.aem4f : ClockP_tirtos.oem4f (.text:ClockP_stop)
                  00008d08    000000f0     sysbios.aem4f : BIOS.obj (.text:pthread_create)
                  00008df8    000000f0                   : m3_Hwi_asm.obj (.text:ti_sysbios_family_arm_m3_Hwi_dispatch__I)
                  00008ee8    000000e8     drivers_msp432p401x.aem4f : Button.oem4f (.text:Button_open)
                  00008fd0    000000e4     msp432p4xx_driverlib.lib : cs.o (.text:CS_startHFXTWithTimeout)
                  000090b4    000000e4     ui.obj (.text:DrawEncoderView)
                  00009198    000000e4     motor.obj (.text:motor_init)
                  0000927c    000000e4     ui.obj (.text:onCancel)
                  00009360    000000e0     msp432p4xx_driverlib.lib : cs.o (.text:CS_startLFXTWithTimeout)
                  00009440    000000e0     sysbios.aem4f : BIOS.obj (.text:ti_sysbios_knl_Task_Instance_init__E)
                  00009520    000000dc     drivers_msp432p401x.aem4f : UARTMSP432.oem4f (.text:UARTMSP432_readPolling)
                  000095fc    000000dc                               : UDMAMSP432.oem4f (.text:UDMAMSP432_close)
                  000096d8    000000dc     msp432p4xx_driverlib.lib : cs.o (.text:_CSGetHFXTFrequency)
                  000097b4    000000d2     adcTSL1401.obj (.text:TSL1401_GetLine)
                  00009886    00000002     ui.obj (.text:DrawMainMenuView)
                  00009888    000000d0     sysbios.aem4f : BIOS.obj (.text:ti_sysbios_heaps_HeapMem_alloc__E)
                  00009958    000000ca     drivers_msp432p401x.aem4f : UARTMSP432.oem4f (.text:UARTMSP432_hwiIntFxn)
                  00009a22    00000002     ui.obj (.text:DrawParamView)
                  00009a24    000000c8     drivers_msp432p401x.aem4f : TimerMSP432.oem4f (.text:TimerMSP432_start)
                  00009aec    000000c8     spi_lcd.obj (.text:lcd_Thread)
                  00009bb4    00000004     dpl_msp432p401x.aem4f : HwiP_tirtos.oem4f (.text:HwiP_clearInterrupt)
                  00009bb8    000000c4     sysbios.aem4f : BIOS.obj (.text:ti_sysbios_knl_Task_sleep__E)
                  00009c7c    000000c0     buttonled.obj (.text:buttonled_Thread)
                  00009d3c    000000bc     drivers_msp432p401x.aem4f : TimerMSP432.oem4f (.text:TimerMSP432_setPeriod)
                  00009df8    000000bc     ui.obj (.text:onDecrease)
                  00009eb4    000000b8     drivers_msp432p401x.aem4f : UARTMSP432.oem4f (.text:initHw)
                  00009f6c    000000b8                               : UARTMSP432.oem4f (.text:readTaskCallback)
                  0000a024    00000004     dpl_msp432p401x.aem4f : HwiP_tirtos.oem4f (.text:HwiP_disable)
                  0000a028    000000b8     sysbios.aem4f : BIOS.obj (.text:ti_sysbios_family_arm_m3_Hwi_Instance_init__E)
                  0000a0e0    000000b4     msp432p4xx_driverlib.lib : adc14.o (.text:ADC14_configureConversionMemory)
                  0000a194    000000b4     drivers_msp432p401x.aem4f : UARTMSP432.oem4f (.text:UARTMSP432_control)
                  0000a248    000000b4                               : UARTMSP432.oem4f (.text:UARTMSP432_writePolling)
                  0000a2fc    000000b4     spi_lcd.obj (.text:lcd_showchar)
                  0000a3b0    000000b1     rtsv7M4_T_le_v4SPD16_eabi.lib : _printfi.c.obj (.text:_ltostr)
                  0000a461    00000001     --HOLE-- [fill = 0]
                  0000a462    000000b0     msp432p4xx_driverlib.lib : spi.o (.text:SPI_initMaster)
                  0000a512    00000002     drivers_msp432p401x.aem4f : I2CMSP432.oem4f (.text:I2CMSP432_init)
                  0000a514    000000ac                               : GPIOMSP432.oem4f (.text:GPIO_init)
                  0000a5c0    000000ac                               : I2CMSP432.oem4f (.text:I2CMSP432_cancel)
                  0000a66c    000000ac     ui.obj (.text:onEnter)
                  0000a718    000000aa     sysbios.aem4f : BIOS.obj (.text:xdc_runtime_Core_createObject__I)
                  0000a7c2    000000a8     drivers_msp432p401x.aem4f : UARTMSP432.oem4f (.text:UARTMSP432_write)
                  0000a86a    00000002                               : LED.oem4f (.text:LED_init)
                  0000a86c    000000a8     spi_lcd.obj (.text:lcd_init_Thread)
                  0000a914    000000a8     drivers_msp432p401x.aem4f : UARTMSP432.oem4f (.text:readTaskBlocking)
                  0000a9bc    00000004     dpl_msp432p401x.aem4f : HwiP_tirtos.oem4f (.text:HwiP_disableInterrupt)
                  0000a9c0    000000a8     sysbios.aem4f : BIOS.obj (.text:ti_sysbios_family_arm_msp432_Timer_periodicStub__E)
                  0000aa68    000000a4     drivers_msp432p401x.aem4f : PWMTimerMSP432.oem4f (.text:PWMTimerMSP432_stop)
                  0000ab0c    000000a4                               : TimerMSP432.oem4f (.text:initTimerHardware)
                  0000abb0    000000a4     ui.obj (.text:onIncrease)
                  0000ac54    00000004     dpl_msp432p401x.aem4f : HwiP_tirtos.oem4f (.text:HwiP_enableInterrupt)
                  0000ac58    000000a4     sysbios.aem4f : BIOS.obj (.text:ti_sysbios_knl_Task_setPri__E)
                  0000acfc    000000a2     ui.obj (.text:matconv)
                  0000ad9e    00000002     drivers_msp432p401x.aem4f : PWMTimerMSP432.oem4f (.text:PWMTimerMSP432_init)
                  0000ada0    000000a0     auto_init.aem4f : auto_init.oem4f (.text)
                  0000ae40    000000a0     drivers_msp432p401x.aem4f : UARTMSP432.oem4f (.text:readIsrTextCallback)
                  0000aee0    0000009c                               : PowerMSP432.oem4f (.text:Power_init)
                  0000af7c    0000009c     rtsv7M4_T_le_v4SPD16_eabi.lib : memcpy_t2.asm.obj (.text)
                  0000b018    0000009c     drivers_msp432p401x.aem4f : TimerMSP432.oem4f (.text:setT32TickCount)
                  0000b0b4    0000009c                               : TimerMSP432.oem4f (.text:setTATickCount)
                  0000b150    0000009b     spi_lcd.obj (.text:lcd_showint32)
                  0000b1eb    00000001     --HOLE-- [fill = 0]
                  0000b1ec    00000096     rtsv7M4_T_le_v4SPD16_eabi.lib : ull_div_t2.asm.obj (.text)
                  0000b282    00000002     dpl_msp432p401x.aem4f : PowerMSP432_tirtos.oem4f (.text:PowerMSP432_initPolicy)
                  0000b284    00000094     drivers_msp432p401x.aem4f : PWMTimerMSP432.oem4f (.text:PWMTimerMSP432_setDuty)
                  0000b318    00000094                               : UDMAMSP432.oem4f (.text:UDMAMSP432_init)
                  0000b3ac    00000094                               : UDMAMSP432.oem4f (.text:UDMAMSP432_open)
                  0000b440    00000094     uart.obj (.text:Uart2_onebyte_RecvEvt)
                  0000b4d4    00000004     drivers_msp432p401x.aem4f : SPIMSP432DMA.oem4f (.text:SPIMSP432DMA_init)
                  0000b4d8    00000094     sysbios.aem4f : BIOS.obj (.text:_pthread_removeThreadKeys)
                  0000b56c    00000004     dpl_msp432p401x.aem4f : SemaphoreP_tirtos.oem4f (.text:SemaphoreP_post)
                  0000b570    00000094     sysbios.aem4f : BIOS.obj (.text:ti_sysbios_family_arm_m3_Hwi_initNVIC__E)
                  0000b604    00000004     dpl_msp432p401x.aem4f : SystemP_tirtos.oem4f (.text:SystemP_vsnprintf)
                  0000b608    00000094     sysbios.aem4f : BIOS.obj (.text:ti_sysbios_knl_Task_exit__E)
                  0000b69c    00000092     drivers_msp432p401x.aem4f : UARTMSP432.oem4f (.text:UARTMSP432_close)
                  0000b72e    00000092                               : UARTMSP432.oem4f (.text:writeData)
                  0000b7c0    00000090     sysbios.aem4f : BIOS.obj (.text:ti_sysbios_knl_Task_Module_startup__E)
                  0000b850    0000008c     drivers_msp432p401x.aem4f : ADCMSP432.oem4f (.text:ADCMSP432_open)
                  0000b8dc    0000008c     ec11.obj (.text:Encoder_EC11_Init)
                  0000b968    0000008c     drivers_msp432p401x.aem4f : TimerMSP432.oem4f (.text:TimerMSP432_stop)
                  0000b9f4    0000008c     uart.obj (.text:handleRecvEvt)
                  0000ba80    0000008c     motor_drive.obj (.text:motor_pwm_Thread)
                  0000bb0c    0000008c     drivers_msp432p401x.aem4f : UARTMSP432.oem4f (.text:readIsrTextBlocking)
                  0000bb98    0000008c     sysbios.aem4f : m3_TaskSupport_asm.obj (.text:ti_sysbios_family_arm_m3_TaskSupport_buildTaskStack)
                  0000bc24    00000004     release_pem4f.oem4f (.text:ti_sysbios_BIOS_RtsGateProxy_enter__E)
                  0000bc28    0000008c     sysbios.aem4f : BIOS.obj (.text:ti_sysbios_knl_Event_post__E)
                  0000bcb4    00000004     release_pem4f.oem4f (.text:ti_sysbios_BIOS_RtsGateProxy_leave__E)
                  0000bcb8    0000008c     sysbios.aem4f : BIOS.obj (.text:xdc_runtime_Memory_alloc__E)
                  0000bd44    00000088     drivers_msp432p401x.aem4f : PWMTimerMSP432.oem4f (.text:PWMTimerMSP432_close)
                  0000bdcc    00000086     rtsv7M4_T_le_v4SPD16_eabi.lib : fd_cmp_t2.asm.obj (.text:__aeabi_cdcmple)
                  0000be52    00000086                                   : fd_cmp_t2.asm.obj (.text:__aeabi_cdrcmple)
                  0000bed8    00000086     drivers_msp432p401x.aem4f : SPIMSP432DMA.oem4f (.text:initHw)
                  0000bf5e    00000002                               : TimerMSP432.oem4f (.text:TimerMSP432_init)
                  0000bf60    00000086     sysbios.aem4f : BIOS.obj (.text:xdc_runtime_Core_constructObject__I)
                  0000bfe6    00000002     drivers_msp432p401x.aem4f : UARTMSP432.oem4f (.text:UARTMSP432_init)
                  0000bfe8    00000084     ui.obj (.text:DrawPIDView)
                  0000c06c    00000084     msp432p4xx_driverlib.lib : pcm.o (.text:PCM_gotoLPM3)
                  0000c0f0    00000084     drivers_msp432p401x.aem4f : PWMTimerMSP432.oem4f (.text:PWMTimerMSP432_start)
                  0000c174    00000084     spi_lcd.obj (.text:lcd_set_region)
                  0000c1f8    00000084     drivers_msp432p401x.aem4f : PowerMSP432.oem4f (.text:restartHFXT)
                  0000c27c    00000004     release_pem4f.oem4f (.text:ti_sysbios_family_arm_m3_Hwi_delete)
                  0000c280    00000084     sysbios.aem4f : BIOS.obj (.text:ti_sysbios_family_arm_m3_Hwi_postInit__I)
                  0000c304    00000004     release_pem4f.oem4f (.text:ti_sysbios_family_arm_m3_TaskSupport_Module__startupDone__S)
                  0000c308    00000084     sysbios.aem4f : BIOS.obj (.text:ti_sysbios_heaps_HeapMem_free__E)
                  0000c38c    00000004     release_pem4f.oem4f (.text:ti_sysbios_heaps_HeapMem_Module_GateProxy_enter__E)
                  0000c390    00000080     sysbios.aem4f : BIOS.obj (.text:ti_sysbios_knl_Clock_workFunc__E)
                  0000c410    0000007c     drivers_msp432p401x.aem4f : PWMTimerMSP432.oem4f (.text:setConstraints)
                  0000c48c    0000007a     spi_lcd.obj (.text:lcd_clear_rectangle)
                  0000c506    0000007a     rtsv7M4_T_le_v4SPD16_eabi.lib : memset_t2.asm.obj (.text)
                  0000c580    00000078     drivers_msp432p401x.aem4f : TimerMSP432.oem4f (.text:TimerMSP432_allocateTimerResource)
                  0000c5f8    00000076                               : I2CMSP432.oem4f (.text:I2CMSP432_close)
                  0000c66e    00000002     uart.obj (.text:Uart3_frame_ana_MoveEvt)
                  0000c670    00000075     sysbios.aem4f : BIOS.obj (.text:xdc_runtime_System_formatNum__I)
                  0000c6e5    00000001     --HOLE-- [fill = 0]
                  0000c6e6    00000002     uart.obj (.text:Uart3_onebyte_RecvEvt)
                  0000c6e8    00000070     ui.obj (.text:DrawBootView)
                  0000c758    00000070     ui.obj (.text:DrawCCDView)
                  0000c7c8    00000070     drivers_msp432p401x.aem4f : UARTMSP432.oem4f (.text:UARTMSP432_writeCancel)
                  0000c838    00000070     speed_control.obj (.text:speed_control_Thread)
                  0000c8a8    00000070     sysbios.aem4f : BIOS.obj (.text:ti_sysbios_heaps_HeapMem_initPrimary__I)
                  0000c918    0000006e     rtsv7M4_T_le_v4SPD16_eabi.lib : _printfi.c.obj (.text:_mcpy)
                  0000c986    0000006e                                   : fd_tos_t2.asm.obj (.text)
                  0000c9f4    0000006c     msp432p4xx_driverlib.lib : i2c.o (.text:I2C_masterSendMultiByteFinish)
                  0000ca60    0000006c     spi_lcd.obj (.text:lcd_writedata_16bit)
                  0000cacc    00000004     release_pem4f.oem4f (.text:ti_sysbios_heaps_HeapMem_Module_GateProxy_leave__E)
                  0000cad0    0000006c     sysbios.aem4f : BIOS.obj (.text:ti_sysbios_knl_Swi_restoreHwi__E)
                  0000cb3c    0000006a     drivers_msp432p401x.aem4f : PWMTimerMSP432.oem4f (.text:perfChangeNotifyFxn)
                  0000cba6    00000002     rtsv7M4_T_le_v4SPD16_eabi.lib : _lock.c.obj (.text:_nop)
                  0000cba8    00000068     drivers_msp432p401x.aem4f : GPIOMSP432.oem4f (.text:GPIO_hwiIntFxn)
                  0000cc10    00000068                               : PowerMSP432.oem4f (.text:PowerMSP432_getFreqs)
                  0000cc78    00000068     rtsv7M4_T_le_v4SPD16_eabi.lib : copy_decompress_lzss.c.obj (.text:decompress:lzss:__TI_decompress_lzss)
                  0000cce0    00000068     drivers_msp432p401x.aem4f : I2CMSP432.oem4f (.text:initHw)
                  0000cd48    00000068                               : PWMTimerMSP432.oem4f (.text:initHw)
                  0000cdb0    00000066     sysbios.aem4f : BIOS.obj (.text:xdc_runtime_Core_deleteObject__I)
                  0000ce16    00000002     adcTSL1401.obj (.text:delay)
                  0000ce18    00000064     drivers_msp432p401x.aem4f : Button.oem4f (.text:Button_gpioCallbackFxn)
                  0000ce7c    00000064                               : SPIMSP432DMA.oem4f (.text:SPIMSP432DMA_close)
                  0000cee0    00000064     rtsv7M4_T_le_v4SPD16_eabi.lib : s_frexp.c.obj (.text:frexp)
                  0000cf44    00000004     release_pem4f.oem4f (.text:ti_sysbios_knl_Clock_TimerProxy_getMaxTicks__E)
                  0000cf48    00000064     sysbios.aem4f : BIOS.obj (.text:pthread_exit)
                  0000cfac    00000004     release_pem4f.oem4f (.text:ti_sysbios_knl_Clock_delete)
                  0000cfb0    00000064     sysbios.aem4f : BIOS.obj (.text:ti_sysbios_family_arm_m3_Hwi_dispatchC__I)
                  0000d014    00000060     drivers_msp432p401x.aem4f : ADCMSP432.oem4f (.text:ADCMSP432_convertToMicroVolts)
                  0000d074    00000060     uart.obj (.text:CheckSum)
                  0000d0d4    00000060     ui.obj (.text:Draw)
                  0000d134    00000060     ui.obj (.text:DrawFeatureView)
                  0000d194    00000060     ui.obj (.text:DrawFlagView)
                  0000d1f4    00000060     drivers_msp432p401x.aem4f : GPIOMSP432.oem4f (.text:GPIO_setCallback)
                  0000d254    00000004     release_pem4f.oem4f (.text:ti_sysbios_knl_Semaphore_delete)
                  0000d258    00000060     sysbios.aem4f : BIOS.obj (.text:ti_sysbios_knl_Semaphore_post__E)
                  0000d2b8    00000060                   : BIOS.obj (.text:ti_sysbios_knl_Swi_run__I)
                  0000d318    00000060     uart.obj (.text:uart_Thread)
                  0000d378    0000005e     msp432p4xx_driverlib.lib : pcm.o (.text:PCM_getCoreVoltageLevel)
                  0000d3d6    00000002     event.obj (.text:doEventLogs)
                  0000d3d8    0000005c     display.aem4f : Display.oem4f (.text:Display_doOpen)
                  0000d434    0000005c     console.obj (.text:Display_uart_init)
                  0000d490    0000005c     spi_lcd.obj (.text:lcd_clear)
                  0000d4ec    00000004     release_pem4f.oem4f (.text:ti_sysbios_knl_Task_delete)
                  0000d4f0    0000005c     sysbios.aem4f : BIOS.obj (.text:ti_sysbios_knl_Swi_schedule__I)
                  0000d54c    00000004     release_pem4f.oem4f (.text:xdc_runtime_System_Module_GateProxy_enter__E)
                  0000d550    0000005c     sysbios.aem4f : BIOS.obj (.text:ti_sysbios_knl_Task_startCore__E)
                  0000d5ac    00000004     release_pem4f.oem4f (.text:xdc_runtime_System_Module_GateProxy_leave__E)
                  0000d5b0    0000005c     sysbios.aem4f : BIOS.obj (.text:xdc_runtime_Startup_exec__E)
                  0000d60c    0000005a     msp432p4xx_driverlib.lib : pcm.o (.text:PCM_getPowerMode)
                  0000d666    0000005a     drivers_msp432p401x.aem4f : ADCMSP432.oem4f (.text:initHw)
                  0000d6c0    00000058                               : GPIOMSP432.oem4f (.text:GPIO_write)
                  0000d718    00000058     boot.aem4f : boot.oem4f (.text)
                  0000d770    00000058     drivers_msp432p401x.aem4f : UARTMSP432.oem4f (.text:readIsrBinaryBlocking)
                  0000d7c8    00000058                               : SPIMSP432DMA.oem4f (.text:spiHwiFxn)
                  0000d820    00000058     sysbios.aem4f : m3_Hwi_asm_switch.obj (.text:ti_sysbios_family_arm_m3_Hwi_initStacks__E)
                  0000d878    00000056     rtsv7M4_T_le_v4SPD16_eabi.lib : _printfi.c.obj (.text:_pconv_f)
                  0000d8ce    00000056     drivers_msp432p401x.aem4f : I2CMSP432.oem4f (.text:completeTransfer)
                  0000d924    00000054     msp432p4xx_driverlib.lib : pcm.o (.text:PCM_shutdownDevice)
                  0000d978    00000054     drivers_msp432p401x.aem4f : TimerMSP432.oem4f (.text:TimerMSP432_freeTimerResource)
                  0000d9cc    00000054     uart.obj (.text:Uart2_frame_ana_MoveEvt)
                  0000da20    00000054     rtsv7M4_T_le_v4SPD16_eabi.lib : _ltoa.c.obj (.text:__TI_ltoa)
                  0000da74    00000054     beep.obj (.text:beep_init)
                  0000dac8    00000054     uart.obj (.text:handleMoveEvt)
                  0000db1c    00000054     release_pem4f.oem4f (.text:ti_sysbios_family_arm_m3_Hwi_create)
                  0000db70    00000054     sysbios.aem4f : BIOS.obj (.text:ti_sysbios_family_arm_msp432_Timer_initDevice__I)
                  0000dbc4    00000052     rtsv7M4_T_le_v4SPD16_eabi.lib : _printfi.c.obj (.text:_ecpy)
                  0000dc16    00000002     ui.obj (.text:printvalue)
                  0000dc18    00000050     dpl_msp432p401x.aem4f : ClockP_tirtos.oem4f (.text:ClockP_create)
                  0000dc68    00000050     drivers_msp432p401x.aem4f : LED.oem4f (.text:LED_startBlinking)
                  0000dcb8    00000050                               : TimerMSP432.oem4f (.text:TimerMSP432_hwiIntFunction)
                  0000dd08    00000050                               : UDMAMSP432.oem4f (.text:UDMAMSP432_hwiFxn)
                  0000dd58    00000050     ui.obj (.text:gotoViewById)
                  0000dda8    00000050     spi_lcd.obj (.text:lcd_showstr)
                  0000ddf8    00000050     sysbios.aem4f : BIOS.obj (.text:ti_sysbios_family_arm_m3_Hwi_Module_startup__E)
                  0000de48    00000050     release_pem4f.oem4f (.text:ti_sysbios_knl_Task_create)
                  0000de98    00000050     ui.obj (.text:ui_init)
                  0000dee8    0000004e     drivers_msp432p401x.aem4f : TimerMSP432.oem4f (.text:TimerMSP432_close)
                  0000df36    00000002     rtsv7M4_T_le_v4SPD16_eabi.lib : div0.asm.obj (.text)
                  0000df38    0000004c     dpl_msp432p401x.aem4f : PowerMSP432_tirtos.oem4f (.text:PowerMSP432_sleepPolicy)
                  0000df84    0000004c     rtsv7M4_T_le_v4SPD16_eabi.lib : atoi.c.obj (.text:atoi)
                  0000dfd0    0000004c     beep.obj (.text:beep_set)
                  0000e01c    0000004c     rtsv7M4_T_le_v4SPD16_eabi.lib : cpy_tbl.c.obj (.text:copy_in)
                  0000e068    0000004c     spi_lcd.obj (.text:lcd_writeData)
                  0000e0b4    0000004c     spi_lcd.obj (.text:lcd_writeIndex)
                  0000e100    0000004c     drivers_msp432p401x.aem4f : UARTMSP432.oem4f (.text:readIsrBinaryCallback)
                  0000e14c    00000002     release_pem4f.oem4f (.text:ti_sysbios_BIOS_nullFunc__I)
                  0000e14e    00000002     --HOLE-- [fill = 0]
                  0000e150    0000004c     sysbios.aem4f : BIOS.obj (.text:ti_sysbios_family_arm_msp432_Timer_postInit__I)
                  0000e19c    00000004     --HOLE-- [fill = 0]
                  0000e1a0    0000004c                   : BIOS.obj (.text:ti_sysbios_family_arm_msp432_Timer_start__E)
                  0000e1ec    00000004     --HOLE-- [fill = 0]
                  0000e1f0    0000004c                   : BIOS.obj (.text:ti_sysbios_heaps_HeapMem_getStats__E)
                  0000e23c    00000004     --HOLE-- [fill = 0]
                  0000e240    0000004c                   : BIOS.obj (.text:ti_sysbios_knl_Swi_runLoop__I)
                  0000e28c    00000004     --HOLE-- [fill = 0]
                  0000e290    0000004c                   : BIOS.obj (.text:ti_sysbios_knl_Task_allBlockedFunction__I)
                  0000e2dc    00000004     --HOLE-- [fill = 0]
                  0000e2e0    0000004c                   : BIOS.obj (.text:ti_sysbios_knl_Task_schedule__I)
                  0000e32c    0000004a     display.aem4f : DisplayUart.oem4f (.text:DisplayUartMin_open)
                  0000e376    00000002     --HOLE-- [fill = 0]
                  0000e378    00000048     drivers_msp432p401x.aem4f : PowerMSP432.oem4f (.text:Power_releaseConstraint)
                  0000e3c0    00000048     rtsv7M4_T_le_v4SPD16_eabi.lib : fd_toi_t2.asm.obj (.text)
                  0000e408    00000048     sysbios.aem4f : BIOS.obj (.text:ti_sysbios_family_arm_m3_Hwi_disableInterrupt__E)
                  0000e450    00000048                   : BIOS.obj (.text:ti_sysbios_family_arm_m3_Hwi_enableInterrupt__E)
                  0000e498    00000048                   : BIOS.obj (.text:ti_sysbios_knl_Mailbox_Module_startup__E)
                  0000e4e0    00000048                   : BIOS.obj (.text:xdc_runtime_Core_assignParams__I)
                  0000e528    00000046     display.aem4f : DisplayUart.oem4f (.text:DisplayUartMin_vprintf)
                  0000e56e    00000046     drivers_msp432p401x.aem4f : RingBuf.oem4f (.text:RingBuf_put)
                  0000e5b4    00000044                               : ADC.oem4f (.text:ADC_init)
                  0000e5f8    00000044     ui.obj (.text:HandleFlashView)
                  0000e63c    00000044     drivers_msp432p401x.aem4f : I2C.oem4f (.text:I2C_init)
                  0000e680    00000044                               : PWM.oem4f (.text:PWM_init)
                  0000e6c4    00000044                               : SPI.oem4f (.text:SPI_init)
                  0000e708    00000044                               : Timer.oem4f (.text:Timer_init)
                  0000e74c    00000044                               : UART.oem4f (.text:UART_init)
                  0000e790    00000044                               : I2CMSP432.oem4f (.text:perfChangeNotifyFxn)
                  0000e7d4    00000044     rtsv7M4_T_le_v4SPD16_eabi.lib : fd_tou_t2.asm.obj (.text)
                  0000e818    00000044     sysbios.aem4f : BIOS.obj (.text:ti_sysbios_family_arm_m3_Hwi_getStackInfo__E)
                  0000e85c    00000004     --HOLE-- [fill = 0]
                  0000e860    00000044                   : BIOS.obj (.text:ti_sysbios_knl_Swi_post__E)
                  0000e8a4    00000040     drivers_msp432p401x.aem4f : ADCMSP432.oem4f (.text:ADCMSP432_close)
                  0000e8e4    00000040                               : ADC.oem4f (.text:ADC_open)
                  0000e924    00000040     ui.obj (.text:HandleBootView)
                  0000e964    00000040     dpl_msp432p401x.aem4f : HwiP_tirtos.oem4f (.text:HwiP_create)
                  0000e9a4    00000040     drivers_msp432p401x.aem4f : I2C.oem4f (.text:I2C_open)
                  0000e9e4    00000040                               : PWM.oem4f (.text:PWM_open)
                  0000ea24    00000040                               : RingBuf.oem4f (.text:RingBuf_get)
                  0000ea64    00000040                               : SPI.oem4f (.text:SPI_open)
                  0000eaa4    00000040     adcTSL1401.obj (.text:TSL1401_adc_Thread)
                  0000eae4    00000040     drivers_msp432p401x.aem4f : Timer.oem4f (.text:Timer_open)
                  0000eb24    00000040                               : UARTMSP432.oem4f (.text:UARTMSP432_read)
                  0000eb64    00000040                               : UART.oem4f (.text:UART_open)
                  0000eba4    00000040     beep.obj (.text:beep_pwm_Thread)
                  0000ebe4    00000040     drivers_msp432p401x.aem4f : PWMTimerMSP432.oem4f (.text:getDutyCounts)
                  0000ec24    00000040                               : PWMTimerMSP432.oem4f (.text:getPeriodCounts)
                  0000ec64    00000040     msp432p4xx_driverlib.lib : spi.o (.text:is_A_Module)
                  0000eca4    00000040     drivers_msp432p401x.aem4f : UARTMSP432.oem4f (.text:perfChangeNotifyFxn)
                  0000ece4    00000040     rtsv7M4_T_le_v4SPD16_eabi.lib : u_divt2.asm.obj (.text)
                  0000ed24    00000040                                   : sprintf.c.obj (.text:sprintf)
                  0000ed64    00000004     --HOLE-- [fill = 0]
                  0000ed68    00000040     sysbios.aem4f : BIOS.obj (.text:ti_sysbios_family_arm_msp432_Timer_Module_startup__E)
                  0000eda8    00000040                   : BIOS.obj (.text:ti_sysbios_family_arm_msp432_Timer_startup__E)
                  0000ede8    00000040                   : BIOS.obj (.text:ti_sysbios_heaps_HeapMem_Instance_init__E)
                  0000ee28    00000040                   : BIOS.obj (.text:ti_sysbios_knl_Clock_Instance_init__E)
                  0000ee68    0000003e     drivers_msp432p401x.aem4f : LED.oem4f (.text:LED_setBrightnessLevel)
                  0000eea6    0000003e     rtsv7M4_T_le_v4SPD16_eabi.lib : _printfi.c.obj (.text:_fcpy)
                  0000eee4    0000003c     drivers_msp432p401x.aem4f : LED.oem4f (.text:LED_setOff)
                  0000ef20    0000003c     dpl_msp432p401x.aem4f : SemaphoreP_tirtos.oem4f (.text:SemaphoreP_create)
                  0000ef5c    00000004     --HOLE-- [fill = 0]
                  0000ef60    0000003c     sysbios.aem4f : BIOS.obj (.text:sleep)
                  0000ef9c    00000004     --HOLE-- [fill = 0]
                  0000efa0    0000003c                   : BIOS.obj (.text:ti_sysbios_family_arm_m3_Hwi_Instance_finalize__E)
                  0000efdc    00000004     --HOLE-- [fill = 0]
                  0000efe0    0000003c                   : BIOS.obj (.text:ti_sysbios_family_arm_msp432_Seconds_Module_startup__E)
                  0000f01c    0000003c     release_pem4f.oem4f (.text:ti_sysbios_knl_Clock_create)
                  0000f058    0000003c     sysbios.aem4f : BIOS.obj (.text:ti_sysbios_knl_Swi_restore__E)
                  0000f094    00000004     --HOLE-- [fill = 0]
                  0000f098    0000003c                   : BIOS.obj (.text:usleep)
                  0000f0d4    00000038     drivers_msp432p401x.aem4f : GPIOMSP432.oem4f (.text:GPIO_toggle)
                  0000f10c    00000038                               : PowerMSP432.oem4f (.text:Power_setConstraint)
                  0000f144    00000038                               : TimerMSP432.oem4f (.text:TimerMSP432_getCount)
                  0000f17c    00000038                               : PowerMSP432.oem4f (.text:notify)
                  0000f1b4    00000038     rtsv7M4_T_le_v4SPD16_eabi.lib : fs_tod_t2.asm.obj (.text)
                  0000f1ec    00000004     --HOLE-- [fill = 0]
                  0000f1f0    00000038     sysbios.aem4f : BIOS.obj (.text:xdc_runtime_System_atexit__E)
                  0000f228    00000036     drivers_msp432p401x.aem4f : LED.oem4f (.text:LED_setOn)
                  0000f25e    00000036                               : UARTMSP432.oem4f (.text:UARTMSP432_readCancel)
                  0000f294    00000036                               : LED.oem4f (.text:clockTimeoutHandler)
                  0000f2ca    00000002     --HOLE-- [fill = 0]
                  0000f2cc    00000034                               : GPIOMSP432.oem4f (.text:GPIO_disableInt)
                  0000f300    00000034                               : GPIOMSP432.oem4f (.text:GPIO_enableInt)
                  0000f334    00000034     release_pem4f.oem4f (.text:ti_sysbios_knl_Semaphore_create)
                  0000f368    00000032     sysbios.aem4f : BIOS.obj (.text:ti_sysbios_hal_Hwi_initStack)
                  0000f39a    00000006     display.aem4f : DisplayUart.oem4f (.text:DisplayUartMin_control)
                  0000f3a0    00000032     sysbios.aem4f : BIOS.obj (.text:xdc_runtime_System_putchar__I)
                  0000f3d2    00000002     --HOLE-- [fill = 0]
                  0000f3d4    00000030     drivers_msp432p401x.aem4f : ADCMSP432.oem4f (.text:ADCMSP432_init)
                  0000f404    00000030     uart.obj (.text:UartTaskInit)
                  0000f434    00000030     drivers_msp432p401x.aem4f : I2CMSP432.oem4f (.text:mapPin)
                  0000f464    00000030                               : PWMTimerMSP432.oem4f (.text:mapPin)
                  0000f494    00000030                               : SPIMSP432DMA.oem4f (.text:mapPin)
                  0000f4c4    00000030                               : UARTMSP432.oem4f (.text:mapPin)
                  0000f4f4    00000030     release_pem4f.oem4f (.text:ti_sysbios_BIOS_atExitFunc__I)
                  0000f524    00000030     release_pem4f.oem4f (.text:ti_sysbios_BIOS_startFunc__I)
                  0000f554    00000004     --HOLE-- [fill = 0]
                  0000f558    00000030     sysbios.aem4f : BIOS.obj (.text:ti_sysbios_family_arm_m3_TaskSupport_start__E)
                  0000f588    00000030     release_pem4f.oem4f (.text:ti_sysbios_gates_GateHwi_Object__create__S)
                  0000f5b8    00000030     release_pem4f.oem4f (.text:ti_sysbios_gates_GateMutex_Object__create__S)
                  0000f5e8    00000030     sysbios.aem4f : BIOS.obj (.text:ti_sysbios_gates_GateMutex_enter__E)
                  0000f618    00000030     release_pem4f.oem4f (.text:ti_sysbios_heaps_HeapMem_Object__create__S)
                  0000f648    00000030     sysbios.aem4f : BIOS.obj (.text:ti_sysbios_knl_Event_pendTimeout__I)
                  0000f678    00000030                   : BIOS.obj (.text:ti_sysbios_knl_Mailbox_postInit__I)
                  0000f6a8    00000030     release_pem4f.oem4f (.text:ti_sysbios_knl_Semaphore_construct)
                  0000f6d8    00000030     sysbios.aem4f : BIOS.obj (.text:ti_sysbios_knl_Semaphore_pendTimeout__I)
                  0000f708    00000030                   : BIOS.obj (.text:ti_sysbios_knl_Task_processVitalTaskFlag__I)
                  0000f738    00000030                   : BIOS.obj (.text:ti_sysbios_knl_Task_restore__E)
                  0000f768    00000030                   : BIOS.obj (.text:ti_sysbios_knl_Task_unblockI__E)
                  0000f798    00000030                   : BIOS.obj (.text:xdc_runtime_System_processAtExit__E)
                  0000f7c8    0000002e                   : BIOS.obj (.text:pthread_setcancelstate)
                  0000f7f6    0000002e     rtsv7M4_T_le_v4SPD16_eabi.lib : i_tofd_t2.asm.obj (.text)
                  0000f824    0000002c     speed_measure.obj (.text:ENCODER_1A_CB)
                  0000f850    0000002c     speed_measure.obj (.text:ENCODER_1B_CB)
                  0000f87c    0000002c     speed_measure.obj (.text:ENCODER_2A_CB)
                  0000f8a8    0000002c     speed_measure.obj (.text:ENCODER_2B_CB)
                  0000f8d4    0000002c     speed_measure.obj (.text:ENCODER_3A_CB)
                  0000f900    0000002c     speed_measure.obj (.text:ENCODER_3B_CB)
                  0000f92c    0000002c     speed_measure.obj (.text:ENCODER_4A_CB)
                  0000f958    0000002c     speed_measure.obj (.text:ENCODER_4B_CB)
                  0000f984    0000002c     dpl_msp432p401x.aem4f : PowerMSP432_tirtos.oem4f (.text:PowerMSP432_updateFreqs)
                  0000f9b0    0000002c     msp432p4xx_driverlib.lib : rtc_c.o (.text:RTC_C_holdClock)
                  0000f9dc    0000002c     dpl_msp432p401x.aem4f : SemaphoreP_tirtos.oem4f (.text:SemaphoreP_createBinary)
                  0000fa08    0000002c     sysbios.aem4f : BIOS.obj (.text:_pthread_cleanupFxn)
                  0000fa34    00000004     --HOLE-- [fill = 0]
                  0000fa38    0000002c                   : BIOS.obj (.text:_pthread_delete$43)
                  0000fa64    0000002c     ec11.obj (.text:ec11_read)
                  0000fa90    0000002c     spi_lcd.obj (.text:lcd_drawpoint)
                  0000fabc    0000002c     drivers_msp432p401x.aem4f : TimerMSP432.oem4f (.text:perfChangeNotifyFxn)
                  0000fae8    0000002c     release_pem4f.oem4f (.text:ti_sysbios_gates_GateHwi_Handle__label__S)
                  0000fb14    0000002c     release_pem4f.oem4f (.text:ti_sysbios_gates_GateMutex_Handle__label__S)
                  0000fb40    0000002c     release_pem4f.oem4f (.text:ti_sysbios_heaps_HeapMem_Handle__label__S)
                  0000fb6c    0000002c     release_pem4f.oem4f (.text:ti_sysbios_knl_Clock_doTick__I)
                  0000fb98    0000002c     release_pem4f.oem4f (.text:ti_sysbios_knl_Event_construct)
                  0000fbc4    0000002c     release_pem4f.oem4f (.text:ti_sysbios_knl_Queue_construct)
                  0000fbf0    0000002c     uart.obj (.text:uart1ReadCallback)
                  0000fc1c    0000002c     uart.obj (.text:uart2ReadCallback)
                  0000fc48    0000002a     display.aem4f : Display.oem4f (.text:Display_doPrintf)
                  0000fc72    0000002a     drivers_msp432p401x.aem4f : SPIMSP432DMA.oem4f (.text:perfChangeNotifyFxn)
                  0000fc9c    00000028     msp432p4xx_driverlib.lib : adc14.o (.text:ADC14_getResult)
                  0000fcc4    00000028     display.aem4f : Display.oem4f (.text:Display_doInit)
                  0000fcec    00000028     msp432p4xx_driverlib.lib : pcm.o (.text:PCM_gotoLPM0)
                  0000fd14    00000028     drivers_msp432p401x.aem4f : PowerMSP432.oem4f (.text:Power_registerNotify)
                  0000fd3c    00000028     msp432p4xx_driverlib.lib : spi.o (.text:SPI_getInterruptStatus)
                  0000fd64    00000028     drivers_msp432p401x.aem4f : PowerMSP432.oem4f (.text:disableFaultCounter)
                  0000fd8c    00000028                               : PowerMSP432.oem4f (.text:disableHFXT)
                  0000fdb4    00000028                               : UARTMSP432.oem4f (.text:findBaudDividerIndex)
                  0000fddc    00000028     sysbios.aem4f : m3_Hwi_asm.obj (.text:ti_sysbios_family_arm_m3_Hwi_excHandlerAsm__I)
                  0000fe04    00000004     --HOLE-- [fill = 0]
                  0000fe08    00000028                   : BIOS.obj (.text:ti_sysbios_knl_Clock_addI__E)
                  0000fe30    00000028                   : BIOS.obj (.text:ti_sysbios_knl_Swi_Module_startup__E)
                  0000fe58    00000026     drivers_msp432p401x.aem4f : List.oem4f (.text:List_put)
                  0000fe7e    00000026                               : List.oem4f (.text:List_remove)
                  0000fea4    00000026                               : PWMTimerMSP432.oem4f (.text:releaseConstraints)
                  0000feca    00000026     sysbios.aem4f : m3_Hwi_asm.obj (.text:ti_sysbios_family_arm_m3_Hwi_pendSV__I)
                  0000fef0    00000024     msp432p4xx_driverlib.lib : wdt_a.o (.text:WDT_A_holdTimer)
                  0000ff14    00000004     --HOLE-- [fill = 0]
                  0000ff18    00000024     sysbios.aem4f : BIOS.obj (.text:pthread_attr_init)
                  0000ff3c    00000024     release_pem4f.oem4f (.text:ti_sysbios_BIOS_registerRTSLock__I)
                  0000ff60    00000024     release_pem4f.oem4f (.text:ti_sysbios_BIOS_removeRTSLock__I)
                  0000ff84    00000004     --HOLE-- [fill = 0]
                  0000ff88    00000024     sysbios.aem4f : BIOS.obj (.text:ti_sysbios_family_arm_msp432_ClockFreqs_setFrequency__E)
                  0000ffac    00000024     release_pem4f.oem4f (.text:ti_sysbios_gates_GateMutex_Object__delete__S)
                  0000ffd0    00000024     sysbios.aem4f : BIOS.obj (.text:ti_sysbios_knl_Clock_Module_startup__E)
                  0000fff4    00000024     release_pem4f.oem4f (.text:ti_sysbios_knl_Clock_Object__delete__S)
                  00010018    00000024     sysbios.aem4f : BIOS.obj (.text:ti_sysbios_knl_Clock_start__E)
                  0001003c    00000004     --HOLE-- [fill = 0]
                  00010040    00000024                   : BIOS.obj (.text:ti_sysbios_knl_Semaphore_Instance_init__E)
                  00010064    00000024     release_pem4f.oem4f (.text:ti_sysbios_knl_Semaphore_Object__delete__S)
                  00010088    00000024     sysbios.aem4f : BIOS.obj (.text:ti_sysbios_knl_Task_restoreHwi__E)
                  000100ac    00000004     --HOLE-- [fill = 0]
                  000100b0    00000024                   : BIOS.obj (.text:xdc_runtime_Error_policyMin__E)
                  000100d4    00000022     drivers_msp432p401x.aem4f : LED.oem4f (.text:LED_stopBlinking)
                  000100f6    00000022     ui.obj (.text:is_number)
                  00010118    00000020     msp432p4xx_driverlib.lib : cs.o (.text:CS_setExternalClockSourceFrequency)
                  00010138    00000020     drivers_msp432p401x.aem4f : GPIOMSP432.oem4f (.text:GPIO_read)
                  00010158    00000020                               : PowerMSP432.oem4f (.text:Power_unregisterNotify)
                  00010178    00000020                               : RingBuf.oem4f (.text:RingBuf_peek)
                  00010198    00000020     speed_control.obj (.text:chassis_init)
                  000101b8    00000020     rtsv7M4_T_le_v4SPD16_eabi.lib : u_tofd_t2.asm.obj (.text)
                  000101d8    00000020     release_pem4f.oem4f (.text:ti_sysbios_BIOS_rtsLock__I)
                  000101f8    00000020     release_pem4f.oem4f (.text:ti_sysbios_family_arm_m3_Hwi_Object__delete__S)
                  00010218    00000020     sysbios.aem4f : BIOS.obj (.text:ti_sysbios_family_arm_m3_Hwi_clearInterrupt__E)
                  00010238    00000020     release_pem4f.oem4f (.text:ti_sysbios_gates_GateHwi_Object__delete__S)
                  00010258    00000020     release_pem4f.oem4f (.text:ti_sysbios_heaps_HeapMem_Object__delete__S)
                  00010278    00000020     sysbios.aem4f : BIOS.obj (.text:ti_sysbios_knl_Idle_run__E)
                  00010298    00000020     release_pem4f.oem4f (.text:ti_sysbios_knl_Semaphore_destruct)
                  000102b8    00000020     release_pem4f.oem4f (.text:ti_sysbios_knl_Task_Object__delete__S)
                  000102d8    0000001e     drivers_msp432p401x.aem4f : PWMTimerMSP432.oem4f (.text:corroboratePeriod)
                  000102f6    0000001e                               : Button.oem4f (.text:msToTicks)
                  00010314    0000001e                               : LED.oem4f (.text:msToTicks)
                  00010332    0000001e     sysbios.aem4f : m3_Hwi_asm_switch.obj (.text:ti_sysbios_family_xxx_Hwi_switchAndRunFunc)
                  00010350    0000001c     ti_drivers_config.obj (.text:dmaErrorFxn)
                  0001036c    0000001c     rtsv7M4_T_le_v4SPD16_eabi.lib : memccpy.c.obj (.text:memccpy)
                  00010388    0000001c     sysbios.aem4f : BIOS.obj (.text:ti_sysbios_family_arm_m3_Hwi_excHandler__I)
                  000103a4    00000004     --HOLE-- [fill = 0]
                  000103a8    0000001c                   : BIOS.obj (.text:ti_sysbios_gates_GateMutex_Instance_init__E)
                  000103c4    00000004     --HOLE-- [fill = 0]
                  000103c8    0000001c                   : BIOS.obj (.text:ti_sysbios_knl_Clock_Instance_finalize__E)
                  000103e4    0000001c     release_pem4f.oem4f (.text:ti_sysbios_knl_Queue_destruct)
                  00010400    0000001c     sysbios.aem4f : BIOS.obj (.text:ti_sysbios_knl_Queue_put__E)
                  0001041c    00000004     --HOLE-- [fill = 0]
                  00010420    0000001c                   : BIOS.obj (.text:ti_sysbios_knl_Task_enter__I)
                  0001043c    00000004     --HOLE-- [fill = 0]
                  00010440    0000001c                   : BIOS.obj (.text:ti_sysbios_rts_ti_ReentSupport_getReent__F)
                  0001045c    00000004     --HOLE-- [fill = 0]
                  00010460    0000001c                   : BIOS.obj (.text:xdc_runtime_Memory_valloc__E)
                  0001047c    00000004     --HOLE-- [fill = 0]
                  00010480    0000001c                   : BIOS.obj (.text:xdc_runtime_System_abort__E)
                  0001049c    0000001a     drivers_msp432p401x.aem4f : LED.oem4f (.text:LED_toggle)
                  000104b6    0000001a     rtsv7M4_T_le_v4SPD16_eabi.lib : s_copysign.c.obj (.text:copysign)
                  000104d0    00000018     release_pem4f.oem4f (.text:.bootCodeSection:ti_sysbios_family_arm_msp432_init_Boot_init__I)
                  000104e8    00000018     msp432p4xx_driverlib.lib : spi.o (.text:EUSCI_A_SPI_getInterruptStatus)
                  00010500    00000018                              : spi.o (.text:EUSCI_B_SPI_getInterruptStatus)
                  00010518    00000018     drivers_msp432p401x.aem4f : I2C.oem4f (.text:I2C_transfer)
                  00010530    00000018     msp432p4xx_driverlib.lib : sysctl_a.o (.text:SysCtl_A_disableNMISource)
                  00010548    00000018                              : sysctl_a.o (.text:SysCtl_A_enableNMISource)
                  00010560    00000018     drivers_msp432p401x.aem4f : UART.oem4f (.text:UART_Params_init)
                  00010578    00000018     rtsv7M4_T_le_v4SPD16_eabi.lib : args_main.c.obj (.text:_args_main)
                  00010590    00000018                                   : sprintf.c.obj (.text:_outs)
                  000105a8    00000018     drivers_msp432p401x.aem4f : PWMTimerMSP432.oem4f (.text:corroborateDuty)
                  000105c0    00000018     release_pem4f.oem4f (.text:ti_sysbios_BIOS_rtsUnlock__I)
                  000105d8    00000018     release_pem4f.oem4f (.text:ti_sysbios_family_arm_m3_Hwi_Module__startupDone__F)
                  000105f0    00000018     sysbios.aem4f : m3_TaskSupport_asm.obj (.text:ti_sysbios_family_arm_m3_TaskSupport_swap__E)
                  00010608    00000018     release_pem4f.oem4f (.text:ti_sysbios_family_arm_msp432_Timer_Module__startupDone__F)
                  00010620    00000018     sysbios.aem4f : BIOS.obj (.text:ti_sysbios_gates_GateMutex_leave__E)
                  00010638    00000018                   : BIOS.obj (.text:ti_sysbios_knl_Task_sleepTimeout__I)
                  00010650    00000018     release_pem4f.oem4f (.text:ti_sysbios_rts_ti_ReentSupport_getTlsAddr__I)
                  00010668    00000018     sysbios.aem4f : BIOS.obj (.text:xdc_runtime_Error_init__E)
                  00010680    00000018                   : BIOS.obj (.text:xdc_runtime_System_exit__E)
                  00010698    00000016     display.aem4f : DisplayUart.oem4f (.text:DisplayUartMin_close)
                  000106ae    00000016     rtsv7M4_T_le_v4SPD16_eabi.lib : strchr.c.obj (.text:strchr)
                  000106c4    00000016     release_pem4f.oem4f (.text:ti_sysbios_BIOS_exitFunc__I)
                  000106da    00000016     main_tirtos.obj (.text:ti_sysbios_knl_Clock_Params_init)
                  000106f0    00000016     uart.obj (.text:ti_sysbios_knl_Event_Params_init)
                  00010706    00000002     --HOLE-- [fill = 0]
                  00010708    00000016     sysbios.aem4f : BIOS.obj (.text:ti_sysbios_knl_Task_unblock__E)
                  0001071e    00000002     --HOLE-- [fill = 0]
                  00010720    00000014     msp432p4xx_driverlib.lib : pcm.o (.text:PCM_getPowerState)
                  00010734    00000014     drivers_msp432p401x.aem4f : PWM.oem4f (.text:PWM_Params_init)
                  00010748    00000014                               : PowerMSP432.oem4f (.text:Power_idleFunc)
                  0001075c    00000014                               : SPI.oem4f (.text:SPI_Params_init)
                  00010770    00000014                               : UARTMSP432.oem4f (.text:clearTXCPTIFG)
                  00010784    00000004     --HOLE-- [fill = 0]
                  00010788    00000014     sysbios.aem4f : BIOS.obj (.text:pthread_attr_setschedparam)
                  0001079c    00000014     rtsv7M4_T_le_v4SPD16_eabi.lib : strlen.c.obj (.text:strlen)
                  000107b0    00000014     release_pem4f.oem4f (.text:ti_sysbios_family_arm_m3_Hwi_Object__get__S)
                  000107c4    00000004     --HOLE-- [fill = 0]
                  000107c8    00000014     sysbios.aem4f : BIOS.obj (.text:ti_sysbios_family_arm_m3_Hwi_switchFromBootStack__E)
                  000107dc    00000014     release_pem4f.oem4f (.text:ti_sysbios_heaps_HeapMem_Object__get__S)
                  000107f0    00000014     sysbios.aem4f : BIOS.obj (.text:ti_sysbios_knl_Event_Instance_init__E)
                  00010804    00000014     release_pem4f.oem4f (.text:ti_sysbios_knl_Swi_Object__get__S)
                  00010818    00000014     drivers_msp432p401x.aem4f : Button.oem4f (.text:ticksToMs)
                  0001082c    00000014                               : Button.oem4f (.text:timediff)
                  00010840    00000012                               : LED.oem4f (.text:LED_Params_init)
                  00010852    00000012                               : RingBuf.oem4f (.text:RingBuf_construct)
                  00010864    00000012     dpl_msp432p401x.aem4f : SemaphoreP_tirtos.oem4f (.text:SemaphoreP_pend)
                  00010876    00000002     --HOLE-- [fill = 0]
                  00010878    00000012     sysbios.aem4f : BIOS.obj (.text:_pthread_cleanup_pop)
                  0001088a    00000006     display.aem4f : DisplayUart.oem4f (.text:DisplayUartMin_getType)
                  00010890    00000012     sysbios.aem4f : BIOS.obj (.text:_pthread_runStub$43)
                  000108a2    00000006     display.aem4f : Display.oem4f (.text:Display_doParamsInit)
                  000108a8    00000012     sysbios.aem4f : BIOS.obj (.text:ti_sysbios_hal_Hwi_Module_startup__E)
                  000108ba    00000012     rtsv7M4_T_le_v4SPD16_eabi.lib : wcslen.c.obj (.text:wcslen)
                  000108cc    00000012     release_pem4f.oem4f (.text:xdc_runtime_Startup_exec__I)
                  000108de    00000002     --HOLE-- [fill = 0]
                  000108e0    00000010     msp432p4xx_driverlib.lib : adc14.o (.text:ADCIsConversionRunning)
                  000108f0    00000010     drivers_msp432p401x.aem4f : Button.oem4f (.text:Button_Params_init)
                  00010900    00000010                               : GPIOMSP432.oem4f (.text:GPIO_getConfig)
                  00010910    00000010     dpl_msp432p401x.aem4f : HwiP_tirtos.oem4f (.text:HwiP_Params_init)
                  00010920    00000010     drivers_msp432p401x.aem4f : I2C.oem4f (.text:I2C_Params_init)
                  00010930    00000010     msp432p4xx_driverlib.lib : pcm.o (.text:PCM_gotoLPM4)
                  00010940    00000010                              : pcm.o (.text:PCM_setPowerMode)
                  00010950    00000010                              : pcm.o (.text:PCM_setPowerState)
                  00010960    00000010     drivers_msp432p401x.aem4f : PowerMSP432.oem4f (.text:PowerMSP432_getNumPerfLevels)
                  00010970    00000010     msp432p4xx_driverlib.lib : sysctl_a.o (.text:SysCtl_A_getNMISourceStatus)
                  00010980    00000010                              : sysctl.o (.text:SysCtl_getNMISourceStatus)
                  00010990    00000010     drivers_msp432p401x.aem4f : Timer.oem4f (.text:Timer_Params_init)
                  000109a0    00000010                               : UARTMSP432.oem4f (.text:readBlockingTimeout)
                  000109b0    00000010     sysbios.aem4f : BIOS.obj (.text:ti_sysbios_BIOS_exit__E)
                  000109c0    00000010                   : BIOS.obj (.text:ti_sysbios_BIOS_setCpuFreq__E)
                  000109d0    00000010                   : BIOS.obj (.text:ti_sysbios_BIOS_setThreadType__E)
                  000109e0    00000010                   : BIOS.obj (.text:ti_sysbios_BIOS_start__E)
                  000109f0    00000010                   : m3_TaskSupport_asm.obj (.text:ti_sysbios_family_arm_m3_TaskSupport_glue)
                  00010a00    00000010                   : BIOS.obj (.text:ti_sysbios_family_arm_msp432_init_Boot_disableWatchdog)
                  00010a10    00000010                   : BIOS.obj (.text:ti_sysbios_gates_GateMutex_Instance_finalize__E)
                  00010a20    00000010     release_pem4f.oem4f (.text:ti_sysbios_knl_Mailbox_Object__get__S)
                  00010a30    00000010     sysbios.aem4f : BIOS.obj (.text:ti_sysbios_knl_Semaphore_Instance_finalize__E)
                  00010a40    00000010                   : BIOS.obj (.text:ti_sysbios_knl_Swi_disable__E)
                  00010a50    00000010     release_pem4f.oem4f (.text:ti_sysbios_knl_Task_Object__get__S)
                  00010a60    00000010     sysbios.aem4f : BIOS.obj (.text:ti_sysbios_knl_Task_disable__E)
                  00010a70    00000010                   : BIOS.obj (.text:xdc_runtime_Gate_leaveSystem__E)
                  00010a80    00000010                   : BIOS.obj (.text:xdc_runtime_Memory_free__E)
                  00010a90    00000010                   : BIOS.obj (.text:xdc_runtime_SysCallback_abort__E)
                  00010aa0    00000010                   : BIOS.obj (.text:xdc_runtime_SysCallback_exit__E)
                  00010ab0    00000010                   : BIOS.obj (.text:xdc_runtime_SysCallback_putch__E)
                  00010ac0    00000010                   : BIOS.obj (.text:xdc_runtime_SysCallback_ready__E)
                  00010ad0    00000010                   : BIOS.obj (.text:xdc_runtime_System_vsnprintf__E)
                  00010ae0    0000000e     console.obj (.text:consoleThread)
                  00010aee    0000000e     rtsv7M4_T_le_v4SPD16_eabi.lib : copy_decompress_none.c.obj (.text:decompress:none:__TI_decompress_none)
                  00010afc    00000004     --HOLE-- [fill = 0]
                  00010b00    0000000e     sysbios.aem4f : BIOS.obj (.text:pthread_attr_setdetachstate)
                  00010b0e    00000002     --HOLE-- [fill = 0]
                  00010b10    0000000e                   : BIOS.obj (.text:ti_sysbios_knl_Idle_loop__E)
                  00010b1e    00000002     --HOLE-- [fill = 0]
                  00010b20    0000000e                   : BIOS.obj (.text:ti_sysbios_knl_Queue_empty__E)
                  00010b2e    0000000e     spi_lcd.obj (.text:timerCallback)
                  00010b3c    0000000e     uart.obj (.text:uart2WriteCallback)
                  00010b4a    0000000e     uart.obj (.text:uart3ReadCallback)
                  00010b58    0000000e     uart.obj (.text:uart3WriteCallback)
                  00010b66    0000000e     uart.obj (.text:uartWriteCallback)
                  00010b74    0000000c     ti_drivers_config.obj (.text:Board_init)
                  00010b80    0000000c     msp432p4xx_driverlib.lib : cpu.o (.text:CPU_cpsid)
                  00010b8c    0000000c                              : cpu.o (.text:CPU_cpsie)
                  00010b98    0000000c     dpl_msp432p401x.aem4f : ClockP_tirtos.oem4f (.text:ClockP_delete)
                  00010ba4    0000000c                           : ClockP_tirtos.oem4f (.text:ClockP_getSystemTickPeriod)
                  00010bb0    0000000c                           : HwiP_tirtos.oem4f (.text:HwiP_delete)
                  00010bbc    0000000c     ui.obj (.text:Invalidate)
                  00010bc8    0000000c     drivers_msp432p401x.aem4f : PowerMSP432.oem4f (.text:Power_getConstraintMask)
                  00010bd4    0000000c                               : PowerMSP432.oem4f (.text:Power_getPerformanceLevel)
                  00010be0    0000000c     dpl_msp432p401x.aem4f : SemaphoreP_tirtos.oem4f (.text:SemaphoreP_delete)
                  00010bec    0000000c     rtsv7M4_T_le_v4SPD16_eabi.lib : _lock.c.obj (.text:_register_lock)
                  00010bf8    0000000c                                   : _lock.c.obj (.text:_register_unlock)
                  00010c04    0000000c                                   : copy_zero_init.c.obj (.text:decompress:ZI:__TI_zero_init)
                  00010c10    0000000c     speed_measure.obj (.text:get_encoder1)
                  00010c1c    0000000c     speed_measure.obj (.text:get_encoder2)
                  00010c28    0000000c     speed_measure.obj (.text:get_encoder3)
                  00010c34    0000000c     speed_measure.obj (.text:get_encoder4)
                  00010c40    0000000c     sysbios.aem4f : BIOS.obj (.text:pthread_self)
                  00010c4c    0000000c     release_pem4f.oem4f (.text:ti_sysbios_family_arm_m3_Hwi_Params__init__S)
                  00010c58    0000000c     sysbios.aem4f : BIOS.obj (.text:ti_sysbios_family_arm_m3_Hwi_disableFxn__E)
                  00010c64    00000004     --HOLE-- [fill = 0]
                  00010c68    0000000c                   : BIOS.obj (.text:ti_sysbios_family_arm_m3_TaskSupport_getStackAlignment__E)
                  00010c74    00000004     --HOLE-- [fill = 0]
                  00010c78    0000000c                   : BIOS.obj (.text:ti_sysbios_family_arm_msp432_Timer_getMaxTicks__E)
                  00010c84    00000004     --HOLE-- [fill = 0]
                  00010c88    0000000c                   : BIOS.obj (.text:ti_sysbios_gates_GateHwi_enter__E)
                  00010c94    0000000c     release_pem4f.oem4f (.text:ti_sysbios_knl_Clock_Params__init__S)
                  00010ca0    0000000c     sysbios.aem4f : BIOS.obj (.text:ti_sysbios_knl_Clock_getTicks__E)
                  00010cac    0000000c     release_pem4f.oem4f (.text:ti_sysbios_knl_Event_Params__init__S)
                  00010cb8    0000000c     uart.obj (.text:ti_sysbios_knl_Event_handle)
                  00010cc4    0000000c     release_pem4f.oem4f (.text:ti_sysbios_knl_Queue_Object__get__S)
                  00010cd0    0000000c     release_pem4f.oem4f (.text:ti_sysbios_knl_Semaphore_Params__init__S)
                  00010cdc    0000000c     release_pem4f.oem4f (.text:ti_sysbios_knl_Task_Params__init__S)
                  00010ce8    0000000c     sysbios.aem4f : BIOS.obj (.text:ti_sysbios_knl_Task_self__E)
                  00010cf4    00000004     --HOLE-- [fill = 0]
                  00010cf8    0000000c                   : BIOS.obj (.text:ti_sysbios_rts_ti_ReentSupport_taskRegHook__I)
                  00010d04    00000004     --HOLE-- [fill = 0]
                  00010d08    0000000c                   : BIOS.obj (.text:xdc_runtime_Gate_enterSystem__E)
                  00010d14    00000004     --HOLE-- [fill = 0]
                  00010d18    0000000c                   : BIOS.obj (.text:xdc_runtime_Startup_rtsDone__E)
                  00010d24    0000000a     drivers_msp432p401x.aem4f : ADC.oem4f (.text:ADC_Params_init)
                  00010d2e    0000000a                               : ADC.oem4f (.text:ADC_convert)
                  00010d38    0000000a     dpl_msp432p401x.aem4f : ClockP_tirtos.oem4f (.text:ClockP_Params_init)
                  00010d42    0000000a     drivers_msp432p401x.aem4f : PWM.oem4f (.text:PWM_close)
                  00010d4c    0000000a                               : PWM.oem4f (.text:PWM_setDuty)
                  00010d56    0000000a                               : PWM.oem4f (.text:PWM_setPeriod)
                  00010d60    0000000a                               : PWM.oem4f (.text:PWM_start)
                  00010d6a    0000000a                               : SPI.oem4f (.text:SPI_transfer)
                  00010d74    0000000a                               : Timer.oem4f (.text:Timer_start)
                  00010d7e    0000000a                               : UART.oem4f (.text:UART_close)
                  00010d88    0000000a                               : UART.oem4f (.text:UART_control)
                  00010d92    0000000a                               : UART.oem4f (.text:UART_read)
                  00010d9c    0000000a                               : UART.oem4f (.text:UART_write)
                  00010da6    0000000a     rtsv7M4_T_le_v4SPD16_eabi.lib : sprintf.c.obj (.text:_outc)
                  00010db0    0000000a     ui.obj (.text:gotoMainMenuView)
                  00010dba    0000000a     release_pem4f.oem4f (.text:xdc_runtime_IHeap_alloc)
                  00010dc4    0000000a     release_pem4f.oem4f (.text:xdc_runtime_IHeap_free)
                  00010dce    00000008     drivers_msp432p401x.aem4f : Button.oem4f (.text:Button_getLastPressedDuration)
                  00010dd6    00000008     ec11.obj (.text:EC11_GPIO_Init)
                  00010dde    00000008     drivers_msp432p401x.aem4f : LED.oem4f (.text:LED_getState)
                  00010de6    00000008     dpl_msp432p401x.aem4f : SemaphoreP_tirtos.oem4f (.text:SemaphoreP_Params_init)
                  00010dee    00000008     drivers_msp432p401x.aem4f : I2CMSP432.oem4f (.text:blockingTransferCallback)
                  00010df6    00000008                               : SPIMSP432DMA.oem4f (.text:blockingTransferCallback)
                  00010dfe    00000002     --HOLE-- [fill = 0]
                  00010e00    00000008     sysbios.aem4f : BIOS.obj (.text:pthread_attr_setstacksize)
                  00010e08    00000008     drivers_msp432p401x.aem4f : UARTMSP432.oem4f (.text:readSemCallback)
                  00010e10    00000008     sysbios.aem4f : BIOS.obj (.text:ti_sysbios_family_arm_m3_Hwi_doSwiRestore__I)
                  00010e18    00000008                   : BIOS.obj (.text:ti_sysbios_family_arm_m3_Hwi_startup__E)
                  00010e20    00000008     drivers_msp432p401x.aem4f : UARTMSP432.oem4f (.text:txcptEnabledStatus)
                  00010e28    00000008                               : UARTMSP432.oem4f (.text:writeSemCallback)
                  00010e30    00000006                               : I2CMSP432.oem4f (.text:I2CMSP432_control)
                  00010e36    00000006                               : PWMTimerMSP432.oem4f (.text:PWMTimerMSP432_control)
                  00010e3c    00000006                               : PWMTimerMSP432.oem4f (.text:PWMTimerMSP432_setDutyAndPeriod)
                  00010e42    00000006                               : SPIMSP432DMA.oem4f (.text:SPIMSP432DMA_control)
                  00010e48    00000006                               : TimerMSP432.oem4f (.text:TimerMSP432_control)
                  00010e4e    00000002     --HOLE-- [fill = 0]
                  00010e50    00000006     sysbios.aem4f : BIOS.obj (.text:ti_sysbios_family_arm_m3_Hwi_doTaskRestore__I)
                  00010e56    00000002     --HOLE-- [fill = 0]
                  00010e58    00000006                   : BIOS.obj (.text:ti_sysbios_family_arm_m3_Hwi_restoreFxn__E)
                  00010e5e    00000002     --HOLE-- [fill = 0]
                  00010e60    00000006                   : BIOS.obj (.text:ti_sysbios_gates_GateHwi_leave__E)
                  00010e66    00000002     --HOLE-- [fill = 0]
                  00010e68    00000006                   : BIOS.obj (.text:ti_sysbios_heaps_HeapMem_isBlocking__E)
                  00010e6e    00000002     --HOLE-- [fill = 0]
                  00010e70    00000006                   : BIOS.obj (.text:ti_sysbios_knl_Clock_stop__E)
                  00010e76    00000002     --HOLE-- [fill = 0]
                  00010e78    00000006                   : BIOS.obj (.text:ti_sysbios_knl_Queue_Instance_init__E)
                  00010e7e    00000002     --HOLE-- [fill = 0]
                  00010e80    00000006                   : BIOS.obj (.text:ti_sysbios_knl_Swi_startup__E)
                  00010e86    00000002     --HOLE-- [fill = 0]
                  00010e88    00000006                   : BIOS.obj (.text:xdc_runtime_System_Module_startup__E)
                  00010e8e    00000002     --HOLE-- [fill = 0]
                  00010e90    00000004                   : BIOS.obj (.text:__aeabi_errno_addr)
                  00010e94    00000004     --HOLE-- [fill = 0]
                  00010e98    00000004                   : BIOS.obj (.text:ti_sysbios_gates_GateHwi_query__E)
                  00010e9c    00000004     --HOLE-- [fill = 0]
                  00010ea0    00000004                   : BIOS.obj (.text:ti_sysbios_gates_GateMutex_query__E)
                  00010ea4    00000004     --HOLE-- [fill = 0]
                  00010ea8    00000004                   : BIOS.obj (.text:ti_sysbios_knl_Clock_setTimeout__E)
                  00010eac    00000004     --HOLE-- [fill = 0]
                  00010eb0    00000004                   : BIOS.obj (.text:ti_sysbios_knl_Task_startup__E)
                  00010eb4    00000004     --HOLE-- [fill = 0]
                  00010eb8    00000004                   : BIOS.obj (.text:xdc_runtime_SysCallback_defaultReady)
                  00010ebc    00000004     --HOLE-- [fill = 0]
                  00010ec0    00000002                   : BIOS.obj (.text:ti_sysbios_BIOS_linkedWithIncorrectBootLibrary__E)
                  00010ec2    00000006     --HOLE-- [fill = 0]
                  00010ec8    00000002                   : BIOS.obj (.text:ti_sysbios_gates_GateHwi_Instance_init__E)
                  00010eca    00000006     --HOLE-- [fill = 0]
                  00010ed0    00000002                   : BIOS.obj (.text:ti_sysbios_knl_Clock_logTick__E)
                  00010ed2    00000006     --HOLE-- [fill = 0]
                  00010ed8    00000002                   : BIOS.obj (.text:xdc_runtime_SysCallback_defaultAbort)
                  00010eda    00000006     --HOLE-- [fill = 0]
                  00010ee0    00000002                   : BIOS.obj (.text:xdc_runtime_SysCallback_defaultExit)
                  00010ee2    00000006     --HOLE-- [fill = 0]
                  00010ee8    00000002                   : BIOS.obj (.text:xdc_runtime_SysCallback_defaultPutch)
                  00010eea    00000006     --HOLE-- [fill = 0]
                  00010ef0    00000002                   : BIOS.obj (.text:xdc_runtime_System_abortSpin__E)
                  00010ef2    00000006     --HOLE-- [fill = 0]
                  00010ef8    00000002                   : BIOS.obj (.text:xdc_runtime_System_exitSpin__E)

.const     0    00010f00    000017a0     
                  00010f00    000005f0     lcd_font.obj (.const:tft_ascii)
                  000114f0    00000158     rtsv7M4_T_le_v4SPD16_eabi.lib : k_rem_pio2.c.obj (.const:$O1$$)
                  00011648    00000150     ui.obj (.const:$P$T14$16)
                  00011798    00000118     ui.obj (.const:$P$T4$6)
                  000118b0    00000101     rtsv7M4_T_le_v4SPD16_eabi.lib : ctype.c.obj (.const:.string:_ctypes_)
                  000119b1    00000002     ti_drivers_config.obj (.const:ButtonHWAttrs)
                  000119b3    00000001     display.aem4f : Display.oem4f (.const:Display_defaultParams)
                  000119b4    000000b0     ti_drivers_config.obj (.const:uartMSP432HWAttrs)
                  00011a64    00000080     msp432p4xx_driverlib.lib : adc14.o (.const:_ctlRegs)
                  00011ae4    00000078     ti_drivers_config.obj (.const:PWM_config)
                  00011b5c    00000070     ui.obj (.const:$P$T13$15)
                  00011bcc    00000060     ui.obj (.const:$P$T3$4)
                  00011c2c    00000054     ui.obj (.const:$P$T8$10)
                  00011c80    00000050     ti_drivers_config.obj (.const:pwmTimerMSP432HWAttrs)
                  00011cd0    00000050     drivers_msp432p401x.aem4f : TimerMSP432.oem4f (.const:timerADividers)
                  00011d20    00000050     ti_drivers_config.obj (.const:uartMSP432Baudrates)
                  00011d70    00000048     ti_drivers_config.obj (.const:spiMSP432DMAHWAttrs)
                  00011db8    0000003c     release_pem4f.oem4f (.const:ti_sysbios_knl_Task_Object__PARAMS__C)
                  00011df4    00000038     ti_drivers_config.obj (.const:PowerMSP432_config)
                  00011e2c    00000030     ti_drivers_config.obj (.const:UART_config)
                  00011e5c    00000030     release_pem4f.oem4f (.const:ti_sysbios_family_arm_m3_Hwi_Object__PARAMS__C)
                  00011e8c    00000028     drivers_msp432p401x.aem4f : UARTMSP432.oem4f (.const:UARTMSP432_fxnTable)
                  00011eb4    00000028     ti_drivers_config.obj (.const:i2cMSP432HWAttrs)
                  00011edc    00000028     release_pem4f.oem4f (.const:ti_sysbios_heaps_HeapMem_Module__FXNS__C)
                  00011f04    00000024     ui.obj (.const:$P$T0$1)
                  00011f28    00000024     ui.obj (.const:$P$T1$2)
                  00011f4c    00000024     ui.obj (.const:$P$T2$3)
                  00011f70    00000024     drivers_msp432p401x.aem4f : PWMTimerMSP432.oem4f (.const:PWMTimerMSP432_fxnTable)
                  00011f94    00000024                               : UART.oem4f (.const:UART_defaultParams)
                  00011fb8    00000024     release_pem4f.oem4f (.const:ti_sysbios_gates_GateHwi_Module__FXNS__C)
                  00011fdc    00000024     release_pem4f.oem4f (.const:ti_sysbios_gates_GateMutex_Module__FXNS__C)
                  00012000    00000024     release_pem4f.oem4f (.const:ti_sysbios_heaps_HeapMem_Object__PARAMS__C)
                  00012024    00000024     release_pem4f.oem4f (.const:ti_sysbios_knl_Clock_Object__PARAMS__C)
                  00012048    00000024     release_pem4f.oem4f (.const:ti_sysbios_knl_Semaphore_Object__PARAMS__C)
                  0001206c    00000024     release_pem4f.oem4f (.const:xdc_runtime_Startup_sfxnTab__A)
                  00012090    00000020     display.aem4f : DisplayUart.oem4f (.const:DisplayUartMin_fxnTable)
                  000120b0    00000020     drivers_msp432p401x.aem4f : SPI.oem4f (.const:SPI_defaultParams)
                  000120d0    00000020     ti_drivers_config.obj (.const:TimerMSP432HWAttrs)
                  000120f0    00000020     drivers_msp432p401x.aem4f : TimerMSP432.oem4f (.const:TimerMSP432_Timer32_fxnTable)
                  00012110    00000020     ti_drivers_config.obj (.const:adcMSP432HWAttrs)
                  00012130    00000020     drivers_msp432p401x.aem4f : UARTMSP432.oem4f (.const:staticFxnTable)
                  00012150    00000020     release_pem4f.oem4f (.const:ti_sysbios_family_arm_m3_Hwi_Object__DESC__C)
                  00012170    00000020     release_pem4f.oem4f (.const:ti_sysbios_gates_GateHwi_Object__DESC__C)
                  00012190    00000020     release_pem4f.oem4f (.const:ti_sysbios_gates_GateMutex_Object__DESC__C)
                  000121b0    00000020     release_pem4f.oem4f (.const:ti_sysbios_heaps_HeapMem_Object__DESC__C)
                  000121d0    00000020     release_pem4f.oem4f (.const:ti_sysbios_knl_Clock_Object__DESC__C)
                  000121f0    00000020     release_pem4f.oem4f (.const:ti_sysbios_knl_Event_Object__DESC__C)
                  00012210    00000020     release_pem4f.oem4f (.const:ti_sysbios_knl_Queue_Object__DESC__C)
                  00012230    00000020     release_pem4f.oem4f (.const:ti_sysbios_knl_Semaphore_Object__DESC__C)
                  00012250    00000020     release_pem4f.oem4f (.const:ti_sysbios_knl_Task_Object__DESC__C)
                  00012270    0000001c     ui.obj (.const:$P$T10$12)
                  0001228c    0000001c     ui.obj (.const:$P$T11$13)
                  000122a8    0000001c     ui.obj (.const:$P$T12$14)
                  000122c4    0000001c     ui.obj (.const:$P$T5$7)
                  000122e0    0000001c     ui.obj (.const:$P$T6$8)
                  000122fc    0000001c     ui.obj (.const:$P$T7$9)
                  00012318    0000001c     ui.obj (.const:$P$T9$11)
                  00012334    00000018     drivers_msp432p401x.aem4f : ADCMSP432.oem4f (.const:ADCMSP432_fxnTable)
                  0001234c    00000018     ti_drivers_config.obj (.const:ADC_config)
                  00012364    00000018     drivers_msp432p401x.aem4f : I2CMSP432.oem4f (.const:I2CMSP432_fxnTable)
                  0001237c    00000018     ti_drivers_config.obj (.const:I2C_config)
                  00012394    00000018     drivers_msp432p401x.aem4f : PWM.oem4f (.const:PWM_defaultParams)
                  000123ac    00000018                               : SPIMSP432DMA.oem4f (.const:SPIMSP432DMA_fxnTable)
                  000123c4    00000018     ti_drivers_config.obj (.const:SPI_config)
                  000123dc    00000018     ti_drivers_config.obj (.const:Timer_config)
                  000123f4    00000018     release_pem4f.oem4f (.const:ti_sysbios_gates_GateHwi_Object__PARAMS__C)
                  0001240c    00000018     release_pem4f.oem4f (.const:ti_sysbios_gates_GateMutex_Object__PARAMS__C)
                  00012424    00000018     release_pem4f.oem4f (.const:ti_sysbios_knl_Event_Object__PARAMS__C)
[...]
000119b3  Display_defaultParams                                           
00011ae4  PWM_config                                                      
00011c80  pwmTimerMSP432HWAttrs                                           
00011d70  spiMSP432DMAHWAttrs                                             
00011db8  ti_sysbios_knl_Task_Object__PARAMS__C                           
00011df4  PowerMSP432_config                                              
00011e2c  UART_config                                                     
00011e5c  ti_sysbios_family_arm_m3_Hwi_Object__PARAMS__C                  
00011e8c  UARTMSP432_fxnTable                                             
00011eb4  i2cMSP432HWAttrs                                                
00011edc  ti_sysbios_heaps_HeapMem_Module__FXNS__C                        
00011f70  PWMTimerMSP432_fxnTable                                         
00011f94  UART_defaultParams                                              
00011fb8  ti_sysbios_gates_GateHwi_Module__FXNS__C                        
00011fdc  ti_sysbios_gates_GateMutex_Module__FXNS__C                      
00012000  ti_sysbios_heaps_HeapMem_Object__PARAMS__C                      
00012024  ti_sysbios_knl_Clock_Object__PARAMS__C                          
00012048  ti_sysbios_knl_Semaphore_Object__PARAMS__C                      
0001206c  xdc_runtime_Startup_sfxnTab__A                                  
00012090  DisplayUartMin_fxnTable                                         
000120b0  SPI_defaultParams                                               
000120d0  TimerMSP432HWAttrs                                              
000120f0  TimerMSP432_Timer32_fxnTable                                    
00012110  adcMSP432HWAttrs                                                
00012150  ti_sysbios_family_arm_m3_Hwi_Object__DESC__C                    
00012170  ti_sysbios_gates_GateHwi_Object__DESC__C                        
00012190  ti_sysbios_gates_GateMutex_Object__DESC__C                      
000121b0  ti_sysbios_heaps_HeapMem_Object__DESC__C                        
000121d0  ti_sysbios_knl_Clock_Object__DESC__C                            
000121f0  ti_sysbios_knl_Event_Object__DESC__C                            
00012210  ti_sysbios_knl_Queue_Object__DESC__C                            
00012230  ti_sysbios_knl_Semaphore_Object__DESC__C                        
00012250  ti_sysbios_knl_Task_Object__DESC__C                             
00012334  ADCMSP432_fxnTable                                              
0001234c  ADC_config                                                      
00012364  I2CMSP432_fxnTable                                              
0001237c  I2C_config                                                      
00012394  PWM_defaultParams                                               
000123ac  SPIMSP432DMA_fxnTable                                           
000123c4  SPI_config                                                      
000123dc  Timer_config                                                    
000123f4  ti_sysbios_gates_GateHwi_Object__PARAMS__C                      
0001240c  ti_sysbios_gates_GateMutex_Object__PARAMS__C                    
00012424  ti_sysbios_knl_Event_Object__PARAMS__C                          
0001243c  ti_sysbios_knl_Queue_Object__PARAMS__C                          
00012454  ti_sysbios_knl_Task_hooks__A                                    
0001246c  GPIOMSP432_config                                               
00012480  displayUartHWAttrs                                              
00012494  xdc_runtime_Startup_sfxnRts__A                                  
000124b6  ti_sysbios_family_arm_m3_Hwi_Module__id__C                      
000124b8  Button_config                                                   
000124c8  Button_defaultParams                                            
000124d8  I2C_defaultParams                                               
000124e8  LED_config                                                      
00012508  Display_config                                                  
00012538  udmaMSP432HWAttrs                                               
00012544  xdc_runtime_Startup_firstFxns__A                                
00012550  Display_count                                                   
00012551  ADC_count                                                       
00012552  I2C_count                                                       
00012553  PWM_count                                                       
00012554  SPI_count                                                       
00012555  Timer_count                                                     
00012556  UART_count                                                      
00012557  Button_count                                                    
00012558  LED_count                                                       
00012559  xdc_runtime_Error_policy__C                                     
0001255a  ti_sysbios_family_arm_msp432_init_Boot_bypassHFXT__C            
0001255c  ADC_defaultParams                                               
00012564  LED_defaultParams                                               
0001256c  UDMAMSP432_config                                               
0001257c  ti_sysbios_knl_Idle_funcList__A                                 
00012584  ti_sysbios_knl_Idle_funcList__C                                 
0001258c  ti_sysbios_knl_Task_hooks__C                                    
00012594  xdc_runtime_Startup_firstFxns__C                                
0001259c  xdc_runtime_Startup_lastFxns__C                                 
000125be  ti_sysbios_family_arm_msp432_init_Boot_bypassLFXT__C            
000125c0  ti_sysbios_family_arm_m3_Hwi_E_alreadyDefined__C                
000125c4  ti_sysbios_family_arm_m3_Hwi_E_badIntNum__C                     
000125c8  ti_sysbios_family_arm_m3_Hwi_NUM_INTERRUPTS__C                  
000125cc  ti_sysbios_family_arm_m3_Hwi_Object__count__C                   
000125d0  ti_sysbios_family_arm_m3_Hwi_ccr__C                             
000125d4  ti_sysbios_family_arm_m3_Hwi_excHandlerFunc__C                  
000125d8  ti_sysbios_family_arm_m3_Hwi_nullIsrFunc__C                     
000125dc  ti_sysbios_family_arm_m3_Hwi_priGroup__C                        
000125e0  ti_sysbios_family_arm_m3_Hwi_swiDisable__C                      
000125e4  ti_sysbios_family_arm_m3_Hwi_swiRestore__C                      
000125e8  ti_sysbios_family_arm_m3_TaskSupport_stackAlignment__C          
000125ec  ti_sysbios_family_arm_msp432_Timer_numTimerDevices__C           
000125f0  ti_sysbios_family_arm_msp432_Timer_startupNeeded__C             
000125f4  ti_sysbios_gates_GateMutex_Instance_State_sem__O                
000125f8  ti_sysbios_heaps_HeapMem_E_memory__C                            
000125fc  ti_sysbios_heaps_HeapMem_Module__gateObj__C                     
00012600  ti_sysbios_heaps_HeapMem_Object__count__C                       
00012604  ti_sysbios_heaps_HeapMem_primaryHeapBaseAddr__C                 
00012608  ti_sysbios_heaps_HeapMem_primaryHeapEndAddr__C                  
0001260c  ti_sysbios_heaps_HeapMem_reqAlign__C                            
00012610  ti_sysbios_knl_Clock_Module_State_clockQ__O                     
00012614  ti_sysbios_knl_Clock_tickPeriod__C                              
00012618  ti_sysbios_knl_Event_Instance_State_pendQ__O                    
0001261c  ti_sysbios_knl_Mailbox_Instance_State_freeQue__O                
00012620  ti_sysbios_knl_Mailbox_Object__count__C                         
00012624  ti_sysbios_knl_Mailbox_maxTypeAlign__C                          
00012628  ti_sysbios_knl_Semaphore_Instance_State_pendQ__O                
0001262c  ti_sysbios_knl_Swi_Object__count__C                             
00012630  ti_sysbios_knl_Task_Module_State_inactiveQ__O                   
00012634  ti_sysbios_knl_Task_Object__count__C                            
00012638  ti_sysbios_knl_Task_Object__heap__C                             
0001263c  ti_sysbios_knl_Task_allBlockedFunc__C                           
00012640  ti_sysbios_knl_Task_defaultStackHeap__C                         
00012644  ti_sysbios_knl_Task_defaultStackSize__C                         
00012648  ti_sysbios_knl_Task_numConstructedTasks__C                      
0001264c  xdc_runtime_Error_E_memory__C                                   
00012650  xdc_runtime_Error_policyFxn__C                                  
00012654  xdc_runtime_IGateProvider_Interface__BASE__C                    
00012658  xdc_runtime_IHeap_Interface__BASE__C                            
0001265c  xdc_runtime_IModule_Interface__BASE__C                          
00012660  xdc_runtime_Memory_defaultHeapInstance__C                       
00012664  xdc_runtime_Startup_execImpl__C                                 
00012668  xdc_runtime_Startup_maxPasses__C                                
0001266c  xdc_runtime_Startup_sfxnRts__C                                  
00012670  xdc_runtime_Startup_sfxnTab__C                                  
00012674  xdc_runtime_SysCallback_abortFxn__C                             
00012678  xdc_runtime_SysCallback_exitFxn__C                              
0001267c  xdc_runtime_SysCallback_putchFxn__C                             
00012680  xdc_runtime_SysCallback_readyFxn__C                             
00012684  xdc_runtime_System_Module__gateObj__C                           
00012688  xdc_runtime_System_abortFxn__C                                  
0001268c  xdc_runtime_System_exitFxn__C                                   
00012690  xdc_runtime_System_extendFxn__C                                 
00012694  xdc_runtime_System_maxAtexitHandlers__C                         
00012698  ti_sysbios_family_arm_msp432_init_Boot_enableHFXT__C            
0001269a  ti_sysbios_family_arm_msp432_init_Boot_enableLFXT__C            
0001269c  ti_sysbios_heaps_HeapMem_Module__id__C                          
0001269e  xdc_runtime_Memory_Module__id__C                                
000126a0  __TI_static_base__                                              
00012a24  __TI_Handler_Table_Base                                         
00012a30  __TI_Handler_Table_Limit                                        
00012a38  __TI_CINIT_Base                                                 
00012a48  __TI_CINIT_Limit                                                
20000000  __start___llvm_prf_cnts                                         
20000000  __stop___llvm_prf_cnts                                          
20000000  ti_sysbios_family_arm_m3_Hwi_ramVectors                         
20000140  __primary_heap_start__                                          
20008140  __primary_heap_end__                                            
20008600  Items                                                           
200088c0  ti_sysbios_knl_Task_Instance_State_0_stack__A                   
20008ac0  uartMSP432Objects                                               
20008cc0  ti_sysbios_family_arm_m3_Hwi_dispatchTable                      
20008f00  i2cMSP432Objects                                                
20008fa0  spiMSP432DMAObjects                                             
200091b8  LEDObjects                                                      
20009230  pwmTimerMSP432Objects                                           
200092a8  timerMSP432Objects                                              
20009310  ButtonObjects                                                   
20009360  masterRxBuffer                                                  
20009394  masterTxBuffer                                                  
200093f8  imu3                                                            
200094dc  bStats                                                          
200094f8  ringObj                                                         
20009510  ecoEvent                                                        
20009544  imu                                                             
20009554  motor_speed_pid                                                 
20009564  speed_wheel                                                     
20009574  displayUartObject                                               
20009580  eventBuf                                                        
2000958c  rxBuffer                                                        
200095a0  buttonHandle                                                    
200095a8  ledHandle                                                       
200095bc  ClockP_tickPeriod                                               
200095c0  CurDraw                                                         
200095c4  CurHandle                                                       
200095c8  adc                                                             
200095cc  adcMSP432Objects                                                
200095d0  chassis_speed_pid                                               
200095d4  displayHandle                                                   
200095d8  lua                                                             
200095dc  masterSpi                                                       
200095e0  ti_sysbios_knl_Task_Instance_State_0_hookEnv__A                 
200095e4  EC11_A_Now                                                      
200095e5  EC11_B_Now                                                      
200095e6  EC11_Key                                                        
200095e7  udmaMSP432Object                                                
200095e8  param                                                           
200097dc  PowerMSP432_perfLevels                                          
20009ab4  AllView                                                         
20009b38  gPixel                                                          
20009bb8  ti_sysbios_knl_Swi_Module_State_0_readyQ__A                     
20009c38  ti_sysbios_knl_Task_Module_State_0_readyQ__A                    
20009cb8  gpioCallbackFunctions                                           
20009d28  gpioPinConfigs                                                  
20009d98  lineid                                                          
20009df8  ti_sysbios_gates_GateMutex_Object__table__V                     
20009e4c  ti_sysbios_knl_Task_Object__table__V                            
20009e98  ti_sysbios_family_arm_msp432_Timer_Object__table__V             
20009edc  ti_sysbios_knl_Task_Module__state__V                            
20009f20  ti_sysbios_family_arm_m3_Hwi_Module__state__V                   
20009f54  ti_sysbios_knl_Swi_Object__table__V                             
20009f84  PowerMSP432_module                                              
20009fb0  ti_sysbios_knl_Clock_Module__state__V                           
20009fdc  ti_sysbios_BIOS_Module__state__V                                
2000a020  ti_sysbios_family_arm_msp432_Timer_Module_State_0_device__A     
2000a040  uart_ready_flag                                                 
2000a060  xdc_runtime_Error_IgnoreBlock                                   
2000a080  ti_sysbios_knl_Swi_Module__state__V                             
2000a09c  mirrorRegister                                                  
2000a0b8  left_duty                                                       
2000a0bc  right_duty                                                      
2000a0c0  pwm0                                                            
2000a0c4  pwm1                                                            
2000a0c8  pwm2                                                            
2000a0cc  pwm3                                                            
2000a0d0  ti_sysbios_family_arm_m3_Hwi_Object__table__V                   
2000a0e8  ti_sysbios_heaps_HeapMem_Object__table__V                       
2000a118  last_item                                                       
2000a12c  motor_start_flag                                                
2000a130  CurView                                                         
2000a131  CurItem                                                         
2000a132  ItemNums                                                        
2000a133  isEditing                                                       
2000a134  ItemFirstLine                                                   
2000a135  item_index                                                      
2000a150  encoder1_value                                                  
2000a154  encoder2_value                                                  
2000a158  encoder3_value                                                  
2000a15c  encoder4_value                                                  
2000a160  ti_sysbios_family_arm_msp432_Timer_Module_State_0_handles__A    
2000a170  ti_sysbios_family_arm_msp432_ClockFreqs_Module__state__V        
2000a17c  ti_sysbios_family_arm_msp432_Timer_Module__state__V             
2000a188  txBuffer                                                        
2000a192  ti_sysbios_family_arm_m3_Hwi_Module_State_0_excActive__A        
2000a194  _lock                                                           
2000a198  _unlock                                                         
2000a1a4  ti_sysbios_family_arm_m3_Hwi_Module__root__V                    
2000a1ac  ti_sysbios_gates_GateHwi_Module__root__V                        
2000a1b4  ti_sysbios_gates_GateMutex_Module__root__V                      
2000a1bc  ti_sysbios_heaps_HeapMem_Module__root__V                        
2000a1c4  ti_sysbios_knl_Clock_Module__root__V                            
2000a1cc  ti_sysbios_knl_Event_Module__root__V                            
2000a1d4  ti_sysbios_knl_Queue_Module__root__V                            
2000a1dc  ti_sysbios_knl_Semaphore_Module__root__V                        
2000a1e4  ti_sysbios_knl_Task_Module__root__V                             
2000a1ec  xdc_runtime_Startup_Module__state__V                            
2000a1f4  xdc_runtime_System_Module_State_0_atexitHandlers__A             
2000a1fc  xdc_runtime_System_Module__state__V                             
2000a204  pwm7                                                            
2000a208  old_val                                                         
2000a20c  main_func_sp                                                    
2000a210  ti_sysbios_family_arm_m3_Hwi_Module_State_0_excContext__A       
2000a214  ti_sysbios_family_arm_m3_Hwi_Module_State_0_excStack__A         
2000a218  ti_sysbios_gates_GateHwi_Object__table__V                       
2000a21c  ti_sysbios_knl_Task_Module_State_0_idleTask__A                  
2000a220  ti_sysbios_rts_ti_ReentSupport_Module__state__V                 
2000a224  xdc_runtime_Memory_Module__state__V                             
2000fc00  __stack                                                         
20010000  __STACK_END                                                     
4000480c  WDTCTL_SYM                                                      
e000e000  ti_sysbios_family_arm_m3_Hwi_nvic                               
ffffffff  __TI_pprof_out_hndl                                             
ffffffff  __TI_prof_data_size                                             
ffffffff  __TI_prof_data_start                                            
ffffffff  __binit__                                                       
ffffffff  __c_args__                                                      
ffffffff  binit                                                           
UNDEFED   SHT$$INIT_ARRAY$$Base                                           
UNDEFED   SHT$$INIT_ARRAY$$Limit                                          

[889 symbols]
