******************************************************************************
                  TI ARM Linker Unix v20.2.5                   
******************************************************************************
>> Linked Sat Oct 16 20:22:25 2021

OUTPUT FILE NAME:   <project.out>
ENTRY POINT SYMBOL: "_c_int00"  address: 0000d249


MEMORY CONFIGURATION

         name            origin    length      used     unused   attr    fill
----------------------  --------  ---------  --------  --------  ----  --------
  MAIN                  00000000   00040000  00012506  0002dafa  R  X
  INFO                  00200000   00004000  00000000  00004000  R  X
  SRAM_CODE             01000000   00010000  0000a32e  00005cd2  RW X
  SRAM_DATA             20000000   00010000  0000a32e  00005cd2  RW  


SEGMENT ALLOCATION MAP

run origin  load origin   length   init length attrs members
----------  ----------- ---------- ----------- ----- -------
00000000    00000000    00012510   00012510    r-x
  00000000    00000000    0000003c   0000003c    r-- .resetVecs
  00000040    00000040    0001098a   0001098a    r-x .text
  000109d0    000109d0    000017a0   000017a0    r-- .const
  00012170    00012170    000003a0   000003a0    r-- .cinit
20000140    20000140    00008000   00000000    r--
  20000140    20000140    00008000   00000000    r-- .priheap
20008200    20008200    00001dee   00000000    rw-
  20008200    20008200    0000132c   00000000    rw- .bss
  2000952c    2000952c    00000ac2   00000000    rw- .data
2000fc00    2000fc00    00000400   00000000    rw-
  2000fc00    2000fc00    00000400   00000000    rw- .stack


SECTION ALLOCATION MAP

 output                                  attributes/
section   page    origin      length       input sections
--------  ----  ----------  ----------   ----------------
.text      0    00000040    0001098a     
                  00000040    00000a4e     rtsv7M4_T_le_v4SPD16_eabi.lib : _printfi.c.obj (.text:__TI_printfi)
                  00000a8e    00000002     ti_drivers_config.obj (.text:Board_initHook)
                  00000a90    00000738     rtsv7M4_T_le_v4SPD16_eabi.lib : k_rem_pio2.c.obj (.text:__kernel_rem_pio2)
                  000011c8    000005e0                                   : s_sin.c.obj (.text:sin)
                  000017a8    000005dc                                   : s_cos.c.obj (.text:cos)
                  00001d84    0000057c     ui.obj (.text:UpdateMenuItems)
                  00002300    000004ec     ui.obj (.text:HandleAdjustParamView)
                  000027ec    00000004     msp432p4xx_driverlib.lib : cpu.o (.text:CPU_wfi)
                  000027f0    00000468     sysbios.aem4f : BIOS.obj (.text:xdc_runtime_System_doPrint__I)
                  00002c58    0000036c     uart.obj (.text:imu_data_analyse)
                  00002fc4    00000318     ui.obj (.text:DrawIMUView)
                  000032dc    000002f8     drivers_msp432p401x.aem4f : PowerMSP432.oem4f (.text:Power_sleep)
                  000035d4    000002d0                               : UARTMSP432.oem4f (.text:UARTMSP432_open)
                  000038a4    00000294     ui.obj (.text:DrawSensorView)
                  00003b38    0000028c     drivers_msp432p401x.aem4f : SPIMSP432DMA.oem4f (.text:SPIMSP432DMA_open)
                  00003dc4    0000028a     msp432p4xx_driverlib.lib : pcm.o (.text:__PCM_setPowerStateAdvanced)
                  0000404e    00000002     display.aem4f : DisplayUart.oem4f (.text:DisplayUartMin_clear)
                  00004050    00000288     drivers_msp432p401x.aem4f : PowerMSP432.oem4f (.text:initPerfControl)
                  000042d8    00000270     rtsv7M4_T_le_v4SPD16_eabi.lib : _printfi.c.obj (.text:_pconv_a)
                  00004548    00000248     spi_lcd.obj (.text:lcd_init)
                  00004790    0000021c     ui.obj (.text:rotate)
                  000049ac    00000210     ec11.obj (.text:Encoder_EC11_Analyze)
                  00004bbc    0000020c     main_tirtos.obj (.text:main)
                  00004dc8    00000208     drivers_msp432p401x.aem4f : PWMTimerMSP432.oem4f (.text:PWMTimerMSP432_open)
                  00004fd0    000001f8                               : I2CMSP432.oem4f (.text:I2CMSP432_open)
                  000051c8    000001d0     rtsv7M4_T_le_v4SPD16_eabi.lib : _printfi.c.obj (.text:_pconv_g)
                  00005398    000001b6                                   : fd_add_t2.asm.obj (.text)
                  0000554e    00000002     display.aem4f : DisplayUart.oem4f (.text:DisplayUartMin_clearLines)
                  00005550    000001a4     ui.obj (.text:DrawAdjustParamView)
                  000056f4    0000018c     uart.obj (.text:User_uart_init)
                  00005880    00000188     release_pem4f.oem4f (.text:xdc_runtime_System_printfExtend__I)
                  00005a08    00000186     drivers_msp432p401x.aem4f : Button.oem4f (.text:Button_clockTimeoutHandler)
                  00005b8e    00000184                               : I2CMSP432.oem4f (.text:I2CMSP432_hwiIntFxn)
                  00005d12    00000002     display.aem4f : DisplayUart.oem4f (.text:DisplayUartMin_init)
                  00005d14    00000178     ec11.obj (.text:Encoder_EC11_Scan)
                  00005e8c    00000174     rtsv7M4_T_le_v4SPD16_eabi.lib : k_sin.c.obj (.text:__kernel_sin)
                  00006000    00000170     drivers_msp432p401x.aem4f : GPIOMSP432.oem4f (.text:GPIO_setConfig)
                  00006170    00000170     rtsv7M4_T_le_v4SPD16_eabi.lib : k_cos.c.obj (.text:__kernel_cos)
                  000062e0    00000160     msp432p4xx_driverlib.lib : adc14.o (.text:_getIndexForMemRegister)
                  00006440    0000015c                              : pcm.o (.text:__PCM_setPowerModeAdvanced)
                  0000659c    0000015a     ui.obj (.text:lcd_drawline)
                  000066f6    00000002     ui.obj (.text:DrawMainMenuView)
                  000066f8    00000158     sysbios.aem4f : BIOS.obj (.text:ti_sysbios_knl_Event_pend__E)
                  00006850    0000014c     drivers_msp432p401x.aem4f : TimerMSP432.oem4f (.text:TimerMSP432_open)
                  0000699c    0000013c     rtsv7M4_T_le_v4SPD16_eabi.lib : _printfi.c.obj (.text:_pconv_e)
                  00006ad8    0000013c     buttonled.obj (.text:handleButtonCallback)
                  00006c14    00000136     rtsv7M4_T_le_v4SPD16_eabi.lib : fd_div_t2.asm.obj (.text)
                  00006d4a    00000132     motor.obj (.text:motor_dir)
                  00006e7c    00000130     drivers_msp432p401x.aem4f : UDMAMSP432.oem4f (.text:setupInterrupt)
                  00006fac    00000004     dpl_msp432p401x.aem4f : ClockP_tirtos.oem4f (.text:ClockP_setTimeout)
                  00006fb0    00000130     sysbios.aem4f : BIOS.obj (.text:ti_sysbios_knl_Semaphore_pend__E)
                  000070e0    0000012c     drivers_msp432p401x.aem4f : SPIMSP432DMA.oem4f (.text:SPIMSP432DMA_transfer)
                  0000720c    00000124     rtsv7M4_T_le_v4SPD16_eabi.lib : _printfi.c.obj (.text:fcvt)
                  00007330    00000124     motor_drive.obj (.text:motor_pwm_Thread)
                  00007454    0000011c     msp432p4xx_driverlib.lib : uart.o (.text:UART_initModule)
                  00007570    0000011c     drivers_msp432p401x.aem4f : I2CMSP432.oem4f (.text:primeTransfer)
                  0000768c    00000114                               : PWMTimerMSP432.oem4f (.text:PWMTimerMSP432_setPeriod)
                  000077a0    00000110     i2cbh1750.obj (.text:BH1750_Thread)
                  000078b0    00000110     drivers_msp432p401x.aem4f : LED.oem4f (.text:LED_open)
                  000079c0    00000110     spi_lcd.obj (.text:lcd_showfloat)
                  00007ad0    00000110     rtsv7M4_T_le_v4SPD16_eabi.lib : s_scalbn.c.obj (.text:scalbn)
                  00007be0    00000108     msp432p4xx_driverlib.lib : pcm.o (.text:__PCM_setCoreVoltageLevelAdvanced)
                  00007ce8    00000108     sysbios.aem4f : BIOS.obj (.text:ti_sysbios_knl_Task_postInit__I)
                  00007df0    00000108                   : BIOS.obj (.text:xdc_runtime_Startup_startMods__I)
                  00007ef8    00000104     drivers_msp432p401x.aem4f : SPIMSP432DMA.oem4f (.text:SPIMSP432DMA_transferCancel)
                  00007ffc    00000004     dpl_msp432p401x.aem4f : ClockP_tirtos.oem4f (.text:ClockP_start)
                  00008000    00000104     sysbios.aem4f : BIOS.obj (.text:ti_sysbios_knl_Task_Instance_finalize__E)
                  00008104    000000fc     drivers_msp432p401x.aem4f : ADCMSP432.oem4f (.text:ADCMSP432_convert)
                  00008200    000000fc                               : SPIMSP432DMA.oem4f (.text:configDMA)
                  000082fc    000000fc     rtsv7M4_T_le_v4SPD16_eabi.lib : fd_mul_t2.asm.obj (.text)
                  000083f8    000000f8                                   : s_floor.c.obj (.text:floor)
                  000084f0    000000f8     sysbios.aem4f : BIOS.obj (.text:ti_sysbios_family_arm_msp432_init_Boot_configureClocksHigh)
                  000085e8    000000f4     spi_lcd.obj (.text:lcd_displayccd)
                  000086dc    000000f0     msp432p4xx_driverlib.lib : dma.o (.text:DMA_setChannelTransfer)
                  000087cc    000000f0     drivers_msp432p401x.aem4f : I2CMSP432.oem4f (.text:I2CMSP432_transfer)
                  000088bc    00000004     dpl_msp432p401x.aem4f : ClockP_tirtos.oem4f (.text:ClockP_stop)
                  000088c0    000000f0     sysbios.aem4f : BIOS.obj (.text:pthread_create)
                  000089b0    000000f0                   : m3_Hwi_asm.obj (.text:ti_sysbios_family_arm_m3_Hwi_dispatch__I)
                  00008aa0    000000e8     drivers_msp432p401x.aem4f : Button.oem4f (.text:Button_open)
                  00008b88    000000e4     msp432p4xx_driverlib.lib : cs.o (.text:CS_startHFXTWithTimeout)
                  00008c6c    000000e4     motor.obj (.text:motor_init)
                  00008d50    000000e4     ui.obj (.text:onCancel)
                  00008e34    000000e0     msp432p4xx_driverlib.lib : cs.o (.text:CS_startLFXTWithTimeout)
                  00008f14    000000e0     encoder.obj (.text:encoder_Thread)
                  00008ff4    00000004     dpl_msp432p401x.aem4f : HwiP_tirtos.oem4f (.text:HwiP_clearInterrupt)
                  00008ff8    000000e0     sysbios.aem4f : BIOS.obj (.text:ti_sysbios_knl_Task_Instance_init__E)
                  000090d8    000000dc     drivers_msp432p401x.aem4f : UARTMSP432.oem4f (.text:UARTMSP432_readPolling)
                  000091b4    000000dc                               : UDMAMSP432.oem4f (.text:UDMAMSP432_close)
                  00009290    000000dc     msp432p4xx_driverlib.lib : cs.o (.text:_CSGetHFXTFrequency)
                  0000936c    000000d2     adcTSL1401.obj (.text:TSL1401_GetLine)
                  0000943e    00000002     ui.obj (.text:DrawParamView)
                  00009440    000000d0     sysbios.aem4f : BIOS.obj (.text:ti_sysbios_heaps_HeapMem_alloc__E)
                  00009510    000000ca     drivers_msp432p401x.aem4f : UARTMSP432.oem4f (.text:UARTMSP432_hwiIntFxn)
                  000095da    00000002                               : I2CMSP432.oem4f (.text:I2CMSP432_init)
                  000095dc    000000c8                               : TimerMSP432.oem4f (.text:TimerMSP432_start)
                  000096a4    000000c8     spi_lcd.obj (.text:lcd_Thread)
                  0000976c    00000004     dpl_msp432p401x.aem4f : HwiP_tirtos.oem4f (.text:HwiP_disable)
                  00009770    000000c4     sysbios.aem4f : BIOS.obj (.text:ti_sysbios_knl_Task_sleep__E)
                  00009834    000000c0     buttonled.obj (.text:buttonled_Thread)
                  000098f4    000000c0     motor.obj (.text:motor_left_right_duty)
                  000099b4    000000bc     drivers_msp432p401x.aem4f : TimerMSP432.oem4f (.text:TimerMSP432_setPeriod)
                  00009a70    000000bc     ui.obj (.text:onDecrease)
                  00009b2c    000000b8     drivers_msp432p401x.aem4f : UARTMSP432.oem4f (.text:initHw)
                  00009be4    000000b8                               : UARTMSP432.oem4f (.text:readTaskCallback)
                  00009c9c    00000004     dpl_msp432p401x.aem4f : HwiP_tirtos.oem4f (.text:HwiP_disableInterrupt)
                  00009ca0    000000b8     sysbios.aem4f : BIOS.obj (.text:ti_sysbios_family_arm_m3_Hwi_Instance_init__E)
                  00009d58    000000b4     msp432p4xx_driverlib.lib : adc14.o (.text:ADC14_configureConversionMemory)
                  00009e0c    000000b4     drivers_msp432p401x.aem4f : UARTMSP432.oem4f (.text:UARTMSP432_control)
                  00009ec0    000000b4                               : UARTMSP432.oem4f (.text:UARTMSP432_writePolling)
                  00009f74    000000b4     spi_lcd.obj (.text:lcd_showchar)
                  0000a028    000000b1     rtsv7M4_T_le_v4SPD16_eabi.lib : _printfi.c.obj (.text:_ltostr)
                  0000a0d9    00000001     --HOLE-- [fill = 0]
                  0000a0da    000000b0     msp432p4xx_driverlib.lib : spi.o (.text:SPI_initMaster)
                  0000a18a    00000002     drivers_msp432p401x.aem4f : LED.oem4f (.text:LED_init)
                  0000a18c    000000ac     ui.obj (.text:DrawEncoderView)
                  0000a238    000000ac     drivers_msp432p401x.aem4f : GPIOMSP432.oem4f (.text:GPIO_init)
                  0000a2e4    000000ac                               : I2CMSP432.oem4f (.text:I2CMSP432_cancel)
                  0000a390    000000ac     ui.obj (.text:onEnter)
                  0000a43c    00000004     dpl_msp432p401x.aem4f : HwiP_tirtos.oem4f (.text:HwiP_enableInterrupt)
                  0000a440    000000aa     sysbios.aem4f : BIOS.obj (.text:xdc_runtime_Core_createObject__I)
                  0000a4ea    000000a8     drivers_msp432p401x.aem4f : UARTMSP432.oem4f (.text:UARTMSP432_write)
                  0000a592    00000002                               : PWMTimerMSP432.oem4f (.text:PWMTimerMSP432_init)
                  0000a594    000000a8     spi_lcd.obj (.text:lcd_init_Thread)
                  0000a63c    000000a8     drivers_msp432p401x.aem4f : UARTMSP432.oem4f (.text:readTaskBlocking)
                  0000a6e4    00000004                               : SPIMSP432DMA.oem4f (.text:SPIMSP432DMA_init)
                  0000a6e8    000000a8     sysbios.aem4f : BIOS.obj (.text:ti_sysbios_family_arm_msp432_Timer_periodicStub__E)
                  0000a790    000000a4     drivers_msp432p401x.aem4f : PWMTimerMSP432.oem4f (.text:PWMTimerMSP432_stop)
                  0000a834    000000a4                               : TimerMSP432.oem4f (.text:initTimerHardware)
                  0000a8d8    000000a4     ui.obj (.text:onIncrease)
                  0000a97c    00000004     dpl_msp432p401x.aem4f : SemaphoreP_tirtos.oem4f (.text:SemaphoreP_post)
                  0000a980    000000a4     sysbios.aem4f : BIOS.obj (.text:ti_sysbios_knl_Task_setPri__E)
                  0000aa24    000000a2     ui.obj (.text:matconv)
                  0000aac6    00000002     dpl_msp432p401x.aem4f : PowerMSP432_tirtos.oem4f (.text:PowerMSP432_initPolicy)
                  0000aac8    000000a0     auto_init.aem4f : auto_init.oem4f (.text)
                  0000ab68    000000a0     drivers_msp432p401x.aem4f : UARTMSP432.oem4f (.text:readIsrTextCallback)
                  0000ac08    0000009c                               : PowerMSP432.oem4f (.text:Power_init)
                  0000aca4    0000009c     rtsv7M4_T_le_v4SPD16_eabi.lib : memcpy_t2.asm.obj (.text)
                  0000ad40    0000009c     drivers_msp432p401x.aem4f : TimerMSP432.oem4f (.text:setT32TickCount)
                  0000addc    0000009c                               : TimerMSP432.oem4f (.text:setTATickCount)
                  0000ae78    0000009b     spi_lcd.obj (.text:lcd_showint32)
                  0000af13    00000001     --HOLE-- [fill = 0]
                  0000af14    00000096     rtsv7M4_T_le_v4SPD16_eabi.lib : ull_div_t2.asm.obj (.text)
                  0000afaa    00000002     drivers_msp432p401x.aem4f : TimerMSP432.oem4f (.text:TimerMSP432_init)
                  0000afac    00000094                               : PWMTimerMSP432.oem4f (.text:PWMTimerMSP432_setDuty)
                  0000b040    00000094                               : UDMAMSP432.oem4f (.text:UDMAMSP432_init)
                  0000b0d4    00000094                               : UDMAMSP432.oem4f (.text:UDMAMSP432_open)
                  0000b168    00000094     sysbios.aem4f : BIOS.obj (.text:_pthread_removeThreadKeys)
                  0000b1fc    00000004     dpl_msp432p401x.aem4f : SystemP_tirtos.oem4f (.text:SystemP_vsnprintf)
                  0000b200    00000094     sysbios.aem4f : BIOS.obj (.text:ti_sysbios_family_arm_m3_Hwi_initNVIC__E)
                  0000b294    00000004     release_pem4f.oem4f (.text:ti_sysbios_BIOS_RtsGateProxy_enter__E)
                  0000b298    00000094     sysbios.aem4f : BIOS.obj (.text:ti_sysbios_knl_Task_exit__E)
                  0000b32c    00000092     drivers_msp432p401x.aem4f : UARTMSP432.oem4f (.text:UARTMSP432_close)
                  0000b3be    00000092                               : UARTMSP432.oem4f (.text:writeData)
                  0000b450    00000090     sysbios.aem4f : BIOS.obj (.text:ti_sysbios_knl_Task_Module_startup__E)
                  0000b4e0    0000008c     drivers_msp432p401x.aem4f : ADCMSP432.oem4f (.text:ADCMSP432_open)
                  0000b56c    0000008c     ec11.obj (.text:Encoder_EC11_Init)
                  0000b5f8    0000008c     drivers_msp432p401x.aem4f : TimerMSP432.oem4f (.text:TimerMSP432_stop)
                  0000b684    0000008c     uart.obj (.text:handleRecvEvt)
                  0000b710    0000008c     drivers_msp432p401x.aem4f : UARTMSP432.oem4f (.text:readIsrTextBlocking)
                  0000b79c    0000008c     sysbios.aem4f : m3_TaskSupport_asm.obj (.text:ti_sysbios_family_arm_m3_TaskSupport_buildTaskStack)
                  0000b828    0000008c                   : BIOS.obj (.text:ti_sysbios_knl_Event_post__E)
                  0000b8b4    00000004     release_pem4f.oem4f (.text:ti_sysbios_BIOS_RtsGateProxy_leave__E)
                  0000b8b8    0000008c     sysbios.aem4f : BIOS.obj (.text:xdc_runtime_Memory_alloc__E)
                  0000b944    00000088     drivers_msp432p401x.aem4f : PWMTimerMSP432.oem4f (.text:PWMTimerMSP432_close)
                  0000b9cc    00000086     rtsv7M4_T_le_v4SPD16_eabi.lib : fd_cmp_t2.asm.obj (.text:__aeabi_cdcmple)
                  0000ba52    00000086                                   : fd_cmp_t2.asm.obj (.text:__aeabi_cdrcmple)
                  0000bad8    00000086     drivers_msp432p401x.aem4f : SPIMSP432DMA.oem4f (.text:initHw)
                  0000bb5e    00000002                               : UARTMSP432.oem4f (.text:UARTMSP432_init)
                  0000bb60    00000086     sysbios.aem4f : BIOS.obj (.text:xdc_runtime_Core_constructObject__I)
                  0000bbe6    00000002     rtsv7M4_T_le_v4SPD16_eabi.lib : _lock.c.obj (.text:_nop)
                  0000bbe8    00000084     ui.obj (.text:DrawPIDView)
                  0000bc6c    00000084     msp432p4xx_driverlib.lib : pcm.o (.text:PCM_gotoLPM3)
                  0000bcf0    00000084     drivers_msp432p401x.aem4f : PWMTimerMSP432.oem4f (.text:PWMTimerMSP432_start)
                  0000bd74    00000084     spi_lcd.obj (.text:lcd_set_region)
                  0000bdf8    00000084     drivers_msp432p401x.aem4f : PowerMSP432.oem4f (.text:restartHFXT)
                  0000be7c    00000004     release_pem4f.oem4f (.text:ti_sysbios_family_arm_m3_Hwi_delete)
                  0000be80    00000084     sysbios.aem4f : BIOS.obj (.text:ti_sysbios_family_arm_m3_Hwi_postInit__I)
                  0000bf04    00000004     release_pem4f.oem4f (.text:ti_sysbios_family_arm_m3_TaskSupport_Module__startupDone__S)
                  0000bf08    00000084     sysbios.aem4f : BIOS.obj (.text:ti_sysbios_heaps_HeapMem_free__E)
                  0000bf8c    00000004     release_pem4f.oem4f (.text:ti_sysbios_heaps_HeapMem_Module_GateProxy_enter__E)
                  0000bf90    00000080     sysbios.aem4f : BIOS.obj (.text:ti_sysbios_knl_Clock_workFunc__E)
                  0000c010    0000007c     drivers_msp432p401x.aem4f : PWMTimerMSP432.oem4f (.text:setConstraints)
                  0000c08c    0000007a     spi_lcd.obj (.text:lcd_clear_rectangle)
                  0000c106    0000007a     rtsv7M4_T_le_v4SPD16_eabi.lib : memset_t2.asm.obj (.text)
                  0000c180    00000078     drivers_msp432p401x.aem4f : TimerMSP432.oem4f (.text:TimerMSP432_allocateTimerResource)
                  0000c1f8    00000076                               : I2CMSP432.oem4f (.text:I2CMSP432_close)
                  0000c26e    00000002     adcTSL1401.obj (.text:delay)
                  0000c270    00000075     sysbios.aem4f : BIOS.obj (.text:xdc_runtime_System_formatNum__I)
                  0000c2e5    00000001     --HOLE-- [fill = 0]
                  0000c2e6    00000002     event.obj (.text:doEventLogs)
                  0000c2e8    00000070     ui.obj (.text:DrawBootView)
                  0000c358    00000070     ui.obj (.text:DrawCCDView)
                  0000c3c8    00000070     drivers_msp432p401x.aem4f : UARTMSP432.oem4f (.text:UARTMSP432_writeCancel)
                  0000c438    00000070     sysbios.aem4f : BIOS.obj (.text:ti_sysbios_heaps_HeapMem_initPrimary__I)
                  0000c4a8    0000006e     rtsv7M4_T_le_v4SPD16_eabi.lib : _printfi.c.obj (.text:_mcpy)
                  0000c516    0000006e                                   : fd_tos_t2.asm.obj (.text)
                  0000c584    0000006c     msp432p4xx_driverlib.lib : i2c.o (.text:I2C_masterSendMultiByteFinish)
                  0000c5f0    0000006c     spi_lcd.obj (.text:lcd_writedata_16bit)
                  0000c65c    00000004     release_pem4f.oem4f (.text:ti_sysbios_heaps_HeapMem_Module_GateProxy_leave__E)
                  0000c660    0000006c     sysbios.aem4f : BIOS.obj (.text:ti_sysbios_knl_Swi_restoreHwi__E)
                  0000c6cc    0000006a     drivers_msp432p401x.aem4f : PWMTimerMSP432.oem4f (.text:perfChangeNotifyFxn)
                  0000c736    00000002     ui.obj (.text:printvalue)
                  0000c738    00000068     drivers_msp432p401x.aem4f : GPIOMSP432.oem4f (.text:GPIO_hwiIntFxn)
                  0000c7a0    00000068                               : PowerMSP432.oem4f (.text:PowerMSP432_getFreqs)
                  0000c808    00000068     rtsv7M4_T_le_v4SPD16_eabi.lib : copy_decompress_lzss.c.obj (.text:decompress:lzss:__TI_decompress_lzss)
                  0000c870    00000068     drivers_msp432p401x.aem4f : I2CMSP432.oem4f (.text:initHw)
                  0000c8d8    00000068                               : PWMTimerMSP432.oem4f (.text:initHw)
                  0000c940    00000066     sysbios.aem4f : BIOS.obj (.text:xdc_runtime_Core_deleteObject__I)
                  0000c9a6    00000002     rtsv7M4_T_le_v4SPD16_eabi.lib : div0.asm.obj (.text)
                  0000c9a8    00000064     drivers_msp432p401x.aem4f : Button.oem4f (.text:Button_gpioCallbackFxn)
                  0000ca0c    00000064                               : SPIMSP432DMA.oem4f (.text:SPIMSP432DMA_close)
                  0000ca70    00000064     rtsv7M4_T_le_v4SPD16_eabi.lib : s_frexp.c.obj (.text:frexp)
                  0000cad4    00000004     release_pem4f.oem4f (.text:ti_sysbios_knl_Clock_TimerProxy_getMaxTicks__E)
                  0000cad8    00000064     sysbios.aem4f : BIOS.obj (.text:pthread_exit)
                  0000cb3c    00000004     release_pem4f.oem4f (.text:ti_sysbios_knl_Clock_delete)
                  0000cb40    00000064     sysbios.aem4f : BIOS.obj (.text:ti_sysbios_family_arm_m3_Hwi_dispatchC__I)
                  0000cba4    00000060     drivers_msp432p401x.aem4f : ADCMSP432.oem4f (.text:ADCMSP432_convertToMicroVolts)
                  0000cc04    00000060     uart.obj (.text:CheckSum)
                  0000cc64    00000060     ui.obj (.text:Draw)
                  0000ccc4    00000060     ui.obj (.text:DrawFeatureView)
                  0000cd24    00000060     ui.obj (.text:DrawFlagView)
                  0000cd84    00000060     drivers_msp432p401x.aem4f : GPIOMSP432.oem4f (.text:GPIO_setCallback)
                  0000cde4    00000004     release_pem4f.oem4f (.text:ti_sysbios_knl_Semaphore_delete)
                  0000cde8    00000060     sysbios.aem4f : BIOS.obj (.text:ti_sysbios_knl_Semaphore_post__E)
                  0000ce48    00000060                   : BIOS.obj (.text:ti_sysbios_knl_Swi_run__I)
                  0000cea8    0000005e     msp432p4xx_driverlib.lib : pcm.o (.text:PCM_getCoreVoltageLevel)
                  0000cf06    00000002     release_pem4f.oem4f (.text:ti_sysbios_BIOS_nullFunc__I)
                  0000cf08    0000005c     display.aem4f : Display.oem4f (.text:Display_doOpen)
                  0000cf64    0000005c     console.obj (.text:Display_uart_init)
                  0000cfc0    0000005c     spi_lcd.obj (.text:lcd_clear)
                  0000d01c    00000004     release_pem4f.oem4f (.text:ti_sysbios_knl_Task_delete)
                  0000d020    0000005c     sysbios.aem4f : BIOS.obj (.text:ti_sysbios_knl_Swi_schedule__I)
                  0000d07c    00000004     release_pem4f.oem4f (.text:xdc_runtime_System_Module_GateProxy_enter__E)
                  0000d080    0000005c     sysbios.aem4f : BIOS.obj (.text:ti_sysbios_knl_Task_startCore__E)
                  0000d0dc    00000004     release_pem4f.oem4f (.text:xdc_runtime_System_Module_GateProxy_leave__E)
                  0000d0e0    0000005c     sysbios.aem4f : BIOS.obj (.text:xdc_runtime_Startup_exec__E)
                  0000d13c    0000005a     msp432p4xx_driverlib.lib : pcm.o (.text:PCM_getPowerMode)
                  0000d196    0000005a     drivers_msp432p401x.aem4f : ADCMSP432.oem4f (.text:initHw)
                  0000d1f0    00000058                               : GPIOMSP432.oem4f (.text:GPIO_write)
                  0000d248    00000058     boot.aem4f : boot.oem4f (.text)
                  0000d2a0    00000058     drivers_msp432p401x.aem4f : UARTMSP432.oem4f (.text:readIsrBinaryBlocking)
                  0000d2f8    00000058                               : SPIMSP432DMA.oem4f (.text:spiHwiFxn)
                  0000d350    00000058     sysbios.aem4f : m3_Hwi_asm_switch.obj (.text:ti_sysbios_family_arm_m3_Hwi_initStacks__E)
                  0000d3a8    00000056     rtsv7M4_T_le_v4SPD16_eabi.lib : _printfi.c.obj (.text:_pconv_f)
                  0000d3fe    00000056     drivers_msp432p401x.aem4f : I2CMSP432.oem4f (.text:completeTransfer)
                  0000d454    00000054     msp432p4xx_driverlib.lib : pcm.o (.text:PCM_shutdownDevice)
                  0000d4a8    00000054     drivers_msp432p401x.aem4f : TimerMSP432.oem4f (.text:TimerMSP432_freeTimerResource)
                  0000d4fc    00000054     rtsv7M4_T_le_v4SPD16_eabi.lib : _ltoa.c.obj (.text:__TI_ltoa)
                  0000d550    00000054     beep.obj (.text:beep_init)
                  0000d5a4    00000054     uart.obj (.text:handleMoveEvt)
                  0000d5f8    00000054     release_pem4f.oem4f (.text:ti_sysbios_family_arm_m3_Hwi_create)
                  0000d64c    00000004     --HOLE-- [fill = 0]
                  0000d650    00000054     sysbios.aem4f : BIOS.obj (.text:ti_sysbios_family_arm_msp432_Timer_initDevice__I)
                  0000d6a4    00000052     rtsv7M4_T_le_v4SPD16_eabi.lib : _printfi.c.obj (.text:_ecpy)
                  0000d6f6    00000002     --HOLE-- [fill = 0]
                  0000d6f8    00000050     dpl_msp432p401x.aem4f : ClockP_tirtos.oem4f (.text:ClockP_create)
                  0000d748    00000050     drivers_msp432p401x.aem4f : LED.oem4f (.text:LED_startBlinking)
                  0000d798    00000050                               : TimerMSP432.oem4f (.text:TimerMSP432_hwiIntFunction)
                  0000d7e8    00000050                               : UDMAMSP432.oem4f (.text:UDMAMSP432_hwiFxn)
                  0000d838    00000050     ui.obj (.text:gotoViewById)
                  0000d888    00000050     spi_lcd.obj (.text:lcd_showstr)
                  0000d8d8    00000050     sysbios.aem4f : BIOS.obj (.text:ti_sysbios_family_arm_m3_Hwi_Module_startup__E)
                  0000d928    00000050     release_pem4f.oem4f (.text:ti_sysbios_knl_Task_create)
                  0000d978    00000050     ui.obj (.text:ui_init)
                  0000d9c8    0000004e     drivers_msp432p401x.aem4f : TimerMSP432.oem4f (.text:TimerMSP432_close)
                  0000da16    00000002     --HOLE-- [fill = 0]
                  0000da18    0000004c     dpl_msp432p401x.aem4f : PowerMSP432_tirtos.oem4f (.text:PowerMSP432_sleepPolicy)
                  0000da64    0000004c     rtsv7M4_T_le_v4SPD16_eabi.lib : atoi.c.obj (.text:atoi)
                  0000dab0    0000004c     beep.obj (.text:beep_set)
                  0000dafc    0000004c     rtsv7M4_T_le_v4SPD16_eabi.lib : cpy_tbl.c.obj (.text:copy_in)
                  0000db48    0000004c     spi_lcd.obj (.text:lcd_writeData)
                  0000db94    0000004c     spi_lcd.obj (.text:lcd_writeIndex)
                  0000dbe0    0000004c     drivers_msp432p401x.aem4f : UARTMSP432.oem4f (.text:readIsrBinaryCallback)
                  0000dc2c    00000004     --HOLE-- [fill = 0]
                  0000dc30    0000004c     sysbios.aem4f : BIOS.obj (.text:ti_sysbios_family_arm_msp432_Timer_postInit__I)
                  0000dc7c    00000004     --HOLE-- [fill = 0]
                  0000dc80    0000004c                   : BIOS.obj (.text:ti_sysbios_family_arm_msp432_Timer_start__E)
                  0000dccc    00000004     --HOLE-- [fill = 0]
                  0000dcd0    0000004c                   : BIOS.obj (.text:ti_sysbios_heaps_HeapMem_getStats__E)
                  0000dd1c    00000004     --HOLE-- [fill = 0]
                  0000dd20    0000004c                   : BIOS.obj (.text:ti_sysbios_knl_Swi_runLoop__I)
                  0000dd6c    00000004     --HOLE-- [fill = 0]
                  0000dd70    0000004c                   : BIOS.obj (.text:ti_sysbios_knl_Task_allBlockedFunction__I)
                  0000ddbc    00000004     --HOLE-- [fill = 0]
                  0000ddc0    0000004c                   : BIOS.obj (.text:ti_sysbios_knl_Task_schedule__I)
                  0000de0c    0000004a     display.aem4f : DisplayUart.oem4f (.text:DisplayUartMin_open)
                  0000de56    00000002     --HOLE-- [fill = 0]
                  0000de58    00000048     drivers_msp432p401x.aem4f : PowerMSP432.oem4f (.text:Power_releaseConstraint)
                  0000dea0    00000048     rtsv7M4_T_le_v4SPD16_eabi.lib : fd_toi_t2.asm.obj (.text)
                  0000dee8    00000048     sysbios.aem4f : BIOS.obj (.text:ti_sysbios_family_arm_m3_Hwi_disableInterrupt__E)
                  0000df30    00000048                   : BIOS.obj (.text:ti_sysbios_family_arm_m3_Hwi_enableInterrupt__E)
                  0000df78    00000048                   : BIOS.obj (.text:ti_sysbios_knl_Mailbox_Module_startup__E)
                  0000dfc0    00000048                   : BIOS.obj (.text:xdc_runtime_Core_assignParams__I)
                  0000e008    00000046     display.aem4f : DisplayUart.oem4f (.text:DisplayUartMin_vprintf)
                  0000e04e    00000046     drivers_msp432p401x.aem4f : RingBuf.oem4f (.text:RingBuf_put)
                  0000e094    00000044                               : ADC.oem4f (.text:ADC_init)
                  0000e0d8    00000044     ui.obj (.text:HandleFlashView)
                  0000e11c    00000044     drivers_msp432p401x.aem4f : I2C.oem4f (.text:I2C_init)
                  0000e160    00000044                               : PWM.oem4f (.text:PWM_init)
                  0000e1a4    00000044                               : SPI.oem4f (.text:SPI_init)
                  0000e1e8    00000044                               : Timer.oem4f (.text:Timer_init)
                  0000e22c    00000044                               : UART.oem4f (.text:UART_init)
                  0000e270    00000044                               : I2CMSP432.oem4f (.text:perfChangeNotifyFxn)
                  0000e2b4    00000044     rtsv7M4_T_le_v4SPD16_eabi.lib : fd_tou_t2.asm.obj (.text)
                  0000e2f8    00000044     sysbios.aem4f : BIOS.obj (.text:ti_sysbios_family_arm_m3_Hwi_getStackInfo__E)
                  0000e33c    00000004     --HOLE-- [fill = 0]
                  0000e340    00000044                   : BIOS.obj (.text:ti_sysbios_knl_Swi_post__E)
                  0000e384    00000040     drivers_msp432p401x.aem4f : ADCMSP432.oem4f (.text:ADCMSP432_close)
                  0000e3c4    00000040                               : ADC.oem4f (.text:ADC_open)
                  0000e404    00000040     ui.obj (.text:HandleBootView)
                  0000e444    00000040     dpl_msp432p401x.aem4f : HwiP_tirtos.oem4f (.text:HwiP_create)
                  0000e484    00000040     drivers_msp432p401x.aem4f : I2C.oem4f (.text:I2C_open)
                  0000e4c4    00000040                               : PWM.oem4f (.text:PWM_open)
                  0000e504    00000040                               : RingBuf.oem4f (.text:RingBuf_get)
                  0000e544    00000040                               : SPI.oem4f (.text:SPI_open)
                  0000e584    00000040     adcTSL1401.obj (.text:TSL1401_adc_Thread)
                  0000e5c4    00000040     drivers_msp432p401x.aem4f : Timer.oem4f (.text:Timer_open)
                  0000e604    00000040                               : UARTMSP432.oem4f (.text:UARTMSP432_read)
                  0000e644    00000040                               : UART.oem4f (.text:UART_open)
                  0000e684    00000040     beep.obj (.text:beep_pwm_Thread)
                  0000e6c4    00000040     drivers_msp432p401x.aem4f : PWMTimerMSP432.oem4f (.text:getDutyCounts)
                  0000e704    00000040                               : PWMTimerMSP432.oem4f (.text:getPeriodCounts)
                  0000e744    00000040     msp432p4xx_driverlib.lib : spi.o (.text:is_A_Module)
                  0000e784    00000040     drivers_msp432p401x.aem4f : UARTMSP432.oem4f (.text:perfChangeNotifyFxn)
                  0000e7c4    00000040     rtsv7M4_T_le_v4SPD16_eabi.lib : u_divt2.asm.obj (.text)
                  0000e804    00000040                                   : sprintf.c.obj (.text:sprintf)
                  0000e844    00000004     --HOLE-- [fill = 0]
                  0000e848    00000040     sysbios.aem4f : BIOS.obj (.text:ti_sysbios_family_arm_msp432_Timer_Module_startup__E)
                  0000e888    00000040                   : BIOS.obj (.text:ti_sysbios_family_arm_msp432_Timer_startup__E)
                  0000e8c8    00000040                   : BIOS.obj (.text:ti_sysbios_heaps_HeapMem_Instance_init__E)
                  0000e908    00000040                   : BIOS.obj (.text:ti_sysbios_knl_Clock_Instance_init__E)
                  0000e948    0000003e     drivers_msp432p401x.aem4f : LED.oem4f (.text:LED_setBrightnessLevel)
                  0000e986    0000003e     rtsv7M4_T_le_v4SPD16_eabi.lib : _printfi.c.obj (.text:_fcpy)
                  0000e9c4    0000003c     drivers_msp432p401x.aem4f : LED.oem4f (.text:LED_setOff)
                  0000ea00    0000003c     dpl_msp432p401x.aem4f : SemaphoreP_tirtos.oem4f (.text:SemaphoreP_create)
                  0000ea3c    00000004     --HOLE-- [fill = 0]
                  0000ea40    0000003c     sysbios.aem4f : BIOS.obj (.text:sleep)
                  0000ea7c    00000004     --HOLE-- [fill = 0]
                  0000ea80    0000003c                   : BIOS.obj (.text:ti_sysbios_family_arm_m3_Hwi_Instance_finalize__E)
                  0000eabc    00000004     --HOLE-- [fill = 0]
                  0000eac0    0000003c                   : BIOS.obj (.text:ti_sysbios_family_arm_msp432_Seconds_Module_startup__E)
                  0000eafc    0000003c     release_pem4f.oem4f (.text:ti_sysbios_knl_Clock_create)
                  0000eb38    0000003c     sysbios.aem4f : BIOS.obj (.text:ti_sysbios_knl_Swi_restore__E)
                  0000eb74    00000004     --HOLE-- [fill = 0]
                  0000eb78    0000003c                   : BIOS.obj (.text:usleep)
                  0000ebb4    00000038     drivers_msp432p401x.aem4f : GPIOMSP432.oem4f (.text:GPIO_toggle)
                  0000ebec    00000038                               : PowerMSP432.oem4f (.text:Power_setConstraint)
                  0000ec24    00000038                               : TimerMSP432.oem4f (.text:TimerMSP432_getCount)
                  0000ec5c    00000038                               : PowerMSP432.oem4f (.text:notify)
                  0000ec94    00000038     rtsv7M4_T_le_v4SPD16_eabi.lib : fs_tod_t2.asm.obj (.text)
                  0000eccc    00000038     uart.obj (.text:uart_Thread)
                  0000ed04    00000004     --HOLE-- [fill = 0]
                  0000ed08    00000038     sysbios.aem4f : BIOS.obj (.text:xdc_runtime_System_atexit__E)
                  0000ed40    00000036     drivers_msp432p401x.aem4f : LED.oem4f (.text:LED_setOn)
                  0000ed76    00000036                               : UARTMSP432.oem4f (.text:UARTMSP432_readCancel)
                  0000edac    00000036                               : LED.oem4f (.text:clockTimeoutHandler)
                  0000ede2    00000002     --HOLE-- [fill = 0]
                  0000ede4    00000034                               : GPIOMSP432.oem4f (.text:GPIO_disableInt)
                  0000ee18    00000034                               : GPIOMSP432.oem4f (.text:GPIO_enableInt)
                  0000ee4c    00000034     release_pem4f.oem4f (.text:ti_sysbios_knl_Semaphore_create)
                  0000ee80    00000032     sysbios.aem4f : BIOS.obj (.text:ti_sysbios_hal_Hwi_initStack)
                  0000eeb2    00000006     drivers_msp432p401x.aem4f : ADCMSP432.oem4f (.text:ADCMSP432_control)
                  0000eeb8    00000032     sysbios.aem4f : BIOS.obj (.text:xdc_runtime_System_putchar__I)
                  0000eeea    00000002     --HOLE-- [fill = 0]
                  0000eeec    00000030     drivers_msp432p401x.aem4f : ADCMSP432.oem4f (.text:ADCMSP432_init)
                  0000ef1c    00000030     uart.obj (.text:UartTaskInit)
                  0000ef4c    00000030     drivers_msp432p401x.aem4f : I2CMSP432.oem4f (.text:mapPin)
                  0000ef7c    00000030                               : PWMTimerMSP432.oem4f (.text:mapPin)
                  0000efac    00000030                               : SPIMSP432DMA.oem4f (.text:mapPin)
                  0000efdc    00000030                               : UARTMSP432.oem4f (.text:mapPin)
                  0000f00c    00000030     release_pem4f.oem4f (.text:ti_sysbios_BIOS_atExitFunc__I)
                  0000f03c    00000030     release_pem4f.oem4f (.text:ti_sysbios_BIOS_startFunc__I)
                  0000f06c    00000004     --HOLE-- [fill = 0]
                  0000f070    00000030     sysbios.aem4f : BIOS.obj (.text:ti_sysbios_family_arm_m3_TaskSupport_start__E)
                  0000f0a0    00000030     release_pem4f.oem4f (.text:ti_sysbios_gates_GateHwi_Object__create__S)
                  0000f0d0    00000030     release_pem4f.oem4f (.text:ti_sysbios_gates_GateMutex_Object__create__S)
                  0000f100    00000030     sysbios.aem4f : BIOS.obj (.text:ti_sysbios_gates_GateMutex_enter__E)
                  0000f130    00000030     release_pem4f.oem4f (.text:ti_sysbios_heaps_HeapMem_Object__create__S)
                  0000f160    00000030     sysbios.aem4f : BIOS.obj (.text:ti_sysbios_knl_Event_pendTimeout__I)
                  0000f190    00000030                   : BIOS.obj (.text:ti_sysbios_knl_Mailbox_postInit__I)
                  0000f1c0    00000030     release_pem4f.oem4f (.text:ti_sysbios_knl_Semaphore_construct)
                  0000f1f0    00000030     sysbios.aem4f : BIOS.obj (.text:ti_sysbios_knl_Semaphore_pendTimeout__I)
                  0000f220    00000030                   : BIOS.obj (.text:ti_sysbios_knl_Task_processVitalTaskFlag__I)
                  0000f250    00000030                   : BIOS.obj (.text:ti_sysbios_knl_Task_restore__E)
                  0000f280    00000030                   : BIOS.obj (.text:ti_sysbios_knl_Task_unblockI__E)
                  0000f2b0    00000030                   : BIOS.obj (.text:xdc_runtime_System_processAtExit__E)
                  0000f2e0    0000002e                   : BIOS.obj (.text:pthread_setcancelstate)
                  0000f30e    0000002e     rtsv7M4_T_le_v4SPD16_eabi.lib : i_tofd_t2.asm.obj (.text)
                  0000f33c    0000002c     encoder.obj (.text:ENCODER_1A_CB)
                  0000f368    0000002c     encoder.obj (.text:ENCODER_1B_CB)
                  0000f394    0000002c     encoder.obj (.text:ENCODER_2A_CB)
                  0000f3c0    0000002c     encoder.obj (.text:ENCODER_2B_CB)
                  0000f3ec    0000002c     encoder.obj (.text:ENCODER_3A_CB)
                  0000f418    0000002c     encoder.obj (.text:ENCODER_3B_CB)
                  0000f444    0000002c     encoder.obj (.text:ENCODER_4A_CB)
                  0000f470    0000002c     encoder.obj (.text:ENCODER_4B_CB)
                  0000f49c    0000002c     dpl_msp432p401x.aem4f : PowerMSP432_tirtos.oem4f (.text:PowerMSP432_updateFreqs)
                  0000f4c8    0000002c     msp432p4xx_driverlib.lib : rtc_c.o (.text:RTC_C_holdClock)
                  0000f4f4    0000002c     dpl_msp432p401x.aem4f : SemaphoreP_tirtos.oem4f (.text:SemaphoreP_createBinary)
                  0000f520    0000002c     sysbios.aem4f : BIOS.obj (.text:_pthread_cleanupFxn)
                  0000f54c    00000004     --HOLE-- [fill = 0]
                  0000f550    0000002c                   : BIOS.obj (.text:_pthread_delete$43)
                  0000f57c    0000002c     ec11.obj (.text:ec11_read)
                  0000f5a8    0000002c     spi_lcd.obj (.text:lcd_drawpoint)
                  0000f5d4    0000002c     drivers_msp432p401x.aem4f : TimerMSP432.oem4f (.text:perfChangeNotifyFxn)
                  0000f600    0000002c     release_pem4f.oem4f (.text:ti_sysbios_gates_GateHwi_Handle__label__S)
                  0000f62c    0000002c     release_pem4f.oem4f (.text:ti_sysbios_gates_GateMutex_Handle__label__S)
                  0000f658    0000002c     release_pem4f.oem4f (.text:ti_sysbios_heaps_HeapMem_Handle__label__S)
                  0000f684    0000002c     release_pem4f.oem4f (.text:ti_sysbios_knl_Clock_doTick__I)
                  0000f6b0    0000002c     release_pem4f.oem4f (.text:ti_sysbios_knl_Event_construct)
                  0000f6dc    0000002c     release_pem4f.oem4f (.text:ti_sysbios_knl_Queue_construct)
                  0000f708    0000002c     uart.obj (.text:uart1ReadCallback)
                  0000f734    0000002a     display.aem4f : Display.oem4f (.text:Display_doPrintf)
                  0000f75e    0000002a     drivers_msp432p401x.aem4f : SPIMSP432DMA.oem4f (.text:perfChangeNotifyFxn)
                  0000f788    00000028     msp432p4xx_driverlib.lib : adc14.o (.text:ADC14_getResult)
                  0000f7b0    00000028     display.aem4f : Display.oem4f (.text:Display_doInit)
                  0000f7d8    00000028     msp432p4xx_driverlib.lib : pcm.o (.text:PCM_gotoLPM0)
                  0000f800    00000028     drivers_msp432p401x.aem4f : PowerMSP432.oem4f (.text:Power_registerNotify)
                  0000f828    00000028     msp432p4xx_driverlib.lib : spi.o (.text:SPI_getInterruptStatus)
                  0000f850    00000028     drivers_msp432p401x.aem4f : PowerMSP432.oem4f (.text:disableFaultCounter)
                  0000f878    00000028                               : PowerMSP432.oem4f (.text:disableHFXT)
                  0000f8a0    00000028                               : UARTMSP432.oem4f (.text:findBaudDividerIndex)
                  0000f8c8    00000028     sysbios.aem4f : m3_Hwi_asm.obj (.text:ti_sysbios_family_arm_m3_Hwi_excHandlerAsm__I)
                  0000f8f0    00000028                   : BIOS.obj (.text:ti_sysbios_knl_Clock_addI__E)
                  0000f918    00000028                   : BIOS.obj (.text:ti_sysbios_knl_Swi_Module_startup__E)
                  0000f940    00000026     drivers_msp432p401x.aem4f : List.oem4f (.text:List_put)
                  0000f966    00000026                               : List.oem4f (.text:List_remove)
                  0000f98c    00000026                               : PWMTimerMSP432.oem4f (.text:releaseConstraints)
                  0000f9b2    00000026     sysbios.aem4f : m3_Hwi_asm.obj (.text:ti_sysbios_family_arm_m3_Hwi_pendSV__I)
                  0000f9d8    00000024     msp432p4xx_driverlib.lib : wdt_a.o (.text:WDT_A_holdTimer)
                  0000f9fc    00000004     --HOLE-- [fill = 0]
                  0000fa00    00000024     sysbios.aem4f : BIOS.obj (.text:pthread_attr_init)
                  0000fa24    00000024     release_pem4f.oem4f (.text:ti_sysbios_BIOS_registerRTSLock__I)
                  0000fa48    00000024     release_pem4f.oem4f (.text:ti_sysbios_BIOS_removeRTSLock__I)
                  0000fa6c    00000004     --HOLE-- [fill = 0]
                  0000fa70    00000024     sysbios.aem4f : BIOS.obj (.text:ti_sysbios_family_arm_msp432_ClockFreqs_setFrequency__E)
                  0000fa94    00000024     release_pem4f.oem4f (.text:ti_sysbios_gates_GateMutex_Object__delete__S)
                  0000fab8    00000024     sysbios.aem4f : BIOS.obj (.text:ti_sysbios_knl_Clock_Module_startup__E)
                  0000fadc    00000024     release_pem4f.oem4f (.text:ti_sysbios_knl_Clock_Object__delete__S)
                  0000fb00    00000024     sysbios.aem4f : BIOS.obj (.text:ti_sysbios_knl_Clock_start__E)
                  0000fb24    00000004     --HOLE-- [fill = 0]
                  0000fb28    00000024                   : BIOS.obj (.text:ti_sysbios_knl_Semaphore_Instance_init__E)
                  0000fb4c    00000024     release_pem4f.oem4f (.text:ti_sysbios_knl_Semaphore_Object__delete__S)
                  0000fb70    00000024     sysbios.aem4f : BIOS.obj (.text:ti_sysbios_knl_Task_restoreHwi__E)
                  0000fb94    00000004     --HOLE-- [fill = 0]
                  0000fb98    00000024                   : BIOS.obj (.text:xdc_runtime_Error_policyMin__E)
                  0000fbbc    00000022     drivers_msp432p401x.aem4f : LED.oem4f (.text:LED_stopBlinking)
                  0000fbde    00000022     ui.obj (.text:is_number)
                  0000fc00    00000020     msp432p4xx_driverlib.lib : cs.o (.text:CS_setExternalClockSourceFrequency)
                  0000fc20    00000020     drivers_msp432p401x.aem4f : GPIOMSP432.oem4f (.text:GPIO_read)
                  0000fc40    00000020                               : PowerMSP432.oem4f (.text:Power_unregisterNotify)
                  0000fc60    00000020                               : RingBuf.oem4f (.text:RingBuf_peek)
                  0000fc80    00000020     rtsv7M4_T_le_v4SPD16_eabi.lib : u_tofd_t2.asm.obj (.text)
                  0000fca0    00000020     release_pem4f.oem4f (.text:ti_sysbios_BIOS_rtsLock__I)
                  0000fcc0    00000020     release_pem4f.oem4f (.text:ti_sysbios_family_arm_m3_Hwi_Object__delete__S)
                  0000fce0    00000020     sysbios.aem4f : BIOS.obj (.text:ti_sysbios_family_arm_m3_Hwi_clearInterrupt__E)
                  0000fd00    00000020     release_pem4f.oem4f (.text:ti_sysbios_gates_GateHwi_Object__delete__S)
                  0000fd20    00000020     release_pem4f.oem4f (.text:ti_sysbios_heaps_HeapMem_Object__delete__S)
                  0000fd40    00000020     sysbios.aem4f : BIOS.obj (.text:ti_sysbios_knl_Idle_run__E)
                  0000fd60    00000020     release_pem4f.oem4f (.text:ti_sysbios_knl_Semaphore_destruct)
                  0000fd80    00000020     release_pem4f.oem4f (.text:ti_sysbios_knl_Task_Object__delete__S)
                  0000fda0    0000001e     drivers_msp432p401x.aem4f : PWMTimerMSP432.oem4f (.text:corroboratePeriod)
                  0000fdbe    0000001e                               : Button.oem4f (.text:msToTicks)
                  0000fddc    0000001e                               : LED.oem4f (.text:msToTicks)
                  0000fdfa    0000001e     sysbios.aem4f : m3_Hwi_asm_switch.obj (.text:ti_sysbios_family_xxx_Hwi_switchAndRunFunc)
                  0000fe18    0000001c     ti_drivers_config.obj (.text:dmaErrorFxn)
                  0000fe34    0000001c     rtsv7M4_T_le_v4SPD16_eabi.lib : memccpy.c.obj (.text:memccpy)
                  0000fe50    0000001c     sysbios.aem4f : BIOS.obj (.text:ti_sysbios_family_arm_m3_Hwi_excHandler__I)
                  0000fe6c    00000004     --HOLE-- [fill = 0]
                  0000fe70    0000001c                   : BIOS.obj (.text:ti_sysbios_gates_GateMutex_Instance_init__E)
                  0000fe8c    00000004     --HOLE-- [fill = 0]
                  0000fe90    0000001c                   : BIOS.obj (.text:ti_sysbios_knl_Clock_Instance_finalize__E)
                  0000feac    0000001c     release_pem4f.oem4f (.text:ti_sysbios_knl_Queue_destruct)
                  0000fec8    0000001c     sysbios.aem4f : BIOS.obj (.text:ti_sysbios_knl_Queue_put__E)
                  0000fee4    00000004     --HOLE-- [fill = 0]
                  0000fee8    0000001c                   : BIOS.obj (.text:ti_sysbios_knl_Task_enter__I)
                  0000ff04    00000004     --HOLE-- [fill = 0]
                  0000ff08    0000001c                   : BIOS.obj (.text:ti_sysbios_rts_ti_ReentSupport_getReent__F)
                  0000ff24    00000004     --HOLE-- [fill = 0]
                  0000ff28    0000001c                   : BIOS.obj (.text:xdc_runtime_Memory_valloc__E)
                  0000ff44    00000004     --HOLE-- [fill = 0]
                  0000ff48    0000001c                   : BIOS.obj (.text:xdc_runtime_System_abort__E)
                  0000ff64    0000001a     drivers_msp432p401x.aem4f : LED.oem4f (.text:LED_toggle)
                  0000ff7e    0000001a     rtsv7M4_T_le_v4SPD16_eabi.lib : s_copysign.c.obj (.text:copysign)
                  0000ff98    00000018     release_pem4f.oem4f (.text:.bootCodeSection:ti_sysbios_family_arm_msp432_init_Boot_init__I)
                  0000ffb0    00000018     msp432p4xx_driverlib.lib : spi.o (.text:EUSCI_A_SPI_getInterruptStatus)
                  0000ffc8    00000018                              : spi.o (.text:EUSCI_B_SPI_getInterruptStatus)
                  0000ffe0    00000018     drivers_msp432p401x.aem4f : I2C.oem4f (.text:I2C_transfer)
                  0000fff8    00000018     msp432p4xx_driverlib.lib : sysctl_a.o (.text:SysCtl_A_disableNMISource)
                  00010010    00000018                              : sysctl_a.o (.text:SysCtl_A_enableNMISource)
                  00010028    00000018     drivers_msp432p401x.aem4f : UART.oem4f (.text:UART_Params_init)
                  00010040    00000018     rtsv7M4_T_le_v4SPD16_eabi.lib : args_main.c.obj (.text:_args_main)
                  00010058    00000018                                   : sprintf.c.obj (.text:_outs)
                  00010070    00000018     drivers_msp432p401x.aem4f : PWMTimerMSP432.oem4f (.text:corroborateDuty)
                  00010088    00000018     release_pem4f.oem4f (.text:ti_sysbios_BIOS_rtsUnlock__I)
                  000100a0    00000018     release_pem4f.oem4f (.text:ti_sysbios_family_arm_m3_Hwi_Module__startupDone__F)
                  000100b8    00000018     sysbios.aem4f : m3_TaskSupport_asm.obj (.text:ti_sysbios_family_arm_m3_TaskSupport_swap__E)
                  000100d0    00000018     release_pem4f.oem4f (.text:ti_sysbios_family_arm_msp432_Timer_Module__startupDone__F)
                  000100e8    00000018     sysbios.aem4f : BIOS.obj (.text:ti_sysbios_gates_GateMutex_leave__E)
                  00010100    00000018                   : BIOS.obj (.text:ti_sysbios_knl_Task_sleepTimeout__I)
                  00010118    00000018     release_pem4f.oem4f (.text:ti_sysbios_rts_ti_ReentSupport_getTlsAddr__I)
                  00010130    00000018     sysbios.aem4f : BIOS.obj (.text:xdc_runtime_Error_init__E)
                  00010148    00000018                   : BIOS.obj (.text:xdc_runtime_System_exit__E)
                  00010160    00000016     display.aem4f : DisplayUart.oem4f (.text:DisplayUartMin_close)
                  00010176    00000016     rtsv7M4_T_le_v4SPD16_eabi.lib : strchr.c.obj (.text:strchr)
                  0001018c    00000016     release_pem4f.oem4f (.text:ti_sysbios_BIOS_exitFunc__I)
                  000101a2    00000016     uart.obj (.text:ti_sysbios_knl_Event_Params_init)
                  000101b8    00000016     sysbios.aem4f : BIOS.obj (.text:ti_sysbios_knl_Task_unblock__E)
                  000101ce    00000002     --HOLE-- [fill = 0]
                  000101d0    00000014     msp432p4xx_driverlib.lib : pcm.o (.text:PCM_getPowerState)
                  000101e4    00000014     drivers_msp432p401x.aem4f : PWM.oem4f (.text:PWM_Params_init)
                  000101f8    00000014                               : PowerMSP432.oem4f (.text:Power_idleFunc)
                  0001020c    00000014                               : SPI.oem4f (.text:SPI_Params_init)
                  00010220    00000014                               : UARTMSP432.oem4f (.text:clearTXCPTIFG)
                  00010234    00000004     --HOLE-- [fill = 0]
                  00010238    00000014     sysbios.aem4f : BIOS.obj (.text:pthread_attr_setschedparam)
                  0001024c    00000014     rtsv7M4_T_le_v4SPD16_eabi.lib : strlen.c.obj (.text:strlen)
                  00010260    00000014     release_pem4f.oem4f (.text:ti_sysbios_family_arm_m3_Hwi_Object__get__S)
                  00010274    00000004     --HOLE-- [fill = 0]
                  00010278    00000014     sysbios.aem4f : BIOS.obj (.text:ti_sysbios_family_arm_m3_Hwi_switchFromBootStack__E)
                  0001028c    00000014     release_pem4f.oem4f (.text:ti_sysbios_heaps_HeapMem_Object__get__S)
                  000102a0    00000014     sysbios.aem4f : BIOS.obj (.text:ti_sysbios_knl_Event_Instance_init__E)
                  000102b4    00000014     release_pem4f.oem4f (.text:ti_sysbios_knl_Swi_Object__get__S)
                  000102c8    00000014     drivers_msp432p401x.aem4f : Button.oem4f (.text:ticksToMs)
                  000102dc    00000014                               : Button.oem4f (.text:timediff)
                  000102f0    00000012                               : LED.oem4f (.text:LED_Params_init)
                  00010302    00000012                               : RingBuf.oem4f (.text:RingBuf_construct)
                  00010314    00000012     dpl_msp432p401x.aem4f : SemaphoreP_tirtos.oem4f (.text:SemaphoreP_pend)
                  00010326    00000002     --HOLE-- [fill = 0]
                  00010328    00000012     sysbios.aem4f : BIOS.obj (.text:_pthread_cleanup_pop)
                  0001033a    00000006     display.aem4f : DisplayUart.oem4f (.text:DisplayUartMin_control)
                  00010340    00000012     sysbios.aem4f : BIOS.obj (.text:_pthread_runStub$43)
                  00010352    00000006     display.aem4f : DisplayUart.oem4f (.text:DisplayUartMin_getType)
                  00010358    00000012     sysbios.aem4f : BIOS.obj (.text:ti_sysbios_hal_Hwi_Module_startup__E)
                  0001036a    00000012     rtsv7M4_T_le_v4SPD16_eabi.lib : wcslen.c.obj (.text:wcslen)
                  0001037c    00000012     release_pem4f.oem4f (.text:xdc_runtime_Startup_exec__I)
                  0001038e    00000002     --HOLE-- [fill = 0]
                  00010390    00000010     msp432p4xx_driverlib.lib : adc14.o (.text:ADCIsConversionRunning)
                  000103a0    00000010     drivers_msp432p401x.aem4f : Button.oem4f (.text:Button_Params_init)
                  000103b0    00000010                               : GPIOMSP432.oem4f (.text:GPIO_getConfig)
                  000103c0    00000010     dpl_msp432p401x.aem4f : HwiP_tirtos.oem4f (.text:HwiP_Params_init)
                  000103d0    00000010     drivers_msp432p401x.aem4f : I2C.oem4f (.text:I2C_Params_init)
                  000103e0    00000010     msp432p4xx_driverlib.lib : pcm.o (.text:PCM_gotoLPM4)
                  000103f0    00000010                              : pcm.o (.text:PCM_setPowerMode)
                  00010400    00000010                              : pcm.o (.text:PCM_setPowerState)
                  00010410    00000010     drivers_msp432p401x.aem4f : PowerMSP432.oem4f (.text:PowerMSP432_getNumPerfLevels)
                  00010420    00000010     msp432p4xx_driverlib.lib : sysctl_a.o (.text:SysCtl_A_getNMISourceStatus)
                  00010430    00000010                              : sysctl.o (.text:SysCtl_getNMISourceStatus)
                  00010440    00000010     drivers_msp432p401x.aem4f : Timer.oem4f (.text:Timer_Params_init)
                  00010450    00000010                               : UARTMSP432.oem4f (.text:readBlockingTimeout)
                  00010460    00000010     sysbios.aem4f : BIOS.obj (.text:ti_sysbios_BIOS_exit__E)
                  00010470    00000010                   : BIOS.obj (.text:ti_sysbios_BIOS_setCpuFreq__E)
                  00010480    00000010                   : BIOS.obj (.text:ti_sysbios_BIOS_setThreadType__E)
                  00010490    00000010                   : BIOS.obj (.text:ti_sysbios_BIOS_start__E)
                  000104a0    00000010                   : m3_TaskSupport_asm.obj (.text:ti_sysbios_family_arm_m3_TaskSupport_glue)
                  000104b0    00000010                   : BIOS.obj (.text:ti_sysbios_family_arm_msp432_init_Boot_disableWatchdog)
                  000104c0    00000010                   : BIOS.obj (.text:ti_sysbios_gates_GateMutex_Instance_finalize__E)
                  000104d0    00000010     release_pem4f.oem4f (.text:ti_sysbios_knl_Mailbox_Object__get__S)
                  000104e0    00000010     sysbios.aem4f : BIOS.obj (.text:ti_sysbios_knl_Semaphore_Instance_finalize__E)
                  000104f0    00000010                   : BIOS.obj (.text:ti_sysbios_knl_Swi_disable__E)
                  00010500    00000010     release_pem4f.oem4f (.text:ti_sysbios_knl_Task_Object__get__S)
                  00010510    00000010     sysbios.aem4f : BIOS.obj (.text:ti_sysbios_knl_Task_disable__E)
                  00010520    00000010                   : BIOS.obj (.text:xdc_runtime_Gate_leaveSystem__E)
                  00010530    00000010                   : BIOS.obj (.text:xdc_runtime_Memory_free__E)
                  00010540    00000010                   : BIOS.obj (.text:xdc_runtime_SysCallback_abort__E)
                  00010550    00000010                   : BIOS.obj (.text:xdc_runtime_SysCallback_exit__E)
                  00010560    00000010                   : BIOS.obj (.text:xdc_runtime_SysCallback_putch__E)
                  00010570    00000010                   : BIOS.obj (.text:xdc_runtime_SysCallback_ready__E)
                  00010580    00000010                   : BIOS.obj (.text:xdc_runtime_System_vsnprintf__E)
                  00010590    0000000e     console.obj (.text:consoleThread)
                  0001059e    0000000e     rtsv7M4_T_le_v4SPD16_eabi.lib : copy_decompress_none.c.obj (.text:decompress:none:__TI_decompress_none)
                  000105ac    00000004     --HOLE-- [fill = 0]
                  000105b0    0000000e     sysbios.aem4f : BIOS.obj (.text:pthread_attr_setdetachstate)
                  000105be    00000002     --HOLE-- [fill = 0]
                  000105c0    0000000e                   : BIOS.obj (.text:ti_sysbios_knl_Idle_loop__E)
                  000105ce    00000002     --HOLE-- [fill = 0]
                  000105d0    0000000e                   : BIOS.obj (.text:ti_sysbios_knl_Queue_empty__E)
                  000105de    0000000e     spi_lcd.obj (.text:timerCallback)
                  000105ec    0000000e     uart.obj (.text:uart2ReadCallback)
                  000105fa    0000000e     uart.obj (.text:uart2WriteCallback)
                  00010608    0000000e     uart.obj (.text:uart3ReadCallback)
                  00010616    0000000e     uart.obj (.text:uart3WriteCallback)
                  00010624    0000000e     uart.obj (.text:uartWriteCallback)
                  00010632    0000000c     ti_drivers_config.obj (.text:Board_init)
                  0001063e    0000000c     msp432p4xx_driverlib.lib : cpu.o (.text:CPU_cpsid)
                  0001064a    0000000c                              : cpu.o (.text:CPU_cpsie)
                  00010656    0000000c     dpl_msp432p401x.aem4f : ClockP_tirtos.oem4f (.text:ClockP_delete)
                  00010662    00000002     --HOLE-- [fill = 0]
                  00010664    0000000c                           : ClockP_tirtos.oem4f (.text:ClockP_getSystemTickPeriod)
                  00010670    0000000c                           : HwiP_tirtos.oem4f (.text:HwiP_delete)
                  0001067c    0000000c     ui.obj (.text:Invalidate)
                  00010688    0000000c     drivers_msp432p401x.aem4f : PowerMSP432.oem4f (.text:Power_getConstraintMask)
                  00010694    0000000c                               : PowerMSP432.oem4f (.text:Power_getPerformanceLevel)
                  000106a0    0000000c     dpl_msp432p401x.aem4f : SemaphoreP_tirtos.oem4f (.text:SemaphoreP_delete)
                  000106ac    0000000c     rtsv7M4_T_le_v4SPD16_eabi.lib : _lock.c.obj (.text:_register_lock)
                  000106b8    0000000c                                   : _lock.c.obj (.text:_register_unlock)
                  000106c4    0000000c                                   : copy_zero_init.c.obj (.text:decompress:ZI:__TI_zero_init)
                  000106d0    0000000c     encoder.obj (.text:get_encoder1)
                  000106dc    0000000c     encoder.obj (.text:get_encoder2)
                  000106e8    0000000c     encoder.obj (.text:get_encoder3)
                  000106f4    0000000c     encoder.obj (.text:get_encoder4)
                  00010700    0000000c     sysbios.aem4f : BIOS.obj (.text:pthread_self)
                  0001070c    0000000c     release_pem4f.oem4f (.text:ti_sysbios_family_arm_m3_Hwi_Params__init__S)
                  00010718    0000000c     sysbios.aem4f : BIOS.obj (.text:ti_sysbios_family_arm_m3_Hwi_disableFxn__E)
                  00010724    00000004     --HOLE-- [fill = 0]
                  00010728    0000000c                   : BIOS.obj (.text:ti_sysbios_family_arm_m3_TaskSupport_getStackAlignment__E)
                  00010734    00000004     --HOLE-- [fill = 0]
                  00010738    0000000c                   : BIOS.obj (.text:ti_sysbios_family_arm_msp432_Timer_getMaxTicks__E)
                  00010744    00000004     --HOLE-- [fill = 0]
                  00010748    0000000c                   : BIOS.obj (.text:ti_sysbios_gates_GateHwi_enter__E)
                  00010754    0000000c     release_pem4f.oem4f (.text:ti_sysbios_knl_Clock_Params__init__S)
                  00010760    0000000c     sysbios.aem4f : BIOS.obj (.text:ti_sysbios_knl_Clock_getTicks__E)
                  0001076c    0000000c     release_pem4f.oem4f (.text:ti_sysbios_knl_Event_Params__init__S)
                  00010778    0000000c     uart.obj (.text:ti_sysbios_knl_Event_handle)
                  00010784    0000000c     release_pem4f.oem4f (.text:ti_sysbios_knl_Queue_Object__get__S)
                  00010790    0000000c     release_pem4f.oem4f (.text:ti_sysbios_knl_Semaphore_Params__init__S)
                  0001079c    0000000c     release_pem4f.oem4f (.text:ti_sysbios_knl_Task_Params__init__S)
                  000107a8    0000000c     sysbios.aem4f : BIOS.obj (.text:ti_sysbios_knl_Task_self__E)
                  000107b4    00000004     --HOLE-- [fill = 0]
                  000107b8    0000000c                   : BIOS.obj (.text:ti_sysbios_rts_ti_ReentSupport_taskRegHook__I)
                  000107c4    00000004     --HOLE-- [fill = 0]
                  000107c8    0000000c                   : BIOS.obj (.text:xdc_runtime_Gate_enterSystem__E)
                  000107d4    00000004     --HOLE-- [fill = 0]
                  000107d8    0000000c                   : BIOS.obj (.text:xdc_runtime_Startup_rtsDone__E)
                  000107e4    0000000a     drivers_msp432p401x.aem4f : ADC.oem4f (.text:ADC_Params_init)
                  000107ee    0000000a                               : ADC.oem4f (.text:ADC_convert)
                  000107f8    0000000a     dpl_msp432p401x.aem4f : ClockP_tirtos.oem4f (.text:ClockP_Params_init)
                  00010802    0000000a     drivers_msp432p401x.aem4f : PWM.oem4f (.text:PWM_close)
                  0001080c    0000000a                               : PWM.oem4f (.text:PWM_setDuty)
                  00010816    0000000a                               : PWM.oem4f (.text:PWM_setPeriod)
                  00010820    0000000a                               : PWM.oem4f (.text:PWM_start)
                  0001082a    0000000a                               : SPI.oem4f (.text:SPI_transfer)
                  00010834    0000000a                               : Timer.oem4f (.text:Timer_start)
                  0001083e    0000000a                               : UART.oem4f (.text:UART_close)
                  00010848    0000000a                               : UART.oem4f (.text:UART_control)
                  00010852    0000000a                               : UART.oem4f (.text:UART_read)
                  0001085c    0000000a                               : UART.oem4f (.text:UART_write)
                  00010866    0000000a     rtsv7M4_T_le_v4SPD16_eabi.lib : sprintf.c.obj (.text:_outc)
                  00010870    0000000a     ui.obj (.text:gotoMainMenuView)
                  0001087a    0000000a     speed_control.obj (.text:speed_control_Thread)
                  00010884    0000000a     release_pem4f.oem4f (.text:xdc_runtime_IHeap_alloc)
                  0001088e    0000000a     release_pem4f.oem4f (.text:xdc_runtime_IHeap_free)
                  00010898    00000008     drivers_msp432p401x.aem4f : Button.oem4f (.text:Button_getLastPressedDuration)
                  000108a0    00000008     ec11.obj (.text:EC11_GPIO_Init)
                  000108a8    00000008     drivers_msp432p401x.aem4f : LED.oem4f (.text:LED_getState)
                  000108b0    00000008     dpl_msp432p401x.aem4f : SemaphoreP_tirtos.oem4f (.text:SemaphoreP_Params_init)
                  000108b8    00000008     drivers_msp432p401x.aem4f : I2CMSP432.oem4f (.text:blockingTransferCallback)
                  000108c0    00000008                               : SPIMSP432DMA.oem4f (.text:blockingTransferCallback)
                  000108c8    00000008     sysbios.aem4f : BIOS.obj (.text:pthread_attr_setstacksize)
                  000108d0    00000008     drivers_msp432p401x.aem4f : UARTMSP432.oem4f (.text:readSemCallback)
                  000108d8    00000008     sysbios.aem4f : BIOS.obj (.text:ti_sysbios_family_arm_m3_Hwi_doSwiRestore__I)
                  000108e0    00000008                   : BIOS.obj (.text:ti_sysbios_family_arm_m3_Hwi_startup__E)
                  000108e8    00000008     drivers_msp432p401x.aem4f : UARTMSP432.oem4f (.text:txcptEnabledStatus)
                  000108f0    00000008                               : UARTMSP432.oem4f (.text:writeSemCallback)
                  000108f8    00000006     display.aem4f : Display.oem4f (.text:Display_doParamsInit)
                  000108fe    00000006     drivers_msp432p401x.aem4f : I2CMSP432.oem4f (.text:I2CMSP432_control)
                  00010904    00000006                               : PWMTimerMSP432.oem4f (.text:PWMTimerMSP432_control)
                  0001090a    00000006                               : PWMTimerMSP432.oem4f (.text:PWMTimerMSP432_setDutyAndPeriod)
                  00010910    00000006                               : SPIMSP432DMA.oem4f (.text:SPIMSP432DMA_control)
                  00010916    00000006                               : TimerMSP432.oem4f (.text:TimerMSP432_control)
                  0001091c    00000004     --HOLE-- [fill = 0]
                  00010920    00000006     sysbios.aem4f : BIOS.obj (.text:ti_sysbios_family_arm_m3_Hwi_doTaskRestore__I)
                  00010926    00000002     --HOLE-- [fill = 0]
                  00010928    00000006                   : BIOS.obj (.text:ti_sysbios_family_arm_m3_Hwi_restoreFxn__E)
                  0001092e    00000002     --HOLE-- [fill = 0]
                  00010930    00000006                   : BIOS.obj (.text:ti_sysbios_gates_GateHwi_leave__E)
                  00010936    00000002     --HOLE-- [fill = 0]
                  00010938    00000006                   : BIOS.obj (.text:ti_sysbios_heaps_HeapMem_isBlocking__E)
                  0001093e    00000002     --HOLE-- [fill = 0]
                  00010940    00000006                   : BIOS.obj (.text:ti_sysbios_knl_Clock_stop__E)
                  00010946    00000002     --HOLE-- [fill = 0]
                  00010948    00000006                   : BIOS.obj (.text:ti_sysbios_knl_Queue_Instance_init__E)
                  0001094e    00000002     --HOLE-- [fill = 0]
                  00010950    00000006                   : BIOS.obj (.text:ti_sysbios_knl_Swi_startup__E)
                  00010956    00000002     --HOLE-- [fill = 0]
                  00010958    00000006                   : BIOS.obj (.text:xdc_runtime_System_Module_startup__E)
                  0001095e    00000002     --HOLE-- [fill = 0]
                  00010960    00000004                   : BIOS.obj (.text:__aeabi_errno_addr)
                  00010964    00000004     --HOLE-- [fill = 0]
                  00010968    00000004                   : BIOS.obj (.text:ti_sysbios_gates_GateHwi_query__E)
                  0001096c    00000004     --HOLE-- [fill = 0]
                  00010970    00000004                   : BIOS.obj (.text:ti_sysbios_gates_GateMutex_query__E)
                  00010974    00000004     --HOLE-- [fill = 0]
                  00010978    00000004                   : BIOS.obj (.text:ti_sysbios_knl_Clock_setTimeout__E)
                  0001097c    00000004     --HOLE-- [fill = 0]
                  00010980    00000004                   : BIOS.obj (.text:ti_sysbios_knl_Task_startup__E)
                  00010984    00000004     --HOLE-- [fill = 0]
                  00010988    00000004                   : BIOS.obj (.text:xdc_runtime_SysCallback_defaultReady)
                  0001098c    00000004     --HOLE-- [fill = 0]
                  00010990    00000002                   : BIOS.obj (.text:ti_sysbios_BIOS_linkedWithIncorrectBootLibrary__E)
                  00010992    00000006     --HOLE-- [fill = 0]
                  00010998    00000002                   : BIOS.obj (.text:ti_sysbios_gates_GateHwi_Instance_init__E)
                  0001099a    00000006     --HOLE-- [fill = 0]
                  000109a0    00000002                   : BIOS.obj (.text:ti_sysbios_knl_Clock_logTick__E)
                  000109a2    00000006     --HOLE-- [fill = 0]
                  000109a8    00000002                   : BIOS.obj (.text:xdc_runtime_SysCallback_defaultAbort)
                  000109aa    00000006     --HOLE-- [fill = 0]
                  000109b0    00000002                   : BIOS.obj (.text:xdc_runtime_SysCallback_defaultExit)
                  000109b2    00000006     --HOLE-- [fill = 0]
                  000109b8    00000002                   : BIOS.obj (.text:xdc_runtime_SysCallback_defaultPutch)
                  000109ba    00000006     --HOLE-- [fill = 0]
                  000109c0    00000002                   : BIOS.obj (.text:xdc_runtime_System_abortSpin__E)
                  000109c2    00000006     --HOLE-- [fill = 0]
                  000109c8    00000002                   : BIOS.obj (.text:xdc_runtime_System_exitSpin__E)

.const     0    000109d0    000017a0     
                  000109d0    000005f0     lcd_font.obj (.const:tft_ascii)
                  00010fc0    00000158     rtsv7M4_T_le_v4SPD16_eabi.lib : k_rem_pio2.c.obj (.const:$O1$$)
                  00011118    00000150     ui.obj (.const:$P$T14$16)
                  00011268    00000118     ui.obj (.const:$P$T4$6)
                  00011380    00000101     rtsv7M4_T_le_v4SPD16_eabi.lib : ctype.c.obj (.const:.string:_ctypes_)
                  00011481    00000002     ti_drivers_config.obj (.const:ButtonHWAttrs)
                  00011483    00000001     display.aem4f : Display.oem4f (.const:Display_defaultParams)
                  00011484    000000b0     ti_drivers_config.obj (.const:uartMSP432HWAttrs)
                  00011534    00000080     msp432p4xx_driverlib.lib : adc14.o (.const:_ctlRegs)
                  000115b4    00000078     ti_drivers_config.obj (.const:PWM_config)
                  0001162c    00000070     ui.obj (.const:$P$T13$15)
                  0001169c    00000060     ui.obj (.const:$P$T3$4)
                  000116fc    00000054     ui.obj (.const:$P$T8$10)
                  00011750    00000050     ti_drivers_config.obj (.const:pwmTimerMSP432HWAttrs)
                  000117a0    00000050     drivers_msp432p401x.aem4f : TimerMSP432.oem4f (.const:timerADividers)
                  000117f0    00000050     ti_drivers_config.obj (.const:uartMSP432Baudrates)
                  00011840    00000048     ti_drivers_config.obj (.const:spiMSP432DMAHWAttrs)
                  00011888    0000003c     release_pem4f.oem4f (.const:ti_sysbios_knl_Task_Object__PARAMS__C)
                  000118c4    00000038     ti_drivers_config.obj (.const:PowerMSP432_config)
                  000118fc    00000030     ti_drivers_config.obj (.const:UART_config)
                  0001192c    00000030     release_pem4f.oem4f (.const:ti_sysbios_family_arm_m3_Hwi_Object__PARAMS__C)
                  0001195c    00000028     drivers_msp432p401x.aem4f : UARTMSP432.oem4f (.const:UARTMSP432_fxnTable)
                  00011984    00000028     ti_drivers_config.obj (.const:i2cMSP432HWAttrs)
                  000119ac    00000028     release_pem4f.oem4f (.const:ti_sysbios_heaps_HeapMem_Module__FXNS__C)
                  000119d4    00000024     ui.obj (.const:$P$T0$1)
                  000119f8    00000024     ui.obj (.const:$P$T1$2)
                  00011a1c    00000024     ui.obj (.const:$P$T2$3)
                  00011a40    00000024     drivers_msp432p401x.aem4f : PWMTimerMSP432.oem4f (.const:PWMTimerMSP432_fxnTable)
                  00011a64    00000024                               : UART.oem4f (.const:UART_defaultParams)
                  00011a88    00000024     release_pem4f.oem4f (.const:ti_sysbios_gates_GateHwi_Module__FXNS__C)
                  00011aac    00000024     release_pem4f.oem4f (.const:ti_sysbios_gates_GateMutex_Module__FXNS__C)
                  00011ad0    00000024     release_pem4f.oem4f (.const:ti_sysbios_heaps_HeapMem_Object__PARAMS__C)
                  00011af4    00000024     release_pem4f.oem4f (.const:ti_sysbios_knl_Clock_Object__PARAMS__C)
                  00011b18    00000024     release_pem4f.oem4f (.const:ti_sysbios_knl_Semaphore_Object__PARAMS__C)
                  00011b3c    00000024     release_pem4f.oem4f (.const:xdc_runtime_Startup_sfxnTab__A)
                  00011b60    00000020     display.aem4f : DisplayUart.oem4f (.const:DisplayUartMin_fxnTable)
                  00011b80    00000020     drivers_msp432p401x.aem4f : SPI.oem4f (.const:SPI_defaultParams)
                  00011ba0    00000020     ti_drivers_config.obj (.const:TimerMSP432HWAttrs)
                  00011bc0    00000020     drivers_msp432p401x.aem4f : TimerMSP432.oem4f (.const:TimerMSP432_Timer32_fxnTable)
                  00011be0    00000020     ti_drivers_config.obj (.const:adcMSP432HWAttrs)
                  00011c00    00000020     drivers_msp432p401x.aem4f : UARTMSP432.oem4f (.const:staticFxnTable)
                  00011c20    00000020     release_pem4f.oem4f (.const:ti_sysbios_family_arm_m3_Hwi_Object__DESC__C)
                  00011c40    00000020     release_pem4f.oem4f (.const:ti_sysbios_gates_GateHwi_Object__DESC__C)
                  00011c60    00000020     release_pem4f.oem4f (.const:ti_sysbios_gates_GateMutex_Object__DESC__C)
                  00011c80    00000020     release_pem4f.oem4f (.const:ti_sysbios_heaps_HeapMem_Object__DESC__C)
                  00011ca0    00000020     release_pem4f.oem4f (.const:ti_sysbios_knl_Clock_Object__DESC__C)
                  00011cc0    00000020     release_pem4f.oem4f (.const:ti_sysbios_knl_Event_Object__DESC__C)
                  00011ce0    00000020     release_pem4f.oem4f (.const:ti_sysbios_knl_Queue_Object__DESC__C)
                  00011d00    00000020     release_pem4f.oem4f (.const:ti_sysbios_knl_Semaphore_Object__DESC__C)
                  00011d20    00000020     release_pem4f.oem4f (.const:ti_sysbios_knl_Task_Object__DESC__C)
                  00011d40    0000001c     ui.obj (.const:$P$T10$12)
                  00011d5c    0000001c     ui.obj (.const:$P$T11$13)
                  00011d78    0000001c     ui.obj (.const:$P$T12$14)
                  00011d94    0000001c     ui.obj (.const:$P$T5$7)
                  00011db0    0000001c     ui.obj (.const:$P$T6$8)
                  00011dcc    0000001c     ui.obj (.const:$P$T7$9)
                  00011de8    0000001c     ui.obj (.const:$P$T9$11)
                  00011e04    00000018     drivers_msp432p401x.aem4f : ADCMSP432.oem4f (.const:ADCMSP432_fxnTable)
                  00011e1c    00000018     ti_drivers_config.obj (.const:ADC_config)
                  00011e34    00000018     drivers_msp432p401x.aem4f : I2CMSP432.oem4f (.const:I2CMSP432_fxnTable)
                  00011e4c    00000018     ti_drivers_config.obj (.const:I2C_config)
                  00011e64    00000018     drivers_msp432p401x.aem4f : PWM.oem4f (.const:PWM_defaultParams)
                  00011e7c    00000018                               : SPIMSP432DMA.oem4f (.const:SPIMSP432DMA_fxnTable)
                  00011e94    00000018     ti_drivers_config.obj (.const:SPI_config)
                  00011eac    00000018     ti_drivers_config.obj (.const:Timer_config)
                  00011ec4    00000018     release_pem4f.oem4f (.const:ti_sysbios_gates_GateHwi_Object__PARAMS__C)
                  00011edc    00000018     release_pem4f.oem4f (.const:ti_sysbios_gates_GateMutex_Object__PARAMS__C)
                  00011ef4    00000018     release_pem4f.oem4f (.const:ti_sysbios_knl_Event_Object__PARAMS__C)
                  00011f0c    00000018     release_pem4f.oem4f (.const:ti_sysbios_knl_Queue_Object__PARAMS__C)
                  00011f24    00000018     release_pem4f.oem4f (.const:ti_sysbios_knl_Task_hooks__A)
                  00011f3c    00000014     ti_drivers_config.obj (.const:GPIOMSP432_config)
                  00011f50    00000014     ti_drivers_config.obj (.const:displayUartHWAttrs)
                  00011f64    00000012     release_pem4f.oem4f (.const:xdc_runtime_Startup_sfxnRts__A)
                  00011f76    00000010     beep.obj (.const:$P$T0$1)
                  00011f86    00000002     release_pem4f.oem4f (.const:ti_sysbios_family_arm_m3_Hwi_Module__id__C)
[...]
000109c9  xdc_runtime_System_exitSpin__E                                  
000109d0  tft_ascii                                                       
00011380  _ctypes_                                                        
00011483  Display_defaultParams                                           
000115b4  PWM_config                                                      
00011750  pwmTimerMSP432HWAttrs                                           
00011840  spiMSP432DMAHWAttrs                                             
00011888  ti_sysbios_knl_Task_Object__PARAMS__C                           
000118c4  PowerMSP432_config                                              
000118fc  UART_config                                                     
0001192c  ti_sysbios_family_arm_m3_Hwi_Object__PARAMS__C                  
0001195c  UARTMSP432_fxnTable                                             
00011984  i2cMSP432HWAttrs                                                
000119ac  ti_sysbios_heaps_HeapMem_Module__FXNS__C                        
00011a40  PWMTimerMSP432_fxnTable                                         
00011a64  UART_defaultParams                                              
00011a88  ti_sysbios_gates_GateHwi_Module__FXNS__C                        
00011aac  ti_sysbios_gates_GateMutex_Module__FXNS__C                      
00011ad0  ti_sysbios_heaps_HeapMem_Object__PARAMS__C                      
00011af4  ti_sysbios_knl_Clock_Object__PARAMS__C                          
00011b18  ti_sysbios_knl_Semaphore_Object__PARAMS__C                      
00011b3c  xdc_runtime_Startup_sfxnTab__A                                  
00011b60  DisplayUartMin_fxnTable                                         
00011b80  SPI_defaultParams                                               
00011ba0  TimerMSP432HWAttrs                                              
00011bc0  TimerMSP432_Timer32_fxnTable                                    
00011be0  adcMSP432HWAttrs                                                
00011c20  ti_sysbios_family_arm_m3_Hwi_Object__DESC__C                    
00011c40  ti_sysbios_gates_GateHwi_Object__DESC__C                        
00011c60  ti_sysbios_gates_GateMutex_Object__DESC__C                      
00011c80  ti_sysbios_heaps_HeapMem_Object__DESC__C                        
00011ca0  ti_sysbios_knl_Clock_Object__DESC__C                            
00011cc0  ti_sysbios_knl_Event_Object__DESC__C                            
00011ce0  ti_sysbios_knl_Queue_Object__DESC__C                            
00011d00  ti_sysbios_knl_Semaphore_Object__DESC__C                        
00011d20  ti_sysbios_knl_Task_Object__DESC__C                             
00011e04  ADCMSP432_fxnTable                                              
00011e1c  ADC_config                                                      
00011e34  I2CMSP432_fxnTable                                              
00011e4c  I2C_config                                                      
00011e64  PWM_defaultParams                                               
00011e7c  SPIMSP432DMA_fxnTable                                           
00011e94  SPI_config                                                      
00011eac  Timer_config                                                    
00011ec4  ti_sysbios_gates_GateHwi_Object__PARAMS__C                      
00011edc  ti_sysbios_gates_GateMutex_Object__PARAMS__C                    
00011ef4  ti_sysbios_knl_Event_Object__PARAMS__C                          
00011f0c  ti_sysbios_knl_Queue_Object__PARAMS__C                          
00011f24  ti_sysbios_knl_Task_hooks__A                                    
00011f3c  GPIOMSP432_config                                               
00011f50  displayUartHWAttrs                                              
00011f64  xdc_runtime_Startup_sfxnRts__A                                  
00011f86  ti_sysbios_family_arm_m3_Hwi_Module__id__C                      
00011f88  Button_config                                                   
00011f98  Button_defaultParams                                            
00011fa8  I2C_defaultParams                                               
00011fb8  LED_config                                                      
00011fd8  Display_config                                                  
00012008  udmaMSP432HWAttrs                                               
00012014  xdc_runtime_Startup_firstFxns__A                                
00012020  Display_count                                                   
00012021  ADC_count                                                       
00012022  I2C_count                                                       
00012023  PWM_count                                                       
00012024  SPI_count                                                       
00012025  Timer_count                                                     
00012026  UART_count                                                      
00012027  Button_count                                                    
00012028  LED_count                                                       
00012029  xdc_runtime_Error_policy__C                                     
0001202a  ti_sysbios_family_arm_msp432_init_Boot_bypassHFXT__C            
0001202c  ADC_defaultParams                                               
00012034  LED_defaultParams                                               
0001203c  UDMAMSP432_config                                               
0001204c  ti_sysbios_knl_Idle_funcList__A                                 
00012054  ti_sysbios_knl_Idle_funcList__C                                 
0001205c  ti_sysbios_knl_Task_hooks__C                                    
00012064  xdc_runtime_Startup_firstFxns__C                                
0001206c  xdc_runtime_Startup_lastFxns__C                                 
0001208e  ti_sysbios_family_arm_msp432_init_Boot_bypassLFXT__C            
00012090  ti_sysbios_family_arm_m3_Hwi_E_alreadyDefined__C                
00012094  ti_sysbios_family_arm_m3_Hwi_E_badIntNum__C                     
00012098  ti_sysbios_family_arm_m3_Hwi_NUM_INTERRUPTS__C                  
0001209c  ti_sysbios_family_arm_m3_Hwi_Object__count__C                   
000120a0  ti_sysbios_family_arm_m3_Hwi_ccr__C                             
000120a4  ti_sysbios_family_arm_m3_Hwi_excHandlerFunc__C                  
000120a8  ti_sysbios_family_arm_m3_Hwi_nullIsrFunc__C                     
000120ac  ti_sysbios_family_arm_m3_Hwi_priGroup__C                        
000120b0  ti_sysbios_family_arm_m3_Hwi_swiDisable__C                      
000120b4  ti_sysbios_family_arm_m3_Hwi_swiRestore__C                      
000120b8  ti_sysbios_family_arm_m3_TaskSupport_stackAlignment__C          
000120bc  ti_sysbios_family_arm_msp432_Timer_numTimerDevices__C           
000120c0  ti_sysbios_family_arm_msp432_Timer_startupNeeded__C             
000120c4  ti_sysbios_gates_GateMutex_Instance_State_sem__O                
000120c8  ti_sysbios_heaps_HeapMem_E_memory__C                            
000120cc  ti_sysbios_heaps_HeapMem_Module__gateObj__C                     
000120d0  ti_sysbios_heaps_HeapMem_Object__count__C                       
000120d4  ti_sysbios_heaps_HeapMem_primaryHeapBaseAddr__C                 
000120d8  ti_sysbios_heaps_HeapMem_primaryHeapEndAddr__C                  
000120dc  ti_sysbios_heaps_HeapMem_reqAlign__C                            
000120e0  ti_sysbios_knl_Clock_Module_State_clockQ__O                     
000120e4  ti_sysbios_knl_Clock_tickPeriod__C                              
000120e8  ti_sysbios_knl_Event_Instance_State_pendQ__O                    
000120ec  ti_sysbios_knl_Mailbox_Instance_State_freeQue__O                
000120f0  ti_sysbios_knl_Mailbox_Object__count__C                         
000120f4  ti_sysbios_knl_Mailbox_maxTypeAlign__C                          
000120f8  ti_sysbios_knl_Semaphore_Instance_State_pendQ__O                
000120fc  ti_sysbios_knl_Swi_Object__count__C                             
00012100  ti_sysbios_knl_Task_Module_State_inactiveQ__O                   
00012104  ti_sysbios_knl_Task_Object__count__C                            
00012108  ti_sysbios_knl_Task_Object__heap__C                             
0001210c  ti_sysbios_knl_Task_allBlockedFunc__C                           
00012110  ti_sysbios_knl_Task_defaultStackHeap__C                         
00012114  ti_sysbios_knl_Task_defaultStackSize__C                         
00012118  ti_sysbios_knl_Task_numConstructedTasks__C                      
0001211c  xdc_runtime_Error_E_memory__C                                   
00012120  xdc_runtime_Error_policyFxn__C                                  
00012124  xdc_runtime_IGateProvider_Interface__BASE__C                    
00012128  xdc_runtime_IHeap_Interface__BASE__C                            
0001212c  xdc_runtime_IModule_Interface__BASE__C                          
00012130  xdc_runtime_Memory_defaultHeapInstance__C                       
00012134  xdc_runtime_Startup_execImpl__C                                 
00012138  xdc_runtime_Startup_maxPasses__C                                
0001213c  xdc_runtime_Startup_sfxnRts__C                                  
00012140  xdc_runtime_Startup_sfxnTab__C                                  
00012144  xdc_runtime_SysCallback_abortFxn__C                             
00012148  xdc_runtime_SysCallback_exitFxn__C                              
0001214c  xdc_runtime_SysCallback_putchFxn__C                             
00012150  xdc_runtime_SysCallback_readyFxn__C                             
00012154  xdc_runtime_System_Module__gateObj__C                           
00012158  xdc_runtime_System_abortFxn__C                                  
0001215c  xdc_runtime_System_exitFxn__C                                   
00012160  xdc_runtime_System_extendFxn__C                                 
00012164  xdc_runtime_System_maxAtexitHandlers__C                         
00012168  ti_sysbios_family_arm_msp432_init_Boot_enableHFXT__C            
0001216a  ti_sysbios_family_arm_msp432_init_Boot_enableLFXT__C            
0001216c  ti_sysbios_heaps_HeapMem_Module__id__C                          
0001216e  xdc_runtime_Memory_Module__id__C                                
00012170  __TI_static_base__                                              
000124ec  __TI_Handler_Table_Base                                         
000124f8  __TI_Handler_Table_Limit                                        
00012500  __TI_CINIT_Base                                                 
00012510  __TI_CINIT_Limit                                                
20000000  __start___llvm_prf_cnts                                         
20000000  __stop___llvm_prf_cnts                                          
20000000  ti_sysbios_family_arm_m3_Hwi_ramVectors                         
20000140  __primary_heap_start__                                          
20008140  __primary_heap_end__                                            
20008600  Items                                                           
200088c0  ti_sysbios_knl_Task_Instance_State_0_stack__A                   
20008ac0  uartMSP432Objects                                               
20008cc0  ti_sysbios_family_arm_m3_Hwi_dispatchTable                      
20008f00  i2cMSP432Objects                                                
20008fa0  spiMSP432DMAObjects                                             
20009134  LEDObjects                                                      
200091ac  pwmTimerMSP432Objects                                           
20009224  timerMSP432Objects                                              
2000928c  ButtonObjects                                                   
200092dc  masterRxBuffer                                                  
20009310  masterTxBuffer                                                  
20009374  imu3                                                            
20009458  bStats                                                          
20009474  ringObj                                                         
2000948c  ecoEvent                                                        
200094b0  imu                                                             
200094c0  displayUartObject                                               
200094cc  eventBuf                                                        
200094d8  rxBuffer                                                        
200094ec  buttonHandle                                                    
200094f4  ledHandle                                                       
20009504  ClockP_tickPeriod                                               
20009508  CurDraw                                                         
2000950c  CurHandle                                                       
20009510  adc                                                             
20009514  adcMSP432Objects                                                
20009518  displayHandle                                                   
2000951c  lua                                                             
20009520  masterSpi                                                       
20009524  ti_sysbios_knl_Task_Instance_State_0_hookEnv__A                 
20009528  EC11_A_Now                                                      
20009529  EC11_B_Now                                                      
2000952a  EC11_Key                                                        
2000952b  udmaMSP432Object                                                
2000952c  PowerMSP432_perfLevels                                          
20009804  AllView                                                         
20009888  gPixel                                                          
20009908  ti_sysbios_knl_Swi_Module_State_0_readyQ__A                     
20009988  ti_sysbios_knl_Task_Module_State_0_readyQ__A                    
20009a08  param                                                           
20009a80  gpioCallbackFunctions                                           
20009af0  gpioPinConfigs                                                  
20009b60  lineid                                                          
20009bc0  ti_sysbios_gates_GateMutex_Object__table__V                     
20009c14  ti_sysbios_knl_Task_Object__table__V                            
20009c60  ti_sysbios_family_arm_msp432_Timer_Object__table__V             
20009ca4  ti_sysbios_knl_Task_Module__state__V                            
20009ce8  ti_sysbios_family_arm_m3_Hwi_Module__state__V                   
20009d1c  ti_sysbios_knl_Swi_Object__table__V                             
20009d4c  PowerMSP432_module                                              
20009d78  ti_sysbios_knl_Clock_Module__state__V                           
20009da4  ti_sysbios_BIOS_Module__state__V                                
20009de8  ti_sysbios_family_arm_msp432_Timer_Module_State_0_device__A     
20009e08  xdc_runtime_Error_IgnoreBlock                                   
20009e28  ti_sysbios_knl_Swi_Module__state__V                             
20009e44  mirrorRegister                                                  
20009e60  left_duty                                                       
20009e64  right_duty                                                      
20009e68  pwm0                                                            
20009e6c  pwm1                                                            
20009e70  pwm2                                                            
20009e74  pwm3                                                            
20009e78  ti_sysbios_family_arm_m3_Hwi_Object__table__V                   
20009e90  ti_sysbios_heaps_HeapMem_Object__table__V                       
20009ea8  uart_ready_flag                                                 
20009ed8  last_item                                                       
20009eec  motor_start_flag                                                
20009ef0  CurView                                                         
20009ef1  CurItem                                                         
20009ef2  ItemNums                                                        
20009ef3  isEditing                                                       
20009ef4  ItemFirstLine                                                   
20009ef5  item_index                                                      
20009f10  encoder1_value                                                  
20009f14  encoder2_value                                                  
20009f18  encoder3_value                                                  
20009f1c  encoder4_value                                                  
20009f20  ti_sysbios_family_arm_msp432_Timer_Module_State_0_handles__A    
20009f30  ti_sysbios_family_arm_msp432_ClockFreqs_Module__state__V        
20009f3c  ti_sysbios_family_arm_msp432_Timer_Module__state__V             
20009f48  txBuffer                                                        
20009f52  ti_sysbios_family_arm_m3_Hwi_Module_State_0_excActive__A        
20009f54  _lock                                                           
20009f58  _unlock                                                         
20009f64  ti_sysbios_family_arm_m3_Hwi_Module__root__V                    
20009f6c  ti_sysbios_gates_GateHwi_Module__root__V                        
20009f74  ti_sysbios_gates_GateMutex_Module__root__V                      
20009f7c  ti_sysbios_heaps_HeapMem_Module__root__V                        
20009f84  ti_sysbios_knl_Clock_Module__root__V                            
20009f8c  ti_sysbios_knl_Event_Module__root__V                            
20009f94  ti_sysbios_knl_Queue_Module__root__V                            
20009f9c  ti_sysbios_knl_Semaphore_Module__root__V                        
20009fa4  ti_sysbios_knl_Task_Module__root__V                             
20009fac  xdc_runtime_Startup_Module__state__V                            
20009fb4  xdc_runtime_System_Module_State_0_atexitHandlers__A             
20009fbc  xdc_runtime_System_Module__state__V                             
20009fc4  pwm7                                                            
20009fc8  old_val                                                         
20009fcc  main_func_sp                                                    
20009fd0  ti_sysbios_family_arm_m3_Hwi_Module_State_0_excContext__A       
20009fd4  ti_sysbios_family_arm_m3_Hwi_Module_State_0_excStack__A         
20009fd8  ti_sysbios_gates_GateHwi_Object__table__V                       
20009fdc  ti_sysbios_knl_Task_Module_State_0_idleTask__A                  
20009fe0  ti_sysbios_rts_ti_ReentSupport_Module__state__V                 
20009fe4  xdc_runtime_Memory_Module__state__V                             
2000fc00  __stack                                                         
20010000  __STACK_END                                                     
4000480c  WDTCTL_SYM                                                      
e000e000  ti_sysbios_family_arm_m3_Hwi_nvic                               
ffffffff  __TI_pprof_out_hndl                                             
ffffffff  __TI_prof_data_size                                             
ffffffff  __TI_prof_data_start                                            
ffffffff  __binit__                                                       
ffffffff  __c_args__                                                      
ffffffff  binit                                                           
UNDEFED   SHT$$INIT_ARRAY$$Base                                           
UNDEFED   SHT$$INIT_ARRAY$$Limit                                          

[882 symbols]
