******************************************************************************
                  TI ARM Linker Unix v20.2.5                   
******************************************************************************
>> Linked Tue Oct 19 09:07:32 2021

OUTPUT FILE NAME:   <project.out>
ENTRY POINT SYMBOL: "_c_int00"  address: 0000d739


MEMORY CONFIGURATION

         name            origin    length      used     unused   attr    fill
----------------------  --------  ---------  --------  --------  ----  --------
  MAIN                  00000000   00040000  00012a66  0002d59a  R  X
  INFO                  00200000   00004000  00000000  00004000  R  X
  SRAM_CODE             01000000   00010000  0000a56e  00005a92  RW X
  SRAM_DATA             20000000   00010000  0000a56e  00005a92  RW  


SEGMENT ALLOCATION MAP

run origin  load origin   length   init length attrs members
----------  ----------- ---------- ----------- ----- -------
00000000    00000000    00012a70   00012a70    r-x
  00000000    00000000    0000003c   0000003c    r-- .resetVecs
  00000040    00000040    00010ee2   00010ee2    r-x .text
  00010f28    00010f28    000017a0   000017a0    r-- .const
  000126c8    000126c8    000003a8   000003a8    r-- .cinit
20000140    20000140    00008000   00000000    r--
  20000140    20000140    00008000   00000000    r-- .priheap
20008200    20008200    0000202e   00000000    rw-
  20008200    20008200    000013e8   00000000    rw- .bss
  200095e8    200095e8    00000c46   00000000    rw- .data
2000fc00    2000fc00    00000400   00000000    rw-
  2000fc00    2000fc00    00000400   00000000    rw- .stack


SECTION ALLOCATION MAP

 output                                  attributes/
section   page    origin      length       input sections
--------  ----  ----------  ----------   ----------------
.text      0    00000040    00010ee2     
                  00000040    00000a4e     rtsv7M4_T_le_v4SPD16_eabi.lib : _printfi.c.obj (.text:__TI_printfi)
                  00000a8e    00000002     ti_drivers_config.obj (.text:Board_initHook)
                  00000a90    00000738     rtsv7M4_T_le_v4SPD16_eabi.lib : k_rem_pio2.c.obj (.text:__kernel_rem_pio2)
                  000011c8    000005e0                                   : s_sin.c.obj (.text:sin)
                  000017a8    000005dc                                   : s_cos.c.obj (.text:cos)
                  00001d84    00000578     ui.obj (.text:UpdateMenuItems)
                  000022fc    000004ec     ui.obj (.text:HandleAdjustParamView)
                  000027e8    00000468     sysbios.aem4f : BIOS.obj (.text:xdc_runtime_System_doPrint__I)
                  00002c50    00000318     ui.obj (.text:DrawIMUView)
                  00002f68    000002f8     drivers_msp432p401x.aem4f : PowerMSP432.oem4f (.text:Power_sleep)
                  00003260    000002d0                               : UARTMSP432.oem4f (.text:UARTMSP432_open)
                  00003530    00000294     ui.obj (.text:DrawSensorView)
                  000037c4    0000028c     drivers_msp432p401x.aem4f : SPIMSP432DMA.oem4f (.text:SPIMSP432DMA_open)
                  00003a50    0000028a     msp432p4xx_driverlib.lib : pcm.o (.text:__PCM_setPowerStateAdvanced)
                  00003cda    00000002     display.aem4f : DisplayUart.oem4f (.text:DisplayUartMin_clear)
                  00003cdc    00000288     drivers_msp432p401x.aem4f : PowerMSP432.oem4f (.text:initPerfControl)
                  00003f64    00000274     pid.obj (.text:PID_calc)
                  000041d8    00000270     rtsv7M4_T_le_v4SPD16_eabi.lib : _printfi.c.obj (.text:_pconv_a)
                  00004448    00000260     main_tirtos.obj (.text:main)
                  000046a8    00000254     uart.obj (.text:imu_data_analyse)
                  000048fc    00000254     uart.obj (.text:rc_data_analyse)
                  00004b50    00000248     spi_lcd.obj (.text:lcd_init)
                  00004d98    0000021c     ui.obj (.text:rotate)
                  00004fb4    00000210     ec11.obj (.text:Encoder_EC11_Analyze)
                  000051c4    00000208     drivers_msp432p401x.aem4f : PWMTimerMSP432.oem4f (.text:PWMTimerMSP432_open)
                  000053cc    000001f8                               : I2CMSP432.oem4f (.text:I2CMSP432_open)
                  000055c4    000001d0     rtsv7M4_T_le_v4SPD16_eabi.lib : _printfi.c.obj (.text:_pconv_g)
                  00005794    000001b6                                   : fd_add_t2.asm.obj (.text)
                  0000594a    00000002     display.aem4f : DisplayUart.oem4f (.text:DisplayUartMin_clearLines)
                  0000594c    000001a4     ui.obj (.text:DrawAdjustParamView)
                  00005af0    00000198     uart.obj (.text:User_uart_init)
                  00005c88    00000188     release_pem4f.oem4f (.text:xdc_runtime_System_printfExtend__I)
                  00005e10    00000186     drivers_msp432p401x.aem4f : Button.oem4f (.text:Button_clockTimeoutHandler)
                  00005f96    00000184                               : I2CMSP432.oem4f (.text:I2CMSP432_hwiIntFxn)
                  0000611a    00000002     display.aem4f : DisplayUart.oem4f (.text:DisplayUartMin_init)
                  0000611c    00000178     ec11.obj (.text:Encoder_EC11_Scan)
                  00006294    00000174     rtsv7M4_T_le_v4SPD16_eabi.lib : k_sin.c.obj (.text:__kernel_sin)
                  00006408    00000170     drivers_msp432p401x.aem4f : GPIOMSP432.oem4f (.text:GPIO_setConfig)
                  00006578    00000170     rtsv7M4_T_le_v4SPD16_eabi.lib : k_cos.c.obj (.text:__kernel_cos)
                  000066e8    00000160     msp432p4xx_driverlib.lib : adc14.o (.text:_getIndexForMemRegister)
                  00006848    0000015c                              : pcm.o (.text:__PCM_setPowerModeAdvanced)
                  000069a4    0000015a     ui.obj (.text:lcd_drawline)
                  00006afe    00000002     ui.obj (.text:DrawMainMenuView)
                  00006b00    00000158     sysbios.aem4f : BIOS.obj (.text:ti_sysbios_knl_Event_pend__E)
                  00006c58    0000014c     drivers_msp432p401x.aem4f : TimerMSP432.oem4f (.text:TimerMSP432_open)
                  00006da4    0000013c     rtsv7M4_T_le_v4SPD16_eabi.lib : _printfi.c.obj (.text:_pconv_e)
                  00006ee0    0000013c     buttonled.obj (.text:handleButtonCallback)
                  0000701c    00000136     rtsv7M4_T_le_v4SPD16_eabi.lib : fd_div_t2.asm.obj (.text)
                  00007152    00000132     motor.obj (.text:motor_dir)
                  00007284    00000130     drivers_msp432p401x.aem4f : UDMAMSP432.oem4f (.text:setupInterrupt)
                  000073b4    00000004     msp432p4xx_driverlib.lib : cpu.o (.text:CPU_wfi)
                  000073b8    00000130     sysbios.aem4f : BIOS.obj (.text:ti_sysbios_knl_Semaphore_pend__E)
                  000074e8    0000012c     drivers_msp432p401x.aem4f : SPIMSP432DMA.oem4f (.text:SPIMSP432DMA_transfer)
                  00007614    00000124     rtsv7M4_T_le_v4SPD16_eabi.lib : _printfi.c.obj (.text:fcvt)
                  00007738    0000011c     msp432p4xx_driverlib.lib : uart.o (.text:UART_initModule)
                  00007854    0000011c     drivers_msp432p401x.aem4f : I2CMSP432.oem4f (.text:primeTransfer)
                  00007970    00000114                               : PWMTimerMSP432.oem4f (.text:PWMTimerMSP432_setPeriod)
                  00007a84    00000110     i2cbh1750.obj (.text:BH1750_Thread)
                  00007b94    00000110     drivers_msp432p401x.aem4f : LED.oem4f (.text:LED_open)
                  00007ca4    00000110     spi_lcd.obj (.text:lcd_showfloat)
                  00007db4    00000110     rtsv7M4_T_le_v4SPD16_eabi.lib : s_scalbn.c.obj (.text:scalbn)
                  00007ec4    00000108     msp432p4xx_driverlib.lib : pcm.o (.text:__PCM_setCoreVoltageLevelAdvanced)
                  00007fcc    00000004     dpl_msp432p401x.aem4f : ClockP_tirtos.oem4f (.text:ClockP_setTimeout)
                  00007fd0    00000108     sysbios.aem4f : BIOS.obj (.text:ti_sysbios_knl_Task_postInit__I)
                  000080d8    00000108                   : BIOS.obj (.text:xdc_runtime_Startup_startMods__I)
                  000081e0    00000104     drivers_msp432p401x.aem4f : SPIMSP432DMA.oem4f (.text:SPIMSP432DMA_transferCancel)
                  000082e4    00000004     dpl_msp432p401x.aem4f : ClockP_tirtos.oem4f (.text:ClockP_start)
                  000082e8    00000104     sysbios.aem4f : BIOS.obj (.text:ti_sysbios_knl_Task_Instance_finalize__E)
                  000083ec    000000fc     drivers_msp432p401x.aem4f : ADCMSP432.oem4f (.text:ADCMSP432_convert)
                  000084e8    000000fc                               : SPIMSP432DMA.oem4f (.text:configDMA)
                  000085e4    000000fc     rtsv7M4_T_le_v4SPD16_eabi.lib : fd_mul_t2.asm.obj (.text)
                  000086e0    000000f8                                   : s_floor.c.obj (.text:floor)
                  000087d8    000000f8     sysbios.aem4f : BIOS.obj (.text:ti_sysbios_family_arm_msp432_init_Boot_configureClocksHigh)
                  000088d0    000000f4     spi_lcd.obj (.text:lcd_displayccd)
                  000089c4    000000f0     msp432p4xx_driverlib.lib : dma.o (.text:DMA_setChannelTransfer)
                  00008ab4    000000f0     drivers_msp432p401x.aem4f : I2CMSP432.oem4f (.text:I2CMSP432_transfer)
                  00008ba4    00000004     dpl_msp432p401x.aem4f : ClockP_tirtos.oem4f (.text:ClockP_stop)
                  00008ba8    000000f0     sysbios.aem4f : BIOS.obj (.text:pthread_create)
                  00008c98    000000f0                   : m3_Hwi_asm.obj (.text:ti_sysbios_family_arm_m3_Hwi_dispatch__I)
                  00008d88    000000e8     drivers_msp432p401x.aem4f : Button.oem4f (.text:Button_open)
                  00008e70    000000e4     msp432p4xx_driverlib.lib : cs.o (.text:CS_startHFXTWithTimeout)
                  00008f54    000000e4     ui.obj (.text:DrawEncoderView)
                  00009038    000000e4     motor.obj (.text:motor_init)
                  0000911c    000000e4     ui.obj (.text:onCancel)
                  00009200    000000e0     msp432p4xx_driverlib.lib : cs.o (.text:CS_startLFXTWithTimeout)
                  000092e0    000000e0     encoder.obj (.text:encoder_Thread)
                  000093c0    000000e0     sysbios.aem4f : BIOS.obj (.text:ti_sysbios_knl_Task_Instance_init__E)
                  000094a0    000000dc     drivers_msp432p401x.aem4f : UARTMSP432.oem4f (.text:UARTMSP432_readPolling)
                  0000957c    000000dc                               : UDMAMSP432.oem4f (.text:UDMAMSP432_close)
                  00009658    000000dc     msp432p4xx_driverlib.lib : cs.o (.text:_CSGetHFXTFrequency)
                  00009734    000000d2     adcTSL1401.obj (.text:TSL1401_GetLine)
                  00009806    00000002     ui.obj (.text:DrawParamView)
                  00009808    000000d0     sysbios.aem4f : BIOS.obj (.text:ti_sysbios_heaps_HeapMem_alloc__E)
                  000098d8    000000ca     drivers_msp432p401x.aem4f : UARTMSP432.oem4f (.text:UARTMSP432_hwiIntFxn)
                  000099a2    00000002                               : I2CMSP432.oem4f (.text:I2CMSP432_init)
                  000099a4    000000c8                               : TimerMSP432.oem4f (.text:TimerMSP432_start)
                  00009a6c    000000c8     spi_lcd.obj (.text:lcd_Thread)
                  00009b34    00000004     dpl_msp432p401x.aem4f : HwiP_tirtos.oem4f (.text:HwiP_clearInterrupt)
                  00009b38    000000c4     sysbios.aem4f : BIOS.obj (.text:ti_sysbios_knl_Task_sleep__E)
                  00009bfc    000000c0     buttonled.obj (.text:buttonled_Thread)
                  00009cbc    000000bc     drivers_msp432p401x.aem4f : TimerMSP432.oem4f (.text:TimerMSP432_setPeriod)
                  00009d78    000000bc     ui.obj (.text:onDecrease)
                  00009e34    000000b8     drivers_msp432p401x.aem4f : UARTMSP432.oem4f (.text:initHw)
                  00009eec    000000b8                               : UARTMSP432.oem4f (.text:readTaskCallback)
                  00009fa4    000000b8     speed_measure.obj (.text:speed_measure_Thread)
                  0000a05c    00000004     dpl_msp432p401x.aem4f : HwiP_tirtos.oem4f (.text:HwiP_disable)
                  0000a060    000000b8     sysbios.aem4f : BIOS.obj (.text:ti_sysbios_family_arm_m3_Hwi_Instance_init__E)
                  0000a118    000000b4     msp432p4xx_driverlib.lib : adc14.o (.text:ADC14_configureConversionMemory)
                  0000a1cc    000000b4     drivers_msp432p401x.aem4f : UARTMSP432.oem4f (.text:UARTMSP432_control)
                  0000a280    000000b4                               : UARTMSP432.oem4f (.text:UARTMSP432_writePolling)
                  0000a334    000000b4     spi_lcd.obj (.text:lcd_showchar)
                  0000a3e8    000000b1     rtsv7M4_T_le_v4SPD16_eabi.lib : _printfi.c.obj (.text:_ltostr)
                  0000a499    00000001     --HOLE-- [fill = 0]
                  0000a49a    000000b0     msp432p4xx_driverlib.lib : spi.o (.text:SPI_initMaster)
                  0000a54a    00000002     drivers_msp432p401x.aem4f : LED.oem4f (.text:LED_init)
                  0000a54c    000000ac                               : GPIOMSP432.oem4f (.text:GPIO_init)
                  0000a5f8    000000ac                               : I2CMSP432.oem4f (.text:I2CMSP432_cancel)
                  0000a6a4    000000ac     ui.obj (.text:onEnter)
                  0000a750    000000aa     sysbios.aem4f : BIOS.obj (.text:xdc_runtime_Core_createObject__I)
                  0000a7fa    000000a8     drivers_msp432p401x.aem4f : UARTMSP432.oem4f (.text:UARTMSP432_write)
                  0000a8a2    00000002                               : PWMTimerMSP432.oem4f (.text:PWMTimerMSP432_init)
                  0000a8a4    000000a8     spi_lcd.obj (.text:lcd_init_Thread)
                  0000a94c    000000a8     drivers_msp432p401x.aem4f : UARTMSP432.oem4f (.text:readTaskBlocking)
                  0000a9f4    00000004     dpl_msp432p401x.aem4f : HwiP_tirtos.oem4f (.text:HwiP_disableInterrupt)
                  0000a9f8    000000a8     sysbios.aem4f : BIOS.obj (.text:ti_sysbios_family_arm_msp432_Timer_periodicStub__E)
                  0000aaa0    000000a4     drivers_msp432p401x.aem4f : PWMTimerMSP432.oem4f (.text:PWMTimerMSP432_stop)
                  0000ab44    000000a4                               : TimerMSP432.oem4f (.text:initTimerHardware)
                  0000abe8    000000a4     ui.obj (.text:onIncrease)
                  0000ac8c    00000004     dpl_msp432p401x.aem4f : HwiP_tirtos.oem4f (.text:HwiP_enableInterrupt)
                  0000ac90    000000a4     sysbios.aem4f : BIOS.obj (.text:ti_sysbios_knl_Task_setPri__E)
                  0000ad34    000000a2     ui.obj (.text:matconv)
                  0000add6    00000002     dpl_msp432p401x.aem4f : PowerMSP432_tirtos.oem4f (.text:PowerMSP432_initPolicy)
                  0000add8    000000a0     auto_init.aem4f : auto_init.oem4f (.text)
                  0000ae78    000000a0     drivers_msp432p401x.aem4f : UARTMSP432.oem4f (.text:readIsrTextCallback)
                  0000af18    0000009c                               : PowerMSP432.oem4f (.text:Power_init)
                  0000afb4    0000009c     rtsv7M4_T_le_v4SPD16_eabi.lib : memcpy_t2.asm.obj (.text)
                  0000b050    0000009c     drivers_msp432p401x.aem4f : TimerMSP432.oem4f (.text:setT32TickCount)
                  0000b0ec    0000009c                               : TimerMSP432.oem4f (.text:setTATickCount)
                  0000b188    0000009b     spi_lcd.obj (.text:lcd_showint32)
                  0000b223    00000001     --HOLE-- [fill = 0]
                  0000b224    00000096     rtsv7M4_T_le_v4SPD16_eabi.lib : ull_div_t2.asm.obj (.text)
                  0000b2ba    00000002     drivers_msp432p401x.aem4f : TimerMSP432.oem4f (.text:TimerMSP432_init)
                  0000b2bc    00000094                               : PWMTimerMSP432.oem4f (.text:PWMTimerMSP432_setDuty)
                  0000b350    00000094                               : UDMAMSP432.oem4f (.text:UDMAMSP432_init)
                  0000b3e4    00000094                               : UDMAMSP432.oem4f (.text:UDMAMSP432_open)
                  0000b478    00000094     uart.obj (.text:Uart2_onebyte_RecvEvt)
                  0000b50c    00000004     drivers_msp432p401x.aem4f : SPIMSP432DMA.oem4f (.text:SPIMSP432DMA_init)
                  0000b510    00000094     sysbios.aem4f : BIOS.obj (.text:_pthread_removeThreadKeys)
                  0000b5a4    00000004     dpl_msp432p401x.aem4f : SemaphoreP_tirtos.oem4f (.text:SemaphoreP_post)
                  0000b5a8    00000094     sysbios.aem4f : BIOS.obj (.text:ti_sysbios_family_arm_m3_Hwi_initNVIC__E)
                  0000b63c    00000004     dpl_msp432p401x.aem4f : SystemP_tirtos.oem4f (.text:SystemP_vsnprintf)
                  0000b640    00000094     sysbios.aem4f : BIOS.obj (.text:ti_sysbios_knl_Task_exit__E)
                  0000b6d4    00000092     drivers_msp432p401x.aem4f : UARTMSP432.oem4f (.text:UARTMSP432_close)
                  0000b766    00000092                               : UARTMSP432.oem4f (.text:writeData)
                  0000b7f8    00000090     sysbios.aem4f : BIOS.obj (.text:ti_sysbios_knl_Task_Module_startup__E)
                  0000b888    0000008c     drivers_msp432p401x.aem4f : ADCMSP432.oem4f (.text:ADCMSP432_open)
                  0000b914    0000008c     ec11.obj (.text:Encoder_EC11_Init)
                  0000b9a0    0000008c     drivers_msp432p401x.aem4f : TimerMSP432.oem4f (.text:TimerMSP432_stop)
                  0000ba2c    0000008c     uart.obj (.text:handleRecvEvt)
                  0000bab8    0000008c     motor_drive.obj (.text:motor_pwm_Thread)
                  0000bb44    0000008c     drivers_msp432p401x.aem4f : UARTMSP432.oem4f (.text:readIsrTextBlocking)
                  0000bbd0    0000008c     sysbios.aem4f : m3_TaskSupport_asm.obj (.text:ti_sysbios_family_arm_m3_TaskSupport_buildTaskStack)
                  0000bc5c    00000004     release_pem4f.oem4f (.text:ti_sysbios_BIOS_RtsGateProxy_enter__E)
                  0000bc60    0000008c     sysbios.aem4f : BIOS.obj (.text:ti_sysbios_knl_Event_post__E)
                  0000bcec    00000004     release_pem4f.oem4f (.text:ti_sysbios_BIOS_RtsGateProxy_leave__E)
                  0000bcf0    0000008c     sysbios.aem4f : BIOS.obj (.text:xdc_runtime_Memory_alloc__E)
                  0000bd7c    00000088     drivers_msp432p401x.aem4f : PWMTimerMSP432.oem4f (.text:PWMTimerMSP432_close)
                  0000be04    00000086     rtsv7M4_T_le_v4SPD16_eabi.lib : fd_cmp_t2.asm.obj (.text:__aeabi_cdcmple)
                  0000be8a    00000086                                   : fd_cmp_t2.asm.obj (.text:__aeabi_cdrcmple)
                  0000bf10    00000086     drivers_msp432p401x.aem4f : SPIMSP432DMA.oem4f (.text:initHw)
                  0000bf96    00000002                               : UARTMSP432.oem4f (.text:UARTMSP432_init)
                  0000bf98    00000086     sysbios.aem4f : BIOS.obj (.text:xdc_runtime_Core_constructObject__I)
                  0000c01e    00000002     uart.obj (.text:Uart3_frame_ana_MoveEvt)
                  0000c020    00000084     ui.obj (.text:DrawPIDView)
                  0000c0a4    00000084     msp432p4xx_driverlib.lib : pcm.o (.text:PCM_gotoLPM3)
                  0000c128    00000084     drivers_msp432p401x.aem4f : PWMTimerMSP432.oem4f (.text:PWMTimerMSP432_start)
                  0000c1ac    00000084     spi_lcd.obj (.text:lcd_set_region)
                  0000c230    00000084     drivers_msp432p401x.aem4f : PowerMSP432.oem4f (.text:restartHFXT)
                  0000c2b4    00000004     release_pem4f.oem4f (.text:ti_sysbios_family_arm_m3_Hwi_delete)
                  0000c2b8    00000084     sysbios.aem4f : BIOS.obj (.text:ti_sysbios_family_arm_m3_Hwi_postInit__I)
                  0000c33c    00000004     release_pem4f.oem4f (.text:ti_sysbios_family_arm_m3_TaskSupport_Module__startupDone__S)
                  0000c340    00000084     sysbios.aem4f : BIOS.obj (.text:ti_sysbios_heaps_HeapMem_free__E)
                  0000c3c4    00000004     release_pem4f.oem4f (.text:ti_sysbios_heaps_HeapMem_Module_GateProxy_enter__E)
                  0000c3c8    00000080     sysbios.aem4f : BIOS.obj (.text:ti_sysbios_knl_Clock_workFunc__E)
                  0000c448    0000007c     drivers_msp432p401x.aem4f : PWMTimerMSP432.oem4f (.text:setConstraints)
                  0000c4c4    0000007a     spi_lcd.obj (.text:lcd_clear_rectangle)
                  0000c53e    0000007a     rtsv7M4_T_le_v4SPD16_eabi.lib : memset_t2.asm.obj (.text)
                  0000c5b8    00000078     drivers_msp432p401x.aem4f : TimerMSP432.oem4f (.text:TimerMSP432_allocateTimerResource)
                  0000c630    00000076                               : I2CMSP432.oem4f (.text:I2CMSP432_close)
                  0000c6a6    00000002     uart.obj (.text:Uart3_onebyte_RecvEvt)
                  0000c6a8    00000075     sysbios.aem4f : BIOS.obj (.text:xdc_runtime_System_formatNum__I)
                  0000c71d    00000001     --HOLE-- [fill = 0]
                  0000c71e    00000002     rtsv7M4_T_le_v4SPD16_eabi.lib : _lock.c.obj (.text:_nop)
                  0000c720    00000070     ui.obj (.text:DrawBootView)
                  0000c790    00000070     ui.obj (.text:DrawCCDView)
                  0000c800    00000070     drivers_msp432p401x.aem4f : UARTMSP432.oem4f (.text:UARTMSP432_writeCancel)
                  0000c870    00000070     sysbios.aem4f : BIOS.obj (.text:ti_sysbios_heaps_HeapMem_initPrimary__I)
                  0000c8e0    0000006e     rtsv7M4_T_le_v4SPD16_eabi.lib : _printfi.c.obj (.text:_mcpy)
                  0000c94e    0000006e                                   : fd_tos_t2.asm.obj (.text)
                  0000c9bc    0000006c     msp432p4xx_driverlib.lib : i2c.o (.text:I2C_masterSendMultiByteFinish)
                  0000ca28    0000006c     spi_lcd.obj (.text:lcd_writedata_16bit)
                  0000ca94    00000004     release_pem4f.oem4f (.text:ti_sysbios_heaps_HeapMem_Module_GateProxy_leave__E)
                  0000ca98    0000006c     sysbios.aem4f : BIOS.obj (.text:ti_sysbios_knl_Swi_restoreHwi__E)
                  0000cb04    0000006a     drivers_msp432p401x.aem4f : PWMTimerMSP432.oem4f (.text:perfChangeNotifyFxn)
                  0000cb6e    00000002     adcTSL1401.obj (.text:delay)
                  0000cb70    00000068     drivers_msp432p401x.aem4f : GPIOMSP432.oem4f (.text:GPIO_hwiIntFxn)
                  0000cbd8    00000068                               : PowerMSP432.oem4f (.text:PowerMSP432_getFreqs)
                  0000cc40    00000068     rtsv7M4_T_le_v4SPD16_eabi.lib : copy_decompress_lzss.c.obj (.text:decompress:lzss:__TI_decompress_lzss)
                  0000cca8    00000068     drivers_msp432p401x.aem4f : I2CMSP432.oem4f (.text:initHw)
                  0000cd10    00000068                               : PWMTimerMSP432.oem4f (.text:initHw)
                  0000cd78    00000066     sysbios.aem4f : BIOS.obj (.text:xdc_runtime_Core_deleteObject__I)
                  0000cdde    00000002     event.obj (.text:doEventLogs)
                  0000cde0    00000064     drivers_msp432p401x.aem4f : Button.oem4f (.text:Button_gpioCallbackFxn)
                  0000ce44    00000064                               : SPIMSP432DMA.oem4f (.text:SPIMSP432DMA_close)
                  0000cea8    00000064     rtsv7M4_T_le_v4SPD16_eabi.lib : s_frexp.c.obj (.text:frexp)
                  0000cf0c    00000004     release_pem4f.oem4f (.text:ti_sysbios_knl_Clock_TimerProxy_getMaxTicks__E)
                  0000cf10    00000064     sysbios.aem4f : BIOS.obj (.text:pthread_exit)
                  0000cf74    00000004     release_pem4f.oem4f (.text:ti_sysbios_knl_Clock_delete)
                  0000cf78    00000064     sysbios.aem4f : BIOS.obj (.text:ti_sysbios_family_arm_m3_Hwi_dispatchC__I)
                  0000cfdc    00000060     drivers_msp432p401x.aem4f : ADCMSP432.oem4f (.text:ADCMSP432_convertToMicroVolts)
                  0000d03c    00000060     uart.obj (.text:CheckSum)
                  0000d09c    00000060     ui.obj (.text:Draw)
                  0000d0fc    00000060     ui.obj (.text:DrawFeatureView)
                  0000d15c    00000060     ui.obj (.text:DrawFlagView)
                  0000d1bc    00000060     drivers_msp432p401x.aem4f : GPIOMSP432.oem4f (.text:GPIO_setCallback)
                  0000d21c    00000004     release_pem4f.oem4f (.text:ti_sysbios_knl_Semaphore_delete)
                  0000d220    00000060     sysbios.aem4f : BIOS.obj (.text:ti_sysbios_knl_Semaphore_post__E)
                  0000d280    00000060                   : BIOS.obj (.text:ti_sysbios_knl_Swi_run__I)
                  0000d2e0    00000060     uart.obj (.text:uart_Thread)
                  0000d340    0000005e     msp432p4xx_driverlib.lib : pcm.o (.text:PCM_getCoreVoltageLevel)
                  0000d39e    00000002     ui.obj (.text:printvalue)
                  0000d3a0    0000005c     display.aem4f : Display.oem4f (.text:Display_doOpen)
                  0000d3fc    0000005c     console.obj (.text:Display_uart_init)
                  0000d458    0000005c     spi_lcd.obj (.text:lcd_clear)
                  0000d4b4    0000005c     speed_control.obj (.text:speed_control_Thread)
                  0000d510    0000005c     sysbios.aem4f : BIOS.obj (.text:ti_sysbios_knl_Swi_schedule__I)
                  0000d56c    00000004     release_pem4f.oem4f (.text:ti_sysbios_knl_Task_delete)
                  0000d570    0000005c     sysbios.aem4f : BIOS.obj (.text:ti_sysbios_knl_Task_startCore__E)
                  0000d5cc    00000004     release_pem4f.oem4f (.text:xdc_runtime_System_Module_GateProxy_enter__E)
                  0000d5d0    0000005c     sysbios.aem4f : BIOS.obj (.text:xdc_runtime_Startup_exec__E)
                  0000d62c    0000005a     msp432p4xx_driverlib.lib : pcm.o (.text:PCM_getPowerMode)
                  0000d686    0000005a     drivers_msp432p401x.aem4f : ADCMSP432.oem4f (.text:initHw)
                  0000d6e0    00000058                               : GPIOMSP432.oem4f (.text:GPIO_write)
                  0000d738    00000058     boot.aem4f : boot.oem4f (.text)
                  0000d790    00000058     drivers_msp432p401x.aem4f : UARTMSP432.oem4f (.text:readIsrBinaryBlocking)
                  0000d7e8    00000058                               : SPIMSP432DMA.oem4f (.text:spiHwiFxn)
                  0000d840    00000058     sysbios.aem4f : m3_Hwi_asm_switch.obj (.text:ti_sysbios_family_arm_m3_Hwi_initStacks__E)
                  0000d898    00000056     rtsv7M4_T_le_v4SPD16_eabi.lib : _printfi.c.obj (.text:_pconv_f)
                  0000d8ee    00000056     drivers_msp432p401x.aem4f : I2CMSP432.oem4f (.text:completeTransfer)
                  0000d944    00000054     msp432p4xx_driverlib.lib : pcm.o (.text:PCM_shutdownDevice)
                  0000d998    00000054     drivers_msp432p401x.aem4f : TimerMSP432.oem4f (.text:TimerMSP432_freeTimerResource)
                  0000d9ec    00000054     uart.obj (.text:Uart2_frame_ana_MoveEvt)
                  0000da40    00000054     rtsv7M4_T_le_v4SPD16_eabi.lib : _ltoa.c.obj (.text:__TI_ltoa)
                  0000da94    00000054     beep.obj (.text:beep_init)
                  0000dae8    00000054     uart.obj (.text:handleMoveEvt)
                  0000db3c    00000054     release_pem4f.oem4f (.text:ti_sysbios_family_arm_m3_Hwi_create)
                  0000db90    00000054     sysbios.aem4f : BIOS.obj (.text:ti_sysbios_family_arm_msp432_Timer_initDevice__I)
                  0000dbe4    00000052     rtsv7M4_T_le_v4SPD16_eabi.lib : _printfi.c.obj (.text:_ecpy)
                  0000dc36    00000002                                   : div0.asm.obj (.text)
                  0000dc38    00000050     dpl_msp432p401x.aem4f : ClockP_tirtos.oem4f (.text:ClockP_create)
                  0000dc88    00000050     drivers_msp432p401x.aem4f : LED.oem4f (.text:LED_startBlinking)
                  0000dcd8    00000050                               : TimerMSP432.oem4f (.text:TimerMSP432_hwiIntFunction)
                  0000dd28    00000050                               : UDMAMSP432.oem4f (.text:UDMAMSP432_hwiFxn)
                  0000dd78    00000050     ui.obj (.text:gotoViewById)
                  0000ddc8    00000050     spi_lcd.obj (.text:lcd_showstr)
                  0000de18    00000050     sysbios.aem4f : BIOS.obj (.text:ti_sysbios_family_arm_m3_Hwi_Module_startup__E)
                  0000de68    00000050     release_pem4f.oem4f (.text:ti_sysbios_knl_Task_create)
                  0000deb8    00000050     ui.obj (.text:ui_init)
                  0000df08    0000004e     drivers_msp432p401x.aem4f : TimerMSP432.oem4f (.text:TimerMSP432_close)
                  0000df56    00000002     release_pem4f.oem4f (.text:ti_sysbios_BIOS_nullFunc__I)
                  0000df58    0000004c     dpl_msp432p401x.aem4f : PowerMSP432_tirtos.oem4f (.text:PowerMSP432_sleepPolicy)
                  0000dfa4    0000004c     rtsv7M4_T_le_v4SPD16_eabi.lib : atoi.c.obj (.text:atoi)
                  0000dff0    0000004c     beep.obj (.text:beep_set)
                  0000e03c    0000004c     rtsv7M4_T_le_v4SPD16_eabi.lib : cpy_tbl.c.obj (.text:copy_in)
                  0000e088    0000004c     spi_lcd.obj (.text:lcd_writeData)
                  0000e0d4    0000004c     spi_lcd.obj (.text:lcd_writeIndex)
                  0000e120    0000004c     drivers_msp432p401x.aem4f : UARTMSP432.oem4f (.text:readIsrBinaryCallback)
                  0000e16c    00000004     release_pem4f.oem4f (.text:xdc_runtime_System_Module_GateProxy_leave__E)
                  0000e170    0000004c     sysbios.aem4f : BIOS.obj (.text:ti_sysbios_family_arm_msp432_Timer_postInit__I)
                  0000e1bc    00000004     --HOLE-- [fill = 0]
                  0000e1c0    0000004c                   : BIOS.obj (.text:ti_sysbios_family_arm_msp432_Timer_start__E)
                  0000e20c    00000004     --HOLE-- [fill = 0]
                  0000e210    0000004c                   : BIOS.obj (.text:ti_sysbios_heaps_HeapMem_getStats__E)
                  0000e25c    00000004     --HOLE-- [fill = 0]
                  0000e260    0000004c                   : BIOS.obj (.text:ti_sysbios_knl_Swi_runLoop__I)
                  0000e2ac    00000004     --HOLE-- [fill = 0]
                  0000e2b0    0000004c                   : BIOS.obj (.text:ti_sysbios_knl_Task_allBlockedFunction__I)
                  0000e2fc    00000004     --HOLE-- [fill = 0]
                  0000e300    0000004c                   : BIOS.obj (.text:ti_sysbios_knl_Task_schedule__I)
                  0000e34c    0000004a     display.aem4f : DisplayUart.oem4f (.text:DisplayUartMin_open)
                  0000e396    00000002     --HOLE-- [fill = 0]
                  0000e398    00000048     drivers_msp432p401x.aem4f : PowerMSP432.oem4f (.text:Power_releaseConstraint)
                  0000e3e0    00000048     rtsv7M4_T_le_v4SPD16_eabi.lib : fd_toi_t2.asm.obj (.text)
                  0000e428    00000048     sysbios.aem4f : BIOS.obj (.text:ti_sysbios_family_arm_m3_Hwi_disableInterrupt__E)
                  0000e470    00000048                   : BIOS.obj (.text:ti_sysbios_family_arm_m3_Hwi_enableInterrupt__E)
                  0000e4b8    00000048                   : BIOS.obj (.text:ti_sysbios_knl_Mailbox_Module_startup__E)
                  0000e500    00000048                   : BIOS.obj (.text:xdc_runtime_Core_assignParams__I)
                  0000e548    00000046     display.aem4f : DisplayUart.oem4f (.text:DisplayUartMin_vprintf)
                  0000e58e    00000046     drivers_msp432p401x.aem4f : RingBuf.oem4f (.text:RingBuf_put)
                  0000e5d4    00000044                               : ADC.oem4f (.text:ADC_init)
                  0000e618    00000044     ui.obj (.text:HandleFlashView)
                  0000e65c    00000044     drivers_msp432p401x.aem4f : I2C.oem4f (.text:I2C_init)
                  0000e6a0    00000044                               : PWM.oem4f (.text:PWM_init)
                  0000e6e4    00000044                               : SPI.oem4f (.text:SPI_init)
                  0000e728    00000044                               : Timer.oem4f (.text:Timer_init)
                  0000e76c    00000044                               : UART.oem4f (.text:UART_init)
                  0000e7b0    00000044                               : I2CMSP432.oem4f (.text:perfChangeNotifyFxn)
                  0000e7f4    00000044     rtsv7M4_T_le_v4SPD16_eabi.lib : fd_tou_t2.asm.obj (.text)
                  0000e838    00000044     sysbios.aem4f : BIOS.obj (.text:ti_sysbios_family_arm_m3_Hwi_getStackInfo__E)
                  0000e87c    00000004     --HOLE-- [fill = 0]
                  0000e880    00000044                   : BIOS.obj (.text:ti_sysbios_knl_Swi_post__E)
                  0000e8c4    00000040     drivers_msp432p401x.aem4f : ADCMSP432.oem4f (.text:ADCMSP432_close)
                  0000e904    00000040                               : ADC.oem4f (.text:ADC_open)
                  0000e944    00000040     ui.obj (.text:HandleBootView)
                  0000e984    00000040     dpl_msp432p401x.aem4f : HwiP_tirtos.oem4f (.text:HwiP_create)
                  0000e9c4    00000040     drivers_msp432p401x.aem4f : I2C.oem4f (.text:I2C_open)
                  0000ea04    00000040                               : PWM.oem4f (.text:PWM_open)
                  0000ea44    00000040                               : RingBuf.oem4f (.text:RingBuf_get)
                  0000ea84    00000040                               : SPI.oem4f (.text:SPI_open)
                  0000eac4    00000040     adcTSL1401.obj (.text:TSL1401_adc_Thread)
                  0000eb04    00000040     drivers_msp432p401x.aem4f : Timer.oem4f (.text:Timer_open)
                  0000eb44    00000040                               : UARTMSP432.oem4f (.text:UARTMSP432_read)
                  0000eb84    00000040                               : UART.oem4f (.text:UART_open)
                  0000ebc4    00000040     beep.obj (.text:beep_pwm_Thread)
                  0000ec04    00000040     drivers_msp432p401x.aem4f : PWMTimerMSP432.oem4f (.text:getDutyCounts)
                  0000ec44    00000040                               : PWMTimerMSP432.oem4f (.text:getPeriodCounts)
                  0000ec84    00000040     msp432p4xx_driverlib.lib : spi.o (.text:is_A_Module)
                  0000ecc4    00000040     drivers_msp432p401x.aem4f : UARTMSP432.oem4f (.text:perfChangeNotifyFxn)
                  0000ed04    00000040     rtsv7M4_T_le_v4SPD16_eabi.lib : u_divt2.asm.obj (.text)
                  0000ed44    00000040                                   : sprintf.c.obj (.text:sprintf)
                  0000ed84    00000004     --HOLE-- [fill = 0]
                  0000ed88    00000040     sysbios.aem4f : BIOS.obj (.text:ti_sysbios_family_arm_msp432_Timer_Module_startup__E)
                  0000edc8    00000040                   : BIOS.obj (.text:ti_sysbios_family_arm_msp432_Timer_startup__E)
                  0000ee08    00000040                   : BIOS.obj (.text:ti_sysbios_heaps_HeapMem_Instance_init__E)
                  0000ee48    00000040                   : BIOS.obj (.text:ti_sysbios_knl_Clock_Instance_init__E)
                  0000ee88    0000003e     drivers_msp432p401x.aem4f : LED.oem4f (.text:LED_setBrightnessLevel)
                  0000eec6    0000003e     rtsv7M4_T_le_v4SPD16_eabi.lib : _printfi.c.obj (.text:_fcpy)
                  0000ef04    0000003c     drivers_msp432p401x.aem4f : LED.oem4f (.text:LED_setOff)
                  0000ef40    0000003c     dpl_msp432p401x.aem4f : SemaphoreP_tirtos.oem4f (.text:SemaphoreP_create)
                  0000ef7c    00000004     --HOLE-- [fill = 0]
                  0000ef80    0000003c     sysbios.aem4f : BIOS.obj (.text:sleep)
                  0000efbc    00000004     --HOLE-- [fill = 0]
                  0000efc0    0000003c                   : BIOS.obj (.text:ti_sysbios_family_arm_m3_Hwi_Instance_finalize__E)
                  0000effc    00000004     --HOLE-- [fill = 0]
                  0000f000    0000003c                   : BIOS.obj (.text:ti_sysbios_family_arm_msp432_Seconds_Module_startup__E)
                  0000f03c    0000003c     release_pem4f.oem4f (.text:ti_sysbios_knl_Clock_create)
                  0000f078    0000003c     sysbios.aem4f : BIOS.obj (.text:ti_sysbios_knl_Swi_restore__E)
                  0000f0b4    00000004     --HOLE-- [fill = 0]
                  0000f0b8    0000003c                   : BIOS.obj (.text:usleep)
                  0000f0f4    00000038     drivers_msp432p401x.aem4f : GPIOMSP432.oem4f (.text:GPIO_toggle)
                  0000f12c    00000038                               : PowerMSP432.oem4f (.text:Power_setConstraint)
                  0000f164    00000038                               : TimerMSP432.oem4f (.text:TimerMSP432_getCount)
                  0000f19c    00000038                               : PowerMSP432.oem4f (.text:notify)
                  0000f1d4    00000038     rtsv7M4_T_le_v4SPD16_eabi.lib : fs_tod_t2.asm.obj (.text)
                  0000f20c    00000004     --HOLE-- [fill = 0]
                  0000f210    00000038     sysbios.aem4f : BIOS.obj (.text:xdc_runtime_System_atexit__E)
                  0000f248    00000036     drivers_msp432p401x.aem4f : LED.oem4f (.text:LED_setOn)
                  0000f27e    00000036                               : UARTMSP432.oem4f (.text:UARTMSP432_readCancel)
                  0000f2b4    00000036                               : LED.oem4f (.text:clockTimeoutHandler)
                  0000f2ea    00000002     --HOLE-- [fill = 0]
                  0000f2ec    00000034                               : GPIOMSP432.oem4f (.text:GPIO_disableInt)
                  0000f320    00000034                               : GPIOMSP432.oem4f (.text:GPIO_enableInt)
                  0000f354    00000034     release_pem4f.oem4f (.text:ti_sysbios_knl_Semaphore_create)
                  0000f388    00000032     sysbios.aem4f : BIOS.obj (.text:ti_sysbios_hal_Hwi_initStack)
                  0000f3ba    00000006     drivers_msp432p401x.aem4f : ADCMSP432.oem4f (.text:ADCMSP432_control)
                  0000f3c0    00000032     sysbios.aem4f : BIOS.obj (.text:xdc_runtime_System_putchar__I)
                  0000f3f2    00000002     --HOLE-- [fill = 0]
                  0000f3f4    00000030     drivers_msp432p401x.aem4f : ADCMSP432.oem4f (.text:ADCMSP432_init)
                  0000f424    00000030     uart.obj (.text:UartTaskInit)
                  0000f454    00000030     drivers_msp432p401x.aem4f : I2CMSP432.oem4f (.text:mapPin)
                  0000f484    00000030                               : PWMTimerMSP432.oem4f (.text:mapPin)
                  0000f4b4    00000030                               : SPIMSP432DMA.oem4f (.text:mapPin)
                  0000f4e4    00000030                               : UARTMSP432.oem4f (.text:mapPin)
                  0000f514    00000030     release_pem4f.oem4f (.text:ti_sysbios_BIOS_atExitFunc__I)
                  0000f544    00000030     release_pem4f.oem4f (.text:ti_sysbios_BIOS_startFunc__I)
                  0000f574    00000004     --HOLE-- [fill = 0]
                  0000f578    00000030     sysbios.aem4f : BIOS.obj (.text:ti_sysbios_family_arm_m3_TaskSupport_start__E)
                  0000f5a8    00000030     release_pem4f.oem4f (.text:ti_sysbios_gates_GateHwi_Object__create__S)
                  0000f5d8    00000030     release_pem4f.oem4f (.text:ti_sysbios_gates_GateMutex_Object__create__S)
                  0000f608    00000030     sysbios.aem4f : BIOS.obj (.text:ti_sysbios_gates_GateMutex_enter__E)
                  0000f638    00000030     release_pem4f.oem4f (.text:ti_sysbios_heaps_HeapMem_Object__create__S)
                  0000f668    00000030     sysbios.aem4f : BIOS.obj (.text:ti_sysbios_knl_Event_pendTimeout__I)
                  0000f698    00000030                   : BIOS.obj (.text:ti_sysbios_knl_Mailbox_postInit__I)
                  0000f6c8    00000030     release_pem4f.oem4f (.text:ti_sysbios_knl_Semaphore_construct)
                  0000f6f8    00000030     sysbios.aem4f : BIOS.obj (.text:ti_sysbios_knl_Semaphore_pendTimeout__I)
                  0000f728    00000030                   : BIOS.obj (.text:ti_sysbios_knl_Task_processVitalTaskFlag__I)
                  0000f758    00000030                   : BIOS.obj (.text:ti_sysbios_knl_Task_restore__E)
                  0000f788    00000030                   : BIOS.obj (.text:ti_sysbios_knl_Task_unblockI__E)
                  0000f7b8    00000030                   : BIOS.obj (.text:xdc_runtime_System_processAtExit__E)
                  0000f7e8    0000002e                   : BIOS.obj (.text:pthread_setcancelstate)
                  0000f816    0000002e     rtsv7M4_T_le_v4SPD16_eabi.lib : i_tofd_t2.asm.obj (.text)
                  0000f844    0000002c     encoder.obj (.text:ENCODER_1A_CB)
                  0000f870    0000002c     encoder.obj (.text:ENCODER_1B_CB)
                  0000f89c    0000002c     encoder.obj (.text:ENCODER_2A_CB)
                  0000f8c8    0000002c     encoder.obj (.text:ENCODER_2B_CB)
                  0000f8f4    0000002c     encoder.obj (.text:ENCODER_3A_CB)
                  0000f920    0000002c     encoder.obj (.text:ENCODER_3B_CB)
                  0000f94c    0000002c     encoder.obj (.text:ENCODER_4A_CB)
                  0000f978    0000002c     encoder.obj (.text:ENCODER_4B_CB)
                  0000f9a4    0000002c     dpl_msp432p401x.aem4f : PowerMSP432_tirtos.oem4f (.text:PowerMSP432_updateFreqs)
                  0000f9d0    0000002c     msp432p4xx_driverlib.lib : rtc_c.o (.text:RTC_C_holdClock)
                  0000f9fc    0000002c     dpl_msp432p401x.aem4f : SemaphoreP_tirtos.oem4f (.text:SemaphoreP_createBinary)
                  0000fa28    0000002c     sysbios.aem4f : BIOS.obj (.text:_pthread_cleanupFxn)
                  0000fa54    00000004     --HOLE-- [fill = 0]
                  0000fa58    0000002c                   : BIOS.obj (.text:_pthread_delete$43)
                  0000fa84    0000002c     ec11.obj (.text:ec11_read)
                  0000fab0    0000002c     spi_lcd.obj (.text:lcd_drawpoint)
                  0000fadc    0000002c     drivers_msp432p401x.aem4f : TimerMSP432.oem4f (.text:perfChangeNotifyFxn)
                  0000fb08    0000002c     release_pem4f.oem4f (.text:ti_sysbios_gates_GateHwi_Handle__label__S)
                  0000fb34    0000002c     release_pem4f.oem4f (.text:ti_sysbios_gates_GateMutex_Handle__label__S)
                  0000fb60    0000002c     release_pem4f.oem4f (.text:ti_sysbios_heaps_HeapMem_Handle__label__S)
                  0000fb8c    0000002c     release_pem4f.oem4f (.text:ti_sysbios_knl_Clock_doTick__I)
                  0000fbb8    0000002c     release_pem4f.oem4f (.text:ti_sysbios_knl_Event_construct)
                  0000fbe4    0000002c     release_pem4f.oem4f (.text:ti_sysbios_knl_Queue_construct)
                  0000fc10    0000002c     uart.obj (.text:uart1ReadCallback)
                  0000fc3c    0000002c     uart.obj (.text:uart2ReadCallback)
                  0000fc68    0000002a     display.aem4f : Display.oem4f (.text:Display_doPrintf)
                  0000fc92    0000002a     drivers_msp432p401x.aem4f : SPIMSP432DMA.oem4f (.text:perfChangeNotifyFxn)
                  0000fcbc    00000028     msp432p4xx_driverlib.lib : adc14.o (.text:ADC14_getResult)
                  0000fce4    00000028     display.aem4f : Display.oem4f (.text:Display_doInit)
                  0000fd0c    00000028     msp432p4xx_driverlib.lib : pcm.o (.text:PCM_gotoLPM0)
                  0000fd34    00000028     drivers_msp432p401x.aem4f : PowerMSP432.oem4f (.text:Power_registerNotify)
                  0000fd5c    00000028     msp432p4xx_driverlib.lib : spi.o (.text:SPI_getInterruptStatus)
                  0000fd84    00000028     drivers_msp432p401x.aem4f : PowerMSP432.oem4f (.text:disableFaultCounter)
                  0000fdac    00000028                               : PowerMSP432.oem4f (.text:disableHFXT)
                  0000fdd4    00000028                               : UARTMSP432.oem4f (.text:findBaudDividerIndex)
                  0000fdfc    00000028     sysbios.aem4f : m3_Hwi_asm.obj (.text:ti_sysbios_family_arm_m3_Hwi_excHandlerAsm__I)
                  0000fe24    00000004     --HOLE-- [fill = 0]
                  0000fe28    00000028                   : BIOS.obj (.text:ti_sysbios_knl_Clock_addI__E)
                  0000fe50    00000028                   : BIOS.obj (.text:ti_sysbios_knl_Swi_Module_startup__E)
                  0000fe78    00000026     drivers_msp432p401x.aem4f : List.oem4f (.text:List_put)
                  0000fe9e    00000026                               : List.oem4f (.text:List_remove)
                  0000fec4    00000026                               : PWMTimerMSP432.oem4f (.text:releaseConstraints)
                  0000feea    00000026     sysbios.aem4f : m3_Hwi_asm.obj (.text:ti_sysbios_family_arm_m3_Hwi_pendSV__I)
                  0000ff10    00000024     msp432p4xx_driverlib.lib : wdt_a.o (.text:WDT_A_holdTimer)
                  0000ff34    00000004     --HOLE-- [fill = 0]
                  0000ff38    00000024     sysbios.aem4f : BIOS.obj (.text:pthread_attr_init)
                  0000ff5c    00000024     release_pem4f.oem4f (.text:ti_sysbios_BIOS_registerRTSLock__I)
                  0000ff80    00000024     release_pem4f.oem4f (.text:ti_sysbios_BIOS_removeRTSLock__I)
                  0000ffa4    00000004     --HOLE-- [fill = 0]
                  0000ffa8    00000024     sysbios.aem4f : BIOS.obj (.text:ti_sysbios_family_arm_msp432_ClockFreqs_setFrequency__E)
                  0000ffcc    00000024     release_pem4f.oem4f (.text:ti_sysbios_gates_GateMutex_Object__delete__S)
                  0000fff0    00000024     sysbios.aem4f : BIOS.obj (.text:ti_sysbios_knl_Clock_Module_startup__E)
                  00010014    00000024     release_pem4f.oem4f (.text:ti_sysbios_knl_Clock_Object__delete__S)
                  00010038    00000024     sysbios.aem4f : BIOS.obj (.text:ti_sysbios_knl_Clock_start__E)
                  0001005c    00000004     --HOLE-- [fill = 0]
                  00010060    00000024                   : BIOS.obj (.text:ti_sysbios_knl_Semaphore_Instance_init__E)
                  00010084    00000024     release_pem4f.oem4f (.text:ti_sysbios_knl_Semaphore_Object__delete__S)
                  000100a8    00000024     sysbios.aem4f : BIOS.obj (.text:ti_sysbios_knl_Task_restoreHwi__E)
                  000100cc    00000004     --HOLE-- [fill = 0]
                  000100d0    00000024                   : BIOS.obj (.text:xdc_runtime_Error_policyMin__E)
                  000100f4    00000022     drivers_msp432p401x.aem4f : LED.oem4f (.text:LED_stopBlinking)
                  00010116    00000022     ui.obj (.text:is_number)
                  00010138    00000020     msp432p4xx_driverlib.lib : cs.o (.text:CS_setExternalClockSourceFrequency)
                  00010158    00000020     drivers_msp432p401x.aem4f : GPIOMSP432.oem4f (.text:GPIO_read)
                  00010178    00000020                               : PowerMSP432.oem4f (.text:Power_unregisterNotify)
                  00010198    00000020                               : RingBuf.oem4f (.text:RingBuf_peek)
                  000101b8    00000020     speed_control.obj (.text:chassis_init)
                  000101d8    00000020     rtsv7M4_T_le_v4SPD16_eabi.lib : u_tofd_t2.asm.obj (.text)
                  000101f8    00000020     release_pem4f.oem4f (.text:ti_sysbios_BIOS_rtsLock__I)
                  00010218    00000020     release_pem4f.oem4f (.text:ti_sysbios_family_arm_m3_Hwi_Object__delete__S)
                  00010238    00000020     sysbios.aem4f : BIOS.obj (.text:ti_sysbios_family_arm_m3_Hwi_clearInterrupt__E)
                  00010258    00000020     release_pem4f.oem4f (.text:ti_sysbios_gates_GateHwi_Object__delete__S)
                  00010278    00000020     release_pem4f.oem4f (.text:ti_sysbios_heaps_HeapMem_Object__delete__S)
                  00010298    00000020     sysbios.aem4f : BIOS.obj (.text:ti_sysbios_knl_Idle_run__E)
                  000102b8    00000020     release_pem4f.oem4f (.text:ti_sysbios_knl_Semaphore_destruct)
                  000102d8    00000020     release_pem4f.oem4f (.text:ti_sysbios_knl_Task_Object__delete__S)
                  000102f8    0000001e     drivers_msp432p401x.aem4f : PWMTimerMSP432.oem4f (.text:corroboratePeriod)
                  00010316    0000001e                               : Button.oem4f (.text:msToTicks)
                  00010334    0000001e                               : LED.oem4f (.text:msToTicks)
                  00010352    0000001e     sysbios.aem4f : m3_Hwi_asm_switch.obj (.text:ti_sysbios_family_xxx_Hwi_switchAndRunFunc)
                  00010370    0000001c     ti_drivers_config.obj (.text:dmaErrorFxn)
                  0001038c    0000001c     rtsv7M4_T_le_v4SPD16_eabi.lib : memccpy.c.obj (.text:memccpy)
                  000103a8    0000001c     sysbios.aem4f : BIOS.obj (.text:ti_sysbios_family_arm_m3_Hwi_excHandler__I)
                  000103c4    00000004     --HOLE-- [fill = 0]
                  000103c8    0000001c                   : BIOS.obj (.text:ti_sysbios_gates_GateMutex_Instance_init__E)
                  000103e4    00000004     --HOLE-- [fill = 0]
                  000103e8    0000001c                   : BIOS.obj (.text:ti_sysbios_knl_Clock_Instance_finalize__E)
                  00010404    0000001c     release_pem4f.oem4f (.text:ti_sysbios_knl_Queue_destruct)
                  00010420    0000001c     sysbios.aem4f : BIOS.obj (.text:ti_sysbios_knl_Queue_put__E)
                  0001043c    00000004     --HOLE-- [fill = 0]
                  00010440    0000001c                   : BIOS.obj (.text:ti_sysbios_knl_Task_enter__I)
                  0001045c    00000004     --HOLE-- [fill = 0]
                  00010460    0000001c                   : BIOS.obj (.text:ti_sysbios_rts_ti_ReentSupport_getReent__F)
                  0001047c    00000004     --HOLE-- [fill = 0]
                  00010480    0000001c                   : BIOS.obj (.text:xdc_runtime_Memory_valloc__E)
                  0001049c    00000004     --HOLE-- [fill = 0]
                  000104a0    0000001c                   : BIOS.obj (.text:xdc_runtime_System_abort__E)
                  000104bc    0000001a     drivers_msp432p401x.aem4f : LED.oem4f (.text:LED_toggle)
                  000104d6    0000001a     rtsv7M4_T_le_v4SPD16_eabi.lib : s_copysign.c.obj (.text:copysign)
                  000104f0    00000018     release_pem4f.oem4f (.text:.bootCodeSection:ti_sysbios_family_arm_msp432_init_Boot_init__I)
                  00010508    00000018     msp432p4xx_driverlib.lib : spi.o (.text:EUSCI_A_SPI_getInterruptStatus)
                  00010520    00000018                              : spi.o (.text:EUSCI_B_SPI_getInterruptStatus)
                  00010538    00000018     drivers_msp432p401x.aem4f : I2C.oem4f (.text:I2C_transfer)
                  00010550    00000018     msp432p4xx_driverlib.lib : sysctl_a.o (.text:SysCtl_A_disableNMISource)
                  00010568    00000018                              : sysctl_a.o (.text:SysCtl_A_enableNMISource)
                  00010580    00000018     drivers_msp432p401x.aem4f : UART.oem4f (.text:UART_Params_init)
                  00010598    00000018     rtsv7M4_T_le_v4SPD16_eabi.lib : args_main.c.obj (.text:_args_main)
                  000105b0    00000018                                   : sprintf.c.obj (.text:_outs)
                  000105c8    00000018     drivers_msp432p401x.aem4f : PWMTimerMSP432.oem4f (.text:corroborateDuty)
                  000105e0    00000018     release_pem4f.oem4f (.text:ti_sysbios_BIOS_rtsUnlock__I)
                  000105f8    00000018     release_pem4f.oem4f (.text:ti_sysbios_family_arm_m3_Hwi_Module__startupDone__F)
                  00010610    00000018     sysbios.aem4f : m3_TaskSupport_asm.obj (.text:ti_sysbios_family_arm_m3_TaskSupport_swap__E)
                  00010628    00000018     release_pem4f.oem4f (.text:ti_sysbios_family_arm_msp432_Timer_Module__startupDone__F)
                  00010640    00000018     sysbios.aem4f : BIOS.obj (.text:ti_sysbios_gates_GateMutex_leave__E)
                  00010658    00000018                   : BIOS.obj (.text:ti_sysbios_knl_Task_sleepTimeout__I)
                  00010670    00000018     release_pem4f.oem4f (.text:ti_sysbios_rts_ti_ReentSupport_getTlsAddr__I)
                  00010688    00000018     sysbios.aem4f : BIOS.obj (.text:xdc_runtime_Error_init__E)
                  000106a0    00000018                   : BIOS.obj (.text:xdc_runtime_System_exit__E)
                  000106b8    00000016     display.aem4f : DisplayUart.oem4f (.text:DisplayUartMin_close)
                  000106ce    00000016     rtsv7M4_T_le_v4SPD16_eabi.lib : strchr.c.obj (.text:strchr)
                  000106e4    00000016     release_pem4f.oem4f (.text:ti_sysbios_BIOS_exitFunc__I)
                  000106fa    00000016     main_tirtos.obj (.text:ti_sysbios_knl_Clock_Params_init)
                  00010710    00000016     uart.obj (.text:ti_sysbios_knl_Event_Params_init)
                  00010726    00000002     --HOLE-- [fill = 0]
                  00010728    00000016     sysbios.aem4f : BIOS.obj (.text:ti_sysbios_knl_Task_unblock__E)
                  0001073e    00000002     --HOLE-- [fill = 0]
                  00010740    00000014     msp432p4xx_driverlib.lib : pcm.o (.text:PCM_getPowerState)
                  00010754    00000014     drivers_msp432p401x.aem4f : PWM.oem4f (.text:PWM_Params_init)
                  00010768    00000014                               : PowerMSP432.oem4f (.text:Power_idleFunc)
                  0001077c    00000014                               : SPI.oem4f (.text:SPI_Params_init)
                  00010790    00000014                               : UARTMSP432.oem4f (.text:clearTXCPTIFG)
                  000107a4    00000004     --HOLE-- [fill = 0]
                  000107a8    00000014     sysbios.aem4f : BIOS.obj (.text:pthread_attr_setschedparam)
                  000107bc    00000014     rtsv7M4_T_le_v4SPD16_eabi.lib : strlen.c.obj (.text:strlen)
                  000107d0    00000014     release_pem4f.oem4f (.text:ti_sysbios_family_arm_m3_Hwi_Object__get__S)
                  000107e4    00000004     --HOLE-- [fill = 0]
                  000107e8    00000014     sysbios.aem4f : BIOS.obj (.text:ti_sysbios_family_arm_m3_Hwi_switchFromBootStack__E)
                  000107fc    00000014     release_pem4f.oem4f (.text:ti_sysbios_heaps_HeapMem_Object__get__S)
                  00010810    00000014     sysbios.aem4f : BIOS.obj (.text:ti_sysbios_knl_Event_Instance_init__E)
                  00010824    00000014     release_pem4f.oem4f (.text:ti_sysbios_knl_Swi_Object__get__S)
                  00010838    00000014     drivers_msp432p401x.aem4f : Button.oem4f (.text:ticksToMs)
                  0001084c    00000014                               : Button.oem4f (.text:timediff)
                  00010860    00000012                               : LED.oem4f (.text:LED_Params_init)
                  00010872    00000012                               : RingBuf.oem4f (.text:RingBuf_construct)
                  00010884    00000012     dpl_msp432p401x.aem4f : SemaphoreP_tirtos.oem4f (.text:SemaphoreP_pend)
                  00010896    00000002     --HOLE-- [fill = 0]
                  00010898    00000012     sysbios.aem4f : BIOS.obj (.text:_pthread_cleanup_pop)
                  000108aa    00000006     display.aem4f : DisplayUart.oem4f (.text:DisplayUartMin_control)
                  000108b0    00000012     sysbios.aem4f : BIOS.obj (.text:_pthread_runStub$43)
                  000108c2    00000006     display.aem4f : DisplayUart.oem4f (.text:DisplayUartMin_getType)
                  000108c8    00000012     sysbios.aem4f : BIOS.obj (.text:ti_sysbios_hal_Hwi_Module_startup__E)
                  000108da    00000012     rtsv7M4_T_le_v4SPD16_eabi.lib : wcslen.c.obj (.text:wcslen)
                  000108ec    00000012     release_pem4f.oem4f (.text:xdc_runtime_Startup_exec__I)
                  000108fe    00000002     --HOLE-- [fill = 0]
                  00010900    00000010     msp432p4xx_driverlib.lib : adc14.o (.text:ADCIsConversionRunning)
                  00010910    00000010     drivers_msp432p401x.aem4f : Button.oem4f (.text:Button_Params_init)
                  00010920    00000010                               : GPIOMSP432.oem4f (.text:GPIO_getConfig)
                  00010930    00000010     dpl_msp432p401x.aem4f : HwiP_tirtos.oem4f (.text:HwiP_Params_init)
                  00010940    00000010     drivers_msp432p401x.aem4f : I2C.oem4f (.text:I2C_Params_init)
                  00010950    00000010     msp432p4xx_driverlib.lib : pcm.o (.text:PCM_gotoLPM4)
                  00010960    00000010                              : pcm.o (.text:PCM_setPowerMode)
                  00010970    00000010                              : pcm.o (.text:PCM_setPowerState)
                  00010980    00000010     drivers_msp432p401x.aem4f : PowerMSP432.oem4f (.text:PowerMSP432_getNumPerfLevels)
                  00010990    00000010     msp432p4xx_driverlib.lib : sysctl_a.o (.text:SysCtl_A_getNMISourceStatus)
                  000109a0    00000010                              : sysctl.o (.text:SysCtl_getNMISourceStatus)
                  000109b0    00000010     drivers_msp432p401x.aem4f : Timer.oem4f (.text:Timer_Params_init)
                  000109c0    00000010                               : UARTMSP432.oem4f (.text:readBlockingTimeout)
                  000109d0    00000010     sysbios.aem4f : BIOS.obj (.text:ti_sysbios_BIOS_exit__E)
                  000109e0    00000010                   : BIOS.obj (.text:ti_sysbios_BIOS_setCpuFreq__E)
                  000109f0    00000010                   : BIOS.obj (.text:ti_sysbios_BIOS_setThreadType__E)
                  00010a00    00000010                   : BIOS.obj (.text:ti_sysbios_BIOS_start__E)
                  00010a10    00000010                   : m3_TaskSupport_asm.obj (.text:ti_sysbios_family_arm_m3_TaskSupport_glue)
                  00010a20    00000010                   : BIOS.obj (.text:ti_sysbios_family_arm_msp432_init_Boot_disableWatchdog)
                  00010a30    00000010                   : BIOS.obj (.text:ti_sysbios_gates_GateMutex_Instance_finalize__E)
                  00010a40    00000010     release_pem4f.oem4f (.text:ti_sysbios_knl_Mailbox_Object__get__S)
                  00010a50    00000010     sysbios.aem4f : BIOS.obj (.text:ti_sysbios_knl_Semaphore_Instance_finalize__E)
                  00010a60    00000010                   : BIOS.obj (.text:ti_sysbios_knl_Swi_disable__E)
                  00010a70    00000010     release_pem4f.oem4f (.text:ti_sysbios_knl_Task_Object__get__S)
                  00010a80    00000010     sysbios.aem4f : BIOS.obj (.text:ti_sysbios_knl_Task_disable__E)
                  00010a90    00000010                   : BIOS.obj (.text:xdc_runtime_Gate_leaveSystem__E)
                  00010aa0    00000010                   : BIOS.obj (.text:xdc_runtime_Memory_free__E)
                  00010ab0    00000010                   : BIOS.obj (.text:xdc_runtime_SysCallback_abort__E)
                  00010ac0    00000010                   : BIOS.obj (.text:xdc_runtime_SysCallback_exit__E)
                  00010ad0    00000010                   : BIOS.obj (.text:xdc_runtime_SysCallback_putch__E)
                  00010ae0    00000010                   : BIOS.obj (.text:xdc_runtime_SysCallback_ready__E)
                  00010af0    00000010                   : BIOS.obj (.text:xdc_runtime_System_vsnprintf__E)
                  00010b00    0000000e     console.obj (.text:consoleThread)
                  00010b0e    0000000e     rtsv7M4_T_le_v4SPD16_eabi.lib : copy_decompress_none.c.obj (.text:decompress:none:__TI_decompress_none)
                  00010b1c    00000004     --HOLE-- [fill = 0]
                  00010b20    0000000e     sysbios.aem4f : BIOS.obj (.text:pthread_attr_setdetachstate)
                  00010b2e    00000002     --HOLE-- [fill = 0]
                  00010b30    0000000e                   : BIOS.obj (.text:ti_sysbios_knl_Idle_loop__E)
                  00010b3e    00000002     --HOLE-- [fill = 0]
                  00010b40    0000000e                   : BIOS.obj (.text:ti_sysbios_knl_Queue_empty__E)
                  00010b4e    0000000e     spi_lcd.obj (.text:timerCallback)
                  00010b5c    0000000e     uart.obj (.text:uart2WriteCallback)
                  00010b6a    0000000e     uart.obj (.text:uart3ReadCallback)
                  00010b78    0000000e     uart.obj (.text:uart3WriteCallback)
                  00010b86    0000000e     uart.obj (.text:uartWriteCallback)
                  00010b94    0000000c     ti_drivers_config.obj (.text:Board_init)
                  00010ba0    0000000c     msp432p4xx_driverlib.lib : cpu.o (.text:CPU_cpsid)
                  00010bac    0000000c                              : cpu.o (.text:CPU_cpsie)
                  00010bb8    0000000c     dpl_msp432p401x.aem4f : ClockP_tirtos.oem4f (.text:ClockP_delete)
                  00010bc4    0000000c                           : ClockP_tirtos.oem4f (.text:ClockP_getSystemTickPeriod)
                  00010bd0    0000000c                           : HwiP_tirtos.oem4f (.text:HwiP_delete)
                  00010bdc    0000000c     ui.obj (.text:Invalidate)
                  00010be8    0000000c     drivers_msp432p401x.aem4f : PowerMSP432.oem4f (.text:Power_getConstraintMask)
                  00010bf4    0000000c                               : PowerMSP432.oem4f (.text:Power_getPerformanceLevel)
                  00010c00    0000000c     dpl_msp432p401x.aem4f : SemaphoreP_tirtos.oem4f (.text:SemaphoreP_delete)
                  00010c0c    0000000c     rtsv7M4_T_le_v4SPD16_eabi.lib : _lock.c.obj (.text:_register_lock)
                  00010c18    0000000c                                   : _lock.c.obj (.text:_register_unlock)
                  00010c24    0000000c                                   : copy_zero_init.c.obj (.text:decompress:ZI:__TI_zero_init)
                  00010c30    0000000c     encoder.obj (.text:get_encoder1)
                  00010c3c    0000000c     encoder.obj (.text:get_encoder2)
                  00010c48    0000000c     encoder.obj (.text:get_encoder3)
                  00010c54    0000000c     encoder.obj (.text:get_encoder4)
                  00010c60    0000000c     sysbios.aem4f : BIOS.obj (.text:pthread_self)
                  00010c6c    0000000c     release_pem4f.oem4f (.text:ti_sysbios_family_arm_m3_Hwi_Params__init__S)
                  00010c78    0000000c     sysbios.aem4f : BIOS.obj (.text:ti_sysbios_family_arm_m3_Hwi_disableFxn__E)
                  00010c84    00000004     --HOLE-- [fill = 0]
                  00010c88    0000000c                   : BIOS.obj (.text:ti_sysbios_family_arm_m3_TaskSupport_getStackAlignment__E)
                  00010c94    00000004     --HOLE-- [fill = 0]
                  00010c98    0000000c                   : BIOS.obj (.text:ti_sysbios_family_arm_msp432_Timer_getMaxTicks__E)
                  00010ca4    00000004     --HOLE-- [fill = 0]
                  00010ca8    0000000c                   : BIOS.obj (.text:ti_sysbios_gates_GateHwi_enter__E)
                  00010cb4    0000000c     release_pem4f.oem4f (.text:ti_sysbios_knl_Clock_Params__init__S)
                  00010cc0    0000000c     sysbios.aem4f : BIOS.obj (.text:ti_sysbios_knl_Clock_getTicks__E)
                  00010ccc    0000000c     release_pem4f.oem4f (.text:ti_sysbios_knl_Event_Params__init__S)
                  00010cd8    0000000c     uart.obj (.text:ti_sysbios_knl_Event_handle)
                  00010ce4    0000000c     release_pem4f.oem4f (.text:ti_sysbios_knl_Queue_Object__get__S)
                  00010cf0    0000000c     release_pem4f.oem4f (.text:ti_sysbios_knl_Semaphore_Params__init__S)
                  00010cfc    0000000c     release_pem4f.oem4f (.text:ti_sysbios_knl_Task_Params__init__S)
                  00010d08    0000000c     sysbios.aem4f : BIOS.obj (.text:ti_sysbios_knl_Task_self__E)
                  00010d14    00000004     --HOLE-- [fill = 0]
                  00010d18    0000000c                   : BIOS.obj (.text:ti_sysbios_rts_ti_ReentSupport_taskRegHook__I)
                  00010d24    00000004     --HOLE-- [fill = 0]
                  00010d28    0000000c                   : BIOS.obj (.text:xdc_runtime_Gate_enterSystem__E)
                  00010d34    00000004     --HOLE-- [fill = 0]
                  00010d38    0000000c                   : BIOS.obj (.text:xdc_runtime_Startup_rtsDone__E)
                  00010d44    0000000a     drivers_msp432p401x.aem4f : ADC.oem4f (.text:ADC_Params_init)
                  00010d4e    0000000a                               : ADC.oem4f (.text:ADC_convert)
                  00010d58    0000000a     dpl_msp432p401x.aem4f : ClockP_tirtos.oem4f (.text:ClockP_Params_init)
                  00010d62    0000000a     drivers_msp432p401x.aem4f : PWM.oem4f (.text:PWM_close)
                  00010d6c    0000000a                               : PWM.oem4f (.text:PWM_setDuty)
                  00010d76    0000000a                               : PWM.oem4f (.text:PWM_setPeriod)
                  00010d80    0000000a                               : PWM.oem4f (.text:PWM_start)
                  00010d8a    0000000a                               : SPI.oem4f (.text:SPI_transfer)
                  00010d94    0000000a                               : Timer.oem4f (.text:Timer_start)
                  00010d9e    0000000a                               : UART.oem4f (.text:UART_close)
                  00010da8    0000000a                               : UART.oem4f (.text:UART_control)
                  00010db2    0000000a                               : UART.oem4f (.text:UART_read)
                  00010dbc    0000000a                               : UART.oem4f (.text:UART_write)
                  00010dc6    0000000a     rtsv7M4_T_le_v4SPD16_eabi.lib : sprintf.c.obj (.text:_outc)
                  00010dd0    0000000a     ui.obj (.text:gotoMainMenuView)
                  00010dda    0000000a     release_pem4f.oem4f (.text:xdc_runtime_IHeap_alloc)
                  00010de4    0000000a     release_pem4f.oem4f (.text:xdc_runtime_IHeap_free)
                  00010dee    00000008     drivers_msp432p401x.aem4f : Button.oem4f (.text:Button_getLastPressedDuration)
                  00010df6    00000008     ec11.obj (.text:EC11_GPIO_Init)
                  00010dfe    00000008     drivers_msp432p401x.aem4f : LED.oem4f (.text:LED_getState)
                  00010e06    00000008     dpl_msp432p401x.aem4f : SemaphoreP_tirtos.oem4f (.text:SemaphoreP_Params_init)
                  00010e0e    00000008     drivers_msp432p401x.aem4f : I2CMSP432.oem4f (.text:blockingTransferCallback)
                  00010e16    00000008                               : SPIMSP432DMA.oem4f (.text:blockingTransferCallback)
                  00010e1e    00000002     --HOLE-- [fill = 0]
                  00010e20    00000008     sysbios.aem4f : BIOS.obj (.text:pthread_attr_setstacksize)
                  00010e28    00000008     drivers_msp432p401x.aem4f : UARTMSP432.oem4f (.text:readSemCallback)
                  00010e30    00000008     sysbios.aem4f : BIOS.obj (.text:ti_sysbios_family_arm_m3_Hwi_doSwiRestore__I)
                  00010e38    00000008                   : BIOS.obj (.text:ti_sysbios_family_arm_m3_Hwi_startup__E)
                  00010e40    00000008     drivers_msp432p401x.aem4f : UARTMSP432.oem4f (.text:txcptEnabledStatus)
                  00010e48    00000008                               : UARTMSP432.oem4f (.text:writeSemCallback)
                  00010e50    00000006     display.aem4f : Display.oem4f (.text:Display_doParamsInit)
                  00010e56    00000006     drivers_msp432p401x.aem4f : I2CMSP432.oem4f (.text:I2CMSP432_control)
                  00010e5c    00000006                               : PWMTimerMSP432.oem4f (.text:PWMTimerMSP432_control)
                  00010e62    00000006                               : PWMTimerMSP432.oem4f (.text:PWMTimerMSP432_setDutyAndPeriod)
                  00010e68    00000006                               : SPIMSP432DMA.oem4f (.text:SPIMSP432DMA_control)
                  00010e6e    00000006                               : TimerMSP432.oem4f (.text:TimerMSP432_control)
                  00010e74    00000004     --HOLE-- [fill = 0]
                  00010e78    00000006     sysbios.aem4f : BIOS.obj (.text:ti_sysbios_family_arm_m3_Hwi_doTaskRestore__I)
                  00010e7e    00000002     --HOLE-- [fill = 0]
                  00010e80    00000006                   : BIOS.obj (.text:ti_sysbios_family_arm_m3_Hwi_restoreFxn__E)
                  00010e86    00000002     --HOLE-- [fill = 0]
                  00010e88    00000006                   : BIOS.obj (.text:ti_sysbios_gates_GateHwi_leave__E)
                  00010e8e    00000002     --HOLE-- [fill = 0]
                  00010e90    00000006                   : BIOS.obj (.text:ti_sysbios_heaps_HeapMem_isBlocking__E)
                  00010e96    00000002     --HOLE-- [fill = 0]
                  00010e98    00000006                   : BIOS.obj (.text:ti_sysbios_knl_Clock_stop__E)
                  00010e9e    00000002     --HOLE-- [fill = 0]
                  00010ea0    00000006                   : BIOS.obj (.text:ti_sysbios_knl_Queue_Instance_init__E)
                  00010ea6    00000002     --HOLE-- [fill = 0]
                  00010ea8    00000006                   : BIOS.obj (.text:ti_sysbios_knl_Swi_startup__E)
                  00010eae    00000002     --HOLE-- [fill = 0]
                  00010eb0    00000006                   : BIOS.obj (.text:xdc_runtime_System_Module_startup__E)
                  00010eb6    00000002     --HOLE-- [fill = 0]
                  00010eb8    00000004                   : BIOS.obj (.text:__aeabi_errno_addr)
                  00010ebc    00000004     --HOLE-- [fill = 0]
                  00010ec0    00000004                   : BIOS.obj (.text:ti_sysbios_gates_GateHwi_query__E)
                  00010ec4    00000004     --HOLE-- [fill = 0]
                  00010ec8    00000004                   : BIOS.obj (.text:ti_sysbios_gates_GateMutex_query__E)
                  00010ecc    00000004     --HOLE-- [fill = 0]
                  00010ed0    00000004                   : BIOS.obj (.text:ti_sysbios_knl_Clock_setTimeout__E)
                  00010ed4    00000004     --HOLE-- [fill = 0]
                  00010ed8    00000004                   : BIOS.obj (.text:ti_sysbios_knl_Task_startup__E)
                  00010edc    00000004     --HOLE-- [fill = 0]
                  00010ee0    00000004                   : BIOS.obj (.text:xdc_runtime_SysCallback_defaultReady)
                  00010ee4    00000004     --HOLE-- [fill = 0]
                  00010ee8    00000002                   : BIOS.obj (.text:ti_sysbios_BIOS_linkedWithIncorrectBootLibrary__E)
                  00010eea    00000006     --HOLE-- [fill = 0]
                  00010ef0    00000002                   : BIOS.obj (.text:ti_sysbios_gates_GateHwi_Instance_init__E)
                  00010ef2    00000006     --HOLE-- [fill = 0]
                  00010ef8    00000002                   : BIOS.obj (.text:ti_sysbios_knl_Clock_logTick__E)
                  00010efa    00000006     --HOLE-- [fill = 0]
                  00010f00    00000002                   : BIOS.obj (.text:xdc_runtime_SysCallback_defaultAbort)
                  00010f02    00000006     --HOLE-- [fill = 0]
                  00010f08    00000002                   : BIOS.obj (.text:xdc_runtime_SysCallback_defaultExit)
                  00010f0a    00000006     --HOLE-- [fill = 0]
                  00010f10    00000002                   : BIOS.obj (.text:xdc_runtime_SysCallback_defaultPutch)
                  00010f12    00000006     --HOLE-- [fill = 0]
                  00010f18    00000002                   : BIOS.obj (.text:xdc_runtime_System_abortSpin__E)
                  00010f1a    00000006     --HOLE-- [fill = 0]
                  00010f20    00000002                   : BIOS.obj (.text:xdc_runtime_System_exitSpin__E)

.const     0    00010f28    000017a0     
                  00010f28    000005f0     lcd_font.obj (.const:tft_ascii)
                  00011518    00000158     rtsv7M4_T_le_v4SPD16_eabi.lib : k_rem_pio2.c.obj (.const:$O1$$)
                  00011670    00000150     ui.obj (.const:$P$T14$16)
                  000117c0    00000118     ui.obj (.const:$P$T4$6)
                  000118d8    00000101     rtsv7M4_T_le_v4SPD16_eabi.lib : ctype.c.obj (.const:.string:_ctypes_)
                  000119d9    00000002     ti_drivers_config.obj (.const:ButtonHWAttrs)
                  000119db    00000001     display.aem4f : Display.oem4f (.const:Display_defaultParams)
                  000119dc    000000b0     ti_drivers_config.obj (.const:uartMSP432HWAttrs)
                  00011a8c    00000080     msp432p4xx_driverlib.lib : adc14.o (.const:_ctlRegs)
                  00011b0c    00000078     ti_drivers_config.obj (.const:PWM_config)
                  00011b84    00000070     ui.obj (.const:$P$T13$15)
                  00011bf4    00000060     ui.obj (.const:$P$T3$4)
                  00011c54    00000054     ui.obj (.const:$P$T8$10)
                  00011ca8    00000050     ti_drivers_config.obj (.const:pwmTimerMSP432HWAttrs)
                  00011cf8    00000050     drivers_msp432p401x.aem4f : TimerMSP432.oem4f (.const:timerADividers)
                  00011d48    00000050     ti_drivers_config.obj (.const:uartMSP432Baudrates)
                  00011d98    00000048     ti_drivers_config.obj (.const:spiMSP432DMAHWAttrs)
                  00011de0    0000003c     release_pem4f.oem4f (.const:ti_sysbios_knl_Task_Object__PARAMS__C)
                  00011e1c    00000038     ti_drivers_config.obj (.const:PowerMSP432_config)
                  00011e54    00000030     ti_drivers_config.obj (.const:UART_config)
                  00011e84    00000030     release_pem4f.oem4f (.const:ti_sysbios_family_arm_m3_Hwi_Object__PARAMS__C)
                  00011eb4    00000028     drivers_msp432p401x.aem4f : UARTMSP432.oem4f (.const:UARTMSP432_fxnTable)
                  00011edc    00000028     ti_drivers_config.obj (.const:i2cMSP432HWAttrs)
                  00011f04    00000028     release_pem4f.oem4f (.const:ti_sysbios_heaps_HeapMem_Module__FXNS__C)
                  00011f2c    00000024     ui.obj (.const:$P$T0$1)
                  00011f50    00000024     ui.obj (.const:$P$T1$2)
                  00011f74    00000024     ui.obj (.const:$P$T2$3)
                  00011f98    00000024     drivers_msp432p401x.aem4f : PWMTimerMSP432.oem4f (.const:PWMTimerMSP432_fxnTable)
                  00011fbc    00000024                               : UART.oem4f (.const:UART_defaultParams)
                  00011fe0    00000024     release_pem4f.oem4f (.const:ti_sysbios_gates_GateHwi_Module__FXNS__C)
                  00012004    00000024     release_pem4f.oem4f (.const:ti_sysbios_gates_GateMutex_Module__FXNS__C)
                  00012028    00000024     release_pem4f.oem4f (.const:ti_sysbios_heaps_HeapMem_Object__PARAMS__C)
                  0001204c    00000024     release_pem4f.oem4f (.const:ti_sysbios_knl_Clock_Object__PARAMS__C)
                  00012070    00000024     release_pem4f.oem4f (.const:ti_sysbios_knl_Semaphore_Object__PARAMS__C)
                  00012094    00000024     release_pem4f.oem4f (.const:xdc_runtime_Startup_sfxnTab__A)
                  000120b8    00000020     display.aem4f : DisplayUart.oem4f (.const:DisplayUartMin_fxnTable)
                  000120d8    00000020     drivers_msp432p401x.aem4f : SPI.oem4f (.const:SPI_defaultParams)
                  000120f8    00000020     ti_drivers_config.obj (.const:TimerMSP432HWAttrs)
                  00012118    00000020     drivers_msp432p401x.aem4f : TimerMSP432.oem4f (.const:TimerMSP432_Timer32_fxnTable)
                  00012138    00000020     ti_drivers_config.obj (.const:adcMSP432HWAttrs)
                  00012158    00000020     drivers_msp432p401x.aem4f : UARTMSP432.oem4f (.const:staticFxnTable)
                  00012178    00000020     release_pem4f.oem4f (.const:ti_sysbios_family_arm_m3_Hwi_Object__DESC__C)
                  00012198    00000020     release_pem4f.oem4f (.const:ti_sysbios_gates_GateHwi_Object__DESC__C)
                  000121b8    00000020     release_pem4f.oem4f (.const:ti_sysbios_gates_GateMutex_Object__DESC__C)
                  000121d8    00000020     release_pem4f.oem4f (.const:ti_sysbios_heaps_HeapMem_Object__DESC__C)
                  000121f8    00000020     release_pem4f.oem4f (.const:ti_sysbios_knl_Clock_Object__DESC__C)
                  00012218    00000020     release_pem4f.oem4f (.const:ti_sysbios_knl_Event_Object__DESC__C)
                  00012238    00000020     release_pem4f.oem4f (.const:ti_sysbios_knl_Queue_Object__DESC__C)
                  00012258    00000020     release_pem4f.oem4f (.const:ti_sysbios_knl_Semaphore_Object__DESC__C)
                  00012278    00000020     release_pem4f.oem4f (.const:ti_sysbios_knl_Task_Object__DESC__C)
                  00012298    0000001c     ui.obj (.const:$P$T10$12)
                  000122b4    0000001c     ui.obj (.const:$P$T11$13)
                  000122d0    0000001c     ui.obj (.const:$P$T12$14)
                  000122ec    0000001c     ui.obj (.const:$P$T5$7)
                  00012308    0000001c     ui.obj (.const:$P$T6$8)
                  00012324    0000001c     ui.obj (.const:$P$T7$9)
                  00012340    0000001c     ui.obj (.const:$P$T9$11)
                  0001235c    00000018     drivers_msp432p401x.aem4f : ADCMSP432.oem4f (.const:ADCMSP432_fxnTable)
                  00012374    00000018     ti_drivers_config.obj (.const:ADC_config)
                  0001238c    00000018     drivers_msp432p401x.aem4f : I2CMSP432.oem4f (.const:I2CMSP432_fxnTable)
                  000123a4    00000018     ti_drivers_config.obj (.const:I2C_config)
                  000123bc    00000018     drivers_msp432p401x.aem4f : PWM.oem4f (.const:PWM_defaultParams)
                  000123d4    00000018                               : SPIMSP432DMA.oem4f (.const:SPIMSP432DMA_fxnTable)
                  000123ec    00000018     ti_drivers_config.obj (.const:SPI_config)
                  00012404    00000018     ti_drivers_config.obj (.const:Timer_config)
                  0001241c    00000018     release_pem4f.oem4f (.const:ti_sysbios_gates_GateHwi_Object__PARAMS__C)
                  00012434    00000018     release_pem4f.oem4f (.const:ti_sysbios_gates_GateMutex_Object__PARAMS__C)
                  0001244c    00000018     release_pem4f.oem4f (.const:ti_sysbios_knl_Event_Object__PARAMS__C)
                  00012464    00000018     release_pem4f.oem4f (.const:ti_sysbios_knl_Queue_Object__PARAMS__C)
[...]
000119db  Display_defaultParams                                           
00011b0c  PWM_config                                                      
00011ca8  pwmTimerMSP432HWAttrs                                           
00011d98  spiMSP432DMAHWAttrs                                             
00011de0  ti_sysbios_knl_Task_Object__PARAMS__C                           
00011e1c  PowerMSP432_config                                              
00011e54  UART_config                                                     
00011e84  ti_sysbios_family_arm_m3_Hwi_Object__PARAMS__C                  
00011eb4  UARTMSP432_fxnTable                                             
00011edc  i2cMSP432HWAttrs                                                
00011f04  ti_sysbios_heaps_HeapMem_Module__FXNS__C                        
00011f98  PWMTimerMSP432_fxnTable                                         
00011fbc  UART_defaultParams                                              
00011fe0  ti_sysbios_gates_GateHwi_Module__FXNS__C                        
00012004  ti_sysbios_gates_GateMutex_Module__FXNS__C                      
00012028  ti_sysbios_heaps_HeapMem_Object__PARAMS__C                      
0001204c  ti_sysbios_knl_Clock_Object__PARAMS__C                          
00012070  ti_sysbios_knl_Semaphore_Object__PARAMS__C                      
00012094  xdc_runtime_Startup_sfxnTab__A                                  
000120b8  DisplayUartMin_fxnTable                                         
000120d8  SPI_defaultParams                                               
000120f8  TimerMSP432HWAttrs                                              
00012118  TimerMSP432_Timer32_fxnTable                                    
00012138  adcMSP432HWAttrs                                                
00012178  ti_sysbios_family_arm_m3_Hwi_Object__DESC__C                    
00012198  ti_sysbios_gates_GateHwi_Object__DESC__C                        
000121b8  ti_sysbios_gates_GateMutex_Object__DESC__C                      
000121d8  ti_sysbios_heaps_HeapMem_Object__DESC__C                        
000121f8  ti_sysbios_knl_Clock_Object__DESC__C                            
00012218  ti_sysbios_knl_Event_Object__DESC__C                            
00012238  ti_sysbios_knl_Queue_Object__DESC__C                            
00012258  ti_sysbios_knl_Semaphore_Object__DESC__C                        
00012278  ti_sysbios_knl_Task_Object__DESC__C                             
0001235c  ADCMSP432_fxnTable                                              
00012374  ADC_config                                                      
0001238c  I2CMSP432_fxnTable                                              
000123a4  I2C_config                                                      
000123bc  PWM_defaultParams                                               
000123d4  SPIMSP432DMA_fxnTable                                           
000123ec  SPI_config                                                      
00012404  Timer_config                                                    
0001241c  ti_sysbios_gates_GateHwi_Object__PARAMS__C                      
00012434  ti_sysbios_gates_GateMutex_Object__PARAMS__C                    
0001244c  ti_sysbios_knl_Event_Object__PARAMS__C                          
00012464  ti_sysbios_knl_Queue_Object__PARAMS__C                          
0001247c  ti_sysbios_knl_Task_hooks__A                                    
00012494  GPIOMSP432_config                                               
000124a8  displayUartHWAttrs                                              
000124bc  xdc_runtime_Startup_sfxnRts__A                                  
000124de  ti_sysbios_family_arm_m3_Hwi_Module__id__C                      
000124e0  Button_config                                                   
000124f0  Button_defaultParams                                            
00012500  I2C_defaultParams                                               
00012510  LED_config                                                      
00012530  Display_config                                                  
00012560  udmaMSP432HWAttrs                                               
0001256c  xdc_runtime_Startup_firstFxns__A                                
00012578  Display_count                                                   
00012579  ADC_count                                                       
0001257a  I2C_count                                                       
0001257b  PWM_count                                                       
0001257c  SPI_count                                                       
0001257d  Timer_count                                                     
0001257e  UART_count                                                      
0001257f  Button_count                                                    
00012580  LED_count                                                       
00012581  xdc_runtime_Error_policy__C                                     
00012582  ti_sysbios_family_arm_msp432_init_Boot_bypassHFXT__C            
00012584  ADC_defaultParams                                               
0001258c  LED_defaultParams                                               
00012594  UDMAMSP432_config                                               
000125a4  ti_sysbios_knl_Idle_funcList__A                                 
000125ac  ti_sysbios_knl_Idle_funcList__C                                 
000125b4  ti_sysbios_knl_Task_hooks__C                                    
000125bc  xdc_runtime_Startup_firstFxns__C                                
000125c4  xdc_runtime_Startup_lastFxns__C                                 
000125e6  ti_sysbios_family_arm_msp432_init_Boot_bypassLFXT__C            
000125e8  ti_sysbios_family_arm_m3_Hwi_E_alreadyDefined__C                
000125ec  ti_sysbios_family_arm_m3_Hwi_E_badIntNum__C                     
000125f0  ti_sysbios_family_arm_m3_Hwi_NUM_INTERRUPTS__C                  
000125f4  ti_sysbios_family_arm_m3_Hwi_Object__count__C                   
000125f8  ti_sysbios_family_arm_m3_Hwi_ccr__C                             
000125fc  ti_sysbios_family_arm_m3_Hwi_excHandlerFunc__C                  
00012600  ti_sysbios_family_arm_m3_Hwi_nullIsrFunc__C                     
00012604  ti_sysbios_family_arm_m3_Hwi_priGroup__C                        
00012608  ti_sysbios_family_arm_m3_Hwi_swiDisable__C                      
0001260c  ti_sysbios_family_arm_m3_Hwi_swiRestore__C                      
00012610  ti_sysbios_family_arm_m3_TaskSupport_stackAlignment__C          
00012614  ti_sysbios_family_arm_msp432_Timer_numTimerDevices__C           
00012618  ti_sysbios_family_arm_msp432_Timer_startupNeeded__C             
0001261c  ti_sysbios_gates_GateMutex_Instance_State_sem__O                
00012620  ti_sysbios_heaps_HeapMem_E_memory__C                            
00012624  ti_sysbios_heaps_HeapMem_Module__gateObj__C                     
00012628  ti_sysbios_heaps_HeapMem_Object__count__C                       
0001262c  ti_sysbios_heaps_HeapMem_primaryHeapBaseAddr__C                 
00012630  ti_sysbios_heaps_HeapMem_primaryHeapEndAddr__C                  
00012634  ti_sysbios_heaps_HeapMem_reqAlign__C                            
00012638  ti_sysbios_knl_Clock_Module_State_clockQ__O                     
0001263c  ti_sysbios_knl_Clock_tickPeriod__C                              
00012640  ti_sysbios_knl_Event_Instance_State_pendQ__O                    
00012644  ti_sysbios_knl_Mailbox_Instance_State_freeQue__O                
00012648  ti_sysbios_knl_Mailbox_Object__count__C                         
0001264c  ti_sysbios_knl_Mailbox_maxTypeAlign__C                          
00012650  ti_sysbios_knl_Semaphore_Instance_State_pendQ__O                
00012654  ti_sysbios_knl_Swi_Object__count__C                             
00012658  ti_sysbios_knl_Task_Module_State_inactiveQ__O                   
0001265c  ti_sysbios_knl_Task_Object__count__C                            
00012660  ti_sysbios_knl_Task_Object__heap__C                             
00012664  ti_sysbios_knl_Task_allBlockedFunc__C                           
00012668  ti_sysbios_knl_Task_defaultStackHeap__C                         
0001266c  ti_sysbios_knl_Task_defaultStackSize__C                         
00012670  ti_sysbios_knl_Task_numConstructedTasks__C                      
00012674  xdc_runtime_Error_E_memory__C                                   
00012678  xdc_runtime_Error_policyFxn__C                                  
0001267c  xdc_runtime_IGateProvider_Interface__BASE__C                    
00012680  xdc_runtime_IHeap_Interface__BASE__C                            
00012684  xdc_runtime_IModule_Interface__BASE__C                          
00012688  xdc_runtime_Memory_defaultHeapInstance__C                       
0001268c  xdc_runtime_Startup_execImpl__C                                 
00012690  xdc_runtime_Startup_maxPasses__C                                
00012694  xdc_runtime_Startup_sfxnRts__C                                  
00012698  xdc_runtime_Startup_sfxnTab__C                                  
0001269c  xdc_runtime_SysCallback_abortFxn__C                             
000126a0  xdc_runtime_SysCallback_exitFxn__C                              
000126a4  xdc_runtime_SysCallback_putchFxn__C                             
000126a8  xdc_runtime_SysCallback_readyFxn__C                             
000126ac  xdc_runtime_System_Module__gateObj__C                           
000126b0  xdc_runtime_System_abortFxn__C                                  
000126b4  xdc_runtime_System_exitFxn__C                                   
000126b8  xdc_runtime_System_extendFxn__C                                 
000126bc  xdc_runtime_System_maxAtexitHandlers__C                         
000126c0  ti_sysbios_family_arm_msp432_init_Boot_enableHFXT__C            
000126c2  ti_sysbios_family_arm_msp432_init_Boot_enableLFXT__C            
000126c4  ti_sysbios_heaps_HeapMem_Module__id__C                          
000126c6  xdc_runtime_Memory_Module__id__C                                
000126c8  __TI_static_base__                                              
00012a48  __TI_Handler_Table_Base                                         
00012a54  __TI_Handler_Table_Limit                                        
00012a60  __TI_CINIT_Base                                                 
00012a70  __TI_CINIT_Limit                                                
20000000  __start___llvm_prf_cnts                                         
20000000  __stop___llvm_prf_cnts                                          
20000000  ti_sysbios_family_arm_m3_Hwi_ramVectors                         
20000140  __primary_heap_start__                                          
20008140  __primary_heap_end__                                            
20008600  Items                                                           
200088c0  ti_sysbios_knl_Task_Instance_State_0_stack__A                   
20008ac0  uartMSP432Objects                                               
20008cc0  ti_sysbios_family_arm_m3_Hwi_dispatchTable                      
20008f00  i2cMSP432Objects                                                
20008fa0  spiMSP432DMAObjects                                             
200091b8  LEDObjects                                                      
20009230  pwmTimerMSP432Objects                                           
200092a8  timerMSP432Objects                                              
20009310  ButtonObjects                                                   
20009360  masterRxBuffer                                                  
20009394  masterTxBuffer                                                  
200093f8  imu3                                                            
200094dc  bStats                                                          
200094f8  ringObj                                                         
20009510  ecoEvent                                                        
20009544  imu                                                             
20009554  motor_speed_pid                                                 
20009564  speed_wheel                                                     
20009574  displayUartObject                                               
20009580  eventBuf                                                        
2000958c  rxBuffer                                                        
200095a0  buttonHandle                                                    
200095a8  ledHandle                                                       
200095bc  ClockP_tickPeriod                                               
200095c0  CurDraw                                                         
200095c4  CurHandle                                                       
200095c8  adc                                                             
200095cc  adcMSP432Objects                                                
200095d0  chassis_speed_pid                                               
200095d4  displayHandle                                                   
200095d8  lua                                                             
200095dc  masterSpi                                                       
200095e0  ti_sysbios_knl_Task_Instance_State_0_hookEnv__A                 
200095e4  EC11_A_Now                                                      
200095e5  EC11_B_Now                                                      
200095e6  EC11_Key                                                        
200095e7  udmaMSP432Object                                                
200095e8  param                                                           
200097dc  PowerMSP432_perfLevels                                          
20009ab4  AllView                                                         
20009b38  gPixel                                                          
20009bb8  ti_sysbios_knl_Swi_Module_State_0_readyQ__A                     
20009c38  ti_sysbios_knl_Task_Module_State_0_readyQ__A                    
20009cb8  gpioCallbackFunctions                                           
20009d28  gpioPinConfigs                                                  
20009d98  lineid                                                          
20009df8  ti_sysbios_gates_GateMutex_Object__table__V                     
20009e4c  ti_sysbios_knl_Task_Object__table__V                            
20009e98  ti_sysbios_family_arm_msp432_Timer_Object__table__V             
20009edc  ti_sysbios_knl_Task_Module__state__V                            
20009f20  ti_sysbios_family_arm_m3_Hwi_Module__state__V                   
20009f54  ti_sysbios_knl_Swi_Object__table__V                             
20009f84  PowerMSP432_module                                              
20009fb0  ti_sysbios_knl_Clock_Module__state__V                           
20009fdc  ti_sysbios_BIOS_Module__state__V                                
2000a020  ti_sysbios_family_arm_msp432_Timer_Module_State_0_device__A     
2000a040  uart_ready_flag                                                 
2000a060  xdc_runtime_Error_IgnoreBlock                                   
2000a080  ti_sysbios_knl_Swi_Module__state__V                             
2000a09c  mirrorRegister                                                  
2000a0b8  left_duty                                                       
2000a0bc  right_duty                                                      
2000a0c0  pwm0                                                            
2000a0c4  pwm1                                                            
2000a0c8  pwm2                                                            
2000a0cc  pwm3                                                            
2000a0d0  ti_sysbios_family_arm_m3_Hwi_Object__table__V                   
2000a0e8  ti_sysbios_heaps_HeapMem_Object__table__V                       
2000a118  last_item                                                       
2000a12c  motor_start_flag                                                
2000a130  CurView                                                         
2000a131  CurItem                                                         
2000a132  ItemNums                                                        
2000a133  isEditing                                                       
2000a134  ItemFirstLine                                                   
2000a135  item_index                                                      
2000a150  encoder1_value                                                  
2000a154  encoder2_value                                                  
2000a158  encoder3_value                                                  
2000a15c  encoder4_value                                                  
2000a160  ti_sysbios_family_arm_msp432_Timer_Module_State_0_handles__A    
2000a170  ti_sysbios_family_arm_msp432_ClockFreqs_Module__state__V        
2000a17c  ti_sysbios_family_arm_msp432_Timer_Module__state__V             
2000a188  txBuffer                                                        
2000a192  ti_sysbios_family_arm_m3_Hwi_Module_State_0_excActive__A        
2000a194  _lock                                                           
2000a198  _unlock                                                         
2000a1a4  ti_sysbios_family_arm_m3_Hwi_Module__root__V                    
2000a1ac  ti_sysbios_gates_GateHwi_Module__root__V                        
2000a1b4  ti_sysbios_gates_GateMutex_Module__root__V                      
2000a1bc  ti_sysbios_heaps_HeapMem_Module__root__V                        
2000a1c4  ti_sysbios_knl_Clock_Module__root__V                            
2000a1cc  ti_sysbios_knl_Event_Module__root__V                            
2000a1d4  ti_sysbios_knl_Queue_Module__root__V                            
2000a1dc  ti_sysbios_knl_Semaphore_Module__root__V                        
2000a1e4  ti_sysbios_knl_Task_Module__root__V                             
2000a1ec  xdc_runtime_Startup_Module__state__V                            
2000a1f4  xdc_runtime_System_Module_State_0_atexitHandlers__A             
2000a1fc  xdc_runtime_System_Module__state__V                             
2000a204  pwm7                                                            
2000a208  old_val                                                         
2000a20c  main_func_sp                                                    
2000a210  ti_sysbios_family_arm_m3_Hwi_Module_State_0_excContext__A       
2000a214  ti_sysbios_family_arm_m3_Hwi_Module_State_0_excStack__A         
2000a218  ti_sysbios_gates_GateHwi_Object__table__V                       
2000a21c  ti_sysbios_knl_Task_Module_State_0_idleTask__A                  
2000a220  ti_sysbios_rts_ti_ReentSupport_Module__state__V                 
2000a224  xdc_runtime_Memory_Module__state__V                             
2000fc00  __stack                                                         
20010000  __STACK_END                                                     
4000480c  WDTCTL_SYM                                                      
e000e000  ti_sysbios_family_arm_m3_Hwi_nvic                               
ffffffff  __TI_pprof_out_hndl                                             
ffffffff  __TI_prof_data_size                                             
ffffffff  __TI_prof_data_start                                            
ffffffff  __binit__                                                       
ffffffff  __c_args__                                                      
ffffffff  binit                                                           
UNDEFED   SHT$$INIT_ARRAY$$Base                                           
UNDEFED   SHT$$INIT_ARRAY$$Limit                                          

[890 symbols]
