******************************************************************************
                  TI ARM Linker Unix v20.2.5                   
******************************************************************************
>> Linked Fri Oct 15 13:01:07 2021

OUTPUT FILE NAME:   <project.out>
ENTRY POINT SYMBOL: "_c_int00"  address: 0000d7f9


MEMORY CONFIGURATION

         name            origin    length      used     unused   attr    fill
----------------------  --------  ---------  --------  --------  ----  --------
  MAIN                  00000000   00040000  00012906  0002d6fa  R  X
  INFO                  00200000   00004000  00000000  00004000  R  X
  SRAM_CODE             01000000   00010000  0000a32e  00005cd2  RW X
  SRAM_DATA             20000000   00010000  0000a32e  00005cd2  RW  


SEGMENT ALLOCATION MAP

run origin  load origin   length   init length attrs members
----------  ----------- ---------- ----------- ----- -------
00000000    00000000    00012910   00012910    r-x
  00000000    00000000    0000003c   0000003c    r-- .resetVecs
  00000040    00000040    00010e92   00010e92    r-x .text
  00010ed8    00010ed8    000017a0   000017a0    r-- .const
  00012678    00012678    00000298   00000298    r-- .cinit
20000140    20000140    00008000   00000000    r--
  20000140    20000140    00008000   00000000    r-- .priheap
20008200    20008200    00001dee   00000000    rw-
  20008200    20008200    0000132c   00000000    rw- .bss
  2000952c    2000952c    00000ac2   00000000    rw- .data
2000fc00    2000fc00    00000400   00000000    rw-
  2000fc00    2000fc00    00000400   00000000    rw- .stack


SECTION ALLOCATION MAP

 output                                  attributes/
section   page    origin      length       input sections
--------  ----  ----------  ----------   ----------------
.text      0    00000040    00010e92     
                  00000040    00000a4e     rtsv7M4_T_le_v4SPD16_eabi.lib : _printfi.c.obj (.text:__TI_printfi)
                  00000a8e    00000002     ti_drivers_config.obj (.text:Board_initHook)
                  00000a90    00000738     rtsv7M4_T_le_v4SPD16_eabi.lib : k_rem_pio2.c.obj (.text:__kernel_rem_pio2)
                  000011c8    000005e0                                   : s_sin.c.obj (.text:sin)
                  000017a8    000005dc                                   : s_cos.c.obj (.text:cos)
                  00001d84    0000057c     ui.obj (.text:UpdateMenuItems)
                  00002300    00000540     ui.obj (.text:HandleAdjustParamView)
                  00002840    00000468     sysbios.aem4f : BIOS.obj (.text:xdc_runtime_System_doPrint__I)
                  00002ca8    0000038c     uart1.obj (.text:imu_data_analyse)
                  00003034    0000030c     ui.obj (.text:DrawIMUView)
                  00003340    000002f8     drivers_msp432p401x.aem4f : PowerMSP432.oem4f (.text:Power_sleep)
                  00003638    000002d0                               : UARTMSP432.oem4f (.text:UARTMSP432_open)
                  00003908    000002b0     ui.obj (.text:DrawSensorView)
                  00003bb8    0000028c     drivers_msp432p401x.aem4f : SPIMSP432DMA.oem4f (.text:SPIMSP432DMA_open)
                  00003e44    0000028a     msp432p4xx_driverlib.lib : pcm.o (.text:__PCM_setPowerStateAdvanced)
                  000040ce    00000002     display.aem4f : DisplayUart.oem4f (.text:DisplayUartMin_clear)
                  000040d0    00000288     drivers_msp432p401x.aem4f : PowerMSP432.oem4f (.text:initPerfControl)
                  00004358    00000270     rtsv7M4_T_le_v4SPD16_eabi.lib : _printfi.c.obj (.text:_pconv_a)
                  000045c8    00000244     spi_lcd.obj (.text:lcd_init)
                  0000480c    0000021c     ui.obj (.text:rotate)
                  00004a28    00000218     spi_lcd.obj (.text:lcd_set_region)
                  00004c40    00000210     ec11.obj (.text:Encoder_EC11_Analyze)
                  00004e50    0000020c     main_tirtos.obj (.text:main)
                  0000505c    00000208     drivers_msp432p401x.aem4f : PWMTimerMSP432.oem4f (.text:PWMTimerMSP432_open)
                  00005264    000001f8                               : I2CMSP432.oem4f (.text:I2CMSP432_open)
                  0000545c    000001d0     rtsv7M4_T_le_v4SPD16_eabi.lib : _printfi.c.obj (.text:_pconv_g)
                  0000562c    000001b6                                   : fd_add_t2.asm.obj (.text)
                  000057e2    00000002     display.aem4f : DisplayUart.oem4f (.text:DisplayUartMin_clearLines)
                  000057e4    000001b4     i2cbh1750.obj (.text:BH1750_Thread)
                  00005998    000001b4     buttonled.obj (.text:buttonled_Thread)
                  00005b4c    000001a4     ui.obj (.text:DrawAdjustParamView)
                  00005cf0    0000018c     uart1.obj (.text:ecoInitUart)
                  00005e7c    00000188     release_pem4f.oem4f (.text:xdc_runtime_System_printfExtend__I)
                  00006004    00000186     drivers_msp432p401x.aem4f : Button.oem4f (.text:Button_clockTimeoutHandler)
                  0000618a    00000184                               : I2CMSP432.oem4f (.text:I2CMSP432_hwiIntFxn)
                  0000630e    00000002     display.aem4f : DisplayUart.oem4f (.text:DisplayUartMin_init)
                  00006310    00000178     ec11.obj (.text:Encoder_EC11_Scan)
                  00006488    00000174     rtsv7M4_T_le_v4SPD16_eabi.lib : k_sin.c.obj (.text:__kernel_sin)
                  000065fc    00000170     drivers_msp432p401x.aem4f : GPIOMSP432.oem4f (.text:GPIO_setConfig)
                  0000676c    00000170     rtsv7M4_T_le_v4SPD16_eabi.lib : k_cos.c.obj (.text:__kernel_cos)
                  000068dc    00000160     msp432p4xx_driverlib.lib : adc14.o (.text:_getIndexForMemRegister)
                  00006a3c    0000015c                              : pcm.o (.text:__PCM_setPowerModeAdvanced)
                  00006b98    0000015a     ui.obj (.text:lcd_drawline)
                  00006cf2    00000006     drivers_msp432p401x.aem4f : ADCMSP432.oem4f (.text:ADCMSP432_control)
                  00006cf8    00000158     sysbios.aem4f : BIOS.obj (.text:ti_sysbios_knl_Event_pend__E)
                  00006e50    0000014c     drivers_msp432p401x.aem4f : TimerMSP432.oem4f (.text:TimerMSP432_open)
                  00006f9c    0000013c     rtsv7M4_T_le_v4SPD16_eabi.lib : _printfi.c.obj (.text:_pconv_e)
                  000070d8    0000013c     buttonled.obj (.text:handleButtonCallback)
                  00007214    00000136     rtsv7M4_T_le_v4SPD16_eabi.lib : fd_div_t2.asm.obj (.text)
                  0000734a    00000132     motor.obj (.text:motor_dir)
                  0000747c    00000130     drivers_msp432p401x.aem4f : UDMAMSP432.oem4f (.text:setupInterrupt)
                  000075ac    00000004     msp432p4xx_driverlib.lib : cpu.o (.text:CPU_wfi)
                  000075b0    00000130     sysbios.aem4f : BIOS.obj (.text:ti_sysbios_knl_Semaphore_pend__E)
                  000076e0    0000012c     drivers_msp432p401x.aem4f : SPIMSP432DMA.oem4f (.text:SPIMSP432DMA_transfer)
                  0000780c    00000124     rtsv7M4_T_le_v4SPD16_eabi.lib : _printfi.c.obj (.text:fcvt)
                  00007930    00000124     pwmled2.obj (.text:motor_pwm_Thread)
                  00007a54    0000011c     msp432p4xx_driverlib.lib : uart.o (.text:UART_initModule)
                  00007b70    0000011c     drivers_msp432p401x.aem4f : I2CMSP432.oem4f (.text:primeTransfer)
                  00007c8c    00000118     spi_lcd.obj (.text:lcd_init_Thread)
                  00007da4    00000114     drivers_msp432p401x.aem4f : PWMTimerMSP432.oem4f (.text:PWMTimerMSP432_setPeriod)
                  00007eb8    00000110                               : LED.oem4f (.text:LED_open)
                  00007fc8    00000110     spi_lcd.obj (.text:lcd_showfloat)
                  000080d8    00000110     rtsv7M4_T_le_v4SPD16_eabi.lib : s_scalbn.c.obj (.text:scalbn)
                  000081e8    00000108     msp432p4xx_driverlib.lib : pcm.o (.text:__PCM_setCoreVoltageLevelAdvanced)
                  000082f0    00000108     sysbios.aem4f : BIOS.obj (.text:ti_sysbios_knl_Task_postInit__I)
                  000083f8    00000108                   : BIOS.obj (.text:xdc_runtime_Startup_startMods__I)
                  00008500    00000104     drivers_msp432p401x.aem4f : SPIMSP432DMA.oem4f (.text:SPIMSP432DMA_transferCancel)
                  00008604    00000004     dpl_msp432p401x.aem4f : ClockP_tirtos.oem4f (.text:ClockP_setTimeout)
                  00008608    00000104     sysbios.aem4f : BIOS.obj (.text:ti_sysbios_knl_Task_Instance_finalize__E)
                  0000870c    000000fc     drivers_msp432p401x.aem4f : ADCMSP432.oem4f (.text:ADCMSP432_convert)
                  00008808    000000fc                               : SPIMSP432DMA.oem4f (.text:configDMA)
                  00008904    000000fc     rtsv7M4_T_le_v4SPD16_eabi.lib : fd_mul_t2.asm.obj (.text)
                  00008a00    000000f8                                   : s_floor.c.obj (.text:floor)
                  00008af8    000000f8     sysbios.aem4f : BIOS.obj (.text:ti_sysbios_family_arm_msp432_init_Boot_configureClocksHigh)
                  00008bf0    000000f4     spi_lcd.obj (.text:lcd_displayccd)
                  00008ce4    000000f0     msp432p4xx_driverlib.lib : dma.o (.text:DMA_setChannelTransfer)
                  00008dd4    000000f0     drivers_msp432p401x.aem4f : I2CMSP432.oem4f (.text:I2CMSP432_transfer)
                  00008ec4    00000004     dpl_msp432p401x.aem4f : ClockP_tirtos.oem4f (.text:ClockP_start)
                  00008ec8    000000f0     sysbios.aem4f : BIOS.obj (.text:pthread_create)
                  00008fb8    000000f0                   : m3_Hwi_asm.obj (.text:ti_sysbios_family_arm_m3_Hwi_dispatch__I)
                  000090a8    000000e8     drivers_msp432p401x.aem4f : Button.oem4f (.text:Button_open)
                  00009190    000000e4     msp432p4xx_driverlib.lib : cs.o (.text:CS_startHFXTWithTimeout)
                  00009274    000000e4     motor.obj (.text:motor_init)
                  00009358    000000e4     ui.obj (.text:onCancel)
                  0000943c    000000e0     msp432p4xx_driverlib.lib : cs.o (.text:CS_startLFXTWithTimeout)
                  0000951c    000000e0     encoder.obj (.text:encoder_Thread)
                  000095fc    00000004     dpl_msp432p401x.aem4f : ClockP_tirtos.oem4f (.text:ClockP_stop)
                  00009600    000000e0     sysbios.aem4f : BIOS.obj (.text:ti_sysbios_knl_Task_Instance_init__E)
                  000096e0    000000dc     drivers_msp432p401x.aem4f : UARTMSP432.oem4f (.text:UARTMSP432_readPolling)
                  000097bc    000000dc                               : UDMAMSP432.oem4f (.text:UDMAMSP432_close)
                  00009898    000000dc     msp432p4xx_driverlib.lib : cs.o (.text:_CSGetHFXTFrequency)
                  00009974    000000d2     adcTSL1401.obj (.text:TSL1401_GetLine)
                  00009a46    00000002     ui.obj (.text:DrawMainMenuView)
                  00009a48    000000d0     sysbios.aem4f : BIOS.obj (.text:ti_sysbios_heaps_HeapMem_alloc__E)
                  00009b18    000000ca     drivers_msp432p401x.aem4f : UARTMSP432.oem4f (.text:UARTMSP432_hwiIntFxn)
                  00009be2    00000002     ui.obj (.text:DrawParamView)
                  00009be4    000000c8     drivers_msp432p401x.aem4f : TimerMSP432.oem4f (.text:TimerMSP432_start)
                  00009cac    000000c8     spi_lcd.obj (.text:lcd_Thread)
                  00009d74    00000004     dpl_msp432p401x.aem4f : HwiP_tirtos.oem4f (.text:HwiP_clearInterrupt)
                  00009d78    000000c4     sysbios.aem4f : BIOS.obj (.text:ti_sysbios_knl_Task_sleep__E)
                  00009e3c    000000c0     motor.obj (.text:motor_left_right_duty)
                  00009efc    000000bc     drivers_msp432p401x.aem4f : TimerMSP432.oem4f (.text:TimerMSP432_setPeriod)
                  00009fb8    000000b8                               : UARTMSP432.oem4f (.text:initHw)
                  0000a070    000000b8     ui.obj (.text:onDecrease)
                  0000a128    000000b8     drivers_msp432p401x.aem4f : UARTMSP432.oem4f (.text:readTaskCallback)
                  0000a1e0    000000b8     sysbios.aem4f : BIOS.obj (.text:ti_sysbios_family_arm_m3_Hwi_Instance_init__E)
                  0000a298    000000b4     msp432p4xx_driverlib.lib : adc14.o (.text:ADC14_configureConversionMemory)
                  0000a34c    000000b4     drivers_msp432p401x.aem4f : UARTMSP432.oem4f (.text:UARTMSP432_control)
                  0000a400    000000b4                               : UARTMSP432.oem4f (.text:UARTMSP432_writePolling)
                  0000a4b4    000000b1     rtsv7M4_T_le_v4SPD16_eabi.lib : _printfi.c.obj (.text:_ltostr)
                  0000a565    00000001     --HOLE-- [fill = 0]
                  0000a566    000000b0     msp432p4xx_driverlib.lib : spi.o (.text:SPI_initMaster)
                  0000a616    00000002     drivers_msp432p401x.aem4f : I2CMSP432.oem4f (.text:I2CMSP432_init)
                  0000a618    000000b0     spi_lcd.obj (.text:lcd_showchar)
                  0000a6c8    000000ac     drivers_msp432p401x.aem4f : GPIOMSP432.oem4f (.text:GPIO_init)
                  0000a774    000000ac                               : I2CMSP432.oem4f (.text:I2CMSP432_cancel)
                  0000a820    000000ac     ui.obj (.text:onEnter)
                  0000a8cc    00000004     dpl_msp432p401x.aem4f : HwiP_tirtos.oem4f (.text:HwiP_disable)
                  0000a8d0    000000aa     sysbios.aem4f : BIOS.obj (.text:xdc_runtime_Core_createObject__I)
                  0000a97a    00000002     drivers_msp432p401x.aem4f : LED.oem4f (.text:LED_init)
                  0000a97c    000000a8     ui.obj (.text:DrawEncoderView)
                  0000aa24    000000a8     drivers_msp432p401x.aem4f : UARTMSP432.oem4f (.text:UARTMSP432_write)
                  0000aacc    000000a8                               : UARTMSP432.oem4f (.text:readTaskBlocking)
                  0000ab74    00000004     dpl_msp432p401x.aem4f : HwiP_tirtos.oem4f (.text:HwiP_disableInterrupt)
                  0000ab78    000000a8     sysbios.aem4f : BIOS.obj (.text:ti_sysbios_family_arm_msp432_Timer_periodicStub__E)
                  0000ac20    000000a4     drivers_msp432p401x.aem4f : PWMTimerMSP432.oem4f (.text:PWMTimerMSP432_stop)
                  0000acc4    000000a4                               : TimerMSP432.oem4f (.text:initTimerHardware)
                  0000ad68    000000a4     sysbios.aem4f : BIOS.obj (.text:ti_sysbios_knl_Task_setPri__E)
                  0000ae0c    000000a0     auto_init.aem4f : auto_init.oem4f (.text)
                  0000aeac    000000a0     spi_lcd.obj (.text:lcd_writedata_16bit)
                  0000af4c    000000a0     ui.obj (.text:matconv)
                  0000afec    000000a0     ui.obj (.text:onIncrease)
                  0000b08c    000000a0     drivers_msp432p401x.aem4f : UARTMSP432.oem4f (.text:readIsrTextCallback)
                  0000b12c    0000009c                               : PowerMSP432.oem4f (.text:Power_init)
                  0000b1c8    0000009c     rtsv7M4_T_le_v4SPD16_eabi.lib : memcpy_t2.asm.obj (.text)
                  0000b264    0000009c     drivers_msp432p401x.aem4f : TimerMSP432.oem4f (.text:setT32TickCount)
                  0000b300    0000009c                               : TimerMSP432.oem4f (.text:setTATickCount)
                  0000b39c    0000009b     spi_lcd.obj (.text:lcd_showint32)
                  0000b437    00000001     --HOLE-- [fill = 0]
                  0000b438    00000096     rtsv7M4_T_le_v4SPD16_eabi.lib : ull_div_t2.asm.obj (.text)
                  0000b4ce    00000002     drivers_msp432p401x.aem4f : PWMTimerMSP432.oem4f (.text:PWMTimerMSP432_init)
                  0000b4d0    00000094                               : PWMTimerMSP432.oem4f (.text:PWMTimerMSP432_setDuty)
                  0000b564    00000094                               : UDMAMSP432.oem4f (.text:UDMAMSP432_init)
                  0000b5f8    00000094                               : UDMAMSP432.oem4f (.text:UDMAMSP432_open)
                  0000b68c    00000004     dpl_msp432p401x.aem4f : HwiP_tirtos.oem4f (.text:HwiP_enableInterrupt)
                  0000b690    00000094     sysbios.aem4f : BIOS.obj (.text:_pthread_removeThreadKeys)
                  0000b724    00000094     buttonled.obj (.text:doEventLogs)
                  0000b7b8    00000094     sysbios.aem4f : BIOS.obj (.text:ti_sysbios_family_arm_m3_Hwi_initNVIC__E)
                  0000b84c    00000004     drivers_msp432p401x.aem4f : SPIMSP432DMA.oem4f (.text:SPIMSP432DMA_init)
                  0000b850    00000094     sysbios.aem4f : BIOS.obj (.text:ti_sysbios_knl_Task_exit__E)
                  0000b8e4    00000092     drivers_msp432p401x.aem4f : UARTMSP432.oem4f (.text:UARTMSP432_close)
                  0000b976    00000092                               : UARTMSP432.oem4f (.text:writeData)
                  0000ba08    00000090     sysbios.aem4f : BIOS.obj (.text:ti_sysbios_knl_Task_Module_startup__E)
                  0000ba98    0000008c     drivers_msp432p401x.aem4f : ADCMSP432.oem4f (.text:ADCMSP432_open)
                  0000bb24    0000008c     ec11.obj (.text:Encoder_EC11_Init)
                  0000bbb0    0000008c     drivers_msp432p401x.aem4f : TimerMSP432.oem4f (.text:TimerMSP432_stop)
                  0000bc3c    0000008c     uart1.obj (.text:handleRecvEvt)
                  0000bcc8    0000008c     drivers_msp432p401x.aem4f : UARTMSP432.oem4f (.text:readIsrTextBlocking)
                  0000bd54    0000008c     sysbios.aem4f : m3_TaskSupport_asm.obj (.text:ti_sysbios_family_arm_m3_TaskSupport_buildTaskStack)
                  0000bde0    0000008c                   : BIOS.obj (.text:ti_sysbios_knl_Event_post__E)
                  0000be6c    00000004     dpl_msp432p401x.aem4f : SemaphoreP_tirtos.oem4f (.text:SemaphoreP_post)
                  0000be70    0000008c     sysbios.aem4f : BIOS.obj (.text:xdc_runtime_Memory_alloc__E)
                  0000befc    00000088     drivers_msp432p401x.aem4f : PWMTimerMSP432.oem4f (.text:PWMTimerMSP432_close)
                  0000bf84    00000086     rtsv7M4_T_le_v4SPD16_eabi.lib : fd_cmp_t2.asm.obj (.text:__aeabi_cdcmple)
                  0000c00a    00000086                                   : fd_cmp_t2.asm.obj (.text:__aeabi_cdrcmple)
                  0000c090    00000086     drivers_msp432p401x.aem4f : SPIMSP432DMA.oem4f (.text:initHw)
                  0000c116    00000002     dpl_msp432p401x.aem4f : PowerMSP432_tirtos.oem4f (.text:PowerMSP432_initPolicy)
                  0000c118    00000086     sysbios.aem4f : BIOS.obj (.text:xdc_runtime_Core_constructObject__I)
                  0000c19e    00000002     drivers_msp432p401x.aem4f : TimerMSP432.oem4f (.text:TimerMSP432_init)
                  0000c1a0    00000084     msp432p4xx_driverlib.lib : pcm.o (.text:PCM_gotoLPM3)
                  0000c224    00000084     drivers_msp432p401x.aem4f : PWMTimerMSP432.oem4f (.text:PWMTimerMSP432_start)
                  0000c2a8    00000084                               : PowerMSP432.oem4f (.text:restartHFXT)
                  0000c32c    00000004     dpl_msp432p401x.aem4f : SystemP_tirtos.oem4f (.text:SystemP_vsnprintf)
                  0000c330    00000084     sysbios.aem4f : BIOS.obj (.text:ti_sysbios_family_arm_m3_Hwi_postInit__I)
                  0000c3b4    00000004     release_pem4f.oem4f (.text:ti_sysbios_BIOS_RtsGateProxy_enter__E)
                  0000c3b8    00000084     sysbios.aem4f : BIOS.obj (.text:ti_sysbios_heaps_HeapMem_free__E)
                  0000c43c    00000080     ui.obj (.text:DrawPIDView)
                  0000c4bc    00000080     spi_lcd.obj (.text:lcd_writeData)
                  0000c53c    00000080     spi_lcd.obj (.text:lcd_writeIndex)
                  0000c5bc    00000004     release_pem4f.oem4f (.text:ti_sysbios_BIOS_RtsGateProxy_leave__E)
                  0000c5c0    00000080     sysbios.aem4f : BIOS.obj (.text:ti_sysbios_knl_Clock_workFunc__E)
                  0000c640    0000007c     drivers_msp432p401x.aem4f : PWMTimerMSP432.oem4f (.text:setConstraints)
                  0000c6bc    0000007a     spi_lcd.obj (.text:lcd_clear_rectangle)
                  0000c736    0000007a     rtsv7M4_T_le_v4SPD16_eabi.lib : memset_t2.asm.obj (.text)
                  0000c7b0    00000078     drivers_msp432p401x.aem4f : TimerMSP432.oem4f (.text:TimerMSP432_allocateTimerResource)
                  0000c828    00000076                               : I2CMSP432.oem4f (.text:I2CMSP432_close)
                  0000c89e    00000002                               : UARTMSP432.oem4f (.text:UARTMSP432_init)
                  0000c8a0    00000075     sysbios.aem4f : BIOS.obj (.text:xdc_runtime_System_formatNum__I)
                  0000c915    00000001     --HOLE-- [fill = 0]
                  0000c916    00000070     drivers_msp432p401x.aem4f : UARTMSP432.oem4f (.text:UARTMSP432_writeCancel)
                  0000c986    00000002     rtsv7M4_T_le_v4SPD16_eabi.lib : _lock.c.obj (.text:_nop)
                  0000c988    00000070     sysbios.aem4f : BIOS.obj (.text:ti_sysbios_heaps_HeapMem_initPrimary__I)
                  0000c9f8    0000006e     rtsv7M4_T_le_v4SPD16_eabi.lib : _printfi.c.obj (.text:_mcpy)
                  0000ca66    0000006e                                   : fd_tos_t2.asm.obj (.text)
                  0000cad4    0000006c     ui.obj (.text:DrawBootView)
                  0000cb40    0000006c     ui.obj (.text:DrawCCDView)
                  0000cbac    0000006c     msp432p4xx_driverlib.lib : i2c.o (.text:I2C_masterSendMultiByteFinish)
                  0000cc18    0000006c     sysbios.aem4f : BIOS.obj (.text:ti_sysbios_knl_Swi_restoreHwi__E)
                  0000cc84    0000006a     drivers_msp432p401x.aem4f : PWMTimerMSP432.oem4f (.text:perfChangeNotifyFxn)
                  0000ccee    00000002     adcTSL1401.obj (.text:delay)
                  0000ccf0    00000068     drivers_msp432p401x.aem4f : GPIOMSP432.oem4f (.text:GPIO_hwiIntFxn)
                  0000cd58    00000068                               : PowerMSP432.oem4f (.text:PowerMSP432_getFreqs)
                  0000cdc0    00000068     rtsv7M4_T_le_v4SPD16_eabi.lib : copy_decompress_lzss.c.obj (.text:decompress:lzss:__TI_decompress_lzss)
                  0000ce28    00000068     drivers_msp432p401x.aem4f : I2CMSP432.oem4f (.text:initHw)
                  0000ce90    00000068                               : PWMTimerMSP432.oem4f (.text:initHw)
                  0000cef8    00000066     sysbios.aem4f : BIOS.obj (.text:xdc_runtime_Core_deleteObject__I)
                  0000cf5e    00000002     ui.obj (.text:printvalue)
                  0000cf60    00000064     drivers_msp432p401x.aem4f : Button.oem4f (.text:Button_gpioCallbackFxn)
                  0000cfc4    00000064                               : SPIMSP432DMA.oem4f (.text:SPIMSP432DMA_close)
                  0000d028    00000064     rtsv7M4_T_le_v4SPD16_eabi.lib : s_frexp.c.obj (.text:frexp)
                  0000d08c    00000004     release_pem4f.oem4f (.text:ti_sysbios_family_arm_m3_Hwi_delete)
                  0000d090    00000064     sysbios.aem4f : BIOS.obj (.text:pthread_exit)
                  0000d0f4    00000004     release_pem4f.oem4f (.text:ti_sysbios_family_arm_m3_TaskSupport_Module__startupDone__S)
                  0000d0f8    00000064     sysbios.aem4f : BIOS.obj (.text:ti_sysbios_family_arm_m3_Hwi_dispatchC__I)
                  0000d15c    00000060     drivers_msp432p401x.aem4f : ADCMSP432.oem4f (.text:ADCMSP432_convertToMicroVolts)
                  0000d1bc    00000060     uart1.obj (.text:CheckSum)
                  0000d21c    00000060     ui.obj (.text:Draw)
                  0000d27c    00000060     drivers_msp432p401x.aem4f : GPIOMSP432.oem4f (.text:GPIO_setCallback)
                  0000d2dc    00000004     release_pem4f.oem4f (.text:ti_sysbios_heaps_HeapMem_Module_GateProxy_enter__E)
                  0000d2e0    00000060     sysbios.aem4f : BIOS.obj (.text:ti_sysbios_knl_Semaphore_post__E)
                  0000d340    00000060                   : BIOS.obj (.text:ti_sysbios_knl_Swi_run__I)
                  0000d3a0    0000005e     msp432p4xx_driverlib.lib : pcm.o (.text:PCM_getCoreVoltageLevel)
                  0000d3fe    00000002     rtsv7M4_T_le_v4SPD16_eabi.lib : div0.asm.obj (.text)
                  0000d400    0000005c     display.aem4f : Display.oem4f (.text:Display_doOpen)
                  0000d45c    0000005c     console.obj (.text:Display_uart_init)
                  0000d4b8    0000005c     ui.obj (.text:DrawFeatureView)
                  0000d514    0000005c     ui.obj (.text:DrawFlagView)
                  0000d570    0000005c     spi_lcd.obj (.text:lcd_clear)
                  0000d5cc    00000004     release_pem4f.oem4f (.text:ti_sysbios_heaps_HeapMem_Module_GateProxy_leave__E)
                  0000d5d0    0000005c     sysbios.aem4f : BIOS.obj (.text:ti_sysbios_knl_Swi_schedule__I)
                  0000d62c    00000004     release_pem4f.oem4f (.text:ti_sysbios_knl_Clock_TimerProxy_getMaxTicks__E)
                  0000d630    0000005c     sysbios.aem4f : BIOS.obj (.text:ti_sysbios_knl_Task_startCore__E)
                  0000d68c    00000004     release_pem4f.oem4f (.text:ti_sysbios_knl_Clock_delete)
                  0000d690    0000005c     sysbios.aem4f : BIOS.obj (.text:xdc_runtime_Startup_exec__E)
                  0000d6ec    0000005a     msp432p4xx_driverlib.lib : pcm.o (.text:PCM_getPowerMode)
                  0000d746    0000005a     drivers_msp432p401x.aem4f : ADCMSP432.oem4f (.text:initHw)
                  0000d7a0    00000058                               : GPIOMSP432.oem4f (.text:GPIO_write)
                  0000d7f8    00000058     boot.aem4f : boot.oem4f (.text)
                  0000d850    00000058     drivers_msp432p401x.aem4f : UARTMSP432.oem4f (.text:readIsrBinaryBlocking)
                  0000d8a8    00000058                               : SPIMSP432DMA.oem4f (.text:spiHwiFxn)
                  0000d900    00000058     sysbios.aem4f : m3_Hwi_asm_switch.obj (.text:ti_sysbios_family_arm_m3_Hwi_initStacks__E)
                  0000d958    00000056     rtsv7M4_T_le_v4SPD16_eabi.lib : _printfi.c.obj (.text:_pconv_f)
                  0000d9ae    00000056     drivers_msp432p401x.aem4f : I2CMSP432.oem4f (.text:completeTransfer)
                  0000da04    00000054     msp432p4xx_driverlib.lib : pcm.o (.text:PCM_shutdownDevice)
                  0000da58    00000054     drivers_msp432p401x.aem4f : TimerMSP432.oem4f (.text:TimerMSP432_freeTimerResource)
                  0000daac    00000054     rtsv7M4_T_le_v4SPD16_eabi.lib : _ltoa.c.obj (.text:__TI_ltoa)
                  0000db00    00000054     beep.obj (.text:beep_init)
                  0000db54    00000054     uart1.obj (.text:handleMoveEvt)
                  0000dba8    00000054     release_pem4f.oem4f (.text:ti_sysbios_family_arm_m3_Hwi_create)
                  0000dbfc    00000004     release_pem4f.oem4f (.text:ti_sysbios_knl_Semaphore_delete)
                  0000dc00    00000054     sysbios.aem4f : BIOS.obj (.text:ti_sysbios_family_arm_msp432_Timer_initDevice__I)
                  0000dc54    00000052     rtsv7M4_T_le_v4SPD16_eabi.lib : _printfi.c.obj (.text:_ecpy)
                  0000dca6    00000002     release_pem4f.oem4f (.text:ti_sysbios_BIOS_nullFunc__I)
                  0000dca8    00000050     dpl_msp432p401x.aem4f : ClockP_tirtos.oem4f (.text:ClockP_create)
                  0000dcf8    00000050     drivers_msp432p401x.aem4f : LED.oem4f (.text:LED_startBlinking)
                  0000dd48    00000050                               : TimerMSP432.oem4f (.text:TimerMSP432_hwiIntFunction)
                  0000dd98    00000050                               : UDMAMSP432.oem4f (.text:UDMAMSP432_hwiFxn)
                  0000dde8    00000050     ui.obj (.text:gotoViewById)
                  0000de38    00000050     sysbios.aem4f : BIOS.obj (.text:ti_sysbios_family_arm_m3_Hwi_Module_startup__E)
                  0000de88    00000050     release_pem4f.oem4f (.text:ti_sysbios_knl_Task_create)
                  0000ded8    00000050     ui.obj (.text:ui_init)
                  0000df28    0000004e     drivers_msp432p401x.aem4f : TimerMSP432.oem4f (.text:TimerMSP432_close)
                  0000df76    0000004e     spi_lcd.obj (.text:lcd_showstr)
                  0000dfc4    0000004c     dpl_msp432p401x.aem4f : PowerMSP432_tirtos.oem4f (.text:PowerMSP432_sleepPolicy)
                  0000e010    0000004c     rtsv7M4_T_le_v4SPD16_eabi.lib : atoi.c.obj (.text:atoi)
                  0000e05c    0000004c     beep.obj (.text:beep_set)
                  0000e0a8    0000004c     rtsv7M4_T_le_v4SPD16_eabi.lib : cpy_tbl.c.obj (.text:copy_in)
                  0000e0f4    0000004c     drivers_msp432p401x.aem4f : UARTMSP432.oem4f (.text:readIsrBinaryCallback)
                  0000e140    0000004c     sysbios.aem4f : BIOS.obj (.text:ti_sysbios_family_arm_msp432_Timer_postInit__I)
                  0000e18c    00000004     release_pem4f.oem4f (.text:ti_sysbios_knl_Task_delete)
                  0000e190    0000004c     sysbios.aem4f : BIOS.obj (.text:ti_sysbios_family_arm_msp432_Timer_start__E)
                  0000e1dc    00000004     release_pem4f.oem4f (.text:xdc_runtime_System_Module_GateProxy_enter__E)
                  0000e1e0    0000004c     sysbios.aem4f : BIOS.obj (.text:ti_sysbios_heaps_HeapMem_getStats__E)
                  0000e22c    00000004     release_pem4f.oem4f (.text:xdc_runtime_System_Module_GateProxy_leave__E)
                  0000e230    0000004c     sysbios.aem4f : BIOS.obj (.text:ti_sysbios_knl_Swi_runLoop__I)
                  0000e27c    00000004     --HOLE-- [fill = 0]
                  0000e280    0000004c                   : BIOS.obj (.text:ti_sysbios_knl_Task_allBlockedFunction__I)
                  0000e2cc    00000004     --HOLE-- [fill = 0]
                  0000e2d0    0000004c                   : BIOS.obj (.text:ti_sysbios_knl_Task_schedule__I)
                  0000e31c    0000004a     display.aem4f : DisplayUart.oem4f (.text:DisplayUartMin_open)
                  0000e366    00000002     --HOLE-- [fill = 0]
                  0000e368    00000048     drivers_msp432p401x.aem4f : PowerMSP432.oem4f (.text:Power_releaseConstraint)
                  0000e3b0    00000048     rtsv7M4_T_le_v4SPD16_eabi.lib : fd_toi_t2.asm.obj (.text)
                  0000e3f8    00000048     sysbios.aem4f : BIOS.obj (.text:ti_sysbios_family_arm_m3_Hwi_disableInterrupt__E)
                  0000e440    00000048                   : BIOS.obj (.text:ti_sysbios_family_arm_m3_Hwi_enableInterrupt__E)
                  0000e488    00000048                   : BIOS.obj (.text:ti_sysbios_knl_Mailbox_Module_startup__E)
                  0000e4d0    00000048                   : BIOS.obj (.text:xdc_runtime_Core_assignParams__I)
                  0000e518    00000046     display.aem4f : DisplayUart.oem4f (.text:DisplayUartMin_vprintf)
                  0000e55e    00000046     drivers_msp432p401x.aem4f : RingBuf.oem4f (.text:RingBuf_put)
                  0000e5a4    00000044                               : ADC.oem4f (.text:ADC_init)
                  0000e5e8    00000044     ui.obj (.text:HandleFlashView)
                  0000e62c    00000044     drivers_msp432p401x.aem4f : I2C.oem4f (.text:I2C_init)
                  0000e670    00000044                               : PWM.oem4f (.text:PWM_init)
                  0000e6b4    00000044                               : SPI.oem4f (.text:SPI_init)
                  0000e6f8    00000044                               : Timer.oem4f (.text:Timer_init)
                  0000e73c    00000044                               : UART.oem4f (.text:UART_init)
                  0000e780    00000044                               : I2CMSP432.oem4f (.text:perfChangeNotifyFxn)
                  0000e7c4    00000044     rtsv7M4_T_le_v4SPD16_eabi.lib : fd_tou_t2.asm.obj (.text)
                  0000e808    00000044     sysbios.aem4f : BIOS.obj (.text:ti_sysbios_family_arm_m3_Hwi_getStackInfo__E)
                  0000e84c    00000004     --HOLE-- [fill = 0]
                  0000e850    00000044                   : BIOS.obj (.text:ti_sysbios_knl_Swi_post__E)
                  0000e894    00000040     drivers_msp432p401x.aem4f : ADCMSP432.oem4f (.text:ADCMSP432_close)
                  0000e8d4    00000040                               : ADC.oem4f (.text:ADC_open)
                  0000e914    00000040     ui.obj (.text:HandleBootView)
                  0000e954    00000040     dpl_msp432p401x.aem4f : HwiP_tirtos.oem4f (.text:HwiP_create)
                  0000e994    00000040     drivers_msp432p401x.aem4f : I2C.oem4f (.text:I2C_open)
                  0000e9d4    00000040                               : PWM.oem4f (.text:PWM_open)
                  0000ea14    00000040                               : RingBuf.oem4f (.text:RingBuf_get)
                  0000ea54    00000040                               : SPI.oem4f (.text:SPI_open)
                  0000ea94    00000040     adcTSL1401.obj (.text:TSL1401_adc_Thread)
                  0000ead4    00000040     drivers_msp432p401x.aem4f : Timer.oem4f (.text:Timer_open)
                  0000eb14    00000040                               : UARTMSP432.oem4f (.text:UARTMSP432_read)
                  0000eb54    00000040                               : UART.oem4f (.text:UART_open)
                  0000eb94    00000040                               : PWMTimerMSP432.oem4f (.text:getDutyCounts)
                  0000ebd4    00000040                               : PWMTimerMSP432.oem4f (.text:getPeriodCounts)
                  0000ec14    00000040     msp432p4xx_driverlib.lib : spi.o (.text:is_A_Module)
                  0000ec54    00000040     drivers_msp432p401x.aem4f : UARTMSP432.oem4f (.text:perfChangeNotifyFxn)
                  0000ec94    00000040     rtsv7M4_T_le_v4SPD16_eabi.lib : u_divt2.asm.obj (.text)
                  0000ecd4    00000040                                   : sprintf.c.obj (.text:sprintf)
                  0000ed14    00000004     --HOLE-- [fill = 0]
                  0000ed18    00000040     sysbios.aem4f : BIOS.obj (.text:ti_sysbios_family_arm_msp432_Timer_Module_startup__E)
                  0000ed58    00000040                   : BIOS.obj (.text:ti_sysbios_family_arm_msp432_Timer_startup__E)
                  0000ed98    00000040                   : BIOS.obj (.text:ti_sysbios_heaps_HeapMem_Instance_init__E)
                  0000edd8    00000040                   : BIOS.obj (.text:ti_sysbios_knl_Clock_Instance_init__E)
                  0000ee18    0000003e     drivers_msp432p401x.aem4f : LED.oem4f (.text:LED_setBrightnessLevel)
                  0000ee56    0000003e     rtsv7M4_T_le_v4SPD16_eabi.lib : _printfi.c.obj (.text:_fcpy)
                  0000ee94    0000003c     drivers_msp432p401x.aem4f : LED.oem4f (.text:LED_setOff)
                  0000eed0    0000003c     dpl_msp432p401x.aem4f : SemaphoreP_tirtos.oem4f (.text:SemaphoreP_create)
                  0000ef0c    0000003c     console.obj (.text:consoleThread)
                  0000ef48    0000003c     sysbios.aem4f : BIOS.obj (.text:sleep)
                  0000ef84    00000004     --HOLE-- [fill = 0]
                  0000ef88    0000003c                   : BIOS.obj (.text:ti_sysbios_family_arm_m3_Hwi_Instance_finalize__E)
                  0000efc4    00000004     --HOLE-- [fill = 0]
                  0000efc8    0000003c                   : BIOS.obj (.text:ti_sysbios_family_arm_msp432_Seconds_Module_startup__E)
                  0000f004    0000003c     release_pem4f.oem4f (.text:ti_sysbios_knl_Clock_create)
                  0000f040    0000003c     sysbios.aem4f : BIOS.obj (.text:ti_sysbios_knl_Swi_restore__E)
                  0000f07c    00000004     --HOLE-- [fill = 0]
                  0000f080    0000003c                   : BIOS.obj (.text:usleep)
                  0000f0bc    00000038     drivers_msp432p401x.aem4f : GPIOMSP432.oem4f (.text:GPIO_toggle)
                  0000f0f4    00000038                               : PowerMSP432.oem4f (.text:Power_setConstraint)
                  0000f12c    00000038                               : TimerMSP432.oem4f (.text:TimerMSP432_getCount)
                  0000f164    00000038                               : PowerMSP432.oem4f (.text:notify)
                  0000f19c    00000038     rtsv7M4_T_le_v4SPD16_eabi.lib : fs_tod_t2.asm.obj (.text)
                  0000f1d4    00000038     uart1.obj (.text:uart1_Thread)
                  0000f20c    00000004     --HOLE-- [fill = 0]
                  0000f210    00000038     sysbios.aem4f : BIOS.obj (.text:xdc_runtime_System_atexit__E)
                  0000f248    00000036     drivers_msp432p401x.aem4f : LED.oem4f (.text:LED_setOn)
                  0000f27e    00000036                               : UARTMSP432.oem4f (.text:UARTMSP432_readCancel)
                  0000f2b4    00000036                               : LED.oem4f (.text:clockTimeoutHandler)
                  0000f2ea    00000002     --HOLE-- [fill = 0]
                  0000f2ec    00000034                               : GPIOMSP432.oem4f (.text:GPIO_disableInt)
                  0000f320    00000034                               : GPIOMSP432.oem4f (.text:GPIO_enableInt)
                  0000f354    00000034     release_pem4f.oem4f (.text:ti_sysbios_knl_Semaphore_create)
                  0000f388    00000032     sysbios.aem4f : BIOS.obj (.text:ti_sysbios_hal_Hwi_initStack)
                  0000f3ba    00000006     display.aem4f : DisplayUart.oem4f (.text:DisplayUartMin_control)
                  0000f3c0    00000032     sysbios.aem4f : BIOS.obj (.text:xdc_runtime_System_putchar__I)
                  0000f3f2    00000002     --HOLE-- [fill = 0]
                  0000f3f4    00000030     drivers_msp432p401x.aem4f : ADCMSP432.oem4f (.text:ADCMSP432_init)
                  0000f424    00000030     uart1.obj (.text:ecoTaskInit)
                  0000f454    00000030     drivers_msp432p401x.aem4f : I2CMSP432.oem4f (.text:mapPin)
                  0000f484    00000030                               : PWMTimerMSP432.oem4f (.text:mapPin)
                  0000f4b4    00000030                               : SPIMSP432DMA.oem4f (.text:mapPin)
                  0000f4e4    00000030                               : UARTMSP432.oem4f (.text:mapPin)
                  0000f514    00000030     release_pem4f.oem4f (.text:ti_sysbios_BIOS_atExitFunc__I)
                  0000f544    00000030     release_pem4f.oem4f (.text:ti_sysbios_BIOS_startFunc__I)
                  0000f574    00000004     --HOLE-- [fill = 0]
                  0000f578    00000030     sysbios.aem4f : BIOS.obj (.text:ti_sysbios_family_arm_m3_TaskSupport_start__E)
                  0000f5a8    00000030     release_pem4f.oem4f (.text:ti_sysbios_gates_GateHwi_Object__create__S)
                  0000f5d8    00000030     release_pem4f.oem4f (.text:ti_sysbios_gates_GateMutex_Object__create__S)
                  0000f608    00000030     sysbios.aem4f : BIOS.obj (.text:ti_sysbios_gates_GateMutex_enter__E)
                  0000f638    00000030     release_pem4f.oem4f (.text:ti_sysbios_heaps_HeapMem_Object__create__S)
                  0000f668    00000030     sysbios.aem4f : BIOS.obj (.text:ti_sysbios_knl_Event_pendTimeout__I)
                  0000f698    00000030                   : BIOS.obj (.text:ti_sysbios_knl_Mailbox_postInit__I)
                  0000f6c8    00000030     release_pem4f.oem4f (.text:ti_sysbios_knl_Semaphore_construct)
                  0000f6f8    00000030     sysbios.aem4f : BIOS.obj (.text:ti_sysbios_knl_Semaphore_pendTimeout__I)
                  0000f728    00000030                   : BIOS.obj (.text:ti_sysbios_knl_Task_processVitalTaskFlag__I)
                  0000f758    00000030                   : BIOS.obj (.text:ti_sysbios_knl_Task_restore__E)
                  0000f788    00000030                   : BIOS.obj (.text:ti_sysbios_knl_Task_unblockI__E)
                  0000f7b8    00000030                   : BIOS.obj (.text:xdc_runtime_System_processAtExit__E)
                  0000f7e8    0000002e                   : BIOS.obj (.text:pthread_setcancelstate)
                  0000f816    0000002e     rtsv7M4_T_le_v4SPD16_eabi.lib : i_tofd_t2.asm.obj (.text)
                  0000f844    0000002c     encoder.obj (.text:ENCODER_1A_CB)
                  0000f870    0000002c     encoder.obj (.text:ENCODER_1B_CB)
                  0000f89c    0000002c     encoder.obj (.text:ENCODER_2A_CB)
                  0000f8c8    0000002c     encoder.obj (.text:ENCODER_2B_CB)
                  0000f8f4    0000002c     encoder.obj (.text:ENCODER_3A_CB)
                  0000f920    0000002c     encoder.obj (.text:ENCODER_3B_CB)
                  0000f94c    0000002c     encoder.obj (.text:ENCODER_4A_CB)
                  0000f978    0000002c     encoder.obj (.text:ENCODER_4B_CB)
                  0000f9a4    0000002c     dpl_msp432p401x.aem4f : PowerMSP432_tirtos.oem4f (.text:PowerMSP432_updateFreqs)
                  0000f9d0    0000002c     msp432p4xx_driverlib.lib : rtc_c.o (.text:RTC_C_holdClock)
                  0000f9fc    0000002c     dpl_msp432p401x.aem4f : SemaphoreP_tirtos.oem4f (.text:SemaphoreP_createBinary)
                  0000fa28    0000002c     sysbios.aem4f : BIOS.obj (.text:_pthread_cleanupFxn)
                  0000fa54    00000004     --HOLE-- [fill = 0]
                  0000fa58    0000002c                   : BIOS.obj (.text:_pthread_delete$43)
                  0000fa84    0000002c     ec11.obj (.text:ec11_read)
                  0000fab0    0000002c     spi_lcd.obj (.text:lcd_drawpoint)
                  0000fadc    0000002c     drivers_msp432p401x.aem4f : TimerMSP432.oem4f (.text:perfChangeNotifyFxn)
                  0000fb08    0000002c     release_pem4f.oem4f (.text:ti_sysbios_gates_GateHwi_Handle__label__S)
                  0000fb34    0000002c     release_pem4f.oem4f (.text:ti_sysbios_gates_GateMutex_Handle__label__S)
                  0000fb60    0000002c     release_pem4f.oem4f (.text:ti_sysbios_heaps_HeapMem_Handle__label__S)
                  0000fb8c    0000002c     release_pem4f.oem4f (.text:ti_sysbios_knl_Clock_doTick__I)
                  0000fbb8    0000002c     release_pem4f.oem4f (.text:ti_sysbios_knl_Event_construct)
                  0000fbe4    0000002c     release_pem4f.oem4f (.text:ti_sysbios_knl_Queue_construct)
                  0000fc10    0000002c     uart1.obj (.text:uartReadCallback)
                  0000fc3c    0000002a     display.aem4f : Display.oem4f (.text:Display_doPrintf)
                  0000fc66    0000002a     drivers_msp432p401x.aem4f : SPIMSP432DMA.oem4f (.text:perfChangeNotifyFxn)
                  0000fc90    00000028     msp432p4xx_driverlib.lib : adc14.o (.text:ADC14_getResult)
                  0000fcb8    00000028     display.aem4f : Display.oem4f (.text:Display_doInit)
                  0000fce0    00000028     msp432p4xx_driverlib.lib : pcm.o (.text:PCM_gotoLPM0)
                  0000fd08    00000028     drivers_msp432p401x.aem4f : PowerMSP432.oem4f (.text:Power_registerNotify)
                  0000fd30    00000028     msp432p4xx_driverlib.lib : spi.o (.text:SPI_getInterruptStatus)
                  0000fd58    00000028     drivers_msp432p401x.aem4f : PowerMSP432.oem4f (.text:disableFaultCounter)
                  0000fd80    00000028                               : PowerMSP432.oem4f (.text:disableHFXT)
                  0000fda8    00000028                               : UARTMSP432.oem4f (.text:findBaudDividerIndex)
                  0000fdd0    00000028     sysbios.aem4f : m3_Hwi_asm.obj (.text:ti_sysbios_family_arm_m3_Hwi_excHandlerAsm__I)
                  0000fdf8    00000028                   : BIOS.obj (.text:ti_sysbios_knl_Clock_addI__E)
                  0000fe20    00000028                   : BIOS.obj (.text:ti_sysbios_knl_Swi_Module_startup__E)
                  0000fe48    00000026     drivers_msp432p401x.aem4f : List.oem4f (.text:List_put)
                  0000fe6e    00000026                               : List.oem4f (.text:List_remove)
                  0000fe94    00000026                               : PWMTimerMSP432.oem4f (.text:releaseConstraints)
                  0000feba    00000026     sysbios.aem4f : m3_Hwi_asm.obj (.text:ti_sysbios_family_arm_m3_Hwi_pendSV__I)
                  0000fee0    00000024     msp432p4xx_driverlib.lib : wdt_a.o (.text:WDT_A_holdTimer)
                  0000ff04    00000024     beep.obj (.text:beep_pwm_Thread)
                  0000ff28    00000024     sysbios.aem4f : BIOS.obj (.text:pthread_attr_init)
                  0000ff4c    00000024     release_pem4f.oem4f (.text:ti_sysbios_BIOS_registerRTSLock__I)
                  0000ff70    00000024     release_pem4f.oem4f (.text:ti_sysbios_BIOS_removeRTSLock__I)
                  0000ff94    00000004     --HOLE-- [fill = 0]
                  0000ff98    00000024     sysbios.aem4f : BIOS.obj (.text:ti_sysbios_family_arm_msp432_ClockFreqs_setFrequency__E)
                  0000ffbc    00000024     release_pem4f.oem4f (.text:ti_sysbios_gates_GateMutex_Object__delete__S)
                  0000ffe0    00000024     sysbios.aem4f : BIOS.obj (.text:ti_sysbios_knl_Clock_Module_startup__E)
                  00010004    00000024     release_pem4f.oem4f (.text:ti_sysbios_knl_Clock_Object__delete__S)
                  00010028    00000024     sysbios.aem4f : BIOS.obj (.text:ti_sysbios_knl_Clock_start__E)
                  0001004c    00000004     --HOLE-- [fill = 0]
                  00010050    00000024                   : BIOS.obj (.text:ti_sysbios_knl_Semaphore_Instance_init__E)
                  00010074    00000024     release_pem4f.oem4f (.text:ti_sysbios_knl_Semaphore_Object__delete__S)
                  00010098    00000024     sysbios.aem4f : BIOS.obj (.text:ti_sysbios_knl_Task_restoreHwi__E)
                  000100bc    00000004     --HOLE-- [fill = 0]
                  000100c0    00000024                   : BIOS.obj (.text:xdc_runtime_Error_policyMin__E)
                  000100e4    00000022     drivers_msp432p401x.aem4f : LED.oem4f (.text:LED_stopBlinking)
                  00010106    00000022     ui.obj (.text:is_number)
                  00010128    00000020     msp432p4xx_driverlib.lib : cs.o (.text:CS_setExternalClockSourceFrequency)
                  00010148    00000020     drivers_msp432p401x.aem4f : GPIOMSP432.oem4f (.text:GPIO_read)
                  00010168    00000020                               : PowerMSP432.oem4f (.text:Power_unregisterNotify)
                  00010188    00000020                               : RingBuf.oem4f (.text:RingBuf_peek)
                  000101a8    00000020     rtsv7M4_T_le_v4SPD16_eabi.lib : u_tofd_t2.asm.obj (.text)
                  000101c8    00000020     release_pem4f.oem4f (.text:ti_sysbios_BIOS_rtsLock__I)
                  000101e8    00000020     release_pem4f.oem4f (.text:ti_sysbios_family_arm_m3_Hwi_Object__delete__S)
                  00010208    00000020     sysbios.aem4f : BIOS.obj (.text:ti_sysbios_family_arm_m3_Hwi_clearInterrupt__E)
                  00010228    00000020     release_pem4f.oem4f (.text:ti_sysbios_gates_GateHwi_Object__delete__S)
                  00010248    00000020     release_pem4f.oem4f (.text:ti_sysbios_heaps_HeapMem_Object__delete__S)
                  00010268    00000020     sysbios.aem4f : BIOS.obj (.text:ti_sysbios_knl_Idle_run__E)
                  00010288    00000020     release_pem4f.oem4f (.text:ti_sysbios_knl_Semaphore_destruct)
                  000102a8    00000020     release_pem4f.oem4f (.text:ti_sysbios_knl_Task_Object__delete__S)
                  000102c8    0000001e     drivers_msp432p401x.aem4f : PWMTimerMSP432.oem4f (.text:corroboratePeriod)
                  000102e6    0000001e                               : Button.oem4f (.text:msToTicks)
                  00010304    0000001e                               : LED.oem4f (.text:msToTicks)
                  00010322    0000001e     sysbios.aem4f : m3_Hwi_asm_switch.obj (.text:ti_sysbios_family_xxx_Hwi_switchAndRunFunc)
                  00010340    0000001c     ti_drivers_config.obj (.text:dmaErrorFxn)
                  0001035c    0000001c     rtsv7M4_T_le_v4SPD16_eabi.lib : memccpy.c.obj (.text:memccpy)
                  00010378    0000001c     sysbios.aem4f : BIOS.obj (.text:ti_sysbios_family_arm_m3_Hwi_excHandler__I)
                  00010394    00000004     --HOLE-- [fill = 0]
                  00010398    0000001c                   : BIOS.obj (.text:ti_sysbios_gates_GateMutex_Instance_init__E)
                  000103b4    00000004     --HOLE-- [fill = 0]
                  000103b8    0000001c                   : BIOS.obj (.text:ti_sysbios_knl_Clock_Instance_finalize__E)
                  000103d4    0000001c     release_pem4f.oem4f (.text:ti_sysbios_knl_Queue_destruct)
                  000103f0    0000001c     sysbios.aem4f : BIOS.obj (.text:ti_sysbios_knl_Queue_put__E)
                  0001040c    00000004     --HOLE-- [fill = 0]
                  00010410    0000001c                   : BIOS.obj (.text:ti_sysbios_knl_Task_enter__I)
                  0001042c    00000004     --HOLE-- [fill = 0]
                  00010430    0000001c                   : BIOS.obj (.text:ti_sysbios_rts_ti_ReentSupport_getReent__F)
                  0001044c    00000004     --HOLE-- [fill = 0]
                  00010450    0000001c                   : BIOS.obj (.text:xdc_runtime_Memory_valloc__E)
                  0001046c    00000004     --HOLE-- [fill = 0]
                  00010470    0000001c                   : BIOS.obj (.text:xdc_runtime_System_abort__E)
                  0001048c    0000001a     drivers_msp432p401x.aem4f : LED.oem4f (.text:LED_toggle)
                  000104a6    0000001a     rtsv7M4_T_le_v4SPD16_eabi.lib : s_copysign.c.obj (.text:copysign)
                  000104c0    00000018     release_pem4f.oem4f (.text:.bootCodeSection:ti_sysbios_family_arm_msp432_init_Boot_init__I)
                  000104d8    00000018     msp432p4xx_driverlib.lib : spi.o (.text:EUSCI_A_SPI_getInterruptStatus)
                  000104f0    00000018                              : spi.o (.text:EUSCI_B_SPI_getInterruptStatus)
                  00010508    00000018     drivers_msp432p401x.aem4f : I2C.oem4f (.text:I2C_transfer)
                  00010520    00000018     msp432p4xx_driverlib.lib : sysctl_a.o (.text:SysCtl_A_disableNMISource)
                  00010538    00000018                              : sysctl_a.o (.text:SysCtl_A_enableNMISource)
                  00010550    00000018     drivers_msp432p401x.aem4f : UART.oem4f (.text:UART_Params_init)
                  00010568    00000018     rtsv7M4_T_le_v4SPD16_eabi.lib : args_main.c.obj (.text:_args_main)
                  00010580    00000018                                   : sprintf.c.obj (.text:_outs)
                  00010598    00000018     drivers_msp432p401x.aem4f : PWMTimerMSP432.oem4f (.text:corroborateDuty)
                  000105b0    00000018     release_pem4f.oem4f (.text:ti_sysbios_BIOS_rtsUnlock__I)
                  000105c8    00000018     release_pem4f.oem4f (.text:ti_sysbios_family_arm_m3_Hwi_Module__startupDone__F)
                  000105e0    00000018     sysbios.aem4f : m3_TaskSupport_asm.obj (.text:ti_sysbios_family_arm_m3_TaskSupport_swap__E)
                  000105f8    00000018     release_pem4f.oem4f (.text:ti_sysbios_family_arm_msp432_Timer_Module__startupDone__F)
                  00010610    00000018     sysbios.aem4f : BIOS.obj (.text:ti_sysbios_gates_GateMutex_leave__E)
                  00010628    00000018                   : BIOS.obj (.text:ti_sysbios_knl_Task_sleepTimeout__I)
                  00010640    00000018     release_pem4f.oem4f (.text:ti_sysbios_rts_ti_ReentSupport_getTlsAddr__I)
                  00010658    00000018     sysbios.aem4f : BIOS.obj (.text:xdc_runtime_Error_init__E)
                  00010670    00000018                   : BIOS.obj (.text:xdc_runtime_System_exit__E)
                  00010688    00000016     display.aem4f : DisplayUart.oem4f (.text:DisplayUartMin_close)
                  0001069e    00000016     rtsv7M4_T_le_v4SPD16_eabi.lib : strchr.c.obj (.text:strchr)
                  000106b4    00000016     release_pem4f.oem4f (.text:ti_sysbios_BIOS_exitFunc__I)
                  000106ca    00000016     uart1.obj (.text:ti_sysbios_knl_Event_Params_init)
                  000106e0    00000016     sysbios.aem4f : BIOS.obj (.text:ti_sysbios_knl_Task_unblock__E)
                  000106f6    00000002     --HOLE-- [fill = 0]
                  000106f8    00000014     msp432p4xx_driverlib.lib : pcm.o (.text:PCM_getPowerState)
                  0001070c    00000014     drivers_msp432p401x.aem4f : PWM.oem4f (.text:PWM_Params_init)
                  00010720    00000014                               : PowerMSP432.oem4f (.text:Power_idleFunc)
                  00010734    00000014                               : SPI.oem4f (.text:SPI_Params_init)
                  00010748    00000014                               : UARTMSP432.oem4f (.text:clearTXCPTIFG)
                  0001075c    00000004     --HOLE-- [fill = 0]
                  00010760    00000014     sysbios.aem4f : BIOS.obj (.text:pthread_attr_setschedparam)
                  00010774    00000014     rtsv7M4_T_le_v4SPD16_eabi.lib : strlen.c.obj (.text:strlen)
                  00010788    00000014     release_pem4f.oem4f (.text:ti_sysbios_family_arm_m3_Hwi_Object__get__S)
                  0001079c    00000004     --HOLE-- [fill = 0]
                  000107a0    00000014     sysbios.aem4f : BIOS.obj (.text:ti_sysbios_family_arm_m3_Hwi_switchFromBootStack__E)
                  000107b4    00000014     release_pem4f.oem4f (.text:ti_sysbios_heaps_HeapMem_Object__get__S)
                  000107c8    00000014     sysbios.aem4f : BIOS.obj (.text:ti_sysbios_knl_Event_Instance_init__E)
                  000107dc    00000014     release_pem4f.oem4f (.text:ti_sysbios_knl_Swi_Object__get__S)
                  000107f0    00000014     drivers_msp432p401x.aem4f : Button.oem4f (.text:ticksToMs)
                  00010804    00000014                               : Button.oem4f (.text:timediff)
                  00010818    00000012                               : LED.oem4f (.text:LED_Params_init)
                  0001082a    00000012                               : RingBuf.oem4f (.text:RingBuf_construct)
                  0001083c    00000012     dpl_msp432p401x.aem4f : SemaphoreP_tirtos.oem4f (.text:SemaphoreP_pend)
                  0001084e    00000002     --HOLE-- [fill = 0]
                  00010850    00000012     sysbios.aem4f : BIOS.obj (.text:_pthread_cleanup_pop)
                  00010862    00000006     display.aem4f : DisplayUart.oem4f (.text:DisplayUartMin_getType)
                  00010868    00000012     sysbios.aem4f : BIOS.obj (.text:_pthread_runStub$43)
                  0001087a    00000006     display.aem4f : Display.oem4f (.text:Display_doParamsInit)
                  00010880    00000012     sysbios.aem4f : BIOS.obj (.text:ti_sysbios_hal_Hwi_Module_startup__E)
                  00010892    00000012     rtsv7M4_T_le_v4SPD16_eabi.lib : wcslen.c.obj (.text:wcslen)
                  000108a4    00000012     release_pem4f.oem4f (.text:xdc_runtime_Startup_exec__I)
                  000108b6    00000002     --HOLE-- [fill = 0]
                  000108b8    00000010     msp432p4xx_driverlib.lib : adc14.o (.text:ADCIsConversionRunning)
                  000108c8    00000010     drivers_msp432p401x.aem4f : Button.oem4f (.text:Button_Params_init)
                  000108d8    00000010                               : GPIOMSP432.oem4f (.text:GPIO_getConfig)
                  000108e8    00000010     dpl_msp432p401x.aem4f : HwiP_tirtos.oem4f (.text:HwiP_Params_init)
                  000108f8    00000010     drivers_msp432p401x.aem4f : I2C.oem4f (.text:I2C_Params_init)
                  00010908    00000010     msp432p4xx_driverlib.lib : pcm.o (.text:PCM_gotoLPM4)
                  00010918    00000010                              : pcm.o (.text:PCM_setPowerMode)
                  00010928    00000010                              : pcm.o (.text:PCM_setPowerState)
                  00010938    00000010     drivers_msp432p401x.aem4f : PowerMSP432.oem4f (.text:PowerMSP432_getNumPerfLevels)
                  00010948    00000010     msp432p4xx_driverlib.lib : sysctl_a.o (.text:SysCtl_A_getNMISourceStatus)
                  00010958    00000010                              : sysctl.o (.text:SysCtl_getNMISourceStatus)
                  00010968    00000010     drivers_msp432p401x.aem4f : Timer.oem4f (.text:Timer_Params_init)
                  00010978    00000010                               : UARTMSP432.oem4f (.text:readBlockingTimeout)
                  00010988    00000010     sysbios.aem4f : BIOS.obj (.text:ti_sysbios_BIOS_exit__E)
                  00010998    00000010                   : BIOS.obj (.text:ti_sysbios_BIOS_setCpuFreq__E)
                  000109a8    00000010                   : BIOS.obj (.text:ti_sysbios_BIOS_setThreadType__E)
                  000109b8    00000010                   : BIOS.obj (.text:ti_sysbios_BIOS_start__E)
                  000109c8    00000010                   : m3_TaskSupport_asm.obj (.text:ti_sysbios_family_arm_m3_TaskSupport_glue)
                  000109d8    00000010                   : BIOS.obj (.text:ti_sysbios_family_arm_msp432_init_Boot_disableWatchdog)
                  000109e8    00000010                   : BIOS.obj (.text:ti_sysbios_gates_GateMutex_Instance_finalize__E)
                  000109f8    00000010     release_pem4f.oem4f (.text:ti_sysbios_knl_Mailbox_Object__get__S)
                  00010a08    00000010     sysbios.aem4f : BIOS.obj (.text:ti_sysbios_knl_Semaphore_Instance_finalize__E)
                  00010a18    00000010                   : BIOS.obj (.text:ti_sysbios_knl_Swi_disable__E)
                  00010a28    00000010     release_pem4f.oem4f (.text:ti_sysbios_knl_Task_Object__get__S)
                  00010a38    00000010     sysbios.aem4f : BIOS.obj (.text:ti_sysbios_knl_Task_disable__E)
                  00010a48    00000010                   : BIOS.obj (.text:xdc_runtime_Gate_leaveSystem__E)
                  00010a58    00000010                   : BIOS.obj (.text:xdc_runtime_Memory_free__E)
                  00010a68    00000010                   : BIOS.obj (.text:xdc_runtime_SysCallback_abort__E)
                  00010a78    00000010                   : BIOS.obj (.text:xdc_runtime_SysCallback_exit__E)
                  00010a88    00000010                   : BIOS.obj (.text:xdc_runtime_SysCallback_putch__E)
                  00010a98    00000010                   : BIOS.obj (.text:xdc_runtime_SysCallback_ready__E)
                  00010aa8    00000010                   : BIOS.obj (.text:xdc_runtime_System_vsnprintf__E)
                  00010ab8    0000000e     rtsv7M4_T_le_v4SPD16_eabi.lib : copy_decompress_none.c.obj (.text:decompress:none:__TI_decompress_none)
                  00010ac6    00000002     --HOLE-- [fill = 0]
                  00010ac8    0000000e     sysbios.aem4f : BIOS.obj (.text:pthread_attr_setdetachstate)
                  00010ad6    00000002     --HOLE-- [fill = 0]
                  00010ad8    0000000e                   : BIOS.obj (.text:ti_sysbios_knl_Idle_loop__E)
                  00010ae6    00000002     --HOLE-- [fill = 0]
                  00010ae8    0000000e                   : BIOS.obj (.text:ti_sysbios_knl_Queue_empty__E)
                  00010af6    0000000e     spi_lcd.obj (.text:timerCallback)
                  00010b04    0000000e     uart1.obj (.text:uart2ReadCallback)
                  00010b12    0000000e     uart1.obj (.text:uart2WriteCallback)
                  00010b20    0000000e     uart1.obj (.text:uart3ReadCallback)
                  00010b2e    0000000e     uart1.obj (.text:uart3WriteCallback)
                  00010b3c    0000000e     uart1.obj (.text:uartWriteCallback)
                  00010b4a    0000000c     ti_drivers_config.obj (.text:Board_init)
                  00010b56    0000000c     msp432p4xx_driverlib.lib : cpu.o (.text:CPU_cpsid)
                  00010b62    0000000c                              : cpu.o (.text:CPU_cpsie)
                  00010b6e    0000000c     dpl_msp432p401x.aem4f : ClockP_tirtos.oem4f (.text:ClockP_delete)
                  00010b7a    00000002     --HOLE-- [fill = 0]
                  00010b7c    0000000c                           : ClockP_tirtos.oem4f (.text:ClockP_getSystemTickPeriod)
                  00010b88    0000000c                           : HwiP_tirtos.oem4f (.text:HwiP_delete)
                  00010b94    0000000c     ui.obj (.text:Invalidate)
                  00010ba0    0000000c     drivers_msp432p401x.aem4f : PowerMSP432.oem4f (.text:Power_getConstraintMask)
                  00010bac    0000000c                               : PowerMSP432.oem4f (.text:Power_getPerformanceLevel)
                  00010bb8    0000000c     dpl_msp432p401x.aem4f : SemaphoreP_tirtos.oem4f (.text:SemaphoreP_delete)
                  00010bc4    0000000c     rtsv7M4_T_le_v4SPD16_eabi.lib : _lock.c.obj (.text:_register_lock)
                  00010bd0    0000000c                                   : _lock.c.obj (.text:_register_unlock)
                  00010bdc    0000000c                                   : copy_zero_init.c.obj (.text:decompress:ZI:__TI_zero_init)
                  00010be8    0000000c     encoder.obj (.text:get_encoder1)
                  00010bf4    0000000c     encoder.obj (.text:get_encoder2)
                  00010c00    0000000c     encoder.obj (.text:get_encoder3)
                  00010c0c    0000000c     encoder.obj (.text:get_encoder4)
                  00010c18    0000000c     sysbios.aem4f : BIOS.obj (.text:pthread_self)
                  00010c24    0000000c     release_pem4f.oem4f (.text:ti_sysbios_family_arm_m3_Hwi_Params__init__S)
                  00010c30    0000000c     sysbios.aem4f : BIOS.obj (.text:ti_sysbios_family_arm_m3_Hwi_disableFxn__E)
                  00010c3c    00000004     --HOLE-- [fill = 0]
                  00010c40    0000000c                   : BIOS.obj (.text:ti_sysbios_family_arm_m3_TaskSupport_getStackAlignment__E)
                  00010c4c    00000004     --HOLE-- [fill = 0]
                  00010c50    0000000c                   : BIOS.obj (.text:ti_sysbios_family_arm_msp432_Timer_getMaxTicks__E)
                  00010c5c    00000004     --HOLE-- [fill = 0]
                  00010c60    0000000c                   : BIOS.obj (.text:ti_sysbios_gates_GateHwi_enter__E)
                  00010c6c    0000000c     release_pem4f.oem4f (.text:ti_sysbios_knl_Clock_Params__init__S)
                  00010c78    0000000c     sysbios.aem4f : BIOS.obj (.text:ti_sysbios_knl_Clock_getTicks__E)
                  00010c84    0000000c     release_pem4f.oem4f (.text:ti_sysbios_knl_Event_Params__init__S)
                  00010c90    0000000c     uart1.obj (.text:ti_sysbios_knl_Event_handle)
                  00010c9c    0000000c     release_pem4f.oem4f (.text:ti_sysbios_knl_Queue_Object__get__S)
                  00010ca8    0000000c     release_pem4f.oem4f (.text:ti_sysbios_knl_Semaphore_Params__init__S)
                  00010cb4    0000000c     release_pem4f.oem4f (.text:ti_sysbios_knl_Task_Params__init__S)
                  00010cc0    0000000c     sysbios.aem4f : BIOS.obj (.text:ti_sysbios_knl_Task_self__E)
                  00010ccc    00000004     --HOLE-- [fill = 0]
                  00010cd0    0000000c                   : BIOS.obj (.text:ti_sysbios_rts_ti_ReentSupport_taskRegHook__I)
                  00010cdc    00000004     --HOLE-- [fill = 0]
                  00010ce0    0000000c                   : BIOS.obj (.text:xdc_runtime_Gate_enterSystem__E)
                  00010cec    00000004     --HOLE-- [fill = 0]
                  00010cf0    0000000c                   : BIOS.obj (.text:xdc_runtime_Startup_rtsDone__E)
                  00010cfc    0000000a     drivers_msp432p401x.aem4f : ADC.oem4f (.text:ADC_Params_init)
                  00010d06    0000000a                               : ADC.oem4f (.text:ADC_convert)
                  00010d10    0000000a     dpl_msp432p401x.aem4f : ClockP_tirtos.oem4f (.text:ClockP_Params_init)
                  00010d1a    0000000a     drivers_msp432p401x.aem4f : PWM.oem4f (.text:PWM_close)
                  00010d24    0000000a                               : PWM.oem4f (.text:PWM_setDuty)
                  00010d2e    0000000a                               : PWM.oem4f (.text:PWM_setPeriod)
                  00010d38    0000000a                               : PWM.oem4f (.text:PWM_start)
                  00010d42    0000000a                               : SPI.oem4f (.text:SPI_transfer)
                  00010d4c    0000000a                               : Timer.oem4f (.text:Timer_start)
                  00010d56    0000000a                               : UART.oem4f (.text:UART_close)
                  00010d60    0000000a                               : UART.oem4f (.text:UART_control)
                  00010d6a    0000000a                               : UART.oem4f (.text:UART_read)
                  00010d74    0000000a                               : UART.oem4f (.text:UART_write)
                  00010d7e    0000000a     rtsv7M4_T_le_v4SPD16_eabi.lib : sprintf.c.obj (.text:_outc)
                  00010d88    0000000a     ui.obj (.text:gotoMainMenuView)
                  00010d92    0000000a     release_pem4f.oem4f (.text:xdc_runtime_IHeap_alloc)
                  00010d9c    0000000a     release_pem4f.oem4f (.text:xdc_runtime_IHeap_free)
                  00010da6    00000008     drivers_msp432p401x.aem4f : Button.oem4f (.text:Button_getLastPressedDuration)
                  00010dae    00000008     ec11.obj (.text:EC11_GPIO_Init)
                  00010db6    00000008     drivers_msp432p401x.aem4f : LED.oem4f (.text:LED_getState)
                  00010dbe    00000008     dpl_msp432p401x.aem4f : SemaphoreP_tirtos.oem4f (.text:SemaphoreP_Params_init)
                  00010dc6    00000008     drivers_msp432p401x.aem4f : I2CMSP432.oem4f (.text:blockingTransferCallback)
                  00010dce    00000008                               : SPIMSP432DMA.oem4f (.text:blockingTransferCallback)
                  00010dd6    00000002     --HOLE-- [fill = 0]
                  00010dd8    00000008     sysbios.aem4f : BIOS.obj (.text:pthread_attr_setstacksize)
                  00010de0    00000008     drivers_msp432p401x.aem4f : UARTMSP432.oem4f (.text:readSemCallback)
                  00010de8    00000008     sysbios.aem4f : BIOS.obj (.text:ti_sysbios_family_arm_m3_Hwi_doSwiRestore__I)
                  00010df0    00000008                   : BIOS.obj (.text:ti_sysbios_family_arm_m3_Hwi_startup__E)
                  00010df8    00000008     drivers_msp432p401x.aem4f : UARTMSP432.oem4f (.text:txcptEnabledStatus)
                  00010e00    00000008                               : UARTMSP432.oem4f (.text:writeSemCallback)
                  00010e08    00000006                               : I2CMSP432.oem4f (.text:I2CMSP432_control)
                  00010e0e    00000006                               : PWMTimerMSP432.oem4f (.text:PWMTimerMSP432_control)
                  00010e14    00000006                               : PWMTimerMSP432.oem4f (.text:PWMTimerMSP432_setDutyAndPeriod)
                  00010e1a    00000006                               : SPIMSP432DMA.oem4f (.text:SPIMSP432DMA_control)
                  00010e20    00000006                               : TimerMSP432.oem4f (.text:TimerMSP432_control)
                  00010e26    00000002     --HOLE-- [fill = 0]
                  00010e28    00000006     sysbios.aem4f : BIOS.obj (.text:ti_sysbios_family_arm_m3_Hwi_doTaskRestore__I)
                  00010e2e    00000002     --HOLE-- [fill = 0]
                  00010e30    00000006                   : BIOS.obj (.text:ti_sysbios_family_arm_m3_Hwi_restoreFxn__E)
                  00010e36    00000002     --HOLE-- [fill = 0]
                  00010e38    00000006                   : BIOS.obj (.text:ti_sysbios_gates_GateHwi_leave__E)
                  00010e3e    00000002     --HOLE-- [fill = 0]
                  00010e40    00000006                   : BIOS.obj (.text:ti_sysbios_heaps_HeapMem_isBlocking__E)
                  00010e46    00000002     --HOLE-- [fill = 0]
                  00010e48    00000006                   : BIOS.obj (.text:ti_sysbios_knl_Clock_stop__E)
                  00010e4e    00000002     --HOLE-- [fill = 0]
                  00010e50    00000006                   : BIOS.obj (.text:ti_sysbios_knl_Queue_Instance_init__E)
                  00010e56    00000002     --HOLE-- [fill = 0]
                  00010e58    00000006                   : BIOS.obj (.text:ti_sysbios_knl_Swi_startup__E)
                  00010e5e    00000002     --HOLE-- [fill = 0]
                  00010e60    00000006                   : BIOS.obj (.text:xdc_runtime_System_Module_startup__E)
                  00010e66    00000002     --HOLE-- [fill = 0]
                  00010e68    00000004                   : BIOS.obj (.text:__aeabi_errno_addr)
                  00010e6c    00000004     --HOLE-- [fill = 0]
                  00010e70    00000004                   : BIOS.obj (.text:ti_sysbios_gates_GateHwi_query__E)
                  00010e74    00000004     --HOLE-- [fill = 0]
                  00010e78    00000004                   : BIOS.obj (.text:ti_sysbios_gates_GateMutex_query__E)
                  00010e7c    00000004     --HOLE-- [fill = 0]
                  00010e80    00000004                   : BIOS.obj (.text:ti_sysbios_knl_Clock_setTimeout__E)
                  00010e84    00000004     --HOLE-- [fill = 0]
                  00010e88    00000004                   : BIOS.obj (.text:ti_sysbios_knl_Task_startup__E)
                  00010e8c    00000004     --HOLE-- [fill = 0]
                  00010e90    00000004                   : BIOS.obj (.text:xdc_runtime_SysCallback_defaultReady)
                  00010e94    00000004     --HOLE-- [fill = 0]
                  00010e98    00000002                   : BIOS.obj (.text:ti_sysbios_BIOS_linkedWithIncorrectBootLibrary__E)
                  00010e9a    00000006     --HOLE-- [fill = 0]
                  00010ea0    00000002                   : BIOS.obj (.text:ti_sysbios_gates_GateHwi_Instance_init__E)
                  00010ea2    00000006     --HOLE-- [fill = 0]
                  00010ea8    00000002                   : BIOS.obj (.text:ti_sysbios_knl_Clock_logTick__E)
                  00010eaa    00000006     --HOLE-- [fill = 0]
                  00010eb0    00000002                   : BIOS.obj (.text:xdc_runtime_SysCallback_defaultAbort)
                  00010eb2    00000006     --HOLE-- [fill = 0]
                  00010eb8    00000002                   : BIOS.obj (.text:xdc_runtime_SysCallback_defaultExit)
                  00010eba    00000006     --HOLE-- [fill = 0]
                  00010ec0    00000002                   : BIOS.obj (.text:xdc_runtime_SysCallback_defaultPutch)
                  00010ec2    00000006     --HOLE-- [fill = 0]
                  00010ec8    00000002                   : BIOS.obj (.text:xdc_runtime_System_abortSpin__E)
                  00010eca    00000006     --HOLE-- [fill = 0]
                  00010ed0    00000002                   : BIOS.obj (.text:xdc_runtime_System_exitSpin__E)

.const     0    00010ed8    000017a0     
                  00010ed8    000005f0     lcd_font.obj (.const:tft_ascii)
                  000114c8    00000158     rtsv7M4_T_le_v4SPD16_eabi.lib : k_rem_pio2.c.obj (.const:$O1$$)
                  00011620    00000150     ui.obj (.const:$P$T14$16)
                  00011770    00000118     ui.obj (.const:$P$T4$6)
                  00011888    00000101     rtsv7M4_T_le_v4SPD16_eabi.lib : ctype.c.obj (.const:.string:_ctypes_)
                  00011989    00000002     ti_drivers_config.obj (.const:ButtonHWAttrs)
                  0001198b    00000001     display.aem4f : Display.oem4f (.const:Display_defaultParams)
                  0001198c    000000b0     ti_drivers_config.obj (.const:uartMSP432HWAttrs)
                  00011a3c    00000080     msp432p4xx_driverlib.lib : adc14.o (.const:_ctlRegs)
                  00011abc    00000078     ti_drivers_config.obj (.const:PWM_config)
                  00011b34    00000070     ui.obj (.const:$P$T13$15)
                  00011ba4    00000060     ui.obj (.const:$P$T3$4)
                  00011c04    00000054     ui.obj (.const:$P$T8$10)
                  00011c58    00000050     ti_drivers_config.obj (.const:pwmTimerMSP432HWAttrs)
                  00011ca8    00000050     drivers_msp432p401x.aem4f : TimerMSP432.oem4f (.const:timerADividers)
                  00011cf8    00000050     ti_drivers_config.obj (.const:uartMSP432Baudrates)
                  00011d48    00000048     ti_drivers_config.obj (.const:spiMSP432DMAHWAttrs)
                  00011d90    0000003c     release_pem4f.oem4f (.const:ti_sysbios_knl_Task_Object__PARAMS__C)
                  00011dcc    00000038     ti_drivers_config.obj (.const:PowerMSP432_config)
                  00011e04    00000030     ti_drivers_config.obj (.const:UART_config)
                  00011e34    00000030     release_pem4f.oem4f (.const:ti_sysbios_family_arm_m3_Hwi_Object__PARAMS__C)
                  00011e64    00000028     drivers_msp432p401x.aem4f : UARTMSP432.oem4f (.const:UARTMSP432_fxnTable)
                  00011e8c    00000028     ti_drivers_config.obj (.const:i2cMSP432HWAttrs)
                  00011eb4    00000028     release_pem4f.oem4f (.const:ti_sysbios_heaps_HeapMem_Module__FXNS__C)
                  00011edc    00000024     ui.obj (.const:$P$T0$1)
                  00011f00    00000024     ui.obj (.const:$P$T1$2)
                  00011f24    00000024     ui.obj (.const:$P$T2$3)
                  00011f48    00000024     drivers_msp432p401x.aem4f : PWMTimerMSP432.oem4f (.const:PWMTimerMSP432_fxnTable)
                  00011f6c    00000024                               : UART.oem4f (.const:UART_defaultParams)
                  00011f90    00000024     release_pem4f.oem4f (.const:ti_sysbios_gates_GateHwi_Module__FXNS__C)
                  00011fb4    00000024     release_pem4f.oem4f (.const:ti_sysbios_gates_GateMutex_Module__FXNS__C)
                  00011fd8    00000024     release_pem4f.oem4f (.const:ti_sysbios_heaps_HeapMem_Object__PARAMS__C)
                  00011ffc    00000024     release_pem4f.oem4f (.const:ti_sysbios_knl_Clock_Object__PARAMS__C)
                  00012020    00000024     release_pem4f.oem4f (.const:ti_sysbios_knl_Semaphore_Object__PARAMS__C)
                  00012044    00000024     release_pem4f.oem4f (.const:xdc_runtime_Startup_sfxnTab__A)
                  00012068    00000020     display.aem4f : DisplayUart.oem4f (.const:DisplayUartMin_fxnTable)
                  00012088    00000020     drivers_msp432p401x.aem4f : SPI.oem4f (.const:SPI_defaultParams)
                  000120a8    00000020     ti_drivers_config.obj (.const:TimerMSP432HWAttrs)
                  000120c8    00000020     drivers_msp432p401x.aem4f : TimerMSP432.oem4f (.const:TimerMSP432_Timer32_fxnTable)
                  000120e8    00000020     ti_drivers_config.obj (.const:adcMSP432HWAttrs)
                  00012108    00000020     drivers_msp432p401x.aem4f : UARTMSP432.oem4f (.const:staticFxnTable)
                  00012128    00000020     release_pem4f.oem4f (.const:ti_sysbios_family_arm_m3_Hwi_Object__DESC__C)
                  00012148    00000020     release_pem4f.oem4f (.const:ti_sysbios_gates_GateHwi_Object__DESC__C)
                  00012168    00000020     release_pem4f.oem4f (.const:ti_sysbios_gates_GateMutex_Object__DESC__C)
                  00012188    00000020     release_pem4f.oem4f (.const:ti_sysbios_heaps_HeapMem_Object__DESC__C)
                  000121a8    00000020     release_pem4f.oem4f (.const:ti_sysbios_knl_Clock_Object__DESC__C)
                  000121c8    00000020     release_pem4f.oem4f (.const:ti_sysbios_knl_Event_Object__DESC__C)
                  000121e8    00000020     release_pem4f.oem4f (.const:ti_sysbios_knl_Queue_Object__DESC__C)
                  00012208    00000020     release_pem4f.oem4f (.const:ti_sysbios_knl_Semaphore_Object__DESC__C)
                  00012228    00000020     release_pem4f.oem4f (.const:ti_sysbios_knl_Task_Object__DESC__C)
                  00012248    0000001c     ui.obj (.const:$P$T10$12)
                  00012264    0000001c     ui.obj (.const:$P$T11$13)
                  00012280    0000001c     ui.obj (.const:$P$T12$14)
                  0001229c    0000001c     ui.obj (.const:$P$T5$7)
                  000122b8    0000001c     ui.obj (.const:$P$T6$8)
                  000122d4    0000001c     ui.obj (.const:$P$T7$9)
                  000122f0    0000001c     ui.obj (.const:$P$T9$11)
                  0001230c    00000018     drivers_msp432p401x.aem4f : ADCMSP432.oem4f (.const:ADCMSP432_fxnTable)
                  00012324    00000018     ti_drivers_config.obj (.const:ADC_config)
                  0001233c    00000018     drivers_msp432p401x.aem4f : I2CMSP432.oem4f (.const:I2CMSP432_fxnTable)
                  00012354    00000018     ti_drivers_config.obj (.const:I2C_config)
                  0001236c    00000018     drivers_msp432p401x.aem4f : PWM.oem4f (.const:PWM_defaultParams)
                  00012384    00000018                               : SPIMSP432DMA.oem4f (.const:SPIMSP432DMA_fxnTable)
                  0001239c    00000018     ti_drivers_config.obj (.const:SPI_config)
                  000123b4    00000018     ti_drivers_config.obj (.const:Timer_config)
                  000123cc    00000018     release_pem4f.oem4f (.const:ti_sysbios_gates_GateHwi_Object__PARAMS__C)
                  000123e4    00000018     release_pem4f.oem4f (.const:ti_sysbios_gates_GateMutex_Object__PARAMS__C)
                  000123fc    00000018     release_pem4f.oem4f (.const:ti_sysbios_knl_Event_Object__PARAMS__C)
                  00012414    00000018     release_pem4f.oem4f (.const:ti_sysbios_knl_Queue_Object__PARAMS__C)
                  0001242c    00000018     release_pem4f.oem4f (.const:ti_sysbios_knl_Task_hooks__A)
                  00012444    00000014     ti_drivers_config.obj (.const:GPIOMSP432_config)
                  00012458    00000014     ti_drivers_config.obj (.const:displayUartHWAttrs)
                  0001246c    00000012     release_pem4f.oem4f (.const:xdc_runtime_Startup_sfxnRts__A)
                  0001247e    00000010     beep.obj (.const:$P$T0$1)
                  0001248e    00000002     release_pem4f.oem4f (.const:ti_sysbios_family_arm_m3_Hwi_Module__id__C)
                  00012490    00000010     ti_drivers_config.obj (.const:Button_config)
                  000124a0    00000010     drivers_msp432p401x.aem4f : Button.oem4f (.const:Button_defaultParams)
                  000124b0    00000010                               : I2C.oem4f (.const:I2C_defaultParams)
                  000124c0    00000010     ti_drivers_config.obj (.const:LED_config)
                  000124d0    00000010     drivers_msp432p401x.aem4f : PWMTimerMSP432.oem4f (.const:pwmTimerBaseAddr)
[...]
00010ed8  tft_ascii                                                       
00011888  _ctypes_                                                        
0001198b  Display_defaultParams                                           
00011abc  PWM_config                                                      
00011c58  pwmTimerMSP432HWAttrs                                           
00011d48  spiMSP432DMAHWAttrs                                             
00011d90  ti_sysbios_knl_Task_Object__PARAMS__C                           
00011dcc  PowerMSP432_config                                              
00011e04  UART_config                                                     
00011e34  ti_sysbios_family_arm_m3_Hwi_Object__PARAMS__C                  
00011e64  UARTMSP432_fxnTable                                             
00011e8c  i2cMSP432HWAttrs                                                
00011eb4  ti_sysbios_heaps_HeapMem_Module__FXNS__C                        
00011f48  PWMTimerMSP432_fxnTable                                         
00011f6c  UART_defaultParams                                              
00011f90  ti_sysbios_gates_GateHwi_Module__FXNS__C                        
00011fb4  ti_sysbios_gates_GateMutex_Module__FXNS__C                      
00011fd8  ti_sysbios_heaps_HeapMem_Object__PARAMS__C                      
00011ffc  ti_sysbios_knl_Clock_Object__PARAMS__C                          
00012020  ti_sysbios_knl_Semaphore_Object__PARAMS__C                      
00012044  xdc_runtime_Startup_sfxnTab__A                                  
00012068  DisplayUartMin_fxnTable                                         
00012088  SPI_defaultParams                                               
000120a8  TimerMSP432HWAttrs                                              
000120c8  TimerMSP432_Timer32_fxnTable                                    
000120e8  adcMSP432HWAttrs                                                
00012128  ti_sysbios_family_arm_m3_Hwi_Object__DESC__C                    
00012148  ti_sysbios_gates_GateHwi_Object__DESC__C                        
00012168  ti_sysbios_gates_GateMutex_Object__DESC__C                      
00012188  ti_sysbios_heaps_HeapMem_Object__DESC__C                        
000121a8  ti_sysbios_knl_Clock_Object__DESC__C                            
000121c8  ti_sysbios_knl_Event_Object__DESC__C                            
000121e8  ti_sysbios_knl_Queue_Object__DESC__C                            
00012208  ti_sysbios_knl_Semaphore_Object__DESC__C                        
00012228  ti_sysbios_knl_Task_Object__DESC__C                             
0001230c  ADCMSP432_fxnTable                                              
00012324  ADC_config                                                      
0001233c  I2CMSP432_fxnTable                                              
00012354  I2C_config                                                      
0001236c  PWM_defaultParams                                               
00012384  SPIMSP432DMA_fxnTable                                           
0001239c  SPI_config                                                      
000123b4  Timer_config                                                    
000123cc  ti_sysbios_gates_GateHwi_Object__PARAMS__C                      
000123e4  ti_sysbios_gates_GateMutex_Object__PARAMS__C                    
000123fc  ti_sysbios_knl_Event_Object__PARAMS__C                          
00012414  ti_sysbios_knl_Queue_Object__PARAMS__C                          
0001242c  ti_sysbios_knl_Task_hooks__A                                    
00012444  GPIOMSP432_config                                               
00012458  displayUartHWAttrs                                              
0001246c  xdc_runtime_Startup_sfxnRts__A                                  
0001248e  ti_sysbios_family_arm_m3_Hwi_Module__id__C                      
00012490  Button_config                                                   
000124a0  Button_defaultParams                                            
000124b0  I2C_defaultParams                                               
000124c0  LED_config                                                      
000124e0  Display_config                                                  
00012510  udmaMSP432HWAttrs                                               
0001251c  xdc_runtime_Startup_firstFxns__A                                
00012528  Display_count                                                   
00012529  ADC_count                                                       
0001252a  I2C_count                                                       
0001252b  PWM_count                                                       
0001252c  SPI_count                                                       
0001252d  Timer_count                                                     
0001252e  UART_count                                                      
0001252f  Button_count                                                    
00012530  LED_count                                                       
00012531  xdc_runtime_Error_policy__C                                     
00012532  ti_sysbios_family_arm_msp432_init_Boot_bypassHFXT__C            
00012534  ADC_defaultParams                                               
0001253c  LED_defaultParams                                               
00012544  UDMAMSP432_config                                               
00012554  ti_sysbios_knl_Idle_funcList__A                                 
0001255c  ti_sysbios_knl_Idle_funcList__C                                 
00012564  ti_sysbios_knl_Task_hooks__C                                    
0001256c  xdc_runtime_Startup_firstFxns__C                                
00012574  xdc_runtime_Startup_lastFxns__C                                 
00012596  ti_sysbios_family_arm_msp432_init_Boot_bypassLFXT__C            
00012598  ti_sysbios_family_arm_m3_Hwi_E_alreadyDefined__C                
0001259c  ti_sysbios_family_arm_m3_Hwi_E_badIntNum__C                     
000125a0  ti_sysbios_family_arm_m3_Hwi_NUM_INTERRUPTS__C                  
000125a4  ti_sysbios_family_arm_m3_Hwi_Object__count__C                   
000125a8  ti_sysbios_family_arm_m3_Hwi_ccr__C                             
000125ac  ti_sysbios_family_arm_m3_Hwi_excHandlerFunc__C                  
000125b0  ti_sysbios_family_arm_m3_Hwi_nullIsrFunc__C                     
000125b4  ti_sysbios_family_arm_m3_Hwi_priGroup__C                        
000125b8  ti_sysbios_family_arm_m3_Hwi_swiDisable__C                      
000125bc  ti_sysbios_family_arm_m3_Hwi_swiRestore__C                      
000125c0  ti_sysbios_family_arm_m3_TaskSupport_stackAlignment__C          
000125c4  ti_sysbios_family_arm_msp432_Timer_numTimerDevices__C           
000125c8  ti_sysbios_family_arm_msp432_Timer_startupNeeded__C             
000125cc  ti_sysbios_gates_GateMutex_Instance_State_sem__O                
000125d0  ti_sysbios_heaps_HeapMem_E_memory__C                            
000125d4  ti_sysbios_heaps_HeapMem_Module__gateObj__C                     
000125d8  ti_sysbios_heaps_HeapMem_Object__count__C                       
000125dc  ti_sysbios_heaps_HeapMem_primaryHeapBaseAddr__C                 
000125e0  ti_sysbios_heaps_HeapMem_primaryHeapEndAddr__C                  
000125e4  ti_sysbios_heaps_HeapMem_reqAlign__C                            
000125e8  ti_sysbios_knl_Clock_Module_State_clockQ__O                     
000125ec  ti_sysbios_knl_Clock_tickPeriod__C                              
000125f0  ti_sysbios_knl_Event_Instance_State_pendQ__O                    
000125f4  ti_sysbios_knl_Mailbox_Instance_State_freeQue__O                
000125f8  ti_sysbios_knl_Mailbox_Object__count__C                         
000125fc  ti_sysbios_knl_Mailbox_maxTypeAlign__C                          
00012600  ti_sysbios_knl_Semaphore_Instance_State_pendQ__O                
00012604  ti_sysbios_knl_Swi_Object__count__C                             
00012608  ti_sysbios_knl_Task_Module_State_inactiveQ__O                   
0001260c  ti_sysbios_knl_Task_Object__count__C                            
00012610  ti_sysbios_knl_Task_Object__heap__C                             
00012614  ti_sysbios_knl_Task_allBlockedFunc__C                           
00012618  ti_sysbios_knl_Task_defaultStackHeap__C                         
0001261c  ti_sysbios_knl_Task_defaultStackSize__C                         
00012620  ti_sysbios_knl_Task_numConstructedTasks__C                      
00012624  xdc_runtime_Error_E_memory__C                                   
00012628  xdc_runtime_Error_policyFxn__C                                  
0001262c  xdc_runtime_IGateProvider_Interface__BASE__C                    
00012630  xdc_runtime_IHeap_Interface__BASE__C                            
00012634  xdc_runtime_IModule_Interface__BASE__C                          
00012638  xdc_runtime_Memory_defaultHeapInstance__C                       
0001263c  xdc_runtime_Startup_execImpl__C                                 
00012640  xdc_runtime_Startup_maxPasses__C                                
00012644  xdc_runtime_Startup_sfxnRts__C                                  
00012648  xdc_runtime_Startup_sfxnTab__C                                  
0001264c  xdc_runtime_SysCallback_abortFxn__C                             
00012650  xdc_runtime_SysCallback_exitFxn__C                              
00012654  xdc_runtime_SysCallback_putchFxn__C                             
00012658  xdc_runtime_SysCallback_readyFxn__C                             
0001265c  xdc_runtime_System_Module__gateObj__C                           
00012660  xdc_runtime_System_abortFxn__C                                  
00012664  xdc_runtime_System_exitFxn__C                                   
00012668  xdc_runtime_System_extendFxn__C                                 
0001266c  xdc_runtime_System_maxAtexitHandlers__C                         
00012670  ti_sysbios_family_arm_msp432_init_Boot_enableHFXT__C            
00012672  ti_sysbios_family_arm_msp432_init_Boot_enableLFXT__C            
00012674  ti_sysbios_heaps_HeapMem_Module__id__C                          
00012676  xdc_runtime_Memory_Module__id__C                                
00012678  __TI_static_base__                                              
000128ec  __TI_Handler_Table_Base                                         
000128f8  __TI_Handler_Table_Limit                                        
00012900  __TI_CINIT_Base                                                 
00012910  __TI_CINIT_Limit                                                
20000000  __start___llvm_prf_cnts                                         
20000000  __stop___llvm_prf_cnts                                          
20000000  ti_sysbios_family_arm_m3_Hwi_ramVectors                         
20000140  __primary_heap_start__                                          
20008140  __primary_heap_end__                                            
20008600  Items                                                           
200088c0  ti_sysbios_knl_Task_Instance_State_0_stack__A                   
20008ac0  uartMSP432Objects                                               
20008cc0  ti_sysbios_family_arm_m3_Hwi_dispatchTable                      
20008f00  i2cMSP432Objects                                                
20008fa0  spiMSP432DMAObjects                                             
20009134  LEDObjects                                                      
200091ac  pwmTimerMSP432Objects                                           
20009224  timerMSP432Objects                                              
2000928c  ButtonObjects                                                   
200092dc  masterRxBuffer                                                  
20009310  masterTxBuffer                                                  
20009374  imu3                                                            
20009458  bStats                                                          
20009474  ringObj                                                         
2000948c  ecoEvent                                                        
200094b0  imu                                                             
200094c0  displayUartObject                                               
200094cc  eventBuf                                                        
200094d8  rxBuffer                                                        
200094ec  buttonHandle                                                    
200094f4  ledHandle                                                       
20009504  ClockP_tickPeriod                                               
20009508  CurDraw                                                         
2000950c  CurHandle                                                       
20009510  adc                                                             
20009514  adcMSP432Objects                                                
20009518  displayHandle                                                   
2000951c  lua                                                             
20009520  masterSpi                                                       
20009524  ti_sysbios_knl_Task_Instance_State_0_hookEnv__A                 
20009528  EC11_A_Now                                                      
20009529  EC11_B_Now                                                      
2000952a  EC11_Key                                                        
2000952b  udmaMSP432Object                                                
2000952c  PowerMSP432_perfLevels                                          
20009804  AllView                                                         
20009888  gPixel                                                          
20009908  ti_sysbios_knl_Swi_Module_State_0_readyQ__A                     
20009988  ti_sysbios_knl_Task_Module_State_0_readyQ__A                    
20009a08  param                                                           
20009a80  gpioCallbackFunctions                                           
20009af0  gpioPinConfigs                                                  
20009b60  lineid                                                          
20009bc0  ti_sysbios_gates_GateMutex_Object__table__V                     
20009c14  ti_sysbios_knl_Task_Object__table__V                            
20009c60  ti_sysbios_family_arm_msp432_Timer_Object__table__V             
20009ca4  ti_sysbios_knl_Task_Module__state__V                            
20009ce8  ti_sysbios_family_arm_m3_Hwi_Module__state__V                   
20009d1c  ti_sysbios_knl_Swi_Object__table__V                             
20009d4c  PowerMSP432_module                                              
20009d78  ti_sysbios_knl_Clock_Module__state__V                           
20009da4  ti_sysbios_BIOS_Module__state__V                                
20009de8  ti_sysbios_family_arm_msp432_Timer_Module_State_0_device__A     
20009e08  xdc_runtime_Error_IgnoreBlock                                   
20009e28  ti_sysbios_knl_Swi_Module__state__V                             
20009e44  mirrorRegister                                                  
20009e60  left_duty                                                       
20009e64  right_duty                                                      
20009e68  pwm0                                                            
20009e6c  pwm1                                                            
20009e70  pwm2                                                            
20009e74  pwm3                                                            
20009e78  ti_sysbios_family_arm_m3_Hwi_Object__table__V                   
20009e90  ti_sysbios_heaps_HeapMem_Object__table__V                       
20009ea8  uart_ready_flag                                                 
20009ed8  last_item                                                       
20009eec  motor_start_flag                                                
20009ef0  CurView                                                         
20009ef1  CurItem                                                         
20009ef2  ItemNums                                                        
20009ef3  isEditing                                                       
20009ef4  ItemFirstLine                                                   
20009ef5  item_index                                                      
20009f10  encoder1_value                                                  
20009f14  encoder2_value                                                  
20009f18  encoder3_value                                                  
20009f1c  encoder4_value                                                  
20009f20  ti_sysbios_family_arm_msp432_Timer_Module_State_0_handles__A    
20009f30  ti_sysbios_family_arm_msp432_ClockFreqs_Module__state__V        
20009f3c  ti_sysbios_family_arm_msp432_Timer_Module__state__V             
20009f48  txBuffer                                                        
20009f52  ti_sysbios_family_arm_m3_Hwi_Module_State_0_excActive__A        
20009f54  _lock                                                           
20009f58  _unlock                                                         
20009f64  ti_sysbios_family_arm_m3_Hwi_Module__root__V                    
20009f6c  ti_sysbios_gates_GateHwi_Module__root__V                        
20009f74  ti_sysbios_gates_GateMutex_Module__root__V                      
20009f7c  ti_sysbios_heaps_HeapMem_Module__root__V                        
20009f84  ti_sysbios_knl_Clock_Module__root__V                            
20009f8c  ti_sysbios_knl_Event_Module__root__V                            
20009f94  ti_sysbios_knl_Queue_Module__root__V                            
20009f9c  ti_sysbios_knl_Semaphore_Module__root__V                        
20009fa4  ti_sysbios_knl_Task_Module__root__V                             
20009fac  xdc_runtime_Startup_Module__state__V                            
20009fb4  xdc_runtime_System_Module_State_0_atexitHandlers__A             
20009fbc  xdc_runtime_System_Module__state__V                             
20009fc4  pwm7                                                            
20009fc8  old_val                                                         
20009fcc  main_func_sp                                                    
20009fd0  ti_sysbios_family_arm_m3_Hwi_Module_State_0_excContext__A       
20009fd4  ti_sysbios_family_arm_m3_Hwi_Module_State_0_excStack__A         
20009fd8  ti_sysbios_gates_GateHwi_Object__table__V                       
20009fdc  ti_sysbios_knl_Task_Module_State_0_idleTask__A                  
20009fe0  ti_sysbios_rts_ti_ReentSupport_Module__state__V                 
20009fe4  xdc_runtime_Memory_Module__state__V                             
2000fc00  __stack                                                         
20010000  __STACK_END                                                     
4000480c  WDTCTL_SYM                                                      
e000e000  ti_sysbios_family_arm_m3_Hwi_nvic                               
ffffffff  __TI_pprof_out_hndl                                             
ffffffff  __TI_prof_data_size                                             
ffffffff  __TI_prof_data_start                                            
ffffffff  __binit__                                                       
ffffffff  __c_args__                                                      
ffffffff  binit                                                           
UNDEFED   SHT$$INIT_ARRAY$$Base                                           
UNDEFED   SHT$$INIT_ARRAY$$Limit                                          
UNDEFED   speed_control_Thread                                            

[882 symbols]
