******************************************************************************
                  TI ARM Linker Unix v20.2.5                   
******************************************************************************
>> Linked Fri Oct 15 13:01:27 2021

OUTPUT FILE NAME:   <project.out>
ENTRY POINT SYMBOL: "_c_int00"  address: 0000e88d


MEMORY CONFIGURATION

         name            origin    length      used     unused   attr    fill
----------------------  --------  ---------  --------  --------  ----  --------
  MAIN                  00000000   00040000  000138be  0002c742  R  X
  INFO                  00200000   00004000  00000000  00004000  R  X
  SRAM_CODE             01000000   00010000  0000a32e  00005cd2  RW X
  SRAM_DATA             20000000   00010000  0000a32e  00005cd2  RW  


SEGMENT ALLOCATION MAP

run origin  load origin   length   init length attrs members
----------  ----------- ---------- ----------- ----- -------
00000000    00000000    000138c8   000138c8    r-x
  00000000    00000000    0000003c   0000003c    r-- .resetVecs
  00000040    00000040    00011e4a   00011e4a    r-x .text
  00011e90    00011e90    000017a0   000017a0    r-- .const
  00013630    00013630    00000298   00000298    r-- .cinit
20000140    20000140    00008000   00000000    r--
  20000140    20000140    00008000   00000000    r-- .priheap
20008200    20008200    00001dee   00000000    rw-
  20008200    20008200    0000132c   00000000    rw- .bss
  2000952c    2000952c    00000ac2   00000000    rw- .data
2000fc00    2000fc00    00000400   00000000    rw-
  2000fc00    2000fc00    00000400   00000000    rw- .stack


SECTION ALLOCATION MAP

 output                                  attributes/
section   page    origin      length       input sections
--------  ----  ----------  ----------   ----------------
.text      0    00000040    00011e4a     
                  00000040    00000a4e     rtsv7M4_T_le_v4SPD16_eabi.lib : _printfi.c.obj (.text:__TI_printfi)
                  00000a8e    00000002     display.aem4f : DisplayUart.oem4f (.text:DisplayUartMin_clear)
                  00000a90    00000738     rtsv7M4_T_le_v4SPD16_eabi.lib : k_rem_pio2.c.obj (.text:__kernel_rem_pio2)
                  000011c8    000006bb     ui.obj (.text:UpdateMenuItems)
                  00001883    00000001     --HOLE-- [fill = 0]
                  00001884    00000004     msp432p4xx_driverlib.lib : cpu.o (.text:CPU_wfi)
                  00001888    000006a4     ui.obj (.text:HandleAdjustParamView)
                  00001f2c    000005e0     rtsv7M4_T_le_v4SPD16_eabi.lib : s_sin.c.obj (.text:sin)
                  0000250c    000005dc                                   : s_cos.c.obj (.text:cos)
                  00002ae8    00000468     sysbios.aem4f : BIOS.obj (.text:xdc_runtime_System_doPrint__I)
                  00002f50    00000424     uart1.obj (.text:imu_data_analyse)
                  00003374    00000004     dpl_msp432p401x.aem4f : ClockP_tirtos.oem4f (.text:ClockP_setTimeout)
                  00003378    00000365     ui.obj (.text:DrawIMUView)
                  000036dd    00000001     --HOLE-- [fill = 0]
                  000036de    00000002     display.aem4f : DisplayUart.oem4f (.text:DisplayUartMin_clearLines)
                  000036e0    00000356     ec11.obj (.text:Encoder_EC11_Analyze)
                  00003a36    00000002     display.aem4f : DisplayUart.oem4f (.text:DisplayUartMin_init)
                  00003a38    000002f8     drivers_msp432p401x.aem4f : PowerMSP432.oem4f (.text:Power_sleep)
                  00003d30    000002f0     ui.obj (.text:DrawSensorView)
                  00004020    000002d0     drivers_msp432p401x.aem4f : UARTMSP432.oem4f (.text:UARTMSP432_open)
                  000042f0    000002c2     main_tirtos.obj (.text:main)
                  000045b2    00000002     drivers_msp432p401x.aem4f : I2CMSP432.oem4f (.text:I2CMSP432_init)
                  000045b4    0000028c                               : SPIMSP432DMA.oem4f (.text:SPIMSP432DMA_open)
                  00004840    0000028a     msp432p4xx_driverlib.lib : pcm.o (.text:__PCM_setPowerStateAdvanced)
                  00004aca    00000002     drivers_msp432p401x.aem4f : LED.oem4f (.text:LED_init)
                  00004acc    00000288                               : PowerMSP432.oem4f (.text:initPerfControl)
                  00004d54    00000270     rtsv7M4_T_le_v4SPD16_eabi.lib : _printfi.c.obj (.text:_pconv_a)
                  00004fc4    00000004     dpl_msp432p401x.aem4f : ClockP_tirtos.oem4f (.text:ClockP_start)
                  00004fc8    0000025c     ec11.obj (.text:Encoder_EC11_Scan)
                  00005224    00000004     dpl_msp432p401x.aem4f : ClockP_tirtos.oem4f (.text:ClockP_stop)
                  00005228    0000024f     spi_lcd.obj (.text:lcd_set_region)
                  00005477    00000001     --HOLE-- [fill = 0]
                  00005478    0000024c     spi_lcd.obj (.text:lcd_init)
                  000056c4    00000004     dpl_msp432p401x.aem4f : HwiP_tirtos.oem4f (.text:HwiP_clearInterrupt)
                  000056c8    00000230     ui.obj (.text:rotate)
                  000058f8    0000020c     i2cbh1750.obj (.text:BH1750_Thread)
                  00005b04    00000208     drivers_msp432p401x.aem4f : PWMTimerMSP432.oem4f (.text:PWMTimerMSP432_open)
                  00005d0c    00000004     dpl_msp432p401x.aem4f : HwiP_tirtos.oem4f (.text:HwiP_disable)
                  00005d10    00000206     ui.obj (.text:DrawAdjustParamView)
                  00005f16    00000002     drivers_msp432p401x.aem4f : PWMTimerMSP432.oem4f (.text:PWMTimerMSP432_init)
                  00005f18    000001f8                               : I2CMSP432.oem4f (.text:I2CMSP432_open)
                  00006110    000001f2     buttonled.obj (.text:buttonled_Thread)
                  00006302    00000006     drivers_msp432p401x.aem4f : ADCMSP432.oem4f (.text:ADCMSP432_control)
                  00006308    000001ec     uart1.obj (.text:ecoInitUart)
                  000064f4    000001d0     rtsv7M4_T_le_v4SPD16_eabi.lib : _printfi.c.obj (.text:_pconv_g)
                  000066c4    000001b6                                   : fd_add_t2.asm.obj (.text)
                  0000687a    00000002     dpl_msp432p401x.aem4f : PowerMSP432_tirtos.oem4f (.text:PowerMSP432_initPolicy)
                  0000687c    00000188     release_pem4f.oem4f (.text:xdc_runtime_System_printfExtend__I)
                  00006a04    00000186     drivers_msp432p401x.aem4f : Button.oem4f (.text:Button_clockTimeoutHandler)
                  00006b8a    00000184                               : I2CMSP432.oem4f (.text:I2CMSP432_hwiIntFxn)
                  00006d0e    00000002                               : TimerMSP432.oem4f (.text:TimerMSP432_init)
                  00006d10    00000174     rtsv7M4_T_le_v4SPD16_eabi.lib : k_sin.c.obj (.text:__kernel_sin)
                  00006e84    00000170     drivers_msp432p401x.aem4f : GPIOMSP432.oem4f (.text:GPIO_setConfig)
                  00006ff4    00000170     rtsv7M4_T_le_v4SPD16_eabi.lib : k_cos.c.obj (.text:__kernel_cos)
                  00007164    00000004     dpl_msp432p401x.aem4f : HwiP_tirtos.oem4f (.text:HwiP_disableInterrupt)
                  00007168    00000170     buttonled.obj (.text:handleButtonCallback)
                  000072d8    0000016e     ui.obj (.text:lcd_drawline)
                  00007446    00000002     drivers_msp432p401x.aem4f : UARTMSP432.oem4f (.text:UARTMSP432_init)
                  00007448    00000160     msp432p4xx_driverlib.lib : adc14.o (.text:_getIndexForMemRegister)
                  000075a8    0000015c                              : pcm.o (.text:__PCM_setPowerModeAdvanced)
                  00007704    00000004     dpl_msp432p401x.aem4f : HwiP_tirtos.oem4f (.text:HwiP_enableInterrupt)
                  00007708    00000158     sysbios.aem4f : BIOS.obj (.text:ti_sysbios_knl_Event_pend__E)
                  00007860    00000154     motor.obj (.text:motor_dir)
                  000079b4    00000004     drivers_msp432p401x.aem4f : SPIMSP432DMA.oem4f (.text:SPIMSP432DMA_init)
                  000079b8    0000014e     ui.obj (.text:onCancel)
                  00007b06    00000002     rtsv7M4_T_le_v4SPD16_eabi.lib : _lock.c.obj (.text:_nop)
                  00007b08    0000014c     drivers_msp432p401x.aem4f : TimerMSP432.oem4f (.text:TimerMSP432_open)
                  00007c54    00000004     dpl_msp432p401x.aem4f : SemaphoreP_tirtos.oem4f (.text:SemaphoreP_post)
                  00007c58    00000146     spi_lcd.obj (.text:lcd_init_Thread)
                  00007d9e    00000002     rtsv7M4_T_le_v4SPD16_eabi.lib : div0.asm.obj (.text)
                  00007da0    00000146     pwmled2.obj (.text:motor_pwm_Thread)
                  00007ee6    00000002     release_pem4f.oem4f (.text:ti_sysbios_BIOS_nullFunc__I)
                  00007ee8    00000142     motor.obj (.text:motor_init)
                  0000802a    00000002     --HOLE-- [fill = 0]
                  0000802c    0000013c     rtsv7M4_T_le_v4SPD16_eabi.lib : _printfi.c.obj (.text:_pconv_e)
                  00008168    00000136                                   : fd_div_t2.asm.obj (.text)
                  0000829e    00000002     --HOLE-- [fill = 0]
                  000082a0    00000130     drivers_msp432p401x.aem4f : UDMAMSP432.oem4f (.text:setupInterrupt)
                  000083d0    00000130     sysbios.aem4f : BIOS.obj (.text:ti_sysbios_knl_Semaphore_pend__E)
                  00008500    0000012c     drivers_msp432p401x.aem4f : SPIMSP432DMA.oem4f (.text:SPIMSP432DMA_transfer)
                  0000862c    00000124     rtsv7M4_T_le_v4SPD16_eabi.lib : _printfi.c.obj (.text:fcvt)
                  00008750    0000011c     msp432p4xx_driverlib.lib : uart.o (.text:UART_initModule)
                  0000886c    0000011c     drivers_msp432p401x.aem4f : I2CMSP432.oem4f (.text:primeTransfer)
                  00008988    00000116     ui.obj (.text:onDecrease)
                  00008a9e    00000002     --HOLE-- [fill = 0]
                  00008aa0    00000114     drivers_msp432p401x.aem4f : PWMTimerMSP432.oem4f (.text:PWMTimerMSP432_setPeriod)
                  00008bb4    00000004     dpl_msp432p401x.aem4f : SystemP_tirtos.oem4f (.text:SystemP_vsnprintf)
                  00008bb8    00000114     spi_lcd.obj (.text:lcd_showfloat)
                  00008ccc    00000110     drivers_msp432p401x.aem4f : LED.oem4f (.text:LED_open)
                  00008ddc    00000110     rtsv7M4_T_le_v4SPD16_eabi.lib : s_scalbn.c.obj (.text:scalbn)
                  00008eec    00000004     release_pem4f.oem4f (.text:ti_sysbios_BIOS_RtsGateProxy_enter__E)
                  00008ef0    0000010c     encoder.obj (.text:encoder_Thread)
                  00008ffc    00000108     msp432p4xx_driverlib.lib : pcm.o (.text:__PCM_setCoreVoltageLevelAdvanced)
                  00009104    00000004     release_pem4f.oem4f (.text:ti_sysbios_BIOS_RtsGateProxy_leave__E)
                  00009108    00000108     sysbios.aem4f : BIOS.obj (.text:ti_sysbios_knl_Task_postInit__I)
                  00009210    00000108                   : BIOS.obj (.text:xdc_runtime_Startup_startMods__I)
                  00009318    00000104     drivers_msp432p401x.aem4f : SPIMSP432DMA.oem4f (.text:SPIMSP432DMA_transferCancel)
                  0000941c    00000004     release_pem4f.oem4f (.text:ti_sysbios_family_arm_m3_Hwi_delete)
                  00009420    00000104     sysbios.aem4f : BIOS.obj (.text:ti_sysbios_knl_Task_Instance_finalize__E)
                  00009524    000000fc     drivers_msp432p401x.aem4f : ADCMSP432.oem4f (.text:ADCMSP432_convert)
                  00009620    000000fc                               : SPIMSP432DMA.oem4f (.text:configDMA)
                  0000971c    000000fc     rtsv7M4_T_le_v4SPD16_eabi.lib : fd_mul_t2.asm.obj (.text)
                  00009818    000000f8                                   : s_floor.c.obj (.text:floor)
                  00009910    000000f8     spi_lcd.obj (.text:lcd_displayccd)
                  00009a08    000000f8     sysbios.aem4f : BIOS.obj (.text:ti_sysbios_family_arm_msp432_init_Boot_configureClocksHigh)
                  00009b00    000000f6     ui.obj (.text:onEnter)
                  00009bf6    00000002     --HOLE-- [fill = 0]
                  00009bf8    000000f0     msp432p4xx_driverlib.lib : dma.o (.text:DMA_setChannelTransfer)
                  00009ce8    000000f0     drivers_msp432p401x.aem4f : I2CMSP432.oem4f (.text:I2CMSP432_transfer)
                  00009dd8    000000f0     motor.obj (.text:motor_left_right_duty)
                  00009ec8    000000f0     sysbios.aem4f : BIOS.obj (.text:pthread_create)
                  00009fb8    000000f0                   : m3_Hwi_asm.obj (.text:ti_sysbios_family_arm_m3_Hwi_dispatch__I)
                  0000a0a8    000000ee     ui.obj (.text:onIncrease)
                  0000a196    00000002     --HOLE-- [fill = 0]
                  0000a198    000000e8     drivers_msp432p401x.aem4f : Button.oem4f (.text:Button_open)
                  0000a280    000000e6     spi_lcd.obj (.text:lcd_Thread)
                  0000a366    00000002     --HOLE-- [fill = 0]
                  0000a368    000000e4     msp432p4xx_driverlib.lib : cs.o (.text:CS_startHFXTWithTimeout)
                  0000a44c    000000e0                              : cs.o (.text:CS_startLFXTWithTimeout)
                  0000a52c    00000004     release_pem4f.oem4f (.text:ti_sysbios_family_arm_m3_TaskSupport_Module__startupDone__S)
                  0000a530    000000e0     sysbios.aem4f : BIOS.obj (.text:ti_sysbios_knl_Task_Instance_init__E)
                  0000a610    000000dc     drivers_msp432p401x.aem4f : UARTMSP432.oem4f (.text:UARTMSP432_readPolling)
                  0000a6ec    000000dc                               : UDMAMSP432.oem4f (.text:UDMAMSP432_close)
                  0000a7c8    000000dc     msp432p4xx_driverlib.lib : cs.o (.text:_CSGetHFXTFrequency)
                  0000a8a4    00000004     release_pem4f.oem4f (.text:ti_sysbios_heaps_HeapMem_Module_GateProxy_enter__E)
                  0000a8a8    000000d2     adcTSL1401.obj (.text:TSL1401_GetLine)
                  0000a97a    00000006     display.aem4f : DisplayUart.oem4f (.text:DisplayUartMin_control)
                  0000a980    000000d0     uart1.obj (.text:handleRecvEvt)
                  0000aa50    000000d0     sysbios.aem4f : BIOS.obj (.text:ti_sysbios_heaps_HeapMem_alloc__E)
                  0000ab20    000000ca     drivers_msp432p401x.aem4f : UARTMSP432.oem4f (.text:UARTMSP432_hwiIntFxn)
                  0000abea    00000002     --HOLE-- [fill = 0]
                  0000abec    000000c8                               : TimerMSP432.oem4f (.text:TimerMSP432_start)
                  0000acb4    00000004     release_pem4f.oem4f (.text:ti_sysbios_heaps_HeapMem_Module_GateProxy_leave__E)
                  0000acb8    000000c4     sysbios.aem4f : BIOS.obj (.text:ti_sysbios_knl_Task_sleep__E)
                  0000ad7c    00000004     release_pem4f.oem4f (.text:ti_sysbios_knl_Clock_TimerProxy_getMaxTicks__E)
                  0000ad80    000000bc     ui.obj (.text:DrawEncoderView)
                  0000ae3c    000000bc     drivers_msp432p401x.aem4f : TimerMSP432.oem4f (.text:TimerMSP432_setPeriod)
                  0000aef8    000000ba     spi_lcd.obj (.text:lcd_showchar)
                  0000afb2    00000006     display.aem4f : DisplayUart.oem4f (.text:DisplayUartMin_getType)
                  0000afb8    000000b8     buttonled.obj (.text:doEventLogs)
                  0000b070    000000b8     drivers_msp432p401x.aem4f : UARTMSP432.oem4f (.text:initHw)
                  0000b128    000000b8                               : UARTMSP432.oem4f (.text:readTaskCallback)
                  0000b1e0    000000b8     sysbios.aem4f : BIOS.obj (.text:ti_sysbios_family_arm_m3_Hwi_Instance_init__E)
                  0000b298    000000b4     msp432p4xx_driverlib.lib : adc14.o (.text:ADC14_configureConversionMemory)
                  0000b34c    00000004     release_pem4f.oem4f (.text:ti_sysbios_knl_Clock_delete)
                  0000b350    000000b4     ec11.obj (.text:Encoder_EC11_Init)
                  0000b404    000000b4     drivers_msp432p401x.aem4f : UARTMSP432.oem4f (.text:UARTMSP432_control)
                  0000b4b8    000000b4                               : UARTMSP432.oem4f (.text:UARTMSP432_writePolling)
                  0000b56c    000000b1     rtsv7M4_T_le_v4SPD16_eabi.lib : _printfi.c.obj (.text:_ltostr)
                  0000b61d    00000001     --HOLE-- [fill = 0]
                  0000b61e    000000b0     msp432p4xx_driverlib.lib : spi.o (.text:SPI_initMaster)
                  0000b6ce    00000002     --HOLE-- [fill = 0]
                  0000b6d0    000000ae     spi_lcd.obj (.text:lcd_writedata_16bit)
                  0000b77e    00000002     --HOLE-- [fill = 0]
                  0000b780    000000ac     drivers_msp432p401x.aem4f : GPIOMSP432.oem4f (.text:GPIO_init)
                  0000b82c    000000ac                               : I2CMSP432.oem4f (.text:I2CMSP432_cancel)
                  0000b8d8    000000aa     sysbios.aem4f : BIOS.obj (.text:xdc_runtime_Core_createObject__I)
                  0000b982    000000a8     drivers_msp432p401x.aem4f : UARTMSP432.oem4f (.text:UARTMSP432_write)
                  0000ba2a    00000006     display.aem4f : Display.oem4f (.text:Display_doParamsInit)
                  0000ba30    000000a8     ui.obj (.text:matconv)
                  0000bad8    000000a8     drivers_msp432p401x.aem4f : UARTMSP432.oem4f (.text:readTaskBlocking)
                  0000bb80    000000a8     sysbios.aem4f : BIOS.obj (.text:ti_sysbios_family_arm_msp432_Timer_periodicStub__E)
                  0000bc28    000000a4     drivers_msp432p401x.aem4f : PWMTimerMSP432.oem4f (.text:PWMTimerMSP432_stop)
                  0000bccc    000000a4                               : TimerMSP432.oem4f (.text:initTimerHardware)
                  0000bd70    000000a4     sysbios.aem4f : BIOS.obj (.text:ti_sysbios_knl_Task_setPri__E)
                  0000be14    00000004     release_pem4f.oem4f (.text:ti_sysbios_knl_Semaphore_delete)
                  0000be18    000000a2     spi_lcd.obj (.text:lcd_clear_rectangle)
                  0000beba    00000002     --HOLE-- [fill = 0]
                  0000bebc    000000a0     auto_init.aem4f : auto_init.oem4f (.text)
                  0000bf5c    000000a0     drivers_msp432p401x.aem4f : UARTMSP432.oem4f (.text:readIsrTextCallback)
                  0000bffc    00000004     release_pem4f.oem4f (.text:ti_sysbios_knl_Task_delete)
                  0000c000    0000009f     spi_lcd.obj (.text:lcd_showint32)
                  0000c09f    00000001     --HOLE-- [fill = 0]
                  0000c0a0    0000009c     drivers_msp432p401x.aem4f : PowerMSP432.oem4f (.text:Power_init)
                  0000c13c    0000009c     rtsv7M4_T_le_v4SPD16_eabi.lib : memcpy_t2.asm.obj (.text)
                  0000c1d8    0000009c     drivers_msp432p401x.aem4f : TimerMSP432.oem4f (.text:setT32TickCount)
                  0000c274    0000009c                               : TimerMSP432.oem4f (.text:setTATickCount)
                  0000c310    00000096     rtsv7M4_T_le_v4SPD16_eabi.lib : ull_div_t2.asm.obj (.text)
                  0000c3a6    00000002     --HOLE-- [fill = 0]
                  0000c3a8    00000094     drivers_msp432p401x.aem4f : PWMTimerMSP432.oem4f (.text:PWMTimerMSP432_setDuty)
                  0000c43c    00000094                               : UDMAMSP432.oem4f (.text:UDMAMSP432_init)
                  0000c4d0    00000094                               : UDMAMSP432.oem4f (.text:UDMAMSP432_open)
                  0000c564    00000004     release_pem4f.oem4f (.text:xdc_runtime_System_Module_GateProxy_enter__E)
                  0000c568    00000094     sysbios.aem4f : BIOS.obj (.text:_pthread_removeThreadKeys)
                  0000c5fc    00000004     release_pem4f.oem4f (.text:xdc_runtime_System_Module_GateProxy_leave__E)
                  0000c600    00000094     sysbios.aem4f : BIOS.obj (.text:ti_sysbios_family_arm_m3_Hwi_initNVIC__E)
                  0000c694    00000004     --HOLE-- [fill = 0]
                  0000c698    00000094                   : BIOS.obj (.text:ti_sysbios_knl_Task_exit__E)
                  0000c72c    00000004     --HOLE-- [fill = 0]
                  0000c730    00000092     ui.obj (.text:DrawPIDView)
                  0000c7c2    00000092     drivers_msp432p401x.aem4f : UARTMSP432.oem4f (.text:UARTMSP432_close)
                  0000c854    00000092                               : UARTMSP432.oem4f (.text:writeData)
                  0000c8e6    00000002     --HOLE-- [fill = 0]
                  0000c8e8    00000090     sysbios.aem4f : BIOS.obj (.text:ti_sysbios_knl_Task_Module_startup__E)
                  0000c978    0000008e     spi_lcd.obj (.text:lcd_writeData)
                  0000ca06    00000002     --HOLE-- [fill = 0]
                  0000ca08    0000008e     spi_lcd.obj (.text:lcd_writeIndex)
                  0000ca96    00000002     --HOLE-- [fill = 0]
                  0000ca98    0000008c     drivers_msp432p401x.aem4f : ADCMSP432.oem4f (.text:ADCMSP432_open)
                  0000cb24    0000008c                               : TimerMSP432.oem4f (.text:TimerMSP432_stop)
                  0000cbb0    0000008c                               : UARTMSP432.oem4f (.text:readIsrTextBlocking)
                  0000cc3c    0000008c     sysbios.aem4f : m3_TaskSupport_asm.obj (.text:ti_sysbios_family_arm_m3_TaskSupport_buildTaskStack)
                  0000ccc8    0000008c                   : BIOS.obj (.text:ti_sysbios_knl_Event_post__E)
                  0000cd54    00000004     --HOLE-- [fill = 0]
                  0000cd58    0000008c                   : BIOS.obj (.text:xdc_runtime_Memory_alloc__E)
                  0000cde4    00000004     --HOLE-- [fill = 0]
                  0000cde8    0000008a     ui.obj (.text:DrawCCDView)
                  0000ce72    00000002     --HOLE-- [fill = 0]
                  0000ce74    00000088     drivers_msp432p401x.aem4f : PWMTimerMSP432.oem4f (.text:PWMTimerMSP432_close)
                  0000cefc    00000004     --HOLE-- [fill = 0]
                  0000cf00    00000087     ui.obj (.text:DrawBootView)
                  0000cf87    00000001     --HOLE-- [fill = 0]
                  0000cf88    00000086     rtsv7M4_T_le_v4SPD16_eabi.lib : fd_cmp_t2.asm.obj (.text:__aeabi_cdcmple)
                  0000d00e    00000086                                   : fd_cmp_t2.asm.obj (.text:__aeabi_cdrcmple)
                  0000d094    00000086     drivers_msp432p401x.aem4f : SPIMSP432DMA.oem4f (.text:initHw)
                  0000d11a    00000006                               : I2CMSP432.oem4f (.text:I2CMSP432_control)
                  0000d120    00000086     sysbios.aem4f : BIOS.obj (.text:xdc_runtime_Core_constructObject__I)
                  0000d1a6    00000002     --HOLE-- [fill = 0]
                  0000d1a8    00000084     msp432p4xx_driverlib.lib : pcm.o (.text:PCM_gotoLPM3)
                  0000d22c    00000084     drivers_msp432p401x.aem4f : PWMTimerMSP432.oem4f (.text:PWMTimerMSP432_start)
                  0000d2b0    00000084                               : PowerMSP432.oem4f (.text:restartHFXT)
                  0000d334    00000004     --HOLE-- [fill = 0]
                  0000d338    00000084     sysbios.aem4f : BIOS.obj (.text:ti_sysbios_family_arm_m3_Hwi_postInit__I)
                  0000d3bc    00000004     --HOLE-- [fill = 0]
                  0000d3c0    00000084                   : BIOS.obj (.text:ti_sysbios_heaps_HeapMem_free__E)
                  0000d444    00000004     --HOLE-- [fill = 0]
                  0000d448    00000080     uart1.obj (.text:handleMoveEvt)
                  0000d4c8    00000080     sysbios.aem4f : BIOS.obj (.text:ti_sysbios_knl_Clock_workFunc__E)
                  0000d548    0000007c     drivers_msp432p401x.aem4f : PWMTimerMSP432.oem4f (.text:setConstraints)
                  0000d5c4    0000007a     rtsv7M4_T_le_v4SPD16_eabi.lib : memset_t2.asm.obj (.text)
                  0000d63e    00000002     --HOLE-- [fill = 0]
                  0000d640    00000078     drivers_msp432p401x.aem4f : TimerMSP432.oem4f (.text:TimerMSP432_allocateTimerResource)
                  0000d6b8    00000076                               : I2CMSP432.oem4f (.text:I2CMSP432_close)
                  0000d72e    00000002     --HOLE-- [fill = 0]
                  0000d730    00000075     sysbios.aem4f : BIOS.obj (.text:xdc_runtime_System_formatNum__I)
                  0000d7a5    00000003     --HOLE-- [fill = 0]
                  0000d7a8    00000074     ui.obj (.text:DrawFeatureView)
                  0000d81c    00000004     --HOLE-- [fill = 0]
                  0000d820    00000074     ui.obj (.text:DrawFlagView)
                  0000d894    00000070     drivers_msp432p401x.aem4f : UARTMSP432.oem4f (.text:UARTMSP432_writeCancel)
                  0000d904    00000004     --HOLE-- [fill = 0]
                  0000d908    00000070     sysbios.aem4f : BIOS.obj (.text:ti_sysbios_heaps_HeapMem_initPrimary__I)
                  0000d978    0000006e     ui.obj (.text:Draw)
                  0000d9e6    0000006e     rtsv7M4_T_le_v4SPD16_eabi.lib : _printfi.c.obj (.text:_mcpy)
                  0000da54    0000006e                                   : fd_tos_t2.asm.obj (.text)
                  0000dac2    00000006     drivers_msp432p401x.aem4f : PWMTimerMSP432.oem4f (.text:PWMTimerMSP432_control)
                  0000dac8    0000006e     ui.obj (.text:ui_init)
                  0000db36    00000002     --HOLE-- [fill = 0]
                  0000db38    0000006c     uart1.obj (.text:CheckSum)
                  0000dba4    0000006c     msp432p4xx_driverlib.lib : i2c.o (.text:I2C_masterSendMultiByteFinish)
                  0000dc10    0000006c     ui.obj (.text:gotoViewById)
                  0000dc7c    00000004     --HOLE-- [fill = 0]
                  0000dc80    0000006c     sysbios.aem4f : BIOS.obj (.text:ti_sysbios_knl_Swi_restoreHwi__E)
                  0000dcec    00000004     --HOLE-- [fill = 0]
                  0000dcf0    0000006a     console.obj (.text:Display_uart_init)
                  0000dd5a    00000006     drivers_msp432p401x.aem4f : PWMTimerMSP432.oem4f (.text:PWMTimerMSP432_setDutyAndPeriod)
                  0000dd60    0000006a     beep.obj (.text:beep_init)
                  0000ddca    0000006a     drivers_msp432p401x.aem4f : PWMTimerMSP432.oem4f (.text:perfChangeNotifyFxn)
                  0000de34    00000068                               : GPIOMSP432.oem4f (.text:GPIO_hwiIntFxn)
                  0000de9c    00000068                               : PowerMSP432.oem4f (.text:PowerMSP432_getFreqs)
                  0000df04    00000068     rtsv7M4_T_le_v4SPD16_eabi.lib : copy_decompress_lzss.c.obj (.text:decompress:lzss:__TI_decompress_lzss)
                  0000df6c    00000068     drivers_msp432p401x.aem4f : I2CMSP432.oem4f (.text:initHw)
                  0000dfd4    00000068                               : PWMTimerMSP432.oem4f (.text:initHw)
                  0000e03c    00000004     --HOLE-- [fill = 0]
                  0000e040    00000066     sysbios.aem4f : BIOS.obj (.text:xdc_runtime_Core_deleteObject__I)
                  0000e0a6    00000002     --HOLE-- [fill = 0]
                  0000e0a8    00000064     drivers_msp432p401x.aem4f : Button.oem4f (.text:Button_gpioCallbackFxn)
                  0000e10c    00000064                               : SPIMSP432DMA.oem4f (.text:SPIMSP432DMA_close)
                  0000e170    00000064     rtsv7M4_T_le_v4SPD16_eabi.lib : s_frexp.c.obj (.text:frexp)
                  0000e1d4    00000004     --HOLE-- [fill = 0]
                  0000e1d8    00000064     sysbios.aem4f : BIOS.obj (.text:pthread_exit)
                  0000e23c    00000004     --HOLE-- [fill = 0]
                  0000e240    00000064                   : BIOS.obj (.text:ti_sysbios_family_arm_m3_Hwi_dispatchC__I)
                  0000e2a4    00000060     drivers_msp432p401x.aem4f : ADCMSP432.oem4f (.text:ADCMSP432_convertToMicroVolts)
                  0000e304    00000060                               : GPIOMSP432.oem4f (.text:GPIO_setCallback)
                  0000e364    00000004     --HOLE-- [fill = 0]
                  0000e368    00000060     sysbios.aem4f : BIOS.obj (.text:ti_sysbios_knl_Semaphore_post__E)
                  0000e3c8    00000060                   : BIOS.obj (.text:ti_sysbios_knl_Swi_run__I)
                  0000e428    0000005e     msp432p4xx_driverlib.lib : pcm.o (.text:PCM_getCoreVoltageLevel)
                  0000e486    00000002     --HOLE-- [fill = 0]
                  0000e488    0000005e     adcTSL1401.obj (.text:TSL1401_adc_Thread)
                  0000e4e6    00000002     --HOLE-- [fill = 0]
                  0000e4e8    0000005e     spi_lcd.obj (.text:lcd_clear)
                  0000e546    00000002     --HOLE-- [fill = 0]
                  0000e548    0000005c     display.aem4f : Display.oem4f (.text:Display_doOpen)
                  0000e5a4    00000004     --HOLE-- [fill = 0]
                  0000e5a8    0000005c     spi_lcd.obj (.text:lcd_showstr)
                  0000e604    00000004     --HOLE-- [fill = 0]
                  0000e608    0000005c     sysbios.aem4f : BIOS.obj (.text:ti_sysbios_knl_Swi_schedule__I)
                  0000e664    00000004     --HOLE-- [fill = 0]
                  0000e668    0000005c                   : BIOS.obj (.text:ti_sysbios_knl_Task_startCore__E)
                  0000e6c4    00000004     --HOLE-- [fill = 0]
                  0000e6c8    0000005c                   : BIOS.obj (.text:xdc_runtime_Startup_exec__E)
                  0000e724    0000005a     msp432p4xx_driverlib.lib : pcm.o (.text:PCM_getPowerMode)
                  0000e77e    00000002     --HOLE-- [fill = 0]
                  0000e780    0000005a     beep.obj (.text:beep_set)
                  0000e7da    0000005a     drivers_msp432p401x.aem4f : ADCMSP432.oem4f (.text:initHw)
                  0000e834    00000058                               : GPIOMSP432.oem4f (.text:GPIO_write)
                  0000e88c    00000058     boot.aem4f : boot.oem4f (.text)
                  0000e8e4    00000058     drivers_msp432p401x.aem4f : UARTMSP432.oem4f (.text:readIsrBinaryBlocking)
                  0000e93c    00000058                               : SPIMSP432DMA.oem4f (.text:spiHwiFxn)
                  0000e994    00000058     sysbios.aem4f : m3_Hwi_asm_switch.obj (.text:ti_sysbios_family_arm_m3_Hwi_initStacks__E)
                  0000e9ec    00000004     --HOLE-- [fill = 0]
                  0000e9f0    00000056     ui.obj (.text:HandleFlashView)
                  0000ea46    00000056     rtsv7M4_T_le_v4SPD16_eabi.lib : _printfi.c.obj (.text:_pconv_f)
                  0000ea9c    00000056     drivers_msp432p401x.aem4f : I2CMSP432.oem4f (.text:completeTransfer)
                  0000eaf2    00000002     --HOLE-- [fill = 0]
                  0000eaf4    00000054     msp432p4xx_driverlib.lib : pcm.o (.text:PCM_shutdownDevice)
                  0000eb48    00000054     drivers_msp432p401x.aem4f : TimerMSP432.oem4f (.text:TimerMSP432_freeTimerResource)
                  0000eb9c    00000054     rtsv7M4_T_le_v4SPD16_eabi.lib : _ltoa.c.obj (.text:__TI_ltoa)
                  0000ebf0    00000054     release_pem4f.oem4f (.text:ti_sysbios_family_arm_m3_Hwi_create)
                  0000ec44    00000004     --HOLE-- [fill = 0]
                  0000ec48    00000054     sysbios.aem4f : BIOS.obj (.text:ti_sysbios_family_arm_msp432_Timer_initDevice__I)
                  0000ec9c    00000004     --HOLE-- [fill = 0]
                  0000eca0    00000052     ui.obj (.text:HandleBootView)
                  0000ecf2    00000052     rtsv7M4_T_le_v4SPD16_eabi.lib : _printfi.c.obj (.text:_ecpy)
                  0000ed44    00000050     dpl_msp432p401x.aem4f : ClockP_tirtos.oem4f (.text:ClockP_create)
                  0000ed94    00000050     drivers_msp432p401x.aem4f : LED.oem4f (.text:LED_startBlinking)
                  0000ede4    00000050                               : TimerMSP432.oem4f (.text:TimerMSP432_hwiIntFunction)
                  0000ee34    00000050                               : UDMAMSP432.oem4f (.text:UDMAMSP432_hwiFxn)
                  0000ee84    00000004     --HOLE-- [fill = 0]
                  0000ee88    00000050     sysbios.aem4f : BIOS.obj (.text:ti_sysbios_family_arm_m3_Hwi_Module_startup__E)
                  0000eed8    00000050     release_pem4f.oem4f (.text:ti_sysbios_knl_Task_create)
                  0000ef28    0000004e     drivers_msp432p401x.aem4f : TimerMSP432.oem4f (.text:TimerMSP432_close)
                  0000ef76    00000002     --HOLE-- [fill = 0]
                  0000ef78    0000004c     dpl_msp432p401x.aem4f : PowerMSP432_tirtos.oem4f (.text:PowerMSP432_sleepPolicy)
                  0000efc4    0000004c     rtsv7M4_T_le_v4SPD16_eabi.lib : atoi.c.obj (.text:atoi)
                  0000f010    0000004c                                   : cpy_tbl.c.obj (.text:copy_in)
                  0000f05c    0000004c     drivers_msp432p401x.aem4f : UARTMSP432.oem4f (.text:readIsrBinaryCallback)
                  0000f0a8    0000004c     sysbios.aem4f : BIOS.obj (.text:ti_sysbios_family_arm_msp432_Timer_postInit__I)
                  0000f0f4    00000004     --HOLE-- [fill = 0]
                  0000f0f8    0000004c                   : BIOS.obj (.text:ti_sysbios_family_arm_msp432_Timer_start__E)
                  0000f144    00000004     --HOLE-- [fill = 0]
                  0000f148    0000004c                   : BIOS.obj (.text:ti_sysbios_heaps_HeapMem_getStats__E)
                  0000f194    00000004     --HOLE-- [fill = 0]
                  0000f198    0000004c                   : BIOS.obj (.text:ti_sysbios_knl_Swi_runLoop__I)
                  0000f1e4    00000004     --HOLE-- [fill = 0]
                  0000f1e8    0000004c                   : BIOS.obj (.text:ti_sysbios_knl_Task_allBlockedFunction__I)
                  0000f234    00000004     --HOLE-- [fill = 0]
                  0000f238    0000004c                   : BIOS.obj (.text:ti_sysbios_knl_Task_schedule__I)
                  0000f284    0000004a     display.aem4f : DisplayUart.oem4f (.text:DisplayUartMin_open)
                  0000f2ce    00000002     --HOLE-- [fill = 0]
                  0000f2d0    00000048     drivers_msp432p401x.aem4f : PowerMSP432.oem4f (.text:Power_releaseConstraint)
                  0000f318    00000048     rtsv7M4_T_le_v4SPD16_eabi.lib : fd_toi_t2.asm.obj (.text)
                  0000f360    00000048     sysbios.aem4f : BIOS.obj (.text:ti_sysbios_family_arm_m3_Hwi_disableInterrupt__E)
                  0000f3a8    00000048                   : BIOS.obj (.text:ti_sysbios_family_arm_m3_Hwi_enableInterrupt__E)
                  0000f3f0    00000048                   : BIOS.obj (.text:ti_sysbios_knl_Mailbox_Module_startup__E)
                  0000f438    00000048                   : BIOS.obj (.text:xdc_runtime_Core_assignParams__I)
                  0000f480    00000046     display.aem4f : DisplayUart.oem4f (.text:DisplayUartMin_vprintf)
                  0000f4c6    00000046     drivers_msp432p401x.aem4f : RingBuf.oem4f (.text:RingBuf_put)
                  0000f50c    00000044                               : ADC.oem4f (.text:ADC_init)
                  0000f550    00000044                               : I2C.oem4f (.text:I2C_init)
                  0000f594    00000044                               : PWM.oem4f (.text:PWM_init)
                  0000f5d8    00000044                               : SPI.oem4f (.text:SPI_init)
                  0000f61c    00000044                               : Timer.oem4f (.text:Timer_init)
                  0000f660    00000044                               : UART.oem4f (.text:UART_init)
                  0000f6a4    00000044                               : I2CMSP432.oem4f (.text:perfChangeNotifyFxn)
                  0000f6e8    00000044     rtsv7M4_T_le_v4SPD16_eabi.lib : fd_tou_t2.asm.obj (.text)
                  0000f72c    00000004     --HOLE-- [fill = 0]
                  0000f730    00000044     sysbios.aem4f : BIOS.obj (.text:ti_sysbios_family_arm_m3_Hwi_getStackInfo__E)
                  0000f774    00000004     --HOLE-- [fill = 0]
                  0000f778    00000044                   : BIOS.obj (.text:ti_sysbios_knl_Swi_post__E)
                  0000f7bc    00000040     drivers_msp432p401x.aem4f : ADCMSP432.oem4f (.text:ADCMSP432_close)
                  0000f7fc    00000040                               : ADC.oem4f (.text:ADC_open)
                  0000f83c    00000040     dpl_msp432p401x.aem4f : HwiP_tirtos.oem4f (.text:HwiP_create)
                  0000f87c    00000040     drivers_msp432p401x.aem4f : I2C.oem4f (.text:I2C_open)
                  0000f8bc    00000040                               : PWM.oem4f (.text:PWM_open)
                  0000f8fc    00000040                               : RingBuf.oem4f (.text:RingBuf_get)
                  0000f93c    00000040                               : SPI.oem4f (.text:SPI_open)
                  0000f97c    00000040                               : Timer.oem4f (.text:Timer_open)
                  0000f9bc    00000040                               : UARTMSP432.oem4f (.text:UARTMSP432_read)
                  0000f9fc    00000040                               : UART.oem4f (.text:UART_open)
                  0000fa3c    00000040                               : PWMTimerMSP432.oem4f (.text:getDutyCounts)
                  0000fa7c    00000040                               : PWMTimerMSP432.oem4f (.text:getPeriodCounts)
                  0000fabc    00000040     msp432p4xx_driverlib.lib : spi.o (.text:is_A_Module)
                  0000fafc    00000040     drivers_msp432p401x.aem4f : UARTMSP432.oem4f (.text:perfChangeNotifyFxn)
                  0000fb3c    00000040     rtsv7M4_T_le_v4SPD16_eabi.lib : u_divt2.asm.obj (.text)
                  0000fb7c    00000040                                   : sprintf.c.obj (.text:sprintf)
                  0000fbbc    00000004     --HOLE-- [fill = 0]
                  0000fbc0    00000040     sysbios.aem4f : BIOS.obj (.text:ti_sysbios_family_arm_msp432_Timer_Module_startup__E)
                  0000fc00    00000040                   : BIOS.obj (.text:ti_sysbios_family_arm_msp432_Timer_startup__E)
                  0000fc40    00000040                   : BIOS.obj (.text:ti_sysbios_heaps_HeapMem_Instance_init__E)
                  0000fc80    00000040                   : BIOS.obj (.text:ti_sysbios_knl_Clock_Instance_init__E)
                  0000fcc0    00000040     uart1.obj (.text:uart1_Thread)
                  0000fd00    0000003e     drivers_msp432p401x.aem4f : LED.oem4f (.text:LED_setBrightnessLevel)
                  0000fd3e    0000003e     rtsv7M4_T_le_v4SPD16_eabi.lib : _printfi.c.obj (.text:_fcpy)
                  0000fd7c    00000004     --HOLE-- [fill = 0]
                  0000fd80    0000003e     console.obj (.text:consoleThread)
                  0000fdbe    0000003c     drivers_msp432p401x.aem4f : LED.oem4f (.text:LED_setOff)
                  0000fdfa    00000002     --HOLE-- [fill = 0]
                  0000fdfc    0000003c     dpl_msp432p401x.aem4f : SemaphoreP_tirtos.oem4f (.text:SemaphoreP_create)
                  0000fe38    0000003c     sysbios.aem4f : BIOS.obj (.text:sleep)
                  0000fe74    00000004     --HOLE-- [fill = 0]
                  0000fe78    0000003c                   : BIOS.obj (.text:ti_sysbios_family_arm_m3_Hwi_Instance_finalize__E)
                  0000feb4    00000004     --HOLE-- [fill = 0]
                  0000feb8    0000003c                   : BIOS.obj (.text:ti_sysbios_family_arm_msp432_Seconds_Module_startup__E)
                  0000fef4    0000003c     release_pem4f.oem4f (.text:ti_sysbios_knl_Clock_create)
                  0000ff30    0000003c     sysbios.aem4f : BIOS.obj (.text:ti_sysbios_knl_Swi_restore__E)
                  0000ff6c    00000004     --HOLE-- [fill = 0]
                  0000ff70    0000003c                   : BIOS.obj (.text:usleep)
                  0000ffac    00000004     --HOLE-- [fill = 0]
                  0000ffb0    0000003a     ec11.obj (.text:ec11_read)
                  0000ffea    00000006     drivers_msp432p401x.aem4f : SPIMSP432DMA.oem4f (.text:SPIMSP432DMA_control)
                  0000fff0    0000003a     uart1.obj (.text:uartReadCallback)
                  0001002a    00000006     drivers_msp432p401x.aem4f : TimerMSP432.oem4f (.text:TimerMSP432_control)
                  00010030    00000038     encoder.obj (.text:ENCODER_1A_CB)
                  00010068    00000038     encoder.obj (.text:ENCODER_1B_CB)
                  000100a0    00000038     encoder.obj (.text:ENCODER_2A_CB)
                  000100d8    00000038     encoder.obj (.text:ENCODER_2B_CB)
                  00010110    00000038     encoder.obj (.text:ENCODER_3A_CB)
                  00010148    00000038     encoder.obj (.text:ENCODER_3B_CB)
                  00010180    00000038     encoder.obj (.text:ENCODER_4A_CB)
                  000101b8    00000038     encoder.obj (.text:ENCODER_4B_CB)
                  000101f0    00000038     drivers_msp432p401x.aem4f : GPIOMSP432.oem4f (.text:GPIO_toggle)
                  00010228    00000038                               : PowerMSP432.oem4f (.text:Power_setConstraint)
                  00010260    00000038                               : TimerMSP432.oem4f (.text:TimerMSP432_getCount)
                  00010298    00000038     uart1.obj (.text:ecoTaskInit)
                  000102d0    00000038     drivers_msp432p401x.aem4f : PowerMSP432.oem4f (.text:notify)
                  00010308    00000038     rtsv7M4_T_le_v4SPD16_eabi.lib : fs_tod_t2.asm.obj (.text)
                  00010340    00000038     sysbios.aem4f : BIOS.obj (.text:xdc_runtime_System_atexit__E)
                  00010378    00000036     drivers_msp432p401x.aem4f : LED.oem4f (.text:LED_setOn)
                  000103ae    00000036                               : UARTMSP432.oem4f (.text:UARTMSP432_readCancel)
                  000103e4    00000036                               : LED.oem4f (.text:clockTimeoutHandler)
                  0001041a    00000002     --HOLE-- [fill = 0]
                  0001041c    00000034                               : GPIOMSP432.oem4f (.text:GPIO_disableInt)
                  00010450    00000034                               : GPIOMSP432.oem4f (.text:GPIO_enableInt)
                  00010484    00000034     release_pem4f.oem4f (.text:ti_sysbios_knl_Semaphore_create)
                  000104b8    00000032     spi_lcd.obj (.text:lcd_drawpoint)
                  000104ea    00000006     --HOLE-- [fill = 0]
                  000104f0    00000032     sysbios.aem4f : BIOS.obj (.text:ti_sysbios_hal_Hwi_initStack)
                  00010522    00000006     --HOLE-- [fill = 0]
                  00010528    00000032                   : BIOS.obj (.text:xdc_runtime_System_putchar__I)
                  0001055a    00000002     --HOLE-- [fill = 0]
                  0001055c    00000030     drivers_msp432p401x.aem4f : ADCMSP432.oem4f (.text:ADCMSP432_init)
                  0001058c    00000030                               : I2CMSP432.oem4f (.text:mapPin)
                  000105bc    00000030                               : PWMTimerMSP432.oem4f (.text:mapPin)
                  000105ec    00000030                               : SPIMSP432DMA.oem4f (.text:mapPin)
                  0001061c    00000030                               : UARTMSP432.oem4f (.text:mapPin)
                  0001064c    00000030     release_pem4f.oem4f (.text:ti_sysbios_BIOS_atExitFunc__I)
                  0001067c    00000030     release_pem4f.oem4f (.text:ti_sysbios_BIOS_startFunc__I)
                  000106ac    00000004     --HOLE-- [fill = 0]
                  000106b0    00000030     sysbios.aem4f : BIOS.obj (.text:ti_sysbios_family_arm_m3_TaskSupport_start__E)
                  000106e0    00000030     release_pem4f.oem4f (.text:ti_sysbios_gates_GateHwi_Object__create__S)
                  00010710    00000030     release_pem4f.oem4f (.text:ti_sysbios_gates_GateMutex_Object__create__S)
                  00010740    00000030     sysbios.aem4f : BIOS.obj (.text:ti_sysbios_gates_GateMutex_enter__E)
                  00010770    00000030     release_pem4f.oem4f (.text:ti_sysbios_heaps_HeapMem_Object__create__S)
                  000107a0    00000030     sysbios.aem4f : BIOS.obj (.text:ti_sysbios_knl_Event_pendTimeout__I)
                  000107d0    00000030                   : BIOS.obj (.text:ti_sysbios_knl_Mailbox_postInit__I)
                  00010800    00000030     release_pem4f.oem4f (.text:ti_sysbios_knl_Semaphore_construct)
                  00010830    00000030     sysbios.aem4f : BIOS.obj (.text:ti_sysbios_knl_Semaphore_pendTimeout__I)
                  00010860    00000030                   : BIOS.obj (.text:ti_sysbios_knl_Task_processVitalTaskFlag__I)
                  00010890    00000030                   : BIOS.obj (.text:ti_sysbios_knl_Task_restore__E)
                  000108c0    00000030                   : BIOS.obj (.text:ti_sysbios_knl_Task_unblockI__E)
                  000108f0    00000030                   : BIOS.obj (.text:xdc_runtime_System_processAtExit__E)
                  00010920    0000002e                   : BIOS.obj (.text:pthread_setcancelstate)
                  0001094e    0000002e     rtsv7M4_T_le_v4SPD16_eabi.lib : i_tofd_t2.asm.obj (.text)
                  0001097c    0000002c     dpl_msp432p401x.aem4f : PowerMSP432_tirtos.oem4f (.text:PowerMSP432_updateFreqs)
                  000109a8    0000002c     msp432p4xx_driverlib.lib : rtc_c.o (.text:RTC_C_holdClock)
                  000109d4    0000002c     dpl_msp432p401x.aem4f : SemaphoreP_tirtos.oem4f (.text:SemaphoreP_createBinary)
                  00010a00    0000002c     sysbios.aem4f : BIOS.obj (.text:_pthread_cleanupFxn)
                  00010a2c    00000004     --HOLE-- [fill = 0]
                  00010a30    0000002c                   : BIOS.obj (.text:_pthread_delete$43)
                  00010a5c    0000002c     drivers_msp432p401x.aem4f : TimerMSP432.oem4f (.text:perfChangeNotifyFxn)
                  00010a88    0000002c     release_pem4f.oem4f (.text:ti_sysbios_gates_GateHwi_Handle__label__S)
                  00010ab4    0000002c     release_pem4f.oem4f (.text:ti_sysbios_gates_GateMutex_Handle__label__S)
                  00010ae0    0000002c     release_pem4f.oem4f (.text:ti_sysbios_heaps_HeapMem_Handle__label__S)
                  00010b0c    0000002c     release_pem4f.oem4f (.text:ti_sysbios_knl_Clock_doTick__I)
                  00010b38    0000002c     release_pem4f.oem4f (.text:ti_sysbios_knl_Event_construct)
                  00010b64    0000002c     release_pem4f.oem4f (.text:ti_sysbios_knl_Queue_construct)
                  00010b90    0000002a     display.aem4f : Display.oem4f (.text:Display_doPrintf)
                  00010bba    00000006     --HOLE-- [fill = 0]
                  00010bc0    0000002a     beep.obj (.text:beep_pwm_Thread)
                  00010bea    00000006     --HOLE-- [fill = 0]
                  00010bf0    0000002a     ti_drivers_config.obj (.text:dmaErrorFxn)
                  00010c1a    0000002a     drivers_msp432p401x.aem4f : SPIMSP432DMA.oem4f (.text:perfChangeNotifyFxn)
                  00010c44    00000028     msp432p4xx_driverlib.lib : adc14.o (.text:ADC14_getResult)
                  00010c6c    00000028     display.aem4f : Display.oem4f (.text:Display_doInit)
                  00010c94    00000028     msp432p4xx_driverlib.lib : pcm.o (.text:PCM_gotoLPM0)
                  00010cbc    00000028     drivers_msp432p401x.aem4f : PowerMSP432.oem4f (.text:Power_registerNotify)
                  00010ce4    00000028     msp432p4xx_driverlib.lib : spi.o (.text:SPI_getInterruptStatus)
                  00010d0c    00000028     drivers_msp432p401x.aem4f : PowerMSP432.oem4f (.text:disableFaultCounter)
                  00010d34    00000028                               : PowerMSP432.oem4f (.text:disableHFXT)
                  00010d5c    00000028                               : UARTMSP432.oem4f (.text:findBaudDividerIndex)
                  00010d84    00000004     --HOLE-- [fill = 0]
                  00010d88    00000028     ui.obj (.text:is_number)
                  00010db0    00000028     sysbios.aem4f : m3_Hwi_asm.obj (.text:ti_sysbios_family_arm_m3_Hwi_excHandlerAsm__I)
                  00010dd8    00000028                   : BIOS.obj (.text:ti_sysbios_knl_Clock_addI__E)
                  00010e00    00000028                   : BIOS.obj (.text:ti_sysbios_knl_Swi_Module_startup__E)
                  00010e28    00000026     drivers_msp432p401x.aem4f : List.oem4f (.text:List_put)
                  00010e4e    00000026                               : List.oem4f (.text:List_remove)
                  00010e74    00000026                               : PWMTimerMSP432.oem4f (.text:releaseConstraints)
                  00010e9a    00000026     sysbios.aem4f : m3_Hwi_asm.obj (.text:ti_sysbios_family_arm_m3_Hwi_pendSV__I)
                  00010ec0    00000024     msp432p4xx_driverlib.lib : wdt_a.o (.text:WDT_A_holdTimer)
                  00010ee4    00000004     --HOLE-- [fill = 0]
                  00010ee8    00000024     sysbios.aem4f : BIOS.obj (.text:pthread_attr_init)
                  00010f0c    00000024     release_pem4f.oem4f (.text:ti_sysbios_BIOS_registerRTSLock__I)
                  00010f30    00000024     release_pem4f.oem4f (.text:ti_sysbios_BIOS_removeRTSLock__I)
                  00010f54    00000004     --HOLE-- [fill = 0]
                  00010f58    00000024     sysbios.aem4f : BIOS.obj (.text:ti_sysbios_family_arm_msp432_ClockFreqs_setFrequency__E)
                  00010f7c    00000024     release_pem4f.oem4f (.text:ti_sysbios_gates_GateMutex_Object__delete__S)
                  00010fa0    00000024     sysbios.aem4f : BIOS.obj (.text:ti_sysbios_knl_Clock_Module_startup__E)
                  00010fc4    00000024     release_pem4f.oem4f (.text:ti_sysbios_knl_Clock_Object__delete__S)
                  00010fe8    00000024     sysbios.aem4f : BIOS.obj (.text:ti_sysbios_knl_Clock_start__E)
                  0001100c    00000004     --HOLE-- [fill = 0]
                  00011010    00000024                   : BIOS.obj (.text:ti_sysbios_knl_Semaphore_Instance_init__E)
                  00011034    00000024     release_pem4f.oem4f (.text:ti_sysbios_knl_Semaphore_Object__delete__S)
                  00011058    00000024     sysbios.aem4f : BIOS.obj (.text:ti_sysbios_knl_Task_restoreHwi__E)
                  0001107c    00000004     --HOLE-- [fill = 0]
                  00011080    00000024                   : BIOS.obj (.text:xdc_runtime_Error_policyMin__E)
                  000110a4    00000022     drivers_msp432p401x.aem4f : LED.oem4f (.text:LED_stopBlinking)
                  000110c6    00000002     --HOLE-- [fill = 0]
                  000110c8    00000020     msp432p4xx_driverlib.lib : cs.o (.text:CS_setExternalClockSourceFrequency)
                  000110e8    00000020     drivers_msp432p401x.aem4f : GPIOMSP432.oem4f (.text:GPIO_read)
                  00011108    00000020                               : PowerMSP432.oem4f (.text:Power_unregisterNotify)
                  00011128    00000020                               : RingBuf.oem4f (.text:RingBuf_peek)
                  00011148    00000020     rtsv7M4_T_le_v4SPD16_eabi.lib : u_tofd_t2.asm.obj (.text)
                  00011168    00000020     release_pem4f.oem4f (.text:ti_sysbios_BIOS_rtsLock__I)
                  00011188    00000020     release_pem4f.oem4f (.text:ti_sysbios_family_arm_m3_Hwi_Object__delete__S)
                  000111a8    00000020     sysbios.aem4f : BIOS.obj (.text:ti_sysbios_family_arm_m3_Hwi_clearInterrupt__E)
                  000111c8    00000020     release_pem4f.oem4f (.text:ti_sysbios_gates_GateHwi_Object__delete__S)
                  000111e8    00000020     release_pem4f.oem4f (.text:ti_sysbios_heaps_HeapMem_Object__delete__S)
                  00011208    00000020     sysbios.aem4f : BIOS.obj (.text:ti_sysbios_knl_Idle_run__E)
                  00011228    00000020     release_pem4f.oem4f (.text:ti_sysbios_knl_Semaphore_destruct)
                  00011248    00000020     release_pem4f.oem4f (.text:ti_sysbios_knl_Task_Object__delete__S)
                  00011268    0000001e     drivers_msp432p401x.aem4f : PWMTimerMSP432.oem4f (.text:corroboratePeriod)
                  00011286    0000001e                               : Button.oem4f (.text:msToTicks)
                  000112a4    0000001e                               : LED.oem4f (.text:msToTicks)
                  000112c2    0000001e     sysbios.aem4f : m3_Hwi_asm_switch.obj (.text:ti_sysbios_family_xxx_Hwi_switchAndRunFunc)
                  000112e0    0000001c     rtsv7M4_T_le_v4SPD16_eabi.lib : memccpy.c.obj (.text:memccpy)
                  000112fc    00000004     --HOLE-- [fill = 0]
                  00011300    0000001c     sysbios.aem4f : BIOS.obj (.text:ti_sysbios_family_arm_m3_Hwi_excHandler__I)
                  0001131c    00000004     --HOLE-- [fill = 0]
                  00011320    0000001c                   : BIOS.obj (.text:ti_sysbios_gates_GateMutex_Instance_init__E)
                  0001133c    00000004     --HOLE-- [fill = 0]
                  00011340    0000001c                   : BIOS.obj (.text:ti_sysbios_knl_Clock_Instance_finalize__E)
                  0001135c    0000001c     release_pem4f.oem4f (.text:ti_sysbios_knl_Queue_destruct)
                  00011378    0000001c     sysbios.aem4f : BIOS.obj (.text:ti_sysbios_knl_Queue_put__E)
                  00011394    00000004     --HOLE-- [fill = 0]
                  00011398    0000001c                   : BIOS.obj (.text:ti_sysbios_knl_Task_enter__I)
                  000113b4    00000004     --HOLE-- [fill = 0]
                  000113b8    0000001c                   : BIOS.obj (.text:ti_sysbios_rts_ti_ReentSupport_getReent__F)
                  000113d4    00000004     --HOLE-- [fill = 0]
                  000113d8    0000001c                   : BIOS.obj (.text:xdc_runtime_Memory_valloc__E)
                  000113f4    00000004     --HOLE-- [fill = 0]
                  000113f8    0000001c                   : BIOS.obj (.text:xdc_runtime_System_abort__E)
                  00011414    0000001a     drivers_msp432p401x.aem4f : LED.oem4f (.text:LED_toggle)
                  0001142e    0000001a     rtsv7M4_T_le_v4SPD16_eabi.lib : s_copysign.c.obj (.text:copysign)
                  00011448    00000018     release_pem4f.oem4f (.text:.bootCodeSection:ti_sysbios_family_arm_msp432_init_Boot_init__I)
                  00011460    00000018     msp432p4xx_driverlib.lib : spi.o (.text:EUSCI_A_SPI_getInterruptStatus)
                  00011478    00000018                              : spi.o (.text:EUSCI_B_SPI_getInterruptStatus)
                  00011490    00000018     drivers_msp432p401x.aem4f : I2C.oem4f (.text:I2C_transfer)
                  000114a8    00000018     msp432p4xx_driverlib.lib : sysctl_a.o (.text:SysCtl_A_disableNMISource)
                  000114c0    00000018                              : sysctl_a.o (.text:SysCtl_A_enableNMISource)
                  000114d8    00000018     drivers_msp432p401x.aem4f : UART.oem4f (.text:UART_Params_init)
                  000114f0    00000018     rtsv7M4_T_le_v4SPD16_eabi.lib : args_main.c.obj (.text:_args_main)
                  00011508    00000018                                   : sprintf.c.obj (.text:_outs)
                  00011520    00000018     drivers_msp432p401x.aem4f : PWMTimerMSP432.oem4f (.text:corroborateDuty)
                  00011538    00000018     release_pem4f.oem4f (.text:ti_sysbios_BIOS_rtsUnlock__I)
                  00011550    00000018     release_pem4f.oem4f (.text:ti_sysbios_family_arm_m3_Hwi_Module__startupDone__F)
                  00011568    00000018     sysbios.aem4f : m3_TaskSupport_asm.obj (.text:ti_sysbios_family_arm_m3_TaskSupport_swap__E)
                  00011580    00000018     release_pem4f.oem4f (.text:ti_sysbios_family_arm_msp432_Timer_Module__startupDone__F)
                  00011598    00000018     sysbios.aem4f : BIOS.obj (.text:ti_sysbios_gates_GateMutex_leave__E)
                  000115b0    00000018                   : BIOS.obj (.text:ti_sysbios_knl_Task_sleepTimeout__I)
                  000115c8    00000018     release_pem4f.oem4f (.text:ti_sysbios_rts_ti_ReentSupport_getTlsAddr__I)
                  000115e0    00000018     sysbios.aem4f : BIOS.obj (.text:xdc_runtime_Error_init__E)
                  000115f8    00000018                   : BIOS.obj (.text:xdc_runtime_System_exit__E)
                  00011610    00000016     display.aem4f : DisplayUart.oem4f (.text:DisplayUartMin_close)
                  00011626    00000016     rtsv7M4_T_le_v4SPD16_eabi.lib : strchr.c.obj (.text:strchr)
                  0001163c    00000016     release_pem4f.oem4f (.text:ti_sysbios_BIOS_exitFunc__I)
                  00011652    00000006     --HOLE-- [fill = 0]
                  00011658    00000016     uart1.obj (.text:ti_sysbios_knl_Event_Params_init)
                  0001166e    00000002     --HOLE-- [fill = 0]
                  00011670    00000016     sysbios.aem4f : BIOS.obj (.text:ti_sysbios_knl_Task_unblock__E)
                  00011686    00000002     --HOLE-- [fill = 0]
                  00011688    00000014     msp432p4xx_driverlib.lib : pcm.o (.text:PCM_getPowerState)
                  0001169c    00000014     drivers_msp432p401x.aem4f : PWM.oem4f (.text:PWM_Params_init)
                  000116b0    00000014                               : PowerMSP432.oem4f (.text:Power_idleFunc)
                  000116c4    00000014                               : SPI.oem4f (.text:SPI_Params_init)
                  000116d8    00000014                               : UARTMSP432.oem4f (.text:clearTXCPTIFG)
                  000116ec    00000004     --HOLE-- [fill = 0]
                  000116f0    00000014     sysbios.aem4f : BIOS.obj (.text:pthread_attr_setschedparam)
                  00011704    00000014     rtsv7M4_T_le_v4SPD16_eabi.lib : strlen.c.obj (.text:strlen)
                  00011718    00000014     release_pem4f.oem4f (.text:ti_sysbios_family_arm_m3_Hwi_Object__get__S)
                  0001172c    00000004     --HOLE-- [fill = 0]
                  00011730    00000014     sysbios.aem4f : BIOS.obj (.text:ti_sysbios_family_arm_m3_Hwi_switchFromBootStack__E)
                  00011744    00000014     release_pem4f.oem4f (.text:ti_sysbios_heaps_HeapMem_Object__get__S)
                  00011758    00000014     sysbios.aem4f : BIOS.obj (.text:ti_sysbios_knl_Event_Instance_init__E)
                  0001176c    00000014     release_pem4f.oem4f (.text:ti_sysbios_knl_Swi_Object__get__S)
                  00011780    00000014     drivers_msp432p401x.aem4f : Button.oem4f (.text:ticksToMs)
                  00011794    00000014                               : Button.oem4f (.text:timediff)
                  000117a8    00000012                               : LED.oem4f (.text:LED_Params_init)
                  000117ba    00000012                               : RingBuf.oem4f (.text:RingBuf_construct)
                  000117cc    00000012     dpl_msp432p401x.aem4f : SemaphoreP_tirtos.oem4f (.text:SemaphoreP_pend)
                  000117de    00000002     --HOLE-- [fill = 0]
                  000117e0    00000012     sysbios.aem4f : BIOS.obj (.text:_pthread_cleanup_pop)
                  000117f2    00000006     --HOLE-- [fill = 0]
                  000117f8    00000012                   : BIOS.obj (.text:_pthread_runStub$43)
                  0001180a    00000006     --HOLE-- [fill = 0]
                  00011810    00000012                   : BIOS.obj (.text:ti_sysbios_hal_Hwi_Module_startup__E)
                  00011822    00000012     rtsv7M4_T_le_v4SPD16_eabi.lib : wcslen.c.obj (.text:wcslen)
                  00011834    00000012     release_pem4f.oem4f (.text:xdc_runtime_Startup_exec__I)
                  00011846    00000002     --HOLE-- [fill = 0]
                  00011848    00000010     msp432p4xx_driverlib.lib : adc14.o (.text:ADCIsConversionRunning)
                  00011858    00000010     drivers_msp432p401x.aem4f : Button.oem4f (.text:Button_Params_init)
                  00011868    00000010                               : GPIOMSP432.oem4f (.text:GPIO_getConfig)
                  00011878    00000010     dpl_msp432p401x.aem4f : HwiP_tirtos.oem4f (.text:HwiP_Params_init)
                  00011888    00000010     drivers_msp432p401x.aem4f : I2C.oem4f (.text:I2C_Params_init)
                  00011898    00000010     msp432p4xx_driverlib.lib : pcm.o (.text:PCM_gotoLPM4)
                  000118a8    00000010                              : pcm.o (.text:PCM_setPowerMode)
                  000118b8    00000010                              : pcm.o (.text:PCM_setPowerState)
                  000118c8    00000010     drivers_msp432p401x.aem4f : PowerMSP432.oem4f (.text:PowerMSP432_getNumPerfLevels)
                  000118d8    00000010     msp432p4xx_driverlib.lib : sysctl_a.o (.text:SysCtl_A_getNMISourceStatus)
                  000118e8    00000010                              : sysctl.o (.text:SysCtl_getNMISourceStatus)
                  000118f8    00000010     drivers_msp432p401x.aem4f : Timer.oem4f (.text:Timer_Params_init)
                  00011908    00000010                               : UARTMSP432.oem4f (.text:readBlockingTimeout)
                  00011918    00000010     sysbios.aem4f : BIOS.obj (.text:ti_sysbios_BIOS_exit__E)
                  00011928    00000010                   : BIOS.obj (.text:ti_sysbios_BIOS_setCpuFreq__E)
                  00011938    00000010                   : BIOS.obj (.text:ti_sysbios_BIOS_setThreadType__E)
                  00011948    00000010                   : BIOS.obj (.text:ti_sysbios_BIOS_start__E)
                  00011958    00000010                   : m3_TaskSupport_asm.obj (.text:ti_sysbios_family_arm_m3_TaskSupport_glue)
                  00011968    00000010                   : BIOS.obj (.text:ti_sysbios_family_arm_msp432_init_Boot_disableWatchdog)
                  00011978    00000010                   : BIOS.obj (.text:ti_sysbios_gates_GateMutex_Instance_finalize__E)
                  00011988    00000010     release_pem4f.oem4f (.text:ti_sysbios_knl_Mailbox_Object__get__S)
                  00011998    00000010     sysbios.aem4f : BIOS.obj (.text:ti_sysbios_knl_Semaphore_Instance_finalize__E)
                  000119a8    00000010                   : BIOS.obj (.text:ti_sysbios_knl_Swi_disable__E)
                  000119b8    00000010     release_pem4f.oem4f (.text:ti_sysbios_knl_Task_Object__get__S)
                  000119c8    00000010     sysbios.aem4f : BIOS.obj (.text:ti_sysbios_knl_Task_disable__E)
                  000119d8    00000010                   : BIOS.obj (.text:xdc_runtime_Gate_leaveSystem__E)
                  000119e8    00000010                   : BIOS.obj (.text:xdc_runtime_Memory_free__E)
                  000119f8    00000010                   : BIOS.obj (.text:xdc_runtime_SysCallback_abort__E)
                  00011a08    00000010                   : BIOS.obj (.text:xdc_runtime_SysCallback_exit__E)
                  00011a18    00000010                   : BIOS.obj (.text:xdc_runtime_SysCallback_putch__E)
                  00011a28    00000010                   : BIOS.obj (.text:xdc_runtime_SysCallback_ready__E)
                  00011a38    00000010                   : BIOS.obj (.text:xdc_runtime_System_vsnprintf__E)
                  00011a48    0000000e     rtsv7M4_T_le_v4SPD16_eabi.lib : copy_decompress_none.c.obj (.text:decompress:none:__TI_decompress_none)
                  00011a56    00000002     --HOLE-- [fill = 0]
                  00011a58    0000000e     encoder.obj (.text:get_encoder1)
                  00011a66    00000002     --HOLE-- [fill = 0]
                  00011a68    0000000e     encoder.obj (.text:get_encoder3)
                  00011a76    00000002     --HOLE-- [fill = 0]
                  00011a78    0000000e     sysbios.aem4f : BIOS.obj (.text:pthread_attr_setdetachstate)
                  00011a86    00000002     --HOLE-- [fill = 0]
                  00011a88    0000000e                   : BIOS.obj (.text:ti_sysbios_knl_Idle_loop__E)
                  00011a96    00000002     --HOLE-- [fill = 0]
                  00011a98    0000000e                   : BIOS.obj (.text:ti_sysbios_knl_Queue_empty__E)
                  00011aa6    00000002     --HOLE-- [fill = 0]
                  00011aa8    0000000e     spi_lcd.obj (.text:timerCallback)
                  00011ab6    00000002     --HOLE-- [fill = 0]
                  00011ab8    0000000e     uart1.obj (.text:uart2ReadCallback)
                  00011ac6    00000002     --HOLE-- [fill = 0]
                  00011ac8    0000000e     uart1.obj (.text:uart2WriteCallback)
                  00011ad6    00000002     --HOLE-- [fill = 0]
                  00011ad8    0000000e     uart1.obj (.text:uart3ReadCallback)
                  00011ae6    00000002     --HOLE-- [fill = 0]
                  00011ae8    0000000e     uart1.obj (.text:uart3WriteCallback)
                  00011af6    00000002     --HOLE-- [fill = 0]
                  00011af8    0000000e     uart1.obj (.text:uartWriteCallback)
                  00011b06    00000002     --HOLE-- [fill = 0]
                  00011b08    0000000c     ti_drivers_config.obj (.text:Board_init)
                  00011b14    0000000c     msp432p4xx_driverlib.lib : cpu.o (.text:CPU_cpsid)
                  00011b20    0000000c                              : cpu.o (.text:CPU_cpsie)
                  00011b2c    0000000c     dpl_msp432p401x.aem4f : ClockP_tirtos.oem4f (.text:ClockP_delete)
                  00011b38    0000000c                           : ClockP_tirtos.oem4f (.text:ClockP_getSystemTickPeriod)
                  00011b44    0000000c                           : HwiP_tirtos.oem4f (.text:HwiP_delete)
                  00011b50    0000000c     ui.obj (.text:Invalidate)
                  00011b5c    0000000c     drivers_msp432p401x.aem4f : PowerMSP432.oem4f (.text:Power_getConstraintMask)
                  00011b68    0000000c                               : PowerMSP432.oem4f (.text:Power_getPerformanceLevel)
                  00011b74    0000000c     dpl_msp432p401x.aem4f : SemaphoreP_tirtos.oem4f (.text:SemaphoreP_delete)
                  00011b80    0000000c     rtsv7M4_T_le_v4SPD16_eabi.lib : _lock.c.obj (.text:_register_lock)
                  00011b8c    0000000c                                   : _lock.c.obj (.text:_register_unlock)
                  00011b98    0000000c                                   : copy_zero_init.c.obj (.text:decompress:ZI:__TI_zero_init)
                  00011ba4    00000004     --HOLE-- [fill = 0]
                  00011ba8    0000000c     encoder.obj (.text:get_encoder2)
                  00011bb4    00000004     --HOLE-- [fill = 0]
                  00011bb8    0000000c     encoder.obj (.text:get_encoder4)
                  00011bc4    00000004     --HOLE-- [fill = 0]
                  00011bc8    0000000c     sysbios.aem4f : BIOS.obj (.text:pthread_self)
                  00011bd4    0000000c     release_pem4f.oem4f (.text:ti_sysbios_family_arm_m3_Hwi_Params__init__S)
                  00011be0    0000000c     sysbios.aem4f : BIOS.obj (.text:ti_sysbios_family_arm_m3_Hwi_disableFxn__E)
                  00011bec    00000004     --HOLE-- [fill = 0]
                  00011bf0    0000000c                   : BIOS.obj (.text:ti_sysbios_family_arm_m3_TaskSupport_getStackAlignment__E)
                  00011bfc    00000004     --HOLE-- [fill = 0]
                  00011c00    0000000c                   : BIOS.obj (.text:ti_sysbios_family_arm_msp432_Timer_getMaxTicks__E)
                  00011c0c    00000004     --HOLE-- [fill = 0]
                  00011c10    0000000c                   : BIOS.obj (.text:ti_sysbios_gates_GateHwi_enter__E)
                  00011c1c    0000000c     release_pem4f.oem4f (.text:ti_sysbios_knl_Clock_Params__init__S)
                  00011c28    0000000c     sysbios.aem4f : BIOS.obj (.text:ti_sysbios_knl_Clock_getTicks__E)
                  00011c34    0000000c     release_pem4f.oem4f (.text:ti_sysbios_knl_Event_Params__init__S)
                  00011c40    0000000c     uart1.obj (.text:ti_sysbios_knl_Event_handle)
                  00011c4c    0000000c     release_pem4f.oem4f (.text:ti_sysbios_knl_Queue_Object__get__S)
                  00011c58    0000000c     release_pem4f.oem4f (.text:ti_sysbios_knl_Semaphore_Params__init__S)
                  00011c64    0000000c     release_pem4f.oem4f (.text:ti_sysbios_knl_Task_Params__init__S)
                  00011c70    0000000c     sysbios.aem4f : BIOS.obj (.text:ti_sysbios_knl_Task_self__E)
                  00011c7c    00000004     --HOLE-- [fill = 0]
                  00011c80    0000000c                   : BIOS.obj (.text:ti_sysbios_rts_ti_ReentSupport_taskRegHook__I)
                  00011c8c    00000004     --HOLE-- [fill = 0]
                  00011c90    0000000c                   : BIOS.obj (.text:xdc_runtime_Gate_enterSystem__E)
                  00011c9c    00000004     --HOLE-- [fill = 0]
                  00011ca0    0000000c                   : BIOS.obj (.text:xdc_runtime_Startup_rtsDone__E)
                  00011cac    0000000a     drivers_msp432p401x.aem4f : ADC.oem4f (.text:ADC_Params_init)
                  00011cb6    0000000a                               : ADC.oem4f (.text:ADC_convert)
                  00011cc0    0000000a     dpl_msp432p401x.aem4f : ClockP_tirtos.oem4f (.text:ClockP_Params_init)
                  00011cca    0000000a     drivers_msp432p401x.aem4f : PWM.oem4f (.text:PWM_close)
                  00011cd4    0000000a                               : PWM.oem4f (.text:PWM_setDuty)
                  00011cde    0000000a                               : PWM.oem4f (.text:PWM_setPeriod)
                  00011ce8    0000000a                               : PWM.oem4f (.text:PWM_start)
                  00011cf2    0000000a                               : SPI.oem4f (.text:SPI_transfer)
                  00011cfc    0000000a                               : Timer.oem4f (.text:Timer_start)
                  00011d06    0000000a                               : UART.oem4f (.text:UART_close)
                  00011d10    0000000a                               : UART.oem4f (.text:UART_control)
                  00011d1a    0000000a                               : UART.oem4f (.text:UART_read)
                  00011d24    0000000a                               : UART.oem4f (.text:UART_write)
                  00011d2e    0000000a     rtsv7M4_T_le_v4SPD16_eabi.lib : sprintf.c.obj (.text:_outc)
                  00011d38    0000000a     ui.obj (.text:gotoMainMenuView)
                  00011d42    0000000a     release_pem4f.oem4f (.text:xdc_runtime_IHeap_alloc)
                  00011d4c    0000000a     release_pem4f.oem4f (.text:xdc_runtime_IHeap_free)
                  00011d56    00000008     drivers_msp432p401x.aem4f : Button.oem4f (.text:Button_getLastPressedDuration)
                  00011d5e    00000002     --HOLE-- [fill = 0]
                  00011d60    00000008     ec11.obj (.text:EC11_GPIO_Init)
                  00011d68    00000008     drivers_msp432p401x.aem4f : LED.oem4f (.text:LED_getState)
                  00011d70    00000008     dpl_msp432p401x.aem4f : SemaphoreP_tirtos.oem4f (.text:SemaphoreP_Params_init)
                  00011d78    00000008     drivers_msp432p401x.aem4f : I2CMSP432.oem4f (.text:blockingTransferCallback)
                  00011d80    00000008                               : SPIMSP432DMA.oem4f (.text:blockingTransferCallback)
                  00011d88    00000008     sysbios.aem4f : BIOS.obj (.text:pthread_attr_setstacksize)
                  00011d90    00000008     drivers_msp432p401x.aem4f : UARTMSP432.oem4f (.text:readSemCallback)
                  00011d98    00000008     sysbios.aem4f : BIOS.obj (.text:ti_sysbios_family_arm_m3_Hwi_doSwiRestore__I)
                  00011da0    00000008                   : BIOS.obj (.text:ti_sysbios_family_arm_m3_Hwi_startup__E)
                  00011da8    00000008     drivers_msp432p401x.aem4f : UARTMSP432.oem4f (.text:txcptEnabledStatus)
                  00011db0    00000008                               : UARTMSP432.oem4f (.text:writeSemCallback)
                  00011db8    00000006     sysbios.aem4f : BIOS.obj (.text:ti_sysbios_family_arm_m3_Hwi_doTaskRestore__I)
                  00011dbe    00000002     --HOLE-- [fill = 0]
                  00011dc0    00000006                   : BIOS.obj (.text:ti_sysbios_family_arm_m3_Hwi_restoreFxn__E)
                  00011dc6    00000002     --HOLE-- [fill = 0]
                  00011dc8    00000006                   : BIOS.obj (.text:ti_sysbios_gates_GateHwi_leave__E)
                  00011dce    00000002     --HOLE-- [fill = 0]
                  00011dd0    00000006                   : BIOS.obj (.text:ti_sysbios_heaps_HeapMem_isBlocking__E)
                  00011dd6    00000002     --HOLE-- [fill = 0]
                  00011dd8    00000006                   : BIOS.obj (.text:ti_sysbios_knl_Clock_stop__E)
                  00011dde    00000002     --HOLE-- [fill = 0]
                  00011de0    00000006                   : BIOS.obj (.text:ti_sysbios_knl_Queue_Instance_init__E)
                  00011de6    00000002     --HOLE-- [fill = 0]
                  00011de8    00000006                   : BIOS.obj (.text:ti_sysbios_knl_Swi_startup__E)
                  00011dee    00000002     --HOLE-- [fill = 0]
                  00011df0    00000006                   : BIOS.obj (.text:xdc_runtime_System_Module_startup__E)
                  00011df6    00000002     --HOLE-- [fill = 0]
                  00011df8    00000004                   : BIOS.obj (.text:__aeabi_errno_addr)
                  00011dfc    00000004     --HOLE-- [fill = 0]
                  00011e00    00000004                   : BIOS.obj (.text:ti_sysbios_gates_GateHwi_query__E)
                  00011e04    00000004     --HOLE-- [fill = 0]
                  00011e08    00000004                   : BIOS.obj (.text:ti_sysbios_gates_GateMutex_query__E)
                  00011e0c    00000004     --HOLE-- [fill = 0]
                  00011e10    00000004                   : BIOS.obj (.text:ti_sysbios_knl_Clock_setTimeout__E)
                  00011e14    00000004     --HOLE-- [fill = 0]
                  00011e18    00000004                   : BIOS.obj (.text:ti_sysbios_knl_Task_startup__E)
                  00011e1c    00000004     --HOLE-- [fill = 0]
                  00011e20    00000004                   : BIOS.obj (.text:xdc_runtime_SysCallback_defaultReady)
                  00011e24    00000004     --HOLE-- [fill = 0]
                  00011e28    00000002     ti_drivers_config.obj (.text:Board_initHook)
                  00011e2a    00000006     --HOLE-- [fill = 0]
                  00011e30    00000002     ui.obj (.text:DrawMainMenuView)
                  00011e32    00000006     --HOLE-- [fill = 0]
                  00011e38    00000002     ui.obj (.text:DrawParamView)
                  00011e3a    00000006     --HOLE-- [fill = 0]
                  00011e40    00000002     adcTSL1401.obj (.text:delay)
                  00011e42    00000006     --HOLE-- [fill = 0]
                  00011e48    00000002     ui.obj (.text:printvalue)
                  00011e4a    00000006     --HOLE-- [fill = 0]
                  00011e50    00000002     sysbios.aem4f : BIOS.obj (.text:ti_sysbios_BIOS_linkedWithIncorrectBootLibrary__E)
                  00011e52    00000006     --HOLE-- [fill = 0]
                  00011e58    00000002                   : BIOS.obj (.text:ti_sysbios_gates_GateHwi_Instance_init__E)
                  00011e5a    00000006     --HOLE-- [fill = 0]
                  00011e60    00000002                   : BIOS.obj (.text:ti_sysbios_knl_Clock_logTick__E)
                  00011e62    00000006     --HOLE-- [fill = 0]
                  00011e68    00000002                   : BIOS.obj (.text:xdc_runtime_SysCallback_defaultAbort)
                  00011e6a    00000006     --HOLE-- [fill = 0]
                  00011e70    00000002                   : BIOS.obj (.text:xdc_runtime_SysCallback_defaultExit)
                  00011e72    00000006     --HOLE-- [fill = 0]
                  00011e78    00000002                   : BIOS.obj (.text:xdc_runtime_SysCallback_defaultPutch)
                  00011e7a    00000006     --HOLE-- [fill = 0]
                  00011e80    00000002                   : BIOS.obj (.text:xdc_runtime_System_abortSpin__E)
                  00011e82    00000006     --HOLE-- [fill = 0]
                  00011e88    00000002                   : BIOS.obj (.text:xdc_runtime_System_exitSpin__E)

.const     0    00011e90    000017a0     
                  00011e90    000005f0     lcd_font.obj (.const:tft_ascii)
                  00012480    00000158     rtsv7M4_T_le_v4SPD16_eabi.lib : k_rem_pio2.c.obj (.const:$O1$$)
                  000125d8    00000150     ui.obj (.const:$P$T14$16)
                  00012728    00000118     ui.obj (.const:$P$T4$6)
                  00012840    00000101     rtsv7M4_T_le_v4SPD16_eabi.lib : ctype.c.obj (.const:.string:_ctypes_)
                  00012941    00000002     ti_drivers_config.obj (.const:ButtonHWAttrs)
                  00012943    00000001     display.aem4f : Display.oem4f (.const:Display_defaultParams)
                  00012944    000000b0     ti_drivers_config.obj (.const:uartMSP432HWAttrs)
                  000129f4    00000080     msp432p4xx_driverlib.lib : adc14.o (.const:_ctlRegs)
                  00012a74    00000078     ti_drivers_config.obj (.const:PWM_config)
                  00012aec    00000070     ui.obj (.const:$P$T13$15)
                  00012b5c    00000060     ui.obj (.const:$P$T3$4)
                  00012bbc    00000054     ui.obj (.const:$P$T8$10)
                  00012c10    00000050     ti_drivers_config.obj (.const:pwmTimerMSP432HWAttrs)
                  00012c60    00000050     drivers_msp432p401x.aem4f : TimerMSP432.oem4f (.const:timerADividers)
                  00012cb0    00000050     ti_drivers_config.obj (.const:uartMSP432Baudrates)
                  00012d00    00000048     ti_drivers_config.obj (.const:spiMSP432DMAHWAttrs)
                  00012d48    0000003c     release_pem4f.oem4f (.const:ti_sysbios_knl_Task_Object__PARAMS__C)
                  00012d84    00000038     ti_drivers_config.obj (.const:PowerMSP432_config)
                  00012dbc    00000030     ti_drivers_config.obj (.const:UART_config)
                  00012dec    00000030     release_pem4f.oem4f (.const:ti_sysbios_family_arm_m3_Hwi_Object__PARAMS__C)
                  00012e1c    00000028     drivers_msp432p401x.aem4f : UARTMSP432.oem4f (.const:UARTMSP432_fxnTable)
                  00012e44    00000028     ti_drivers_config.obj (.const:i2cMSP432HWAttrs)
                  00012e6c    00000028     release_pem4f.oem4f (.const:ti_sysbios_heaps_HeapMem_Module__FXNS__C)
                  00012e94    00000024     ui.obj (.const:$P$T0$1)
                  00012eb8    00000024     ui.obj (.const:$P$T1$2)
[...]
00011e90  tft_ascii                                                       
00012840  _ctypes_                                                        
00012943  Display_defaultParams                                           
00012a74  PWM_config                                                      
00012c10  pwmTimerMSP432HWAttrs                                           
00012d00  spiMSP432DMAHWAttrs                                             
00012d48  ti_sysbios_knl_Task_Object__PARAMS__C                           
00012d84  PowerMSP432_config                                              
00012dbc  UART_config                                                     
00012dec  ti_sysbios_family_arm_m3_Hwi_Object__PARAMS__C                  
00012e1c  UARTMSP432_fxnTable                                             
00012e44  i2cMSP432HWAttrs                                                
00012e6c  ti_sysbios_heaps_HeapMem_Module__FXNS__C                        
00012f00  PWMTimerMSP432_fxnTable                                         
00012f24  UART_defaultParams                                              
00012f48  ti_sysbios_gates_GateHwi_Module__FXNS__C                        
00012f6c  ti_sysbios_gates_GateMutex_Module__FXNS__C                      
00012f90  ti_sysbios_heaps_HeapMem_Object__PARAMS__C                      
00012fb4  ti_sysbios_knl_Clock_Object__PARAMS__C                          
00012fd8  ti_sysbios_knl_Semaphore_Object__PARAMS__C                      
00012ffc  xdc_runtime_Startup_sfxnTab__A                                  
00013020  DisplayUartMin_fxnTable                                         
00013040  SPI_defaultParams                                               
00013060  TimerMSP432HWAttrs                                              
00013080  TimerMSP432_Timer32_fxnTable                                    
000130a0  adcMSP432HWAttrs                                                
000130e0  ti_sysbios_family_arm_m3_Hwi_Object__DESC__C                    
00013100  ti_sysbios_gates_GateHwi_Object__DESC__C                        
00013120  ti_sysbios_gates_GateMutex_Object__DESC__C                      
00013140  ti_sysbios_heaps_HeapMem_Object__DESC__C                        
00013160  ti_sysbios_knl_Clock_Object__DESC__C                            
00013180  ti_sysbios_knl_Event_Object__DESC__C                            
000131a0  ti_sysbios_knl_Queue_Object__DESC__C                            
000131c0  ti_sysbios_knl_Semaphore_Object__DESC__C                        
000131e0  ti_sysbios_knl_Task_Object__DESC__C                             
000132c4  ADCMSP432_fxnTable                                              
000132dc  ADC_config                                                      
000132f4  I2CMSP432_fxnTable                                              
0001330c  I2C_config                                                      
00013324  PWM_defaultParams                                               
0001333c  SPIMSP432DMA_fxnTable                                           
00013354  SPI_config                                                      
0001336c  Timer_config                                                    
00013384  ti_sysbios_gates_GateHwi_Object__PARAMS__C                      
0001339c  ti_sysbios_gates_GateMutex_Object__PARAMS__C                    
000133b4  ti_sysbios_knl_Event_Object__PARAMS__C                          
000133cc  ti_sysbios_knl_Queue_Object__PARAMS__C                          
000133e4  ti_sysbios_knl_Task_hooks__A                                    
000133fc  GPIOMSP432_config                                               
00013410  displayUartHWAttrs                                              
00013424  xdc_runtime_Startup_sfxnRts__A                                  
00013446  ti_sysbios_family_arm_m3_Hwi_Module__id__C                      
00013448  Button_config                                                   
00013458  Button_defaultParams                                            
00013468  I2C_defaultParams                                               
00013478  LED_config                                                      
00013498  Display_config                                                  
000134c8  udmaMSP432HWAttrs                                               
000134d4  xdc_runtime_Startup_firstFxns__A                                
000134e0  Display_count                                                   
000134e1  ADC_count                                                       
000134e2  I2C_count                                                       
000134e3  PWM_count                                                       
000134e4  SPI_count                                                       
000134e5  Timer_count                                                     
000134e6  UART_count                                                      
000134e7  Button_count                                                    
000134e8  LED_count                                                       
000134e9  xdc_runtime_Error_policy__C                                     
000134ea  ti_sysbios_family_arm_msp432_init_Boot_bypassHFXT__C            
000134ec  ADC_defaultParams                                               
000134f4  LED_defaultParams                                               
000134fc  UDMAMSP432_config                                               
0001350c  ti_sysbios_knl_Idle_funcList__A                                 
00013514  ti_sysbios_knl_Idle_funcList__C                                 
0001351c  ti_sysbios_knl_Task_hooks__C                                    
00013524  xdc_runtime_Startup_firstFxns__C                                
0001352c  xdc_runtime_Startup_lastFxns__C                                 
0001354e  ti_sysbios_family_arm_msp432_init_Boot_bypassLFXT__C            
00013550  ti_sysbios_family_arm_m3_Hwi_E_alreadyDefined__C                
00013554  ti_sysbios_family_arm_m3_Hwi_E_badIntNum__C                     
00013558  ti_sysbios_family_arm_m3_Hwi_NUM_INTERRUPTS__C                  
0001355c  ti_sysbios_family_arm_m3_Hwi_Object__count__C                   
00013560  ti_sysbios_family_arm_m3_Hwi_ccr__C                             
00013564  ti_sysbios_family_arm_m3_Hwi_excHandlerFunc__C                  
00013568  ti_sysbios_family_arm_m3_Hwi_nullIsrFunc__C                     
0001356c  ti_sysbios_family_arm_m3_Hwi_priGroup__C                        
00013570  ti_sysbios_family_arm_m3_Hwi_swiDisable__C                      
00013574  ti_sysbios_family_arm_m3_Hwi_swiRestore__C                      
00013578  ti_sysbios_family_arm_m3_TaskSupport_stackAlignment__C          
0001357c  ti_sysbios_family_arm_msp432_Timer_numTimerDevices__C           
00013580  ti_sysbios_family_arm_msp432_Timer_startupNeeded__C             
00013584  ti_sysbios_gates_GateMutex_Instance_State_sem__O                
00013588  ti_sysbios_heaps_HeapMem_E_memory__C                            
0001358c  ti_sysbios_heaps_HeapMem_Module__gateObj__C                     
00013590  ti_sysbios_heaps_HeapMem_Object__count__C                       
00013594  ti_sysbios_heaps_HeapMem_primaryHeapBaseAddr__C                 
00013598  ti_sysbios_heaps_HeapMem_primaryHeapEndAddr__C                  
0001359c  ti_sysbios_heaps_HeapMem_reqAlign__C                            
000135a0  ti_sysbios_knl_Clock_Module_State_clockQ__O                     
000135a4  ti_sysbios_knl_Clock_tickPeriod__C                              
000135a8  ti_sysbios_knl_Event_Instance_State_pendQ__O                    
000135ac  ti_sysbios_knl_Mailbox_Instance_State_freeQue__O                
000135b0  ti_sysbios_knl_Mailbox_Object__count__C                         
000135b4  ti_sysbios_knl_Mailbox_maxTypeAlign__C                          
000135b8  ti_sysbios_knl_Semaphore_Instance_State_pendQ__O                
000135bc  ti_sysbios_knl_Swi_Object__count__C                             
000135c0  ti_sysbios_knl_Task_Module_State_inactiveQ__O                   
000135c4  ti_sysbios_knl_Task_Object__count__C                            
000135c8  ti_sysbios_knl_Task_Object__heap__C                             
000135cc  ti_sysbios_knl_Task_allBlockedFunc__C                           
000135d0  ti_sysbios_knl_Task_defaultStackHeap__C                         
000135d4  ti_sysbios_knl_Task_defaultStackSize__C                         
000135d8  ti_sysbios_knl_Task_numConstructedTasks__C                      
000135dc  xdc_runtime_Error_E_memory__C                                   
000135e0  xdc_runtime_Error_policyFxn__C                                  
000135e4  xdc_runtime_IGateProvider_Interface__BASE__C                    
000135e8  xdc_runtime_IHeap_Interface__BASE__C                            
000135ec  xdc_runtime_IModule_Interface__BASE__C                          
000135f0  xdc_runtime_Memory_defaultHeapInstance__C                       
000135f4  xdc_runtime_Startup_execImpl__C                                 
000135f8  xdc_runtime_Startup_maxPasses__C                                
000135fc  xdc_runtime_Startup_sfxnRts__C                                  
00013600  xdc_runtime_Startup_sfxnTab__C                                  
00013604  xdc_runtime_SysCallback_abortFxn__C                             
00013608  xdc_runtime_SysCallback_exitFxn__C                              
0001360c  xdc_runtime_SysCallback_putchFxn__C                             
00013610  xdc_runtime_SysCallback_readyFxn__C                             
00013614  xdc_runtime_System_Module__gateObj__C                           
00013618  xdc_runtime_System_abortFxn__C                                  
0001361c  xdc_runtime_System_exitFxn__C                                   
00013620  xdc_runtime_System_extendFxn__C                                 
00013624  xdc_runtime_System_maxAtexitHandlers__C                         
00013628  ti_sysbios_family_arm_msp432_init_Boot_enableHFXT__C            
0001362a  ti_sysbios_family_arm_msp432_init_Boot_enableLFXT__C            
0001362c  ti_sysbios_heaps_HeapMem_Module__id__C                          
0001362e  xdc_runtime_Memory_Module__id__C                                
00013630  __TI_static_base__                                              
000138a4  __TI_Handler_Table_Base                                         
000138b0  __TI_Handler_Table_Limit                                        
000138b8  __TI_CINIT_Base                                                 
000138c8  __TI_CINIT_Limit                                                
20000000  __start___llvm_prf_cnts                                         
20000000  __stop___llvm_prf_cnts                                          
20000000  ti_sysbios_family_arm_m3_Hwi_ramVectors                         
20000140  __primary_heap_start__                                          
20008140  __primary_heap_end__                                            
20008600  Items                                                           
200088c0  ti_sysbios_knl_Task_Instance_State_0_stack__A                   
20008ac0  uartMSP432Objects                                               
20008cc0  ti_sysbios_family_arm_m3_Hwi_dispatchTable                      
20008f00  i2cMSP432Objects                                                
20008fa0  spiMSP432DMAObjects                                             
20009134  LEDObjects                                                      
200091ac  pwmTimerMSP432Objects                                           
20009224  timerMSP432Objects                                              
2000928c  ButtonObjects                                                   
200092dc  masterRxBuffer                                                  
20009310  masterTxBuffer                                                  
20009374  imu3                                                            
20009458  bStats                                                          
20009474  ringObj                                                         
2000948c  ecoEvent                                                        
200094b0  imu                                                             
200094c0  displayUartObject                                               
200094cc  eventBuf                                                        
200094d8  rxBuffer                                                        
200094ec  buttonHandle                                                    
200094f4  ledHandle                                                       
20009504  ClockP_tickPeriod                                               
20009508  CurDraw                                                         
2000950c  CurHandle                                                       
20009510  adc                                                             
20009514  adcMSP432Objects                                                
20009518  displayHandle                                                   
2000951c  lua                                                             
20009520  masterSpi                                                       
20009524  ti_sysbios_knl_Task_Instance_State_0_hookEnv__A                 
20009528  EC11_A_Now                                                      
20009529  EC11_B_Now                                                      
2000952a  EC11_Key                                                        
2000952b  udmaMSP432Object                                                
2000952c  PowerMSP432_perfLevels                                          
20009804  AllView                                                         
20009888  gPixel                                                          
20009908  ti_sysbios_knl_Swi_Module_State_0_readyQ__A                     
20009988  ti_sysbios_knl_Task_Module_State_0_readyQ__A                    
20009a08  param                                                           
20009a80  gpioCallbackFunctions                                           
20009af0  gpioPinConfigs                                                  
20009b60  lineid                                                          
20009bc0  ti_sysbios_gates_GateMutex_Object__table__V                     
20009c14  ti_sysbios_knl_Task_Object__table__V                            
20009c60  ti_sysbios_family_arm_msp432_Timer_Object__table__V             
20009ca4  ti_sysbios_knl_Task_Module__state__V                            
20009ce8  ti_sysbios_family_arm_m3_Hwi_Module__state__V                   
20009d1c  ti_sysbios_knl_Swi_Object__table__V                             
20009d4c  PowerMSP432_module                                              
20009d78  ti_sysbios_knl_Clock_Module__state__V                           
20009da4  ti_sysbios_BIOS_Module__state__V                                
20009de8  ti_sysbios_family_arm_msp432_Timer_Module_State_0_device__A     
20009e08  xdc_runtime_Error_IgnoreBlock                                   
20009e28  ti_sysbios_knl_Swi_Module__state__V                             
20009e44  mirrorRegister                                                  
20009e60  left_duty                                                       
20009e64  right_duty                                                      
20009e68  pwm0                                                            
20009e6c  pwm1                                                            
20009e70  pwm2                                                            
20009e74  pwm3                                                            
20009e78  ti_sysbios_family_arm_m3_Hwi_Object__table__V                   
20009e90  ti_sysbios_heaps_HeapMem_Object__table__V                       
20009ea8  uart_ready_flag                                                 
20009ed8  last_item                                                       
20009eec  motor_start_flag                                                
20009ef0  CurView                                                         
20009ef1  CurItem                                                         
20009ef2  ItemNums                                                        
20009ef3  isEditing                                                       
20009ef4  ItemFirstLine                                                   
20009ef5  item_index                                                      
20009f10  encoder1_value                                                  
20009f14  encoder2_value                                                  
20009f18  encoder3_value                                                  
20009f1c  encoder4_value                                                  
20009f20  ti_sysbios_family_arm_msp432_Timer_Module_State_0_handles__A    
20009f30  ti_sysbios_family_arm_msp432_ClockFreqs_Module__state__V        
20009f3c  ti_sysbios_family_arm_msp432_Timer_Module__state__V             
20009f48  txBuffer                                                        
20009f52  ti_sysbios_family_arm_m3_Hwi_Module_State_0_excActive__A        
20009f54  _lock                                                           
20009f58  _unlock                                                         
20009f64  ti_sysbios_family_arm_m3_Hwi_Module__root__V                    
20009f6c  ti_sysbios_gates_GateHwi_Module__root__V                        
20009f74  ti_sysbios_gates_GateMutex_Module__root__V                      
20009f7c  ti_sysbios_heaps_HeapMem_Module__root__V                        
20009f84  ti_sysbios_knl_Clock_Module__root__V                            
20009f8c  ti_sysbios_knl_Event_Module__root__V                            
20009f94  ti_sysbios_knl_Queue_Module__root__V                            
20009f9c  ti_sysbios_knl_Semaphore_Module__root__V                        
20009fa4  ti_sysbios_knl_Task_Module__root__V                             
20009fac  xdc_runtime_Startup_Module__state__V                            
20009fb4  xdc_runtime_System_Module_State_0_atexitHandlers__A             
20009fbc  xdc_runtime_System_Module__state__V                             
20009fc4  pwm7                                                            
20009fc8  old_val                                                         
20009fcc  main_func_sp                                                    
20009fd0  ti_sysbios_family_arm_m3_Hwi_Module_State_0_excContext__A       
20009fd4  ti_sysbios_family_arm_m3_Hwi_Module_State_0_excStack__A         
20009fd8  ti_sysbios_gates_GateHwi_Object__table__V                       
20009fdc  ti_sysbios_knl_Task_Module_State_0_idleTask__A                  
20009fe0  ti_sysbios_rts_ti_ReentSupport_Module__state__V                 
20009fe4  xdc_runtime_Memory_Module__state__V                             
2000fc00  __stack                                                         
20010000  __STACK_END                                                     
4000480c  WDTCTL_SYM                                                      
e000e000  ti_sysbios_family_arm_m3_Hwi_nvic                               
ffffffff  __TI_pprof_out_hndl                                             
ffffffff  __TI_prof_data_size                                             
ffffffff  __TI_prof_data_start                                            
ffffffff  __binit__                                                       
ffffffff  __c_args__                                                      
ffffffff  binit                                                           
UNDEFED   SHT$$INIT_ARRAY$$Base                                           
UNDEFED   SHT$$INIT_ARRAY$$Limit                                          
UNDEFED   speed_control_Thread                                            

[882 symbols]
